E/WifiMonitor(  967): WifiMonitor:wlan0 cnt=100 dispatchEvent: CTRL-EVENT-SCAN-STARTED 
E/WifiMonitor(  967): handleEvent 14  CTRL-EVENT-SCAN-STARTED 
E/WifiMonitor(  967): handleEvent unknown: 14  CTRL-EVENT-SCAN-STARTED 
D/wpa_supplicant( 3661): CTRL_IFACE monitor sent successfully to /data/misc/wifi/sockets/wpa_ctrl_967-2\x00
W/Settings(  967): Setting stay_on_while_plugged_in has moved from android.provider.Settings.System to android.provider.Settings.Global, returning read-only value.
W/Settings(  967): Setting wifi_sleep_policy has moved from android.provider.Settings.System to android.provider.Settings.Global, returning read-only value.
D/WifiOffDelayIfNotUsed(  967): NETWORK_STATE_CHANGED_ACTION [SCANNING]
D/[SystemUI]NetworksUtils( 2400): hasService state=2 1 home null null null  Unknown Unknown CSS not supported -1 -1 RoamInd=-1 DefRoamInd=-1 EmergOnly=truevoice roaming=false Data Roaming=false mIsVoiceSearching=true mIsDataSearching=false mVoiceNetworkName=null mDataNetworkName=null Check64QAM0 Dual carrier0
D/[SystemUI]NetworksUtils( 2400): hasService state=2 1 home null null null  Unknown Unknown CSS not supported -1 -1 RoamInd=-1 DefRoamInd=-1 EmergOnly=truevoice roaming=false Data Roaming=false mIsVoiceSearching=true mIsDataSearching=false mVoiceNetworkName=null mDataNetworkName=null Check64QAM0 Dual carrier0
D/StatusBar.NetworkController( 2400): refreshViews: Data not connected!! Set no data type icon / Roaming
D/[SystemUI]LGNetworkController( 2400): Do not display R icon.
V/LGRssiData( 2400): checkOperatorbaseonIMSI: No H3G
D/[SystemUI]StatusBar.NetworkController( 2400): refreshViews 1 connected={ } level=5 combinedSignalIconId=0x7f02088f/com.android.systemui:drawable/stat_sys_signal_bar5_5_fully combinedActivityIconId=0x0 mobileLabel=Emergency calls only wifiLabel= emergencyOnly=true
D/[SystemUI]StatusBar.NetworkController( 2400): refreshViews 2  combinedLabel=No Internet connection mAirplaneMode=false mDataActivity=0 mPhoneSignalIconId=0x7f02088f/com.android.systemui:drawable/stat_sys_signal_bar5_5_fully mQSPhoneSignalIconId=0x7f020148/com.android.systemui:drawable/ic_qs_signal_no_signal
D/[SystemUI]StatusBar.NetworkController( 2400): refreshViews 3  mDataDirectionIconId=0x0/(null) mDataSignalIconId=0x7f02088f/com.android.systemui:drawable/stat_sys_signal_bar5_5_fully mDataTypeIconId=0x0/(null) mQSDataTypeIconId=0x0/(null)
D/[SystemUI]StatusBar.NetworkController( 2400): refreshViews 4  mNoSimIconId=0x7f0206aa/com.android.systemui:drawable/stat_sys_no_sim mWifiIconId=0x7f02092d/com.android.systemui:drawable/stat_sys_wifi_signal_null mQSWifiIconId=0x7f020159/com.android.systemui:drawable/ic_qs_wifi_no_network mWifiActivityIconId=0x0/(null) mBluetoothTetherIconId=0x10806ad/android:drawable/stat_sys_tether_bluetooth
D/PostponalbeReceiver( 3780): WSAndroidSystemIntentReceiver is processing the broadcast action 'android.net.wifi.STATE_CHANGE'.
D/WifiStateMachine(  967): processMsg: ConnectModeState
E/WifiStateMachine(  967):  ConnectModeState !SUPPLICANT_STATE_CHANGE_EVENT 99 0 rt=1356840  SSID:  BSSID: 00:00:00:00:00:00 nid: -1 state: SCANNING
D/WifiStateMachine(  967): handleMessage: X
D/WifiServerServiceExt(  967): SUPPLICANT_STATE_CHANGED_ACTION
D/WifiServerServiceExt(  967): setSupplicantStateSCANNING
D/[SystemUI]QuickSettingsButton( 2400): Button = Wi-Fi ==> new status = 1, curStatus = 1
D/[SystemUI]QuickSettingsHandler( 2400): Wi-Fi :Wi-Fi on.
D/WiFiOffLoadBroadcast( 6732): OPerator not supported: TRF US
I/MusicBrowser( 6375): [MusicUtils.java:5914:handleMessage()] oooooo update Nowplaying msg.what = 1
V/MediaPlayer[Native]( 6375): getDuration_l
V/MediaPlayerService(  271): [7] getDuration = 207026
V/MediaPlayer[Native]( 6375): getDuration_l
V/MediaPlayerService(  271): [7] getDuration = 207026
V/MediaPlayer[Native]( 6375): getCurrentPosition
V/MediaPlayerService(  271): [7] getCurrentPosition = 22400
I/WifiHAL (  967): Poll result = 1
I/WifiHAL (  967): Found some events!!!
D/WifiHAL (  967): no_seq_check received
I/WifiHAL (  967): event received NL80211_CMD_NEW_SCAN_RESULTS
I/WifiHAL (  967): event received NL80211_CMD_NEW_SCAN_RESULTS, vendor_id = 0x0
I/WifiHAL (  967): event ignored!!
D/wpa_supplicant( 3661): nl80211: Event message available
D/wpa_supplicant( 3661): nl80211: Drv Event 34 (NL80211_CMD_NEW_SCAN_RESULTS) received for wlan0
D/wpa_supplicant( 3661): wlan0: nl80211: New scan results available
D/wpa_supplicant( 3661): nl80211: Scan included frequencies:
D/wpa_supplicant( 3661): wlan0: Event SCAN_RESULTS (3) received
D/wpa_supplicant( 3661): wlan0: Scan completed in 0.439612 seconds
D/wpa_supplicant( 3661): nl80211: Received scan results (26 BSSes)
D/wpa_supplicant( 3661): Sorted scan results
D/wpa_supplicant( 3661): 64:e5:99:dd:2f:24 freq=2447 qual=0 noise=0 level=-65 flags=0xb age=0
D/wpa_supplicant( 3661): IEs - hexdump(len=401): 00 0c 69 70 74 69 6d 65 5f 64 68 6c 65 65 01 08 82 84 8b 96 0c 12 18 24 03 01 08 2a 01 00 32 04 ...
D/wpa_supplicant( 3661): Beacon IEs - hexdump(len=263): 00 0c 69 70 74 69 6d 65 5f 64 68 6c 65 65 01 08 82 84 8b 96 0c 12 18 24 03 01 08 05 04 02 03 00 ...
D/wpa_supplicant( 3661): 00:26:66:eb:18:54 freq=2452 qual=0 noise=0 level=-70 flags=0xb age=0
D/wpa_supplicant( 3661): IEs - hexdump(len=404): 00 0f 4e 32 45 5f 6a 75 6e 67 68 6f 2e 6b 6f 6e 67 01 08 82 84 8b 96 0c 12 18 24 03 01 09 2a 01 ...
D/wpa_supplicant( 3661): Beacon IEs - hexdump(len=267): 00 0f 4e 32 45 5f 6a 75 6e 67 68 6f 2e 6b 6f 6e 67 01 08 82 84 8b 96 0c 12 18 24 03 01 09 05 05 ...
D/wpa_supplicant( 3661): 98:d6:f7:9d:8e:47 freq=2437 qual=0 noise=0 level=-73 flags=0xb age=0
D/wpa_supplicant( 3661): IEs - hexdump(len=179): 00 0d 4c 47 2d 46 32 34 30 4c 5f 30 38 32 30 01 08 82 84 8b 96 24 30 48 6c 03 01 06 07 06 4b 52 ...
D/wpa_supplicant( 3661): Beacon IEs - hexdump(len=185): 00 0d 4c 47 2d 46 32 34 30 4c 5f 30 38 32 30 01 08 82 84 8b 96 24 30 48 6c 03 01 06 05 04 00 02 ...
D/wpa_supplicant( 3661): 58:a2:b5:cd:87:ff freq=2437 qual=0 noise=0 level=-77 flags=0xb age=0
D/wpa_supplicant( 3661): IEs - hexdump(len=205): 00 0c 70 72 69 76 61 63 79 5f 73 73 69 64 01 08 82 84 8b 96 24 30 48 6c 03 01 06 2a 01 00 2f 01 ...
D/wpa_supplicant( 3661): Beacon IEs - hexdump(len=211): 00 0c 70 72 69 76 61 63 79 5f 73 73 69 64 01 08 82 84 8b 96 24 30 48 6c 03 01 06 05 04 00 02 00 ...
D/wpa_supplicant( 3661): 30:37:a6:c8:dc:e5 freq=2437 qual=0 noise=0 level=-79 flags=0xb age=0
D/wpa_supplicant( 3661): IEs - hexdump(len=229): 00 08 53 44 53 53 5f 30 33 37 01 08 82 84 8b 0c 12 96 18 24 03 01 06 07 06 4b 52 20 01 0d 14 0b ...
D/wpa_supplicant( 3661): a0:88:b4:a8:8e:d5 freq=2462 qual=0 noise=0 level=-79 flags=0xb age=0
D/wpa_supplicant( 3661): IEs - hexdump(len=158): 00 08 6b 73 75 65 5f 63 6f 6d 01 08 8c 12 98 24 b0 48 60 6c 03 01 0b 05 04 02 03 00 00 2a 01 00 ...
D/wpa_supplicant( 3661): Beacon IEs - hexdump(len=158): 00 08 6b 73 75 65 5f 63 6f 6d 01 08 8c 12 98 24 b0 48 60 6c 03 01 0b 05 04 00 03 00 00 2a 01 00 ...
D/wpa_supplicant( 3661): 30:37:a6:c8:dc:e3 freq=2437 qual=0 noise=0 level=-81 flags=0xb age=0
D/wpa_supplicant( 3661): IEs - hexdump(len=254): 00 01 00 01 08 82 84 8b 0c 12 96 18 24 03 01 06 05 04 00 01 00 00 07 06 4b 52 20 01 0d 14 0b 05 ...
D/wpa_supplicant( 3661): Beacon IEs - hexdump(len=254): 00 01 00 01 08 82 84 8b 0c 12 96 18 24 03 01 06 05 04 00 01 00 00 07 06 4b 52 20 01 0d 14 0b 05 ...
D/wpa_supplicant( 3661): 30:37:a6:c8:2e:83 freq=2412 qual=0 noise=0 level=-82 flags=0xb age=0
D/wpa_supplicant( 3661): IEs - hexdump(len=257): 00 01 00 01 08 82 84 8b 0c 12 96 18 24 03 01 01 05 07 00 01 08 00 01 00 00 07 06 4b 52 20 01 0d ...
D/wpa_supplicant( 3661): Beacon IEs - hexdump(len=257): 00 01 00 01 08 82 84 8b 0c 12 96 18 24 03 01 01 05 07 00 01 08 00 01 00 00 07 06 4b 52 20 01 0d ...
D/wpa_supplicant( 3661): 30:37:a6:c8:ea:15 freq=2462 qual=0 noise=0 level=-83 flags=0xb age=0
D/wpa_supplicant( 3661): IEs - hexdump(len=229): 00 08 53 44 53 53 5f 30 33 37 01 08 82 84 8b 0c 12 96 18 24 03 01 0b 07 06 4b 52 20 01 0d 14 0b ...
D/wpa_supplicant( 3661): 30:37:a6:c8:2e:85 freq=2412 qual=0 noise=0 level=-83 flags=0xb age=0
D/wpa_supplicant( 3661): IEs - hexdump(len=229): 00 08 53 44 53 53 5f 30 33 37 01 08 82 84 8b 0c 12 96 18 24 03 01 01 07 06 4b 52 20 01 0d 14 0b ...
D/wpa_supplicant( 3661): 30:37:a6:c8:2e:8a freq=2412 qual=0 noise=0 level=-83 flags=0xb age=0
D/wpa_supplicant( 3661): IEs - hexdump(len=257): 00 01 00 01 08 82 84 8b 0c 12 96 18 24 03 01 01 05 07 00 01 00 00 00 00 00 07 06 4b 52 20 01 0d ...
D/wpa_supplicant( 3661): Beacon IEs - hexdump(len=257): 00 01 00 01 08 82 84 8b 0c 12 96 18 24 03 01 01 05 07 00 01 00 00 00 00 00 07 06 4b 52 20 01 0d ...
D/wpa_supplicant( 3661): 30:37:a6:c8:e4:95 freq=2412 qual=0 noise=0 level=-84 flags=0xb age=0
D/wpa_supplicant( 3661): IEs - hexdump(len=229): 00 08 53 44 53 53 5f 30 33 37 01 08 82 84 8b 0c 12 96 18 24 03 01 01 07 06 4b 52 20 01 0d 14 0b ...
D/wpa_supplicant( 3661): 30:37:a6:c8:ea:17 freq=2462 qual=0 noise=0 level=-84 flags=0xb age=0
D/wpa_supplicant( 3661): IEs - hexdump(len=254): 00 01 00 01 08 82 84 8b 0c 12 96 18 24 03 01 0b 05 04 00 01 00 00 07 06 4b 52 20 01 0d 14 0b 05 ...
D/wpa_supplicant( 3661): Beacon IEs - hexdump(len=254): 00 01 00 01 08 82 84 8b 0c 12 96 18 24 03 01 0b 05 04 00 01 00 00 07 06 4b 52 20 01 0d 14 0b 05 ...
D/wpa_supplicant( 3661): 00:26:66:c2:7c:b1 freq=2432 qual=0 noise=0 level=-85 flags=0xb age=0
D/wpa_supplicant( 3661): IEs - hexdump(len=239): 00 1a 6b 69 6e 64 79 6b 73 31 30 30 34 28 4d 75 6c 74 69 20 4e 65 74 77 6f 72 6b 29 01 08 82 84 ...
D/wpa_supplicant( 3661): Beacon IEs - hexdump(len=239): 00 1a 6b 69 6e 64 79 6b 73 31 30 30 34 28 4d 75 6c 74 69 20 4e 65 74 77 6f 72 6b 29 01 08 82 84 ...
D/wpa_supplicant( 3661): 30:37:a6:c3:c4:4a freq=2437 qual=0 noise=0 level=-87 flags=0xb age=0
D/wpa_supplicant( 3661): IEs - hexdump(len=257): 00 01 00 01 08 82 84 8b 0c 12 96 18 24 03 01 06 05 07 00 01 00 00 00 00 00 07 06 4b 52 20 01 0d ...
D/wpa_supplicant( 3661): Beacon IEs - hexdump(len=257): 00 01 00 01 08 82 84 8b 0c 12 96 18 24 03 01 06 05 07 00 01 00 00 00 00 00 07 06 4b 52 20 01 0d ...
D/wpa_supplicant( 3661): 30:37:a6:c3:c4:43 freq=2437 qual=0 noise=0 level=-87 flags=0xb age=0
D/wpa_supplicant( 3661): IEs - hexdump(len=257): 00 01 00 01 08 82 84 8b 0c 12 96 18 24 03 01 06 05 07 00 01 00 00 00 00 00 07 06 4b 52 20 01 0d ...
D/wpa_supplicant( 3661): Beacon IEs - hexdump(len=257): 00 01 00 01 08 82 84 8b 0c 12 96 18 24 03 01 06 05 07 00 01 00 00 00 00 00 07 06 4b 52 20 01 0d ...
D/wpa_supplicant( 3661): 30:37:a6:c8:e4:96 freq=2412 qual=0 noise=0 level=-88 flags=0xb age=0
D/wpa_supplicant( 3661): IEs - hexdump(len=222): 00 01 00 01 08 82 84 8b 0c 12 96 18 24 03 01 01 05 04 00 01 00 00 07 06 4b 52 20 01 0d 14 0b 05 ...
D/wpa_supplicant( 3661): Beacon IEs - hexdump(len=222): 00 01 00 01 08 82 84 8b 0c 12 96 18 24 03 01 01 05 04 00 01 00 00 07 06 4b 52 20 01 0d 14 0b 05 ...
D/wpa_supplicant( 3661): 30:37:a6:c8:ea:19 freq=2462 qual=0 noise=0 level=-88 flags=0xb age=0
D/wpa_supplicant( 3661): IEs - hexdump(len=254): 00 01 00 01 08 82 84 8b 0c 12 96 18 24 03 01 0b 05 04 00 01 00 00 07 06 4b 52 20 01 0d 14 0b 05 ...
D/wpa_supplicant( 3661): Beacon IEs - hexdump(len=254): 00 01 00 01 08 82 84 8b 0c 12 96 18 24 03 01 0b 05 04 00 01 00 00 07 06 4b 52 20 01 0d 14 0b 05 ...
D/wpa_supplicant( 3661): 30:37:a6:c3:ce:75 freq=2462 qual=0 noise=0 level=-89 flags=0xb age=0
D/wpa_supplicant( 3661): IEs - hexdump(len=235): 00 08 53 44 53 53 5f 30 33 37 01 08 82 84 8b 0c 12 96 18 24 03 01 0b 05 04 00 01 00 00 07 06 4b ...
D/wpa_supplicant( 3661): Beacon IEs - hexdump(len=235): 00 08 53 44 53 53 5f 30 33 37 01 08 82 84 8b 0c 12 96 18 24 03 01 0b 05 04 00 01 00 00 07 06 4b ...
D/wpa_supplicant( 3661): 30:37:a6:c3:c4:40 freq=2437 qual=0 noise=0 level=-89 flags=0xb age=0
D/wpa_supplicant( 3661): IEs - hexdump(len=257): 00 01 00 01 08 82 84 8b 0c 12 96 18 24 03 01 06 05 07 00 01 00 00 00 00 00 07 06 4b 52 20 01 0d ...
D/wpa_supplicant( 3661): Beacon IEs - hexdump(len=257): 00 01 00 01 08 82 84 8b 0c 12 96 18 24 03 01 06 05 07 00 01 00 00 00 00 00 07 06 4b 52 20 01 0d ...
D/wpa_supplicant( 3661): 30:37:a6:c8:dc:e6 freq=2437 qual=0 noise=0 level=-90 flags=0xb age=0
D/wpa_supplicant( 3661): IEs - hexdump(len=222): 00 01 00 01 08 82 84 8b 0c 12 96 18 24 03 01 06 05 04 00 01 00 00 07 06 4b 52 20 01 0d 14 0b 05 ...
D/wpa_supplicant( 3661): Beacon IEs - hexdump(len=222): 00 01 00 01 08 82 84 8b 0c 12 96 18 24 03 01 06 05 04 00 01 00 00 07 06 4b 52 20 01 0d 14 0b 05 ...
D/wpa_supplicant( 3661): 30:37:a6:c3:c2:b5 freq=2412 qual=0 noise=0 level=-91 flags=0xb age=0
D/wpa_supplicant( 3661): IEs - hexdump(len=235): 00 08 53 44 53 53 5f 30 33 37 01 08 82 84 8b 0c 12 96 18 24 03 01 01 05 04 00 01 00 00 07 06 4b ...
D/wpa_supplicant( 3661): Beacon IEs - hexdump(len=235): 00 08 53 44 53 53 5f 30 33 37 01 08 82 84 8b 0c 12 96 18 24 03 01 01 05 04 00 01 00 00 07 06 4b ...
D/wpa_supplicant( 3661): 04:9f:06:90:2c:f6 freq=2432 qual=0 noise=0 level=-77 flags=0xb age=0
D/wpa_supplicant( 3661): IEs - hexdump(len=59): 00 08 00 00 00 00 00 00 00 00 01 08 82 84 8b 0c 12 96 18 24 03 01 05 05 04 00 01 00 00 07 06 4b ...
D/wpa_supplicant( 3661): Beacon IEs - hexdump(len=59): 00 08 00 00 00 00 00 00 00 00 01 08 82 84 8b 0c 12 96 18 24 03 01 05 05 04 00 01 00 00 07 06 4b ...
D/wpa_supplicant( 3661): 30:37:a6:c8:2e:81 freq=2412 qual=0 noise=0 level=-80 flags=0xb age=0
D/wpa_supplicant( 3661): IEs - hexdump(len=207): 00 08 75 4c 47 45 5f 52 45 47 01 08 82 84 8b 0c 12 96 18 24 03 01 01 07 06 4b 52 20 01 0d 14 0b ...
D/wpa_supplicant( 3661): Beacon IEs - hexdump(len=216): 00 08 75 4c 47 45 5f 52 45 47 01 08 82 84 8b 0c 12 96 18 24 03 01 01 05 07 00 01 00 00 00 00 00 ...
D/wpa_supplicant( 3661): 30:37:a6:c8:dc:e1 freq=2437 qual=0 noise=0 level=-84 flags=0xb age=0
D/wpa_supplicant( 3661): IEs - hexdump(len=207): 00 08 75 4c 47 45 5f 52 45 47 01 08 82 84 8b 0c 12 96 18 24 03 01 06 07 06 4b 52 20 01 0d 14 0b ...
D/wpa_supplicant( 3661): 30:37:a6:c8:ea:11 freq=2462 qual=0 noise=0 level=-88 flags=0xb age=0
D/wpa_supplicant( 3661): IEs - hexdump(len=207): 00 08 75 4c 47 45 5f 52 45 47 01 08 82 84 8b 0c 12 96 18 24 03 01 0b 07 06 4b 52 20 01 0d 14 0b ...
D/wpa_supplicant( 3661): Beacon IEs - hexdump(len=213): 00 08 75 4c 47 45 5f 52 45 47 01 08 82 84 8b 0c 12 96 18 24 03 01 0b 05 04 00 01 00 00 07 06 4b ...
D/wpa_supplicant( 3661): wlan0: BSS: Start scan result update 15
D/wpa_supplicant( 3661): BSS: last_scan_res_used=26/32
D/wpa_supplicant( 3661): Add randomness: count=278 entropy=276
D/wpa_supplicant( 3661): random pool - hexdump(len=128): [REMOVED]
D/wpa_supplicant( 3661): random_mix_pool - hexdump(len=8): [REMOVED]
D/wpa_supplicant( 3661): random_mix_pool - hexdump(len=5): [REMOVED]
D/wpa_supplicant( 3661): random pool - hexdump(len=128): [REMOVED]
D/wpa_supplicant( 3661): Add randomness: count=279 entropy=277
D/wpa_supplicant( 3661): random pool - hexdump(len=128): [REMOVED]
D/wpa_supplicant( 3661): random_mix_pool - hexdump(len=8): [REMOVED]
D/wpa_supplicant( 3661): random_mix_pool - hexdump(len=5): [REMOVED]
D/wpa_supplicant( 3661): random pool - hexdump(len=128): [REMOVED]
D/wpa_supplicant( 3661): Add randomness: count=280 entropy=278
D/wpa_supplicant( 3661): random pool - hexdump(len=128): [REMOVED]
D/wpa_supplicant( 3661): random_mix_pool - hexdump(len=8): [REMOVED]
D/wpa_supplicant( 3661): random_mix_pool - hexdump(len=5): [REMOVED]
D/wpa_supplicant( 3661): random pool - hexdump(len=128): [REMOVED]
D/wpa_supplicant( 3661): Add randomness: count=281 entropy=279
D/wpa_supplicant( 3661): random pool - hexdump(len=128): [REMOVED]
D/wpa_supplicant( 3661): random_mix_pool - hexdump(len=8): [REMOVED]
D/wpa_supplicant( 3661): random_mix_pool - hexdump(len=5): [REMOVED]
D/wpa_supplicant( 3661): random pool - hexdump(len=128): [REMOVED]
D/wpa_supplicant( 3661): Add randomness: count=282 entropy=280
D/wpa_supplicant( 3661): random pool - hexdump(len=128): [REMOVED]
D/wpa_supplicant( 3661): random_mix_pool - hexdump(len=8): [REMOVED]
D/wpa_supplicant( 3661): random_mix_pool - hexdump(len=5): [REMOVED]
D/wpa_supplicant( 3661): random pool - hexdump(len=128): [REMOVED]
D/wpa_supplicant( 3661): Add randomness: count=283 entropy=281
D/wpa_supplicant( 3661): random pool - hexdump(len=128): [REMOVED]
D/wpa_supplicant( 3661): random_mix_pool - hexdump(len=8): [REMOVED]
D/wpa_supplicant( 3661): random_mix_pool - hexdump(len=5): [REMOVED]
D/wpa_supplicant( 3661): random pool - hexdump(len=128): [REMOVED]
D/wpa_supplicant( 3661): Add randomness: count=284 entropy=282
D/wpa_supplicant( 3661): random pool - hexdump(len=128): [REMOVED]
D/wpa_supplicant( 3661): random_mix_pool - hexdump(len=8): [REMOVED]
D/wpa_supplicant( 3661): random_mix_pool - hexdump(len=5): [REMOVED]
D/wpa_supplicant( 3661): random pool - hexdump(len=128): [REMOVED]
D/wpa_supplicant( 3661): Add randomness: count=285 entropy=283
D/wpa_supplicant( 3661): random pool - hexdump(len=128): [REMOVED]
D/wpa_supplicant( 3661): random_mix_pool - hexdump(len=8): [REMOVED]
D/wpa_supplicant( 3661): random_mix_pool - hexdump(len=5): [REMOVED]
D/wpa_supplicant( 3661): random pool - hexdump(len=128): [REMOVED]
D/wpa_supplicant( 3661): Add randomness: count=286 entropy=284
D/wpa_supplicant( 3661): random pool - hexdump(len=128): [REMOVED]
D/wpa_supplicant( 3661): random_mix_pool - hexdump(len=8): [REMOVED]
D/wpa_supplicant( 3661): random_mix_pool - hexdump(len=5): [REMOVED]
D/wpa_supplicant( 3661): random pool - hexdump(len=128): [REMOVED]
D/wpa_supplicant( 3661): Add randomness: count=287 entropy=285
D/wpa_supplicant( 3661): random pool - hexdump(len=128): [REMOVED]
D/wpa_supplicant( 3661): random_mix_pool - hexdump(len=8): [REMOVED]
D/wpa_supplicant( 3661): random_mix_pool - hexdump(len=5): [REMOVED]
D/wpa_supplicant( 3661): random pool - hexdump(len=128): [REMOVED]
D/wpa_supplicant( 3661): wlan0: New scan results available (own=1 ext=0)
E/WifiMonitor(  967): WifiMonitor:wlan0 cnt=101 dispatchEvent: CTRL-EVENT-SCAN-RESULTS 
E/WifiMonitor(  967): handleEvent 4  CTRL-EVENT-SCAN-RESULTS 
D/wpa_supplicant( 3661): CTRL_IFACE monitor sent successfully to /data/misc/wifi/sockets/wpa_ctrl_967-2\x00
D/WifiStateMachine(  967): handleMessage: E msg.what=147461
D/wpa_supplicant( 3661): WPS: attr type=0x104a len=1
D/wpa_supplicant( 3661): WPS: attr type=0x1044 len=1
D/wpa_supplicant( 3661): WPS: attr type=0x103b len=1
D/wpa_supplicant( 3661): WPS: attr type=0x1047 len=16
D/WifiStateMachine(  967): processMsg: DisconnectedState
D/wpa_supplicant( 3661): WPS: attr type=0x1021 len=27
D/wpa_supplicant( 3661): WPS: attr type=0x1023 len=7
D/wpa_supplicant( 3661): WPS: attr type=0x1024 len=13
D/wpa_supplicant( 3661): WPS: attr type=0x1042 len=15
D/wpa_supplicant( 3661): WPS: attr type=0x1054 len=8
D/wpa_supplicant( 3661): WPS: attr type=0x1011 len=19
D/wpa_supplicant( 3661): WPS: attr type=0x1008 len=2
D/wpa_supplicant( 3661): WPS: attr type=0x104a len=1
D/wpa_supplicant( 3661): WPS: attr type=0x1044 len=1
D/wpa_supplicant( 3661): WPS: attr type=0x103b len=1
D/wpa_supplicant( 3661): WPS: attr type=0x1047 len=16
D/wpa_supplicant( 3661): WPS: attr type=0x1021 len=27
D/wpa_supplicant( 3661): WPS: attr type=0x1023 len=7
D/wpa_supplicant( 3661): WPS: attr type=0x1024 len=13
D/wpa_supplicant( 3661): WPS: attr type=0x1042 len=15
D/wpa_supplicant( 3661): WPS: attr type=0x1054 len=8
D/wpa_supplicant( 3661): WPS: attr type=0x1011 len=19
D/wpa_supplicant( 3661): WPS: attr type=0x1008 len=2
D/wpa_supplicant( 3661): WPS: attr type=0x104a len=1
D/wpa_supplicant( 3661): WPS: attr type=0x1044 len=1
D/wpa_supplicant( 3661): WPS: attr type=0x103b len=1
D/wpa_supplicant( 3661): WPS: attr type=0x1047 len=16
D/wpa_supplicant( 3661): WPS: attr type=0x1021 len=27
D/wpa_supplicant( 3661): WPS: attr type=0x1023 len=7
D/wpa_supplicant( 3661): WPS: attr type=0x1024 len=13
D/wpa_supplicant( 3661): WPS: attr type=0x1042 len=15
D/wpa_supplicant( 3661): WPS: attr type=0x1054 len=8
D/wpa_supplicant( 3661): WPS: attr type=0x1011 len=19
D/wpa_supplicant( 3661): WPS: attr type=0x1008 len=2
D/wpa_supplicant( 3661): WPS: attr type=0x104a len=1
D/wpa_supplicant( 3661): WPS: attr type=0x1044 len=1
D/wpa_supplicant( 3661): WPS: attr type=0x103b len=1
D/wpa_supplicant( 3661): WPS: attr type=0x1047 len=16
D/wpa_supplicant( 3661): WPS: attr type=0x1021 len=27
D/wpa_supplicant( 3661): WPS: attr type=0x1023 len=7
D/wpa_supplicant( 3661): WPS: attr type=0x1024 len=13
D/wpa_supplicant( 3661): WPS: attr type=0x1042 len=15
D/wpa_supplicant( 3661): WPS: attr type=0x1054 len=8
D/wpa_supplicant( 3661): WPS: attr type=0x1011 len=19
D/wpa_supplicant( 3661): WPS: attr type=0x1008 len=2
D/wpa_supplicant( 3661): WPS: attr type=0x104a len=1
D/wpa_supplicant( 3661): WPS: attr type=0x1044 len=1
D/wpa_supplicant( 3661): WPS: attr type=0x103b len=1
D/wpa_supplicant( 3661): WPS: attr type=0x1047 len=16
D/wpa_supplicant( 3661): WPS: attr type=0x1021 len=27
D/wpa_supplicant( 3661): WPS: attr type=0x1023 len=7
D/wpa_supplicant( 3661): WPS: attr type=0x1024 len=13
D/wpa_supplicant( 3661): WPS: attr type=0x1042 len=15
D/wpa_supplicant( 3661): WPS: attr type=0x1054 len=8
D/wpa_supplicant( 3661): WPS: attr type=0x1011 len=19
D/wpa_supplicant( 3661): WPS: attr type=0x1008 len=2
D/wpa_supplicant( 3661): WPS: attr type=0x104a len=1
D/wpa_supplicant( 3661): WPS: attr type=0x1044 len=1
D/wpa_supplicant( 3661): WPS: attr type=0x103b len=1
D/wpa_supplicant( 3661): WPS: attr type=0x1047 len=16
D/wpa_supplicant( 3661): WPS: attr type=0x1021 len=27
D/wpa_supplicant( 3661): WPS: attr type=0x1023 len=7
D/wpa_supplicant( 3661): WPS: attr type=0x1024 len=13
D/wpa_supplicant( 3661): WPS: attr type=0x1042 len=15
D/wpa_supplicant( 3661): WPS: attr type=0x1054 len=8
D/wpa_supplicant( 3661): WPS: attr type=0x1011 len=19
D/wpa_supplicant( 3661): WPS: attr type=0x1008 len=2
E/WifiStateMachine(  967):  DisconnectedState !SCAN_RESULTS_EVENT 0 0 found=15 known=0 got=15 bcn=0
D/WifiStateMachine(  967): processMsg: ConnectModeState
D/WifiMonitor(  967): Event [IFNAME=wlan0 WPS-AP-AVAILABLE ]
E/WifiMonitor(  967): WifiMonitor:wlan0 cnt=102 dispatchEvent: WPS-AP-AVAILABLE 
W/WifiMonitor(  967): couldn't identify event type - WPS-AP-AVAILABLE 
D/wpa_supplicant( 3661): CTRL_IFACE monitor sent successfully to /data/misc/wifi/sockets/wpa_ctrl_967-2\x00
E/WifiStateMachine(  967):  ConnectModeState !SCAN_RESULTS_EVENT 0 0 found=15 known=0 got=15 bcn=0
D/wpa_supplicant( 3661): WPS: attr type=0x104a len=1
D/WifiStateMachine(  967): processMsg: DriverStartedState
D/wpa_supplicant( 3661): WPS: attr type=0x1044 len=1
D/wpa_supplicant( 3661): WPS: attr type=0x103b len=1
D/wpa_supplicant( 3661): WPS: attr type=0x1047 len=16
D/wpa_supplicant( 3661): WPS: attr type=0x1021 len=27
D/wpa_supplicant( 3661): WPS: attr type=0x1023 len=7
D/wpa_supplicant( 3661): WPS: attr type=0x1024 len=13
D/wpa_supplicant( 3661): WPS: attr type=0x1042 len=15
D/wpa_supplicant( 3661): WPS: attr type=0x1054 len=8
D/wpa_supplicant( 3661): WPS: attr type=0x1011 len=19
D/wpa_supplicant( 3661): WPS: attr type=0x1008 len=2
D/wpa_supplicant( 3661): WPS: attr type=0x104a len=1
D/wpa_supplicant( 3661): WPS: attr type=0x1044 len=1
D/wpa_supplicant( 3661): WPS: attr type=0x103b len=1
D/wpa_supplicant( 3661): WPS: attr type=0x1047 len=16
D/wpa_supplicant( 3661): WPS: attr type=0x1021 len=27
D/wpa_supplicant( 3661): WPS: attr type=0x1023 len=7
D/wpa_supplicant( 3661): WPS: attr type=0x1024 len=13
D/wpa_supplicant( 3661): WPS: attr type=0x1042 len=15
D/wpa_supplicant( 3661): WPS: attr type=0x1054 len=8
D/wpa_supplicant( 3661): WPS: attr type=0x1011 len=19
D/wpa_supplicant( 3661): WPS: attr type=0x1008 len=2
D/wpa_supplicant( 3661): WPS: AP[0] 64:e5:99:dd:2f:24 type=0 tries=0 last_attempt=-1 sec ago blacklist=0
D/wpa_supplicant( 3661): WPS: AP[1] 00:26:66:eb:18:54 type=0 tries=0 last_attempt=-1 sec ago blacklist=0
D/wpa_supplicant( 3661): wlan0: Radio work 'scan'@0xb6918240 done in 0.460594 seconds
D/wpa_supplicant( 3661): --runqin--not STL
D/wpa_supplicant( 3661): wlan0: No suitable network found
I/wpa_supplicant( 3661): [LGE_PATCH]scan interval[6] = 60 sec.
E/WifiStateMachine(  967):  DriverStartedState !SCAN_RESULTS_EVENT 0 0 found=15 known=0 got=15 bcn=0
D/wpa_supplicant( 3661): wlan0: Short-circuit new scan request since there are no enabled networks
D/WifiStateMachine(  967): processMsg: DriverStartedStateExt
D/wpa_supplicant( 3661): wlan0: State: SCANNING -> INACTIVE
D/WifiStateMachine(  967): processMsg: SupplicantStartedState
D/WifiMonitor(  967): Event [IFNAME=wlan0 CTRL-EVENT-STATE-CHANGE id=-1 state=2 BSSID=00:00:00:00:00:00 SSID=]
E/WifiMonitor(  967): WifiMonitor:wlan0 cnt=103 dispatchEvent: CTRL-EVENT-STATE-CHANGE id=-1 state=2 BSSID=00:00:00:00:00:00 SSID=
E/WifiStateMachine(  967):  SupplicantStartedState !SCAN_RESULTS_EVENT 0 0 found=15 known=0 got=15 bcn=0
E/WifiStateMachine(  967): [63,830,356 ms] noteScanEnd no scan source
D/WifiNative-wlan0(  967): doString: [BSS RANGE=0- MASK=0x21987]
D/wpa_supplicant( 3661): CTRL_IFACE monitor sent successfully to /data/misc/wifi/sockets/wpa_ctrl_967-2\x00
D/wpa_supplicant( 3661): p2p0: Updating scan results from sibling
D/wpa_supplicant( 3661): nl80211: Received scan results (26 BSSes)
D/wpa_supplicant( 3661): Sorted scan results
D/wpa_supplicant( 3661): 64:e5:99:dd:2f:24 freq=2447 qual=0 noise=0 level=-65 flags=0xb age=10
D/wpa_supplicant( 3661): IEs - hexdump(len=401): 00 0c 69 70 74 69 6d 65 5f 64 68 6c 65 65 01 08 82 84 8b 96 0c 12 18 24 03 01 08 2a 01 00 32 04 ...
D/wpa_supplicant( 3661): Beacon IEs - hexdump(len=263): 00 0c 69 70 74 69 6d 65 5f 64 68 6c 65 65 01 08 82 84 8b 96 0c 12 18 24 03 01 08 05 04 02 03 00 ...
D/wpa_supplicant( 3661): 00:26:66:eb:18:54 freq=2452 qual=0 noise=0 level=-70 flags=0xb age=10
D/wpa_supplicant( 3661): IEs - hexdump(len=404): 00 0f 4e 32 45 5f 6a 75 6e 67 68 6f 2e 6b 6f 6e 67 01 08 82 84 8b 96 0c 12 18 24 03 01 09 2a 01 ...
D/wpa_supplicant( 3661): Beacon IEs - hexdump(len=267): 00 0f 4e 32 45 5f 6a 75 6e 67 68 6f 2e 6b 6f 6e 67 01 08 82 84 8b 96 0c 12 18 24 03 01 09 05 05 ...
D/wpa_supplicant( 3661): 98:d6:f7:9d:8e:47 freq=2437 qual=0 noise=0 level=-73 flags=0xb age=10
D/wpa_supplicant( 3661): IEs - hexdump(len=179): 00 0d 4c 47 2d 46 32 34 30 4c 5f 30 38 32 30 01 08 82 84 8b 96 24 30 48 6c 03 01 06 07 06 4b 52 ...
D/wpa_supplicant( 3661): Beacon IEs - hexdump(len=185): 00 0d 4c 47 2d 46 32 34 30 4c 5f 30 38 32 30 01 08 82 84 8b 96 24 30 48 6c 03 01 06 05 04 00 02 ...
D/wpa_supplicant( 3661): 58:a2:b5:cd:87:ff freq=2437 qual=0 noise=0 level=-77 flags=0xb age=10
D/wpa_supplicant( 3661): IEs - hexdump(len=205): 00 0c 70 72 69 76 61 63 79 5f 73 73 69 64 01 08 82 84 8b 96 24 30 48 6c 03 01 06 2a 01 00 2f 01 ...
D/wpa_supplicant( 3661): Beacon IEs - hexdump(len=211): 00 0c 70 72 69 76 61 63 79 5f 73 73 69 64 01 08 82 84 8b 96 24 30 48 6c 03 01 06 05 04 00 02 00 ...
D/wpa_supplicant( 3661): 30:37:a6:c8:dc:e5 freq=2437 qual=0 noise=0 level=-79 flags=0xb age=10
D/wpa_supplicant( 3661): IEs - hexdump(len=229): 00 08 53 44 53 53 5f 30 33 37 01 08 82 84 8b 0c 12 96 18 24 03 01 06 07 06 4b 52 20 01 0d 14 0b ...
D/wpa_supplicant( 3661): a0:88:b4:a8:8e:d5 freq=2462 qual=0 noise=0 level=-79 flags=0xb age=10
D/wpa_supplicant( 3661): IEs - hexdump(len=158): 00 08 6b 73 75 65 5f 63 6f 6d 01 08 8c 12 98 24 b0 48 60 6c 03 01 0b 05 04 02 03 00 00 2a 01 00 ...
D/wpa_supplicant( 3661): Beacon IEs - hexdump(len=158): 00 08 6b 73 75 65 5f 63 6f 6d 01 08 8c 12 98 24 b0 48 60 6c 03 01 0b 05 04 00 03 00 00 2a 01 00 ...
D/wpa_supplicant( 3661): 30:37:a6:c8:dc:e3 freq=2437 qual=0 noise=0 level=-81 flags=0xb age=10
D/wpa_supplicant( 3661): IEs - hexdump(len=254): 00 01 00 01 08 82 84 8b 0c 12 96 18 24 03 01 06 05 04 00 01 00 00 07 06 4b 52 20 01 0d 14 0b 05 ...
D/wpa_supplicant( 3661): Beacon IEs - hexdump(len=254): 00 01 00 01 08 82 84 8b 0c 12 96 18 24 03 01 06 05 04 00 01 00 00 07 06 4b 52 20 01 0d 14 0b 05 ...
D/wpa_supplicant( 3661): 30:37:a6:c8:2e:83 freq=2412 qual=0 noise=0 level=-82 flags=0xb age=10
D/wpa_supplicant( 3661): IEs - hexdump(len=257): 00 01 00 01 08 82 84 8b 0c 12 96 18 24 03 01 01 05 07 00 01 08 00 01 00 00 07 06 4b 52 20 01 0d ...
D/wpa_supplicant( 3661): Beacon IEs - hexdump(len=257): 00 01 00 01 08 82 84 8b 0c 12 96 18 24 03 01 01 05 07 00 01 08 00 01 00 00 07 06 4b 52 20 01 0d ...
D/wpa_supplicant( 3661): 30:37:a6:c8:ea:15 freq=2462 qual=0 noise=0 level=-83 flags=0xb age=10
D/wpa_supplicant( 3661): IEs - hexdump(len=229): 00 08 53 44 53 53 5f 30 33 37 01 08 82 84 8b 0c 12 96 18 24 03 01 0b 07 06 4b 52 20 01 0d 14 0b ...
D/wpa_supplicant( 3661): 30:37:a6:c8:2e:85 freq=2412 qual=0 noise=0 level=-83 flags=0xb age=10
D/wpa_supplicant( 3661): IEs - hexdump(len=229): 00 08 53 44 53 53 5f 30 33 37 01 08 82 84 8b 0c 12 96 18 24 03 01 01 07 06 4b 52 20 01 0d 14 0b ...
D/wpa_supplicant( 3661): 30:37:a6:c8:2e:8a freq=2412 qual=0 noise=0 level=-83 flags=0xb age=10
D/wpa_supplicant( 3661): IEs - hexdump(len=257): 00 01 00 01 08 82 84 8b 0c 12 96 18 24 03 01 01 05 07 00 01 00 00 00 00 00 07 06 4b 52 20 01 0d ...
D/wpa_supplicant( 3661): Beacon IEs - hexdump(len=257): 00 01 00 01 08 82 84 8b 0c 12 96 18 24 03 01 01 05 07 00 01 00 00 00 00 00 07 06 4b 52 20 01 0d ...
D/wpa_supplicant( 3661): 30:37:a6:c8:e4:95 freq=2412 qual=0 noise=0 level=-84 flags=0xb age=10
D/wpa_supplicant( 3661): IEs - hexdump(len=229): 00 08 53 44 53 53 5f 30 33 37 01 08 82 84 8b 0c 12 96 18 24 03 01 01 07 06 4b 52 20 01 0d 14 0b ...
D/wpa_supplicant( 3661): 30:37:a6:c8:ea:17 freq=2462 qual=0 noise=0 level=-84 flags=0xb age=10
D/wpa_supplicant( 3661): IEs - hexdump(len=254): 00 01 00 01 08 82 84 8b 0c 12 96 18 24 03 01 0b 05 04 00 01 00 00 07 06 4b 52 20 01 0d 14 0b 05 ...
D/wpa_supplicant( 3661): Beacon IEs - hexdump(len=254): 00 01 00 01 08 82 84 8b 0c 12 96 18 24 03 01 0b 05 04 00 01 00 00 07 06 4b 52 20 01 0d 14 0b 05 ...
D/wpa_supplicant( 3661): 00:26:66:c2:7c:b1 freq=2432 qual=0 noise=0 level=-85 flags=0xb age=10
D/wpa_supplicant( 3661): IEs - hexdump(len=239): 00 1a 6b 69 6e 64 79 6b 73 31 30 30 34 28 4d 75 6c 74 69 20 4e 65 74 77 6f 72 6b 29 01 08 82 84 ...
D/wpa_supplicant( 3661): Beacon IEs - hexdump(len=239): 00 1a 6b 69 6e 64 79 6b 73 31 30 30 34 28 4d 75 6c 74 69 20 4e 65 74 77 6f 72 6b 29 01 08 82 84 ...
D/wpa_supplicant( 3661): 30:37:a6:c3:c4:4a freq=2437 qual=0 noise=0 level=-87 flags=0xb age=10
D/wpa_supplicant( 3661): IEs - hexdump(len=257): 00 01 00 01 08 82 84 8b 0c 12 96 18 24 03 01 06 05 07 00 01 00 00 00 00 00 07 06 4b 52 20 01 0d ...
D/wpa_supplicant( 3661): Beacon IEs - hexdump(len=257): 00 01 00 01 08 82 84 8b 0c 12 96 18 24 03 01 06 05 07 00 01 00 00 00 00 00 07 06 4b 52 20 01 0d ...
D/wpa_supplicant( 3661): 30:37:a6:c3:c4:43 freq=2437 qual=0 noise=0 level=-87 flags=0xb age=10
D/wpa_supplicant( 3661): IEs - hexdump(len=257): 00 01 00 01 08 82 84 8b 0c 12 96 18 24 03 01 06 05 07 00 01 00 00 00 00 00 07 06 4b 52 20 01 0d ...
D/wpa_supplicant( 3661): Beacon IEs - hexdump(len=257): 00 01 00 01 08 82 84 8b 0c 12 96 18 24 03 01 06 05 07 00 01 00 00 00 00 00 07 06 4b 52 20 01 0d ...
D/wpa_supplicant( 3661): 30:37:a6:c8:e4:96 freq=2412 qual=0 noise=0 level=-88 flags=0xb age=10
D/wpa_supplicant( 3661): IEs - hexdump(len=222): 00 01 00 01 08 82 84 8b 0c 12 96 18 24 03 01 01 05 04 00 01 00 00 07 06 4b 52 20 01 0d 14 0b 05 ...
D/wpa_supplicant( 3661): Beacon IEs - hexdump(len=222): 00 01 00 01 08 82 84 8b 0c 12 96 18 24 03 01 01 05 04 00 01 00 00 07 06 4b 52 20 01 0d 14 0b 05 ...
D/wpa_supplicant( 3661): 30:37:a6:c8:ea:19 freq=2462 qual=0 noise=0 level=-88 flags=0xb age=10
D/wpa_supplicant( 3661): IEs - hexdump(len=254): 00 01 00 01 08 82 84 8b 0c 12 96 18 24 03 01 0b 05 04 00 01 00 00 07 06 4b 52 20 01 0d 14 0b 05 ...
D/wpa_supplicant( 3661): Beacon IEs - hexdump(len=254): 00 01 00 01 08 82 84 8b 0c 12 96 18 24 03 01 0b 05 04 00 01 00 00 07 06 4b 52 20 01 0d 14 0b 05 ...
D/wpa_supplicant( 3661): 30:37:a6:c3:ce:75 freq=2462 qual=0 noise=0 level=-89 flags=0xb age=10
D/wpa_supplicant( 3661): IEs - hexdump(len=235): 00 08 53 44 53 53 5f 30 33 37 01 08 82 84 8b 0c 12 96 18 24 03 01 0b 05 04 00 01 00 00 07 06 4b ...
D/wpa_supplicant( 3661): Beacon IEs - hexdump(len=235): 00 08 53 44 53 53 5f 30 33 37 01 08 82 84 8b 0c 12 96 18 24 03 01 0b 05 04 00 01 00 00 07 06 4b ...
D/wpa_supplicant( 3661): 30:37:a6:c3:c4:40 freq=2437 qual=0 noise=0 level=-89 flags=0xb age=10
D/wpa_supplicant( 3661): IEs - hexdump(len=257): 00 01 00 01 08 82 84 8b 0c 12 96 18 24 03 01 06 05 07 00 01 00 00 00 00 00 07 06 4b 52 20 01 0d ...
D/wpa_supplicant( 3661): Beacon IEs - hexdump(len=257): 00 01 00 01 08 82 84 8b 0c 12 96 18 24 03 01 06 05 07 00 01 00 00 00 00 00 07 06 4b 52 20 01 0d ...
D/wpa_supplicant( 3661): 30:37:a6:c8:dc:e6 freq=2437 qual=0 noise=0 level=-90 flags=0xb age=10
D/wpa_supplicant( 3661): IEs - hexdump(len=222): 00 01 00 01 08 82 84 8b 0c 12 96 18 24 03 01 06 05 04 00 01 00 00 07 06 4b 52 20 01 0d 14 0b 05 ...
D/wpa_supplicant( 3661): Beacon IEs - hexdump(len=222): 00 01 00 01 08 82 84 8b 0c 12 96 18 24 03 01 06 05 04 00 01 00 00 07 06 4b 52 20 01 0d 14 0b 05 ...
D/wpa_supplicant( 3661): 30:37:a6:c3:c2:b5 freq=2412 qual=0 noise=0 level=-91 flags=0xb age=10
D/wpa_supplicant( 3661): IEs - hexdump(len=235): 00 08 53 44 53 53 5f 30 33 37 01 08 82 84 8b 0c 12 96 18 24 03 01 01 05 04 00 01 00 00 07 06 4b ...
D/wpa_supplicant( 3661): Beacon IEs - hexdump(len=235): 00 08 53 44 53 53 5f 30 33 37 01 08 82 84 8b 0c 12 96 18 24 03 01 01 05 04 00 01 00 00 07 06 4b ...
D/wpa_supplicant( 3661): 04:9f:06:90:2c:f6 freq=2432 qual=0 noise=0 level=-77 flags=0xb age=10
D/wpa_supplicant( 3661): IEs - hexdump(len=59): 00 08 00 00 00 00 00 00 00 00 01 08 82 84 8b 0c 12 96 18 24 03 01 05 05 04 00 01 00 00 07 06 4b ...
D/wpa_supplicant( 3661): Beacon IEs - hexdump(len=59): 00 08 00 00 00 00 00 00 00 00 01 08 82 84 8b 0c 12 96 18 24 03 01 05 05 04 00 01 00 00 07 06 4b ...
D/wpa_supplicant( 3661): 30:37:a6:c8:2e:81 freq=2412 qual=0 noise=0 level=-80 flags=0xb age=10
D/wpa_supplicant( 3661): IEs - hexdump(len=207): 00 08 75 4c 47 45 5f 52 45 47 01 08 82 84 8b 0c 12 96 18 24 03 01 01 07 06 4b 52 20 01 0d 14 0b ...
D/wpa_supplicant( 3661): Beacon IEs - hexdump(len=216): 00 08 75 4c 47 45 5f 52 45 47 01 08 82 84 8b 0c 12 96 18 24 03 01 01 05 07 00 01 00 00 00 00 00 ...
D/wpa_supplicant( 3661): 30:37:a6:c8:dc:e1 freq=2437 qual=0 noise=0 level=-84 flags=0xb age=10
D/wpa_supplicant( 3661): IEs - hexdump(len=207): 00 08 75 4c 47 45 5f 52 45 47 01 08 82 84 8b 0c 12 96 18 24 03 01 06 07 06 4b 52 20 01 0d 14 0b ...
D/wpa_supplicant( 3661): 30:37:a6:c8:ea:11 freq=2462 qual=0 noise=0 level=-88 flags=0xb age=10
D/wpa_supplicant( 3661): IEs - hexdump(len=207): 00 08 75 4c 47 45 5f 52 45 47 01 08 82 84 8b 0c 12 96 18 24 03 01 0b 07 06 4b 52 20 01 0d 14 0b ...
D/wpa_supplicant( 3661): Beacon IEs - hexdump(len=213): 00 08 75 4c 47 45 5f 52 45 47 01 08 82 84 8b 0c 12 96 18 24 03 01 0b 05 04 00 01 00 00 07 06 4b ...
D/wpa_supplicant( 3661): p2p0: BSS: Start scan result update 15
D/wpa_supplicant( 3661): BSS: last_scan_res_used=26/32
D/wpa_supplicant( 3661): Add randomness: count=288 entropy=286
D/wpa_supplicant( 3661): random pool - hexdump(len=128): [REMOVED]
D/wpa_supplicant( 3661): random_mix_pool - hexdump(len=8): [REMOVED]
D/wpa_supplicant( 3661): random_mix_pool - hexdump(len=5): [REMOVED]
D/wpa_supplicant( 3661): random pool - hexdump(len=128): [REMOVED]
D/wpa_supplicant( 3661): Add randomness: count=289 entropy=287
D/wpa_supplicant( 3661): random pool - hexdump(len=128): [REMOVED]
D/wpa_supplicant( 3661): random_mix_pool - hexdump(len=8): [REMOVED]
D/wpa_supplicant( 3661): random_mix_pool - hexdump(len=5): [REMOVED]
D/wpa_supplicant( 3661): random pool - hexdump(len=128): [REMOVED]
D/wpa_supplicant( 3661): Add randomness: count=290 entropy=288
D/wpa_supplicant( 3661): random pool - hexdump(len=128): [REMOVED]
D/wpa_supplicant( 3661): random_mix_pool - hexdump(len=8): [REMOVED]
D/wpa_supplicant( 3661): random_mix_pool - hexdump(len=5): [REMOVED]
D/wpa_supplicant( 3661): random pool - hexdump(len=128): [REMOVED]
D/wpa_supplicant( 3661): Add randomness: count=291 entropy=289
D/wpa_supplicant( 3661): random pool - hexdump(len=128): [REMOVED]
D/wpa_supplicant( 3661): random_mix_pool - hexdump(len=8): [REMOVED]
D/wpa_supplicant( 3661): random_mix_pool - hexdump(len=5): [REMOVED]
D/wpa_supplicant( 3661): random pool - hexdump(len=128): [REMOVED]
D/wpa_supplicant( 3661): Add randomness: count=292 entropy=290
D/wpa_supplicant( 3661): random pool - hexdump(len=128): [REMOVED]
D/wpa_supplicant( 3661): random_mix_pool - hexdump(len=8): [REMOVED]
D/wpa_supplicant( 3661): random_mix_pool - hexdump(len=5): [REMOVED]
D/wpa_supplicant( 3661): random pool - hexdump(len=128): [REMOVED]
D/wpa_supplicant( 3661): Add randomness: count=293 entropy=291
D/wpa_supplicant( 3661): random pool - hexdump(len=128): [REMOVED]
D/wpa_supplicant( 3661): random_mix_pool - hexdump(len=8): [REMOVED]
D/wpa_supplicant( 3661): random_mix_pool - hexdump(len=5): [REMOVED]
D/wpa_supplicant( 3661): random pool - hexdump(len=128): [REMOVED]
D/wpa_supplicant( 3661): Add randomness: count=294 entropy=292
D/wpa_supplicant( 3661): random pool - hexdump(len=128): [REMOVED]
D/wpa_supplicant( 3661): random_mix_pool - hexdump(len=8): [REMOVED]
D/wpa_supplicant( 3661): random_mix_pool - hexdump(len=5): [REMOVED]
D/wpa_supplicant( 3661): random pool - hexdump(len=128): [REMOVED]
D/wpa_supplicant( 3661): Add randomness: count=295 entropy=293
D/wpa_supplicant( 3661): random pool - hexdump(len=128): [REMOVED]
D/wpa_supplicant( 3661): random_mix_pool - hexdump(len=8): [REMOVED]
D/wpa_supplicant( 3661): random_mix_pool - hexdump(len=5): [REMOVED]
D/wpa_supplicant( 3661): random pool - hexdump(len=128): [REMOVED]
D/wpa_supplicant( 3661): Add randomness: count=296 entropy=294
D/wpa_supplicant( 3661): random pool - hexdump(len=128): [REMOVED]
E/WifiMonitor(  967): WifiMonitor:p2p0 cnt=104 dispatchEvent: CTRL-EVENT-SCAN-RESULTS 
E/WifiMonitor(  967): handleEvent 4  CTRL-EVENT-SCAN-RESULTS 
D/LGWifiP2pService(  967): InactiveState{ when=-1ms what=147461 target=com.android.internal.util.StateMachine$SmHandler }
D/LGWifiP2pService(  967): P2pEnabledState{ when=-1ms what=147461 target=com.android.internal.util.StateMachine$SmHandler }
D/LGWifiP2pService(  967): DefaultState{ when=-1ms what=147461 target=com.android.internal.util.StateMachine$SmHandler }
D/WifiMonitor(  967): Event [IFNAME=p2p0 WPS-AP-AVAILABLE ]
E/WifiMonitor(  967): WifiMonitor:p2p0 cnt=105 dispatchEvent: WPS-AP-AVAILABLE 
W/WifiMonitor(  967): couldn't identify event type - WPS-AP-AVAILABLE 
I/MusicBrowser( 6375): [MusicUtils.java:5914:handleMessage()] oooooo update Nowplaying msg.what = 1
V/MediaPlayer[Native]( 6375): getDuration_l
V/MediaPlayerService(  271): [7] getDuration = 207026
V/MediaPlayer[Native]( 6375): getDuration_l
V/MediaPlayerService(  271): [7] getDuration = 207026
V/MediaPlayer[Native]( 6375): getCurrentPosition
V/MediaPlayerService(  271): [7] getCurrentPosition = 22655
E/WifiStateMachine(  967): wifi setScanResults statecom.android.server.wifi.WifiStateMachine$DisconnectedState@2df34640 sup_state=SCANNING debouncing=false
D/WifiStateMachine(  967): handleMessage: X
D/WifiStateMachine(  967): handleMessage: E msg.what=147462
D/WifiStateMachine(  967): processMsg: DisconnectedState
E/WifiStateMachine(  967):  DisconnectedState !SUPPLICANT_STATE_CHANGE_EVENT 103 0 rt=1357299  SSID:  BSSID: 00:00:00:00:00:00 nid: -1 state: INACTIVE
E/WifiStateMachine(  967): SUPPLICANT_STATE_CHANGE_EVENT state=INACTIVE -> state= IDLE debouncing=false
D/WifiStateMachine(  967): setDetailed state, old =SCANNING and new state=IDLE hidden=false
D/WifiStateMachine(  967): processMsg: ConnectModeState
D/WiFiOffLoadBroadcast( 6732): OPerator not supported: TRF US
E/WifiStateMachine(  967):  ConnectModeState !SUPPLICANT_STATE_CHANGE_EVENT 103 0 rt=1357304  SSID:  BSSID: 00:00:00:00:00:00 nid: -1 state: INACTIVE
D/WifiStateMachine(  967): handleMessage: X
W/Settings(  967): Setting stay_on_while_plugged_in has moved from android.provider.Settings.System to android.provider.Settings.Global, returning read-only value.
W/Settings(  967): Setting wifi_sleep_policy has moved from android.provider.Settings.System to android.provider.Settings.Global, returning read-only value.
D/WifiOffDelayIfNotUsed(  967): NETWORK_STATE_CHANGED_ACTION [IDLE]
D/[SystemUI]NetworksUtils( 2400): hasService state=2 1 home null null null  Unknown Unknown CSS not supported -1 -1 RoamInd=-1 DefRoamInd=-1 EmergOnly=truevoice roaming=false Data Roaming=false mIsVoiceSearching=true mIsDataSearching=false mVoiceNetworkName=null mDataNetworkName=null Check64QAM0 Dual carrier0
D/[SystemUI]NetworksUtils( 2400): hasService state=2 1 home null null null  Unknown Unknown CSS not supported -1 -1 RoamInd=-1 DefRoamInd=-1 EmergOnly=truevoice roaming=false Data Roaming=false mIsVoiceSearching=true mIsDataSearching=false mVoiceNetworkName=null mDataNetworkName=null Check64QAM0 Dual carrier0
D/StatusBar.NetworkController( 2400): refreshViews: Data not connected!! Set no data type icon / Roaming
D/[SystemUI]LGNetworkController( 2400): Do not display R icon.
V/LGRssiData( 2400): checkOperatorbaseonIMSI: No H3G
D/[SystemUI]StatusBar.NetworkController( 2400): refreshViews 1 connected={ } level=5 combinedSignalIconId=0x7f02088f/com.android.systemui:drawable/stat_sys_signal_bar5_5_fully combinedActivityIconId=0x0 mobileLabel=Emergency calls only wifiLabel= emergencyOnly=true
D/[SystemUI]StatusBar.NetworkController( 2400): refreshViews 2  combinedLabel=No Internet connection mAirplaneMode=false mDataActivity=0 mPhoneSignalIconId=0x7f02088f/com.android.systemui:drawable/stat_sys_signal_bar5_5_fully mQSPhoneSignalIconId=0x7f020148/com.android.systemui:drawable/ic_qs_signal_no_signal
D/[SystemUI]StatusBar.NetworkController( 2400): refreshViews 3  mDataDirectionIconId=0x0/(null) mDataSignalIconId=0x7f02088f/com.android.systemui:drawable/stat_sys_signal_bar5_5_fully mDataTypeIconId=0x0/(null) mQSDataTypeIconId=0x0/(null)
D/[SystemUI]StatusBar.NetworkController( 2400): refreshViews 4  mNoSimIconId=0x7f0206aa/com.android.systemui:drawable/stat_sys_no_sim mWifiIconId=0x7f02092d/com.android.systemui:drawable/stat_sys_wifi_signal_null mQSWifiIconId=0x7f020159/com.android.systemui:drawable/ic_qs_wifi_no_network mWifiActivityIconId=0x0/(null) mBluetoothTetherIconId=0x10806ad/android:drawable/stat_sys_tether_bluetooth
D/PostponalbeReceiver( 3780): WSAndroidSystemIntentReceiver is processing the broadcast action 'android.net.wifi.STATE_CHANGE'.
D/WiFiOffLoadBroadcast( 6732): OPerator not supported: TRF US
D/[SystemUI]QuickSettingsButton( 2400): Button = Wi-Fi ==> new status = 1, curStatus = 1
D/[SystemUI]QuickSettingsHandler( 2400): Wi-Fi :Wi-Fi on.
D/WifiServerServiceExt(  967): SUPPLICANT_STATE_CHANGED_ACTION
D/WifiServerServiceExt(  967): setSupplicantStateINACTIVE
I/MusicBrowser( 6375): [MusicUtils.java:5914:handleMessage()] oooooo update Nowplaying msg.what = 1
V/MediaPlayer[Native]( 6375): getDuration_l
V/MediaPlayerService(  271): [7] getDuration = 207026
V/MediaPlayer[Native]( 6375): getDuration_l
V/MediaPlayerService(  271): [7] getDuration = 207026
V/MediaPlayer[Native]( 6375): getCurrentPosition
V/MediaPlayerService(  271): [7] getCurrentPosition = 22905
D/MusicBrowser( 6375): [MediaPlaybackActivity.java:7024:handleMessage()] oooooo mHandler message.what = 1
V/MediaPlayer[Native]( 6375): getDuration_l
V/MediaPlayerService(  271): [7] getDuration = 207026
V/MediaPlayer[Native]( 6375): getCurrentPosition
V/MediaPlayerService(  271): [7] getCurrentPosition = 23000
I/MusicBrowser( 6375): [MediaPlaybackActivity.java:onProgressChanged()] oooooo 
I/MusicBrowser( 6375): [MusicUtils.java:5914:handleMessage()] oooooo update Nowplaying msg.what = 1
V/MediaPlayer[Native]( 6375): getDuration_l
V/MediaPlayerService(  271): [7] getDuration = 207026
V/MediaPlayer[Native]( 6375): getDuration_l
V/MediaPlayerService(  271): [7] getDuration = 207026
V/MediaPlayer[Native]( 6375): getCurrentPosition
V/MediaPlayerService(  271): [7] getCurrentPosition = 23160
I/MusicBrowser( 6375): [MusicUtils.java:5914:handleMessage()] oooooo update Nowplaying msg.what = 1
V/MediaPlayer[Native]( 6375): getDuration_l
V/MediaPlayerService(  271): [7] getDuration = 207026
V/MediaPlayer[Native]( 6375): getDuration_l
V/MediaPlayerService(  271): [7] getDuration = 207026
V/MediaPlayer[Native]( 6375): getCurrentPosition
V/MediaPlayerService(  271): [7] getCurrentPosition = 23415
I/MusicBrowser( 6375): [MusicUtils.java:5914:handleMessage()] oooooo update Nowplaying msg.what = 1
V/MediaPlayer[Native]( 6375): getDuration_l
V/MediaPlayerService(  271): [7] getDuration = 207026
V/MediaPlayer[Native]( 6375): getDuration_l
V/MediaPlayerService(  271): [7] getDuration = 207026
V/MediaPlayer[Native]( 6375): getCurrentPosition
V/MediaPlayerService(  271): [7] getCurrentPosition = 23665
V/LGRssiData( 2400): checkOperatorbaseonIMSI: No H3G
I/[SystemUI]StatusBar.NetworkController( 2400): onSignalStrengthsChanged signalStrength=SignalStrength: 99 0 -120 -160 -120 -1 -1 31 -71 -4 230 2147483647 2147483647 gsm|lte 0 level=5
D/StatusBar.NetworkController( 2400): updateIconSet, voice network type is: 0/UNKNOWN, data network type is: 0/UNKNOWN
D/StatusBar.NetworkController( 2400):  chosenNetworkType=0 hspaDataDistinguishable=false hspapDistinguishable=false showAtLeastThreeGees=false
D/TelephonyIcons( 2400): updateDataType sub=0, type=0, inetCondition=0 showAtLeast3G=false show4GforLte=true hspaDistinguishable=false
D/TelephonyIcons( 2400): data type item name: array/telephony_data_type_sim1
D/TelephonyIcons( 2400): data type item id: 2131623942
D/TelephonyIcons( 2400): updateDataType mSelectedDataTypeIcon[0]=0, mSelectedDataActivityIndex=0
D/[SystemUI]NetworksUtils( 2400): hasService state=2 1 home null null null  Unknown Unknown CSS not supported -1 -1 RoamInd=-1 DefRoamInd=-1 EmergOnly=truevoice roaming=false Data Roaming=false mIsVoiceSearching=true mIsDataSearching=false mVoiceNetworkName=null mDataNetworkName=null Check64QAM0 Dual carrier0
D/StatusBar.NetworkController( 2400): updateTelephonySignalStrength: hasService=true ss=SignalStrength: 99 0 -120 -160 -120 -1 -1 31 -71 -4 230 2147483647 2147483647 gsm|lte 0
D/[SystemUI]NetworksUtils( 2400): hasService state=2 1 home null null null  Unknown Unknown CSS not supported -1 -1 RoamInd=-1 DefRoamInd=-1 EmergOnly=truevoice roaming=false Data Roaming=false mIsVoiceSearching=true mIsDataSearching=false mVoiceNetworkName=null mDataNetworkName=null Check64QAM0 Dual carrier0
V/LGRssiData( 2400): checkOperatorbaseonIMSI: No H3G
D/StatusBar.NetworkController( 2400): updateTelephonySignalStrength, No signal level. mPhoneSignalIconId = com.android.systemui:drawable/stat_sys_signal_bar5_5_fully mDataSignalIconId = com.android.systemui:drawable/stat_sys_signal_bar5_5_fully mQSPhoneSignalIconId = com.android.systemui:drawable/ic_qs_signal_no_signal mContentDescriptionPhoneSignal = Phone signal full
D/[SystemUI]NetworksUtils( 2400): hasService state=2 1 home null null null  Unknown Unknown CSS not supported -1 -1 RoamInd=-1 DefRoamInd=-1 EmergOnly=truevoice roaming=false Data Roaming=false mIsVoiceSearching=true mIsDataSearching=false mVoiceNetworkName=null mDataNetworkName=null Check64QAM0 Dual carrier0
V/LGRssiData( 2400): checkOperatorbaseonIMSI: No H3G
V/LGRssiData(  967): checkOperatorbaseonIMSI: No H3G
D/StatusBar.NetworkController( 2400): updateDataNetType, mDataTypeIconId = (null) mQSDataTypeIconId = (null) mContentDescriptionDataType = 0
D/[SystemUI]LGNetworkController( 2400): Do not display R icon.
D/[SystemUI]NetworksUtils( 2400): hasService state=2 1 home null null null  Unknown Unknown CSS not supported -1 -1 RoamInd=-1 DefRoamInd=-1 EmergOnly=truevoice roaming=false Data Roaming=false mIsVoiceSearching=true mIsDataSearching=false mVoiceNetworkName=null mDataNetworkName=null Check64QAM0 Dual carrier0
D/[SystemUI]NetworksUtils( 2400): hasService state=2 1 home null null null  Unknown Unknown CSS not supported -1 -1 RoamInd=-1 DefRoamInd=-1 EmergOnly=truevoice roaming=false Data Roaming=false mIsVoiceSearching=true mIsDataSearching=false mVoiceNetworkName=null mDataNetworkName=null Check64QAM0 Dual carrier0
D/StatusBar.NetworkController( 2400): refreshViews: Data not connected!! Set no data type icon / Roaming
D/[SystemUI]LGNetworkController( 2400): Do not display R icon.
V/LGRssiData( 2400): checkOperatorbaseonIMSI: No H3G
D/[SystemUI]StatusBar.NetworkController( 2400): refreshViews 1 connected={ } level=5 combinedSignalIconId=0x7f02088f/com.android.systemui:drawable/stat_sys_signal_bar5_5_fully combinedActivityIconId=0x0 mobileLabel=Emergency calls only wifiLabel= emergencyOnly=true
D/[SystemUI]StatusBar.NetworkController( 2400): refreshViews 2  combinedLabel=No Internet connection mAirplaneMode=false mDataActivity=0 mPhoneSignalIconId=0x7f02088f/com.android.systemui:drawable/stat_sys_signal_bar5_5_fully mQSPhoneSignalIconId=0x7f020148/com.android.systemui:drawable/ic_qs_signal_no_signal
V/LGRssiData( 2608): checkOperatorbaseonIMSI: No H3G
D/PhoneInterfaceManager( 2608): [PhoneIntfMgr] mSigLevel = 5
D/[SystemUI]StatusBar.NetworkController( 2400): refreshViews 3  mDataDirectionIconId=0x0/(null) mDataSignalIconId=0x7f02088f/com.android.systemui:drawable/stat_sys_signal_bar5_5_fully mDataTypeIconId=0x0/(null) mQSDataTypeIconId=0x0/(null)
