D/[SystemUI]StatusBar.NetworkController( 2400): refreshViews 4  mNoSimIconId=0x7f0206aa/com.android.systemui:drawable/stat_sys_no_sim mWifiIconId=0x7f02092d/com.android.systemui:drawable/stat_sys_wifi_signal_null mQSWifiIconId=0x7f020159/com.android.systemui:drawable/ic_qs_wifi_no_network mWifiActivityIconId=0x0/(null) mBluetoothTetherIconId=0x10806ad/android:drawable/stat_sys_tether_bluetooth
I/MusicBrowser( 6375): [MusicUtils.java:5914:handleMessage()] oooooo update Nowplaying msg.what = 1
V/MediaPlayer[Native]( 6375): getDuration_l
V/MediaPlayerService(  271): [7] getDuration = 207026
V/MediaPlayer[Native]( 6375): getDuration_l
V/MediaPlayerService(  271): [7] getDuration = 207026
V/MediaPlayer[Native]( 6375): getCurrentPosition
V/MediaPlayerService(  271): [7] getCurrentPosition = 23920
D/MusicBrowser( 6375): [MediaPlaybackActivity.java:7024:handleMessage()] oooooo mHandler message.what = 1
V/MediaPlayer[Native]( 6375): getDuration_l
V/MediaPlayerService(  271): [7] getDuration = 207026
V/MediaPlayer[Native]( 6375): getCurrentPosition
V/MediaPlayerService(  271): [7] getCurrentPosition = 24005
I/MusicBrowser( 6375): [MediaPlaybackActivity.java:onProgressChanged()] oooooo 
I/MusicBrowser( 6375): [MusicUtils.java:5914:handleMessage()] oooooo update Nowplaying msg.what = 1
V/MediaPlayer[Native]( 6375): getDuration_l
V/MediaPlayerService(  271): [7] getDuration = 207026
V/MediaPlayer[Native]( 6375): getDuration_l
V/MediaPlayerService(  271): [7] getDuration = 207026
V/MediaPlayer[Native]( 6375): getCurrentPosition
V/MediaPlayerService(  271): [7] getCurrentPosition = 24170
I/MusicBrowser( 6375): [MusicUtils.java:5914:handleMessage()] oooooo update Nowplaying msg.what = 1
V/MediaPlayer[Native]( 6375): getDuration_l
V/MediaPlayerService(  271): [7] getDuration = 207026
V/MediaPlayer[Native]( 6375): getDuration_l
V/MediaPlayerService(  271): [7] getDuration = 207026
V/MediaPlayer[Native]( 6375): getCurrentPosition
V/MediaPlayerService(  271): [7] getCurrentPosition = 24425
I/MusicBrowser( 6375): [MusicUtils.java:5914:handleMessage()] oooooo update Nowplaying msg.what = 1
V/MediaPlayer[Native]( 6375): getDuration_l
V/MediaPlayerService(  271): [7] getDuration = 207026
V/MediaPlayer[Native]( 6375): getDuration_l
V/MediaPlayerService(  271): [7] getDuration = 207026
V/MediaPlayer[Native]( 6375): getCurrentPosition
V/MediaPlayerService(  271): [7] getCurrentPosition = 24675
I/MusicBrowser( 6375): [MusicUtils.java:5914:handleMessage()] oooooo update Nowplaying msg.what = 1
V/MediaPlayer[Native]( 6375): getDuration_l
V/MediaPlayerService(  271): [7] getDuration = 207026
V/MediaPlayer[Native]( 6375): getDuration_l
V/MediaPlayerService(  271): [7] getDuration = 207026
V/MediaPlayer[Native]( 6375): getCurrentPosition
V/MediaPlayerService(  271): [7] getCurrentPosition = 24930
D/MusicBrowser( 6375): [MediaPlaybackActivity.java:7024:handleMessage()] oooooo mHandler message.what = 1
V/MediaPlayer[Native]( 6375): getDuration_l
V/MediaPlayerService(  271): [7] getDuration = 207026
V/MediaPlayer[Native]( 6375): getCurrentPosition
V/MediaPlayerService(  271): [7] getCurrentPosition = 25000
I/MusicBrowser( 6375): [MediaPlaybackActivity.java:onProgressChanged()] oooooo 
I/MusicBrowser( 6375): [MusicUtils.java:5914:handleMessage()] oooooo update Nowplaying msg.what = 1
V/MediaPlayer[Native]( 6375): getDuration_l
V/MediaPlayerService(  271): [7] getDuration = 207026
V/MediaPlayer[Native]( 6375): getDuration_l
V/MediaPlayerService(  271): [7] getDuration = 207026
V/MediaPlayer[Native]( 6375): getCurrentPosition
V/MediaPlayerService(  271): [7] getCurrentPosition = 25185
I/MusicBrowser( 6375): [MusicUtils.java:5914:handleMessage()] oooooo update Nowplaying msg.what = 1
V/MediaPlayer[Native]( 6375): getDuration_l
V/MediaPlayerService(  271): [7] getDuration = 207026
V/MediaPlayer[Native]( 6375): getDuration_l
V/MediaPlayerService(  271): [7] getDuration = 207026
V/MediaPlayer[Native]( 6375): getCurrentPosition
V/MediaPlayerService(  271): [7] getCurrentPosition = 25435
I/MusicBrowser( 6375): [MusicUtils.java:5914:handleMessage()] oooooo update Nowplaying msg.what = 1
V/MediaPlayer[Native]( 6375): getDuration_l
V/MediaPlayerService(  271): [7] getDuration = 207026
V/MediaPlayer[Native]( 6375): getDuration_l
V/MediaPlayerService(  271): [7] getDuration = 207026
V/MediaPlayer[Native]( 6375): getCurrentPosition
V/MediaPlayerService(  271): [7] getCurrentPosition = 25690
I/MusicBrowser( 6375): [MusicUtils.java:5914:handleMessage()] oooooo update Nowplaying msg.what = 1
V/MediaPlayer[Native]( 6375): getDuration_l
V/MediaPlayerService(  271): [7] getDuration = 207026
V/MediaPlayer[Native]( 6375): getDuration_l
V/MediaPlayerService(  271): [7] getDuration = 207026
V/MediaPlayer[Native]( 6375): getCurrentPosition
V/MediaPlayerService(  271): [7] getCurrentPosition = 25940
V/LGRssiData( 2400): checkOperatorbaseonIMSI: No H3G
I/[SystemUI]StatusBar.NetworkController( 2400): onSignalStrengthsChanged signalStrength=SignalStrength: 99 0 -120 -160 -120 -1 -1 31 -68 -4 248 2147483647 2147483647 gsm|lte 0 level=5
D/StatusBar.NetworkController( 2400): updateIconSet, voice network type is: 0/UNKNOWN, data network type is: 0/UNKNOWN
D/StatusBar.NetworkController( 2400):  chosenNetworkType=0 hspaDataDistinguishable=false hspapDistinguishable=false showAtLeastThreeGees=false
D/TelephonyIcons( 2400): updateDataType sub=0, type=0, inetCondition=0 showAtLeast3G=false show4GforLte=true hspaDistinguishable=false
D/TelephonyIcons( 2400): data type item name: array/telephony_data_type_sim1
D/TelephonyIcons( 2400): data type item id: 2131623942
V/LGRssiData(  967): checkOperatorbaseonIMSI: No H3G
D/TelephonyIcons( 2400): updateDataType mSelectedDataTypeIcon[0]=0, mSelectedDataActivityIndex=0
D/[SystemUI]NetworksUtils( 2400): hasService state=2 1 home null null null  Unknown Unknown CSS not supported -1 -1 RoamInd=-1 DefRoamInd=-1 EmergOnly=truevoice roaming=false Data Roaming=false mIsVoiceSearching=true mIsDataSearching=false mVoiceNetworkName=null mDataNetworkName=null Check64QAM0 Dual carrier0
D/StatusBar.NetworkController( 2400): updateTelephonySignalStrength: hasService=true ss=SignalStrength: 99 0 -120 -160 -120 -1 -1 31 -68 -4 248 2147483647 2147483647 gsm|lte 0
D/[SystemUI]NetworksUtils( 2400): hasService state=2 1 home null null null  Unknown Unknown CSS not supported -1 -1 RoamInd=-1 DefRoamInd=-1 EmergOnly=truevoice roaming=false Data Roaming=false mIsVoiceSearching=true mIsDataSearching=false mVoiceNetworkName=null mDataNetworkName=null Check64QAM0 Dual carrier0
V/LGRssiData( 2400): checkOperatorbaseonIMSI: No H3G
D/StatusBar.NetworkController( 2400): updateTelephonySignalStrength, No signal level. mPhoneSignalIconId = com.android.systemui:drawable/stat_sys_signal_bar5_5_fully mDataSignalIconId = com.android.systemui:drawable/stat_sys_signal_bar5_5_fully mQSPhoneSignalIconId = com.android.systemui:drawable/ic_qs_signal_no_signal mContentDescriptionPhoneSignal = Phone signal full
D/[SystemUI]NetworksUtils( 2400): hasService state=2 1 home null null null  Unknown Unknown CSS not supported -1 -1 RoamInd=-1 DefRoamInd=-1 EmergOnly=truevoice roaming=false Data Roaming=false mIsVoiceSearching=true mIsDataSearching=false mVoiceNetworkName=null mDataNetworkName=null Check64QAM0 Dual carrier0
V/LGRssiData( 2400): checkOperatorbaseonIMSI: No H3G
V/LGRssiData( 2608): checkOperatorbaseonIMSI: No H3G
D/PhoneInterfaceManager( 2608): [PhoneIntfMgr] mSigLevel = 5
D/StatusBar.NetworkController( 2400): updateDataNetType, mDataTypeIconId = (null) mQSDataTypeIconId = (null) mContentDescriptionDataType = 0
D/[SystemUI]LGNetworkController( 2400): Do not display R icon.
D/[SystemUI]NetworksUtils( 2400): hasService state=2 1 home null null null  Unknown Unknown CSS not supported -1 -1 RoamInd=-1 DefRoamInd=-1 EmergOnly=truevoice roaming=false Data Roaming=false mIsVoiceSearching=true mIsDataSearching=false mVoiceNetworkName=null mDataNetworkName=null Check64QAM0 Dual carrier0
D/[SystemUI]NetworksUtils( 2400): hasService state=2 1 home null null null  Unknown Unknown CSS not supported -1 -1 RoamInd=-1 DefRoamInd=-1 EmergOnly=truevoice roaming=false Data Roaming=false mIsVoiceSearching=true mIsDataSearching=false mVoiceNetworkName=null mDataNetworkName=null Check64QAM0 Dual carrier0
D/StatusBar.NetworkController( 2400): refreshViews: Data not connected!! Set no data type icon / Roaming
D/[SystemUI]LGNetworkController( 2400): Do not display R icon.
V/LGRssiData( 2400): checkOperatorbaseonIMSI: No H3G
D/[SystemUI]StatusBar.NetworkController( 2400): refreshViews 1 connected={ } level=5 combinedSignalIconId=0x7f02088f/com.android.systemui:drawable/stat_sys_signal_bar5_5_fully combinedActivityIconId=0x0 mobileLabel=Emergency calls only wifiLabel= emergencyOnly=true
D/[SystemUI]StatusBar.NetworkController( 2400): refreshViews 2  combinedLabel=No Internet connection mAirplaneMode=false mDataActivity=0 mPhoneSignalIconId=0x7f02088f/com.android.systemui:drawable/stat_sys_signal_bar5_5_fully mQSPhoneSignalIconId=0x7f020148/com.android.systemui:drawable/ic_qs_signal_no_signal
D/[SystemUI]StatusBar.NetworkController( 2400): refreshViews 3  mDataDirectionIconId=0x0/(null) mDataSignalIconId=0x7f02088f/com.android.systemui:drawable/stat_sys_signal_bar5_5_fully mDataTypeIconId=0x0/(null) mQSDataTypeIconId=0x0/(null)
D/[SystemUI]StatusBar.NetworkController( 2400): refreshViews 4  mNoSimIconId=0x7f0206aa/com.android.systemui:drawable/stat_sys_no_sim mWifiIconId=0x7f02092d/com.android.systemui:drawable/stat_sys_wifi_signal_null mQSWifiIconId=0x7f020159/com.android.systemui:drawable/ic_qs_wifi_no_network mWifiActivityIconId=0x0/(null) mBluetoothTetherIconId=0x10806ad/android:drawable/stat_sys_tether_bluetooth
D/MusicBrowser( 6375): [MediaPlaybackActivity.java:7024:handleMessage()] oooooo mHandler message.what = 1
V/MediaPlayer[Native]( 6375): getDuration_l
V/MediaPlayerService(  271): [7] getDuration = 207026
V/MediaPlayer[Native]( 6375): getCurrentPosition
V/MediaPlayerService(  271): [7] getCurrentPosition = 26005
I/MusicBrowser( 6375): [MediaPlaybackActivity.java:onProgressChanged()] oooooo 
I/MusicBrowser( 6375): [MusicUtils.java:5914:handleMessage()] oooooo update Nowplaying msg.what = 1
V/MediaPlayer[Native]( 6375): getDuration_l
V/MediaPlayerService(  271): [7] getDuration = 207026
V/MediaPlayer[Native]( 6375): getDuration_l
V/MediaPlayerService(  271): [7] getDuration = 207026
V/MediaPlayer[Native]( 6375): getCurrentPosition
V/MediaPlayerService(  271): [7] getCurrentPosition = 26195
I/MusicBrowser( 6375): [MusicUtils.java:5914:handleMessage()] oooooo update Nowplaying msg.what = 1
V/MediaPlayer[Native]( 6375): getDuration_l
V/MediaPlayerService(  271): [7] getDuration = 207026
V/MediaPlayer[Native]( 6375): getDuration_l
V/MediaPlayerService(  271): [7] getDuration = 207026
V/MediaPlayer[Native]( 6375): getCurrentPosition
V/MediaPlayerService(  271): [7] getCurrentPosition = 26445
I/MusicBrowser( 6375): [MusicUtils.java:5914:handleMessage()] oooooo update Nowplaying msg.what = 1
I/ThermalEngine(  299): Sensor:pa_therm0:39000 mC
V/MediaPlayer[Native]( 6375): getDuration_l
V/MediaPlayerService(  271): [7] getDuration = 207026
V/MediaPlayer[Native]( 6375): getDuration_l
V/MediaPlayerService(  271): [7] getDuration = 207026
V/MediaPlayer[Native]( 6375): getCurrentPosition
V/MediaPlayerService(  271): [7] getCurrentPosition = 26700
I/MusicBrowser( 6375): [MusicUtils.java:5914:handleMessage()] oooooo update Nowplaying msg.what = 1
V/MediaPlayer[Native]( 6375): getDuration_l
V/MediaPlayerService(  271): [7] getDuration = 207026
V/MediaPlayer[Native]( 6375): getDuration_l
V/MediaPlayerService(  271): [7] getDuration = 207026
V/MediaPlayer[Native]( 6375): getCurrentPosition
V/MediaPlayerService(  271): [7] getCurrentPosition = 26955
D/MusicBrowser( 6375): [MediaPlaybackActivity.java:7024:handleMessage()] oooooo mHandler message.what = 1
V/MediaPlayer[Native]( 6375): getDuration_l
V/MediaPlayerService(  271): [7] getDuration = 207026
V/MediaPlayer[Native]( 6375): getCurrentPosition
V/MediaPlayerService(  271): [7] getCurrentPosition = 27005
I/MusicBrowser( 6375): [MediaPlaybackActivity.java:onProgressChanged()] oooooo 
I/MusicBrowser( 6375): [MusicUtils.java:5914:handleMessage()] oooooo update Nowplaying msg.what = 1
V/MediaPlayer[Native]( 6375): getDuration_l
V/MediaPlayerService(  271): [7] getDuration = 207026
V/MediaPlayer[Native]( 6375): getDuration_l
V/MediaPlayerService(  271): [7] getDuration = 207026
V/MediaPlayer[Native]( 6375): getCurrentPosition
V/MediaPlayerService(  271): [7] getCurrentPosition = 27205
I/MusicBrowser( 6375): [MusicUtils.java:5914:handleMessage()] oooooo update Nowplaying msg.what = 1
V/MediaPlayer[Native]( 6375): getDuration_l
V/MediaPlayerService(  271): [7] getDuration = 207026
V/MediaPlayer[Native]( 6375): getDuration_l
V/MediaPlayerService(  271): [7] getDuration = 207026
V/MediaPlayer[Native]( 6375): getCurrentPosition
V/MediaPlayerService(  271): [7] getCurrentPosition = 27460
I/MusicBrowser( 6375): [MusicUtils.java:5914:handleMessage()] oooooo update Nowplaying msg.what = 1
V/MediaPlayer[Native]( 6375): getDuration_l
V/MediaPlayerService(  271): [7] getDuration = 207026
V/MediaPlayer[Native]( 6375): getDuration_l
V/MediaPlayerService(  271): [7] getDuration = 207026
V/MediaPlayer[Native]( 6375): getCurrentPosition
V/MediaPlayerService(  271): [7] getCurrentPosition = 27710
I/MusicBrowser( 6375): [MusicUtils.java:5914:handleMessage()] oooooo update Nowplaying msg.what = 1
V/MediaPlayer[Native]( 6375): getDuration_l
V/MediaPlayerService(  271): [7] getDuration = 207026
V/MediaPlayer[Native]( 6375): getDuration_l
V/MediaPlayerService(  271): [7] getDuration = 207026
V/MediaPlayer[Native]( 6375): getCurrentPosition
V/MediaPlayerService(  271): [7] getCurrentPosition = 27965
D/MusicBrowser( 6375): [MediaPlaybackActivity.java:7024:handleMessage()] oooooo mHandler message.what = 1
V/MediaPlayer[Native]( 6375): getDuration_l
V/MediaPlayerService(  271): [7] getDuration = 207026
V/MediaPlayer[Native]( 6375): getCurrentPosition
V/MediaPlayerService(  271): [7] getCurrentPosition = 28005
I/MusicBrowser( 6375): [MediaPlaybackActivity.java:onProgressChanged()] oooooo 
V/LGRssiData(  967): checkOperatorbaseonIMSI: No H3G
V/LGRssiData( 2400): checkOperatorbaseonIMSI: No H3G
I/[SystemUI]StatusBar.NetworkController( 2400): onSignalStrengthsChanged signalStrength=SignalStrength: 99 0 -120 -160 -120 -1 -1 31 -68 -4 222 2147483647 2147483647 gsm|lte 0 level=5
D/StatusBar.NetworkController( 2400): updateIconSet, voice network type is: 0/UNKNOWN, data network type is: 0/UNKNOWN
D/StatusBar.NetworkController( 2400):  chosenNetworkType=0 hspaDataDistinguishable=false hspapDistinguishable=false showAtLeastThreeGees=false
D/TelephonyIcons( 2400): updateDataType sub=0, type=0, inetCondition=0 showAtLeast3G=false show4GforLte=true hspaDistinguishable=false
D/TelephonyIcons( 2400): data type item name: array/telephony_data_type_sim1
D/TelephonyIcons( 2400): data type item id: 2131623942
D/TelephonyIcons( 2400): updateDataType mSelectedDataTypeIcon[0]=0, mSelectedDataActivityIndex=0
D/[SystemUI]NetworksUtils( 2400): hasService state=2 1 home null null null  Unknown Unknown CSS not supported -1 -1 RoamInd=-1 DefRoamInd=-1 EmergOnly=truevoice roaming=false Data Roaming=false mIsVoiceSearching=true mIsDataSearching=false mVoiceNetworkName=null mDataNetworkName=null Check64QAM0 Dual carrier0
D/StatusBar.NetworkController( 2400): updateTelephonySignalStrength: hasService=true ss=SignalStrength: 99 0 -120 -160 -120 -1 -1 31 -68 -4 222 2147483647 2147483647 gsm|lte 0
V/LGRssiData( 2608): checkOperatorbaseonIMSI: No H3G
D/[SystemUI]NetworksUtils( 2400): hasService state=2 1 home null null null  Unknown Unknown CSS not supported -1 -1 RoamInd=-1 DefRoamInd=-1 EmergOnly=truevoice roaming=false Data Roaming=false mIsVoiceSearching=true mIsDataSearching=false mVoiceNetworkName=null mDataNetworkName=null Check64QAM0 Dual carrier0
D/PhoneInterfaceManager( 2608): [PhoneIntfMgr] mSigLevel = 5
V/LGRssiData( 2400): checkOperatorbaseonIMSI: No H3G
D/StatusBar.NetworkController( 2400): updateTelephonySignalStrength, No signal level. mPhoneSignalIconId = com.android.systemui:drawable/stat_sys_signal_bar5_5_fully mDataSignalIconId = com.android.systemui:drawable/stat_sys_signal_bar5_5_fully mQSPhoneSignalIconId = com.android.systemui:drawable/ic_qs_signal_no_signal mContentDescriptionPhoneSignal = Phone signal full
D/[SystemUI]NetworksUtils( 2400): hasService state=2 1 home null null null  Unknown Unknown CSS not supported -1 -1 RoamInd=-1 DefRoamInd=-1 EmergOnly=truevoice roaming=false Data Roaming=false mIsVoiceSearching=true mIsDataSearching=false mVoiceNetworkName=null mDataNetworkName=null Check64QAM0 Dual carrier0
V/LGRssiData( 2400): checkOperatorbaseonIMSI: No H3G
D/StatusBar.NetworkController( 2400): updateDataNetType, mDataTypeIconId = (null) mQSDataTypeIconId = (null) mContentDescriptionDataType = 0
D/[SystemUI]LGNetworkController( 2400): Do not display R icon.
D/[SystemUI]NetworksUtils( 2400): hasService state=2 1 home null null null  Unknown Unknown CSS not supported -1 -1 RoamInd=-1 DefRoamInd=-1 EmergOnly=truevoice roaming=false Data Roaming=false mIsVoiceSearching=true mIsDataSearching=false mVoiceNetworkName=null mDataNetworkName=null Check64QAM0 Dual carrier0
D/[SystemUI]NetworksUtils( 2400): hasService state=2 1 home null null null  Unknown Unknown CSS not supported -1 -1 RoamInd=-1 DefRoamInd=-1 EmergOnly=truevoice roaming=false Data Roaming=false mIsVoiceSearching=true mIsDataSearching=false mVoiceNetworkName=null mDataNetworkName=null Check64QAM0 Dual carrier0
D/StatusBar.NetworkController( 2400): refreshViews: Data not connected!! Set no data type icon / Roaming
D/[SystemUI]LGNetworkController( 2400): Do not display R icon.
V/LGRssiData( 2400): checkOperatorbaseonIMSI: No H3G
D/[SystemUI]StatusBar.NetworkController( 2400): refreshViews 1 connected={ } level=5 combinedSignalIconId=0x7f02088f/com.android.systemui:drawable/stat_sys_signal_bar5_5_fully combinedActivityIconId=0x0 mobileLabel=Emergency calls only wifiLabel= emergencyOnly=true
D/[SystemUI]StatusBar.NetworkController( 2400): refreshViews 2  combinedLabel=No Internet connection mAirplaneMode=false mDataActivity=0 mPhoneSignalIconId=0x7f02088f/com.android.systemui:drawable/stat_sys_signal_bar5_5_fully mQSPhoneSignalIconId=0x7f020148/com.android.systemui:drawable/ic_qs_signal_no_signal
D/[SystemUI]StatusBar.NetworkController( 2400): refreshViews 3  mDataDirectionIconId=0x0/(null) mDataSignalIconId=0x7f02088f/com.android.systemui:drawable/stat_sys_signal_bar5_5_fully mDataTypeIconId=0x0/(null) mQSDataTypeIconId=0x0/(null)
D/[SystemUI]StatusBar.NetworkController( 2400): refreshViews 4  mNoSimIconId=0x7f0206aa/com.android.systemui:drawable/stat_sys_no_sim mWifiIconId=0x7f02092d/com.android.systemui:drawable/stat_sys_wifi_signal_null mQSWifiIconId=0x7f020159/com.android.systemui:drawable/ic_qs_wifi_no_network mWifiActivityIconId=0x0/(null) mBluetoothTetherIconId=0x10806ad/android:drawable/stat_sys_tether_bluetooth
I/MusicBrowser( 6375): [MusicUtils.java:5914:handleMessage()] oooooo update Nowplaying msg.what = 1
V/MediaPlayer[Native]( 6375): getDuration_l
V/MediaPlayerService(  271): [7] getDuration = 207026
V/MediaPlayer[Native]( 6375): getDuration_l
V/MediaPlayerService(  271): [7] getDuration = 207026
V/MediaPlayer[Native]( 6375): getCurrentPosition
V/MediaPlayerService(  271): [7] getCurrentPosition = 28215
I/MusicBrowser( 6375): [MusicUtils.java:5914:handleMessage()] oooooo update Nowplaying msg.what = 1
V/MediaPlayer[Native]( 6375): getDuration_l
V/MediaPlayerService(  271): [7] getDuration = 207026
V/MediaPlayer[Native]( 6375): getDuration_l
V/MediaPlayerService(  271): [7] getDuration = 207026
V/MediaPlayer[Native]( 6375): getCurrentPosition
V/MediaPlayerService(  271): [7] getCurrentPosition = 28470
I/MusicBrowser( 6375): [MusicUtils.java:5914:handleMessage()] oooooo update Nowplaying msg.what = 1
V/MediaPlayer[Native]( 6375): getDuration_l
V/MediaPlayerService(  271): [7] getDuration = 207026
V/MediaPlayer[Native]( 6375): getDuration_l
V/MediaPlayerService(  271): [7] getDuration = 207026
V/MediaPlayer[Native]( 6375): getCurrentPosition
V/MediaPlayerService(  271): [7] getCurrentPosition = 28720
I/MusicBrowser( 6375): [MusicUtils.java:5914:handleMessage()] oooooo update Nowplaying msg.what = 1
V/MediaPlayer[Native]( 6375): getDuration_l
V/MediaPlayerService(  271): [7] getDuration = 207026
V/MediaPlayer[Native]( 6375): getDuration_l
V/MediaPlayerService(  271): [7] getDuration = 207026
V/MediaPlayer[Native]( 6375): getCurrentPosition
V/MediaPlayerService(  271): [7] getCurrentPosition = 28975
D/MusicBrowser( 6375): [MediaPlaybackActivity.java:7024:handleMessage()] oooooo mHandler message.what = 1
V/MediaPlayer[Native]( 6375): getDuration_l
V/MediaPlayerService(  271): [7] getDuration = 207026
V/MediaPlayer[Native]( 6375): getCurrentPosition
V/MediaPlayerService(  271): [7] getCurrentPosition = 29005
I/MusicBrowser( 6375): [MediaPlaybackActivity.java:onProgressChanged()] oooooo 
I/MusicBrowser( 6375): [MusicUtils.java:5914:handleMessage()] oooooo update Nowplaying msg.what = 1
V/MediaPlayer[Native]( 6375): getDuration_l
V/MediaPlayerService(  271): [7] getDuration = 207026
V/MediaPlayer[Native]( 6375): getDuration_l
V/MediaPlayerService(  271): [7] getDuration = 207026
V/MediaPlayer[Native]( 6375): getCurrentPosition
V/MediaPlayerService(  271): [7] getCurrentPosition = 29230
I/MusicBrowser( 6375): [MusicUtils.java:5914:handleMessage()] oooooo update Nowplaying msg.what = 1
V/MediaPlayer[Native]( 6375): getDuration_l
V/MediaPlayerService(  271): [7] getDuration = 207026
V/MediaPlayer[Native]( 6375): getDuration_l
V/MediaPlayerService(  271): [7] getDuration = 207026
V/MediaPlayer[Native]( 6375): getCurrentPosition
V/MediaPlayerService(  271): [7] getCurrentPosition = 29480
I/MusicBrowser( 6375): [MusicUtils.java:5914:handleMessage()] oooooo update Nowplaying msg.what = 1
V/MediaPlayer[Native]( 6375): getDuration_l
V/MediaPlayerService(  271): [7] getDuration = 207026
V/MediaPlayer[Native]( 6375): getDuration_l
V/MediaPlayerService(  271): [7] getDuration = 207026
V/MediaPlayer[Native]( 6375): getCurrentPosition
V/MediaPlayerService(  271): [7] getCurrentPosition = 29735
I/MusicBrowser( 6375): [MusicUtils.java:5914:handleMessage()] oooooo update Nowplaying msg.what = 1
V/MediaPlayer[Native]( 6375): getDuration_l
V/MediaPlayerService(  271): [7] getDuration = 207026
V/MediaPlayer[Native]( 6375): getDuration_l
V/MediaPlayerService(  271): [7] getDuration = 207026
V/MediaPlayer[Native]( 6375): getCurrentPosition
V/MediaPlayerService(  271): [7] getCurrentPosition = 29985
D/MusicBrowser( 6375): [MediaPlaybackActivity.java:7024:handleMessage()] oooooo mHandler message.what = 1
V/MediaPlayer[Native]( 6375): getDuration_l
V/MediaPlayerService(  271): [7] getDuration = 207026
V/MediaPlayer[Native]( 6375): getCurrentPosition
V/MediaPlayerService(  271): [7] getCurrentPosition = 30005
I/MusicBrowser( 6375): [MediaPlaybackActivity.java:onProgressChanged()] oooooo 
I/MusicBrowser( 6375): [MusicUtils.java:5914:handleMessage()] oooooo update Nowplaying msg.what = 1
V/MediaPlayer[Native]( 6375): getDuration_l
V/MediaPlayerService(  271): [7] getDuration = 207026
V/MediaPlayer[Native]( 6375): getDuration_l
V/MediaPlayerService(  271): [7] getDuration = 207026
V/MediaPlayer[Native]( 6375): getCurrentPosition
V/MediaPlayerService(  271): [7] getCurrentPosition = 30240
I/MusicBrowser( 6375): [MusicUtils.java:5914:handleMessage()] oooooo update Nowplaying msg.what = 1
V/MediaPlayer[Native]( 6375): getDuration_l
V/MediaPlayerService(  271): [7] getDuration = 207026
V/MediaPlayer[Native]( 6375): getDuration_l
V/MediaPlayerService(  271): [7] getDuration = 207026
V/MediaPlayer[Native]( 6375): getCurrentPosition
V/MediaPlayerService(  271): [7] getCurrentPosition = 30495
D/audio_hw_primary(  271): copl(0xb4391f00):out of compress_wait
V/AudioFlinger(  271): asyncCallback() event 0
V/audio_hw_primary(  271): offload_thread_loop SLEEPING
V/AudioFlinger(  271): AsyncCallbackThread mWriteAckSequence 39 mDrainSequence 0
V/AudioFlinger(  271): async completion/wake
V/AudioFlinger(  271): OffloadThread::prepareTracks_l active tracks 1
D/audio_hw_primary(  271): copl(0xb4391f00): writing buffer (245760 bytes) to compress device
V/AudioFlinger(  271): OffloadThread::prepareTracks_l active tracks 1
D/audio_hw_primary(  271): copl(0xb4391f00): writing buffer (245760 bytes) to compress device
D/audio_hw_primary(  271): No space available in compress driver, post msg to cb thread
V/audio_hw_primary(  271): offload_thread_loop RUNNING
D/audio_hw_primary(  271): copl(0xb4391f00):calling compress_wait
V/AudioFlinger(  271): wait async completion
I/MusicBrowser( 6375): [MusicUtils.java:5914:handleMessage()] oooooo update Nowplaying msg.what = 1
V/MediaPlayer[Native]( 6375): getDuration_l
V/MediaPlayerService(  271): [7] getDuration = 207026
V/MediaPlayer[Native]( 6375): getDuration_l
V/MediaPlayerService(  271): [7] getDuration = 207026
V/MediaPlayer[Native]( 6375): getCurrentPosition
V/MediaPlayerService(  271): [7] getCurrentPosition = 30745
I/MusicBrowser( 6375): [MusicUtils.java:5914:handleMessage()] oooooo update Nowplaying msg.what = 1
V/MediaPlayer[Native]( 6375): getDuration_l
V/MediaPlayerService(  271): [7] getDuration = 207026
V/MediaPlayer[Native]( 6375): getDuration_l
V/MediaPlayerService(  271): [7] getDuration = 207026
V/MediaPlayer[Native]( 6375): getCurrentPosition
V/MediaPlayerService(  271): [7] getCurrentPosition = 31000
D/MusicBrowser( 6375): [MediaPlaybackActivity.java:7024:handleMessage()] oooooo mHandler message.what = 1
V/MediaPlayer[Native]( 6375): getDuration_l
V/MediaPlayerService(  271): [7] getDuration = 207026
V/MediaPlayer[Native]( 6375): getCurrentPosition
V/MediaPlayerService(  271): [7] getCurrentPosition = 31005
I/MusicBrowser( 6375): [MediaPlaybackActivity.java:onProgressChanged()] oooooo 
I/MusicBrowser( 6375): [MusicUtils.java:5914:handleMessage()] oooooo update Nowplaying msg.what = 1
V/MediaPlayer[Native]( 6375): getDuration_l
V/MediaPlayerService(  271): [7] getDuration = 207026
V/MediaPlayer[Native]( 6375): getDuration_l
V/MediaPlayerService(  271): [7] getDuration = 207026
V/MediaPlayer[Native]( 6375): getCurrentPosition
V/MediaPlayerService(  271): [7] getCurrentPosition = 31250
I/MusicBrowser( 6375): [MusicUtils.java:5914:handleMessage()] oooooo update Nowplaying msg.what = 1
V/MediaPlayer[Native]( 6375): getDuration_l
V/MediaPlayerService(  271): [7] getDuration = 207026
V/MediaPlayer[Native]( 6375): getDuration_l
V/MediaPlayerService(  271): [7] getDuration = 207026
V/MediaPlayer[Native]( 6375): getCurrentPosition
V/MediaPlayerService(  271): [7] getCurrentPosition = 31505
I/ThermalEngine(  299): Sensor:pa_therm0:39000 mC
I/MusicBrowser( 6375): [MusicUtils.java:5914:handleMessage()] oooooo update Nowplaying msg.what = 1
V/MediaPlayer[Native]( 6375): getDuration_l
V/MediaPlayerService(  271): [7] getDuration = 207026
V/MediaPlayer[Native]( 6375): getDuration_l
V/MediaPlayerService(  271): [7] getDuration = 207026
V/MediaPlayer[Native]( 6375): getCurrentPosition
V/MediaPlayerService(  271): [7] getCurrentPosition = 31760
D/MusicBrowser( 6375): [MediaPlaybackActivity.java:7024:handleMessage()] oooooo mHandler message.what = 1
V/MediaPlayer[Native]( 6375): getDuration_l
V/MediaPlayerService(  271): [7] getDuration = 207026
V/MediaPlayer[Native]( 6375): getCurrentPosition
V/MediaPlayerService(  271): [7] getCurrentPosition = 32005
I/MusicBrowser( 6375): [MediaPlaybackActivity.java:onProgressChanged()] oooooo 
I/MusicBrowser( 6375): [MusicUtils.java:5914:handleMessage()] oooooo update Nowplaying msg.what = 1
V/MediaPlayer[Native]( 6375): getDuration_l
V/MediaPlayerService(  271): [7] getDuration = 207026
V/MediaPlayer[Native]( 6375): getDuration_l
V/MediaPlayerService(  271): [7] getDuration = 207026
V/MediaPlayer[Native]( 6375): getCurrentPosition
V/MediaPlayerService(  271): [7] getCurrentPosition = 32020
I/MusicBrowser( 6375): [MusicUtils.java:5914:handleMessage()] oooooo update Nowplaying msg.what = 1
V/MediaPlayer[Native]( 6375): getDuration_l
V/MediaPlayerService(  271): [7] getDuration = 207026
V/MediaPlayer[Native]( 6375): getDuration_l
V/MediaPlayerService(  271): [7] getDuration = 207026
V/MediaPlayer[Native]( 6375): getCurrentPosition
V/MediaPlayerService(  271): [7] getCurrentPosition = 32275
I/TimeTickManager( 2400): called setTimeTickHandler()
I/KeyguardUpdateMonitor( 2400): called onTimeUpdated()
I/[SystemUI]KeyguardIndicationController( 2400): called onTimeUpdated()
I/[SystemUI]Clock( 2400): called onTimeUpdated()
I/LgeClockWidgetControlView( 2400): called onTimeUpdated()
I/[SystemUI]DateView( 2400): called onTimeUpdated()
I/[SystemUI]DateView( 2400): called onTimeUpdated()
D/KeyguardUpdateMonitor( 2400): handleTimeUpdate
I/MusicBrowser( 6375): [MusicUtils.java:5914:handleMessage()] oooooo update Nowplaying msg.what = 1
V/MediaPlayer[Native]( 6375): getDuration_l
V/MediaPlayerService(  271): [7] getDuration = 207026
V/MediaPlayer[Native]( 6375): getDuration_l
V/MediaPlayerService(  271): [7] getDuration = 207026
V/MediaPlayer[Native]( 6375): getCurrentPosition
V/MediaPlayerService(  271): [7] getCurrentPosition = 32525
V/LGRssiData( 2400): checkOperatorbaseonIMSI: No H3G
I/[SystemUI]StatusBar.NetworkController( 2400): onSignalStrengthsChanged signalStrength=SignalStrength: 99 0 -120 -160 -120 -1 -1 31 -68 -4 242 2147483647 2147483647 gsm|lte 0 level=5
D/StatusBar.NetworkController( 2400): updateIconSet, voice network type is: 0/UNKNOWN, data network type is: 0/UNKNOWN
D/StatusBar.NetworkController( 2400):  chosenNetworkType=0 hspaDataDistinguishable=false hspapDistinguishable=false showAtLeastThreeGees=false
D/TelephonyIcons( 2400): updateDataType sub=0, type=0, inetCondition=0 showAtLeast3G=false show4GforLte=true hspaDistinguishable=false
D/TelephonyIcons( 2400): data type item name: array/telephony_data_type_sim1
D/TelephonyIcons( 2400): data type item id: 2131623942
D/TelephonyIcons( 2400): updateDataType mSelectedDataTypeIcon[0]=0, mSelectedDataActivityIndex=0
D/[SystemUI]NetworksUtils( 2400): hasService state=2 1 home null null null  Unknown Unknown CSS not supported -1 -1 RoamInd=-1 DefRoamInd=-1 EmergOnly=truevoice roaming=false Data Roaming=false mIsVoiceSearching=true mIsDataSearching=false mVoiceNetworkName=null mDataNetworkName=null Check64QAM0 Dual carrier0
D/StatusBar.NetworkController( 2400): updateTelephonySignalStrength: hasService=true ss=SignalStrength: 99 0 -120 -160 -120 -1 -1 31 -68 -4 242 2147483647 2147483647 gsm|lte 0
D/[SystemUI]NetworksUtils( 2400): hasService state=2 1 home null null null  Unknown Unknown CSS not supported -1 -1 RoamInd=-1 DefRoamInd=-1 EmergOnly=truevoice roaming=false Data Roaming=false mIsVoiceSearching=true mIsDataSearching=false mVoiceNetworkName=null mDataNetworkName=null Check64QAM0 Dual carrier0
V/LGRssiData( 2400): checkOperatorbaseonIMSI: No H3G
D/StatusBar.NetworkController( 2400): updateTelephonySignalStrength, No signal level. mPhoneSignalIconId = com.android.systemui:drawable/stat_sys_signal_bar5_5_fully mDataSignalIconId = com.android.systemui:drawable/stat_sys_signal_bar5_5_fully mQSPhoneSignalIconId = com.android.systemui:drawable/ic_qs_signal_no_signal mContentDescriptionPhoneSignal = Phone signal full
V/LGRssiData(  967): checkOperatorbaseonIMSI: No H3G
D/[SystemUI]NetworksUtils( 2400): hasService state=2 1 home null null null  Unknown Unknown CSS not supported -1 -1 RoamInd=-1 DefRoamInd=-1 EmergOnly=truevoice roaming=false Data Roaming=false mIsVoiceSearching=true mIsDataSearching=false mVoiceNetworkName=null mDataNetworkName=null Check64QAM0 Dual carrier0
V/LGRssiData( 2400): checkOperatorbaseonIMSI: No H3G
V/LGRssiData( 2608): checkOperatorbaseonIMSI: No H3G
D/PhoneInterfaceManager( 2608): [PhoneIntfMgr] mSigLevel = 5
D/StatusBar.NetworkController( 2400): updateDataNetType, mDataTypeIconId = (null) mQSDataTypeIconId = (null) mContentDescriptionDataType = 0
D/[SystemUI]LGNetworkController( 2400): Do not display R icon.
D/[SystemUI]NetworksUtils( 2400): hasService state=2 1 home null null null  Unknown Unknown CSS not supported -1 -1 RoamInd=-1 DefRoamInd=-1 EmergOnly=truevoice roaming=false Data Roaming=false mIsVoiceSearching=true mIsDataSearching=false mVoiceNetworkName=null mDataNetworkName=null Check64QAM0 Dual carrier0
D/[SystemUI]NetworksUtils( 2400): hasService state=2 1 home null null null  Unknown Unknown CSS not supported -1 -1 RoamInd=-1 DefRoamInd=-1 EmergOnly=truevoice roaming=false Data Roaming=false mIsVoiceSearching=true mIsDataSearching=false mVoiceNetworkName=null mDataNetworkName=null Check64QAM0 Dual carrier0
D/StatusBar.NetworkController( 2400): refreshViews: Data not connected!! Set no data type icon / Roaming
D/[SystemUI]LGNetworkController( 2400): Do not display R icon.
V/LGRssiData( 2400): checkOperatorbaseonIMSI: No H3G
D/[SystemUI]StatusBar.NetworkController( 2400): refreshViews 1 connected={ } level=5 combinedSignalIconId=0x7f02088f/com.android.systemui:drawable/stat_sys_signal_bar5_5_fully combinedActivityIconId=0x0 mobileLabel=Emergency calls only wifiLabel= emergencyOnly=true
D/[SystemUI]StatusBar.NetworkController( 2400): refreshViews 2  combinedLabel=No Internet connection mAirplaneMode=false mDataActivity=0 mPhoneSignalIconId=0x7f02088f/com.android.systemui:drawable/stat_sys_signal_bar5_5_fully mQSPhoneSignalIconId=0x7f020148/com.android.systemui:drawable/ic_qs_signal_no_signal
D/[SystemUI]StatusBar.NetworkController( 2400): refreshViews 3  mDataDirectionIconId=0x0/(null) mDataSignalIconId=0x7f02088f/com.android.systemui:drawable/stat_sys_signal_bar5_5_fully mDataTypeIconId=0x0/(null) mQSDataTypeIconId=0x0/(null)
D/[SystemUI]StatusBar.NetworkController( 2400): refreshViews 4  mNoSimIconId=0x7f0206aa/com.android.systemui:drawable/stat_sys_no_sim mWifiIconId=0x7f02092d/com.android.systemui:drawable/stat_sys_wifi_signal_null mQSWifiIconId=0x7f020159/com.android.systemui:drawable/ic_qs_wifi_no_network mWifiActivityIconId=0x0/(null) mBluetoothTetherIconId=0x10806ad/android:drawable/stat_sys_tether_bluetooth
I/MusicBrowser( 6375): [MusicUtils.java:5914:handleMessage()] oooooo update Nowplaying msg.what = 1
V/MediaPlayer[Native]( 6375): getDuration_l
V/MediaPlayerService(  271): [7] getDuration = 207026
V/MediaPlayer[Native]( 6375): getDuration_l
V/MediaPlayerService(  271): [7] getDuration = 207026
V/MediaPlayer[Native]( 6375): getCurrentPosition
V/MediaPlayerService(  271): [7] getCurrentPosition = 32780
D/MusicBrowser( 6375): [MediaPlaybackActivity.java:7024:handleMessage()] oooooo mHandler message.what = 1
V/MediaPlayer[Native]( 6375): getDuration_l
V/MediaPlayerService(  271): [7] getDuration = 207026
V/MediaPlayer[Native]( 6375): getCurrentPosition
V/MediaPlayerService(  271): [7] getCurrentPosition = 33005
I/MusicBrowser( 6375): [MediaPlaybackActivity.java:onProgressChanged()] oooooo 
I/MusicBrowser( 6375): [MusicUtils.java:5914:handleMessage()] oooooo update Nowplaying msg.what = 1
V/MediaPlayer[Native]( 6375): getDuration_l
V/MediaPlayerService(  271): [7] getDuration = 207026
V/MediaPlayer[Native]( 6375): getDuration_l
V/MediaPlayerService(  271): [7] getDuration = 207026
V/MediaPlayer[Native]( 6375): getCurrentPosition
V/MediaPlayerService(  271): [7] getCurrentPosition = 33035
I/MusicBrowser( 6375): [MusicUtils.java:5914:handleMessage()] oooooo update Nowplaying msg.what = 1
V/MediaPlayer[Native]( 6375): getDuration_l
V/MediaPlayerService(  271): [7] getDuration = 207026
V/MediaPlayer[Native]( 6375): getDuration_l
V/MediaPlayerService(  271): [7] getDuration = 207026
V/MediaPlayer[Native]( 6375): getCurrentPosition
V/MediaPlayerService(  271): [7] getCurrentPosition = 33290
D/InputDispatcher(  967): notifyMotion - action=ACTION_DOWN, x=255.468, y=845.011, eventTime=1368153697000, downTime=1368153697000
D/InputTransport(  967): channel '3d123457 NavigationBar (server)' : action=ACTION_DOWN, x=255.468, y=845.011, downTime=1368153697000, eventTime=1368153697000, pointerCount=1
D/InputTransport(  967): channel 'WindowManager (server)' : action=ACTION_DOWN, x=255.468, y=845.011, downTime=1368153697000, eventTime=1368153697000, pointerCount=1
I/ViewRootImpl( 2400): ViewRoot's MotionEvent { action=ACTION_DOWN, id[0]=0, x[0]=255.46777, y[0]=63.01056, toolType[0]=TOOL_TYPE_FINGER, buttonState=0, metaState=0, flags=0x0, edgeFlags=0x0, pointerCount=1, historySize=0, eventTime=1368153, downTime=1368153, deviceId=6, source=0x1002 } to com.android.systemui.statusbar.phone.LGNavigationBarView{32427c21 V.E..... ........ 0,0-480,72}
I/[SystemUI]LGKeyButtonView( 2400): Navigation Key(3) sendEvent, action : 0, flags : 0, when : 1368155
D/PhoneWindowManagerEx(  967): interceptKeyTq keycode=3 down=true interactive=true policyFlags=2b000002 injected=true keyguardActive=false
D/WindowManager(  967): interceptKeyTq keycode=3 interactive=true keyguardActive=false policyFlags=2b000002
I/VolumeVibratorManager(  967): getVibrateVolume vibrateType 2
I/VolumeVibratorManager(  967): vibratePattern() packageName android volumeIndex 5
I/LGKeyException(  967): KeyException privateFlags: 0x8, Current Input bit: 0x80200000
D/VolumeVibrator( 2627): clear
D/VolumeVibrator( 2627): handleVibratePattern() uid 1000 opPkg android usageHint 0
I/LGNativeVibrator(  967): vibrator_off
D/PhoneWindowManagerEx(  967): interceptKeyTi keyCode=3 down=true repeatCount=0 keyguardOn=false mHomePressed=false canceled=false
I/LGKeyException(  967): KeyException privateFlags: 0x8, Current Input bit: 0x80000000
I/LGKeyException(  967): KeyException privateFlags: 0x8, Current Input bit: 0x200000
D/LTEVTAdaptor( 2608): service is connecting. service may be null
D/PhoneApp( 2608): getIsInUseVoLTE : false
D/PhoneApp( 2608): getIsInUseVoLTE : false
D/LTEVTAdaptor( 2608): service is connecting. service may be null
D/WindowManager(  967): interceptKeyTi keyCode=3 down=true repeatCount=0 keyguardOn=false mHomePressed=false canceled=false
D/VolumeVibrator( 2627): milliseconds : 30
D/VolumeVibrator( 2627): getCurrent::mPatternworking : true
D/VolumeVibrator( 2627): getCurrent::mVolumes.size : 0
D/VolumeVibrator( 2627): getCurrent::mJustVibrate false
D/VolumeVibrator( 2627): mPatternIndex : 1 mCurVibration.mPattern[mPatternIndex] : 30
D/VolumeVibrator( 2627): volume vibration pattern's value: 100
D/VolumeVibrator( 2627): clear
I/LGNativeVibrator(  967): vibrator_on ... timeout_ms = 30
I/MusicBrowser( 6375): [MusicUtils.java:5914:handleMessage()] oooooo update Nowplaying msg.what = 1
V/MediaPlayer[Native]( 6375): getDuration_l
V/MediaPlayerService(  271): [7] getDuration = 207026
V/MediaPlayer[Native]( 6375): getDuration_l
V/MediaPlayerService(  271): [7] getDuration = 207026
V/MediaPlayer[Native]( 6375): getCurrentPosition
V/MediaPlayerService(  271): [7] getCurrentPosition = 33540
D/InputDispatcher(  967): notifyMotion - action=ACTION_UP, x=258.462, y=848.007, eventTime=1368202322000, downTime=1368153697000
D/InputTransport(  967): channel '3d123457 NavigationBar (server)' : action=ACTION_UP, x=258.462, y=848.007, downTime=1368153697000, eventTime=1368202322000, pointerCount=1
D/InputTransport(  967): channel 'WindowManager (server)' : action=ACTION_UP, x=258.462, y=848.007, downTime=1368153697000, eventTime=1368202322000, pointerCount=1
I/ViewRootImpl( 2400): ViewRoot's MotionEvent { action=ACTION_UP, id[0]=0, x[0]=258.46155, y[0]=66.00702, toolType[0]=TOOL_TYPE_FINGER, buttonState=0, metaState=0, flags=0x0, edgeFlags=0x0, pointerCount=1, historySize=0, eventTime=1368202, downTime=1368153, deviceId=6, source=0x1002 } to com.android.systemui.statusbar.phone.LGNavigationBarView{32427c21 V.E..... ........ 0,0-480,72}
D/LGPowerManagerHelper( 2627): boost (15)
W/Pmext   ( 2627): Not supported Boost ID : 15
I/[SystemUI]LGKeyButtonView( 2400): Navigation Key(3) sendEvent, action : 1, flags : 0, when : 1368211
D/PhoneWindowManagerEx(  967): interceptKeyTq keycode=3 down=false interactive=true policyFlags=2b000002 injected=true keyguardActive=false
D/WindowManager(  967): interceptKeyTq keycode=3 interactive=true keyguardActive=false policyFlags=2b000002
I/LGKeyException(  967): KeyException privateFlags: 0x8, Current Input bit: 0x80200000
D/PhoneWindowManagerEx(  967): interceptKeyTi keyCode=3 down=false repeatCount=0 keyguardOn=false mHomePressed=true canceled=false
I/LGKeyException(  967): KeyException privateFlags: 0x8, Current Input bit: 0x80000000
I/LGKeyException(  967): KeyException privateFlags: 0x8, Current Input bit: 0x200000
D/LTEVTAdaptor( 2608): service is connecting. service may be null
D/PhoneApp( 2608): getIsInUseVoLTE : false
D/PhoneApp( 2608): getIsInUseVoLTE : false
D/LTEVTAdaptor( 2608): service is connecting. service may be null
D/WindowManager(  967): interceptKeyTi keyCode=3 down=false repeatCount=0 keyguardOn=false mHomePressed=true canceled=false
D/PhoneApp( 2608): getIsInUseVoLTE : false
D/LTEVTAdaptor( 2608): service is connecting. service may be null
I/ActivityManager(  967): START u0 {act=android.intent.action.MAIN cat=[android.intent.category.HOME] flg=0x10200000 cmp=com.lge.launcher2/.Launcher} from uid 1000 on display 0
D/FingerprintProtector(  967): This is not product version.
D/ActivityManager(  967): pauseBackStacks: stack=ActivityStack{12c3aa48 stackId=1, 2 tasks} mResumedActivity=ActivityRecord{33ed7032 u0 com.lge.music/.MediaPlaybackActivity t8}
V/ActivityManager(  967): Moving to PAUSING: ActivityRecord{33ed7032 u0 com.lge.music/.MediaPlaybackActivity t8}
I/MusicBrowser( 6375): [MediaPlaybackActivity.java:3220:onPause()] oooooo 
I/MusicBrowser( 6375): [MediaPlaybackActivity.java:8359:unregisterReceiverSafe()] oooooo 
V/ActivityManager(  967): resumeTopActivityLocked: Skip resume: need to start pausing
D/FingerprintProtector(  967): This is not product version.
D/ActivityManager(  967): allPausedActivitiesComplete: r=ActivityRecord{33ed7032 u0 com.lge.music/.MediaPlaybackActivity t8} state=PAUSING
V/ActivityManager(  967): resumeTopActivityLocked: Skip resume: some activity pausing.
V/MusicBrowser( 6375): [MediaPlaybackActivity.java:3238:onPause()] oooooo com.lge.music.MediaPlaybackActivity@28255a52:Broadecast receiver Unregistered
I/MusicBrowser( 6375): [MusicUtils.java:635:getSmartShareVersion()] oooooo SmartshareVersion:950
D/MusicBrowser( 6375): [MediaPlaybackActivity.java:3265:onPause()] oooooo smartshareGuideDlg = null
I/MusicBrowser( 6375): [MediaPlaybackActivity.java:8359:unregisterReceiverSafe()] oooooo 
I/MusicBrowser( 6375): [MediaPlaybackActivity.java:8359:unregisterReceiverSafe()] oooooo 
I/MusicBrowser( 6375): [MediaPlaybackActivity.java:8359:unregisterReceiverSafe()] oooooo 
I/MusicBrowser( 6375): [MediaPlaybackActivity.java:8359:unregisterReceiverSafe()] oooooo 
W/MusicUtils( 6375): Add receiver not registered issue.
W/MusicUtils( 6375): Receiver not registered: com.lge.music.MediaPlaybackActivity$7@2fc290f
V/ActivityManager(  967): Moving to PAUSED: ActivityRecord{33ed7032 u0 com.lge.music/.MediaPlaybackActivity t8} (pause complete)
D/FingerprintProtector(  967): This is not product version.
W/WindowManager(  967): [PWM][updateSystemUiVisibilityLw] diffLG=0
W/WindowManager(  967): [PWM][updateSystemUiVisibilityLw] visibilityLG=0x0
W/WindowManager(  967): [PWM][updateSystemUiVisibilityLw] mLastSystemUiFlagsLG=0x0
V/WindowManager(  967): PWM updateSystemUiVisibilityLw diffLG == 0 
V/ActivityManager(  967): Moving to RESUMED: ActivityRecord{6edcf6d u0 com.lge.launcher2/.Launcher t5} (in existing)
W/WindowManager(  967): [PWM][updateSystemUiVisibilityLw] diffLG=0
W/WindowManager(  967): [PWM][updateSystemUiVisibilityLw] visibilityLG=0x0
W/WindowManager(  967): [PWM][updateSystemUiVisibilityLw] mLastSystemUiFlagsLG=0x0
V/WindowManager(  967): PWM updateSystemUiVisibilityLw diffLG == 0 
D/ActivityManager(  967): resumeTopActivityLocked: Resumed ActivityRecord{6edcf6d u0 com.lge.launcher2/.Launcher t5}
I/[LGHome]EVENT( 6849): [Launcher.java:2024:onNewIntent()]Default Home screen would be seen
W/WindowManager(  967): [PWM][updateSystemUiVisibilityLw] diffLG=0
W/WindowManager(  967): [PWM][updateSystemUiVisibilityLw] visibilityLG=0x0
W/WindowManager(  967): [PWM][updateSystemUiVisibilityLw] mLastSystemUiFlagsLG=0x0
V/WindowManager(  967): PWM updateSystemUiVisibilityLw diffLG == 0 
D/Pmext   ( 2627): activity start: com.lge.launcher2/com.lge.launcher2.Launcher
D/ActivityManager(  967): allResumedActivitiesIdle: stack=0 ActivityRecord{6edcf6d u0 com.lge.launcher2/.Launcher t5} not idle
D/ConnectivityService(  967): onUidRulesChanged(uid=10020, uidRules=0)
D/BubblePopupHelper( 6849): isShowingBubblePopup : false
D/[LGHome]Launcher( 6849): [Launcher.java:5901:setTransparentSystemBar()]setTransparentSystemBar(StateWORKSPACE)
I/PhoneWindow( 6849): [setNavigationBarColor] color=0x 0
I/[LGHome]EVENT( 6849): [Launcher.java:5006:setState()]APPS_CUSTOMIZE -> WORKSPACE
I/[LGHome]EVENT( 6849): [Launcher.java:5364:onStart()]onStart
I/[LGHome]EVENT( 6849): [Launcher.java:900:onResume()]onResume
D/[LGHome]HOTSEAT( 6849): [LGHotseat.java:2582:checkInvisibleItem()]checkInvisibleItem() : The visible view is Shortcut [Phone]
D/[LGHome]HOTSEAT( 6849): [LGHotseat.java:2582:checkInvisibleItem()]checkInvisibleItem() : The visible view is Shortcut [Contacts]
D/[LGHome]HOTSEAT( 6849): [LGHotseat.java:2582:checkInvisibleItem()]checkInvisibleItem() : The visible view is Shortcut [Messaging]
D/[LGHome]HOTSEAT( 6849): [LGHotseat.java:2582:checkInvisibleItem()]checkInvisibleItem() : The visible view is Shortcut
D/[LGHome]LGAppsCustomizeTabHost( 6849): [LGMenuTabHost.java:1367:onResume()]onResume, isMenuStateWORKSPACE
D/[LGHome]LGMenuPagedAppsView( 6849): [LGMenuPagedAppsView.java:3829:appUpdateStart()]appUpdateStart no need
I/[LGHome]LGActivityUtil( 6849): [LGActivityUtil.java:317:notifyToWeatherWidget()]broadcast to weather widget, intent: Intent { act=com.lge.launcher2.RESUME }
I/[LGHome]EVENT( 6849): [Launcher.java:1053:onResume()]onResume end
D/[LGHome]LGCustomWallpaperController( 6849): [LGCustomWallpaperController.java:132:changeWallpaperMode()]LGCustomWallpaperController.changeWallpaperMode() : newState is : IMAGE_WALLPAPER_MODE
D/[LGHome]Launcher.LGFolderWidget( 6849): [LGFolderWidgetManager.java:96:invalidateAllFolderWidget()]invalidateAllFolderWidget() is called
D/[LGHome]LGWallpaperInfo( 6849): [LGWallpaperInfo.java:45:loadWallpaperScrollTypeBySystemAPI()]multi user: /data/system/user/0/wallpaper_prefs.xml : isFixed? -> false
D/WallpaperManager( 6849): suggestDesiredDimensions(960, 854) by package(com.lge.launcher2)
D/[LGHome]LGCustomWallpaperController( 6849): [LGCustomWallpaperController.java:313:changeWallpaperDimension()]changeWallpaperDimension : [width : 960] [height : 854]
D/[LGHome]LGCustomWallpaperController( 6849): [LGCustomWallpaperController.java:314:changeWallpaperDimension()]changeWallpaperDimension : [adjWidth : 960] [adjHeight : 854]
D/WindowManager(  967): [PWM][updateSystemUiVisibilityLw] changed to => mLastColorNavigationBar=0x0
W/WindowManager(  967): [PWM][updateSystemUiVisibilityLw] diffLG=0
W/WindowManager(  967): [PWM][updateSystemUiVisibilityLw] visibilityLG=0x0
D/WindowManager(  967): [PWM]notifyNavigationBarColor => mLastColorNavigationBar 
W/WindowManager(  967): [PWM][updateSystemUiVisibilityLw] mLastSystemUiFlagsLG=0x0
D/WindowManager(  967): [PWM][updateSystemUiVisibilityLw] mLastSystemUiFlagsLG=0x0
V/WindowManager(  967): PWM Call!!! Statusbar.setSystemUIVisibility 
I/SystemUI[Framework](  967): PhoneWindowManager.updateSystemUiVisibilityLw() :visibility=0x8600, pkg=com.lge.launcher2
I/[SystemUI]NavigationThemeResource( 2400): notify navigation bar color(0x0)
I/[SystemUI]NavigationThemeResource( 2400): NavigationKey Color is changed(BLACK -> WHITE_WITH_SHADOW)
I/[SystemUI]NavigationThemeResource( 2400):  BarMode=4, Theme=WHITE, LightBackground=false (Transparent)
W/PhoneWindowManagerEx(  967): Call!!!getLGSystemUiVisibility. =0x0
D/StatusBarManagerServiceEx(  967): setLGSystemUiVisibility(0x0)
D/StatusBarManagerServiceEx(  967): manageNaviBtnDisableList userId=0 what=0x0 pkg=WindowManager.LayoutParams
I/SystemUI[Framework](  967): ==>disabledNaviBtn() what=0x0, token=android.os.Binder@264d987e,  pkg=WindowManager.LayoutParams
I/SystemUI[Framework](  967): disableNaviBtn: mDisabledNaviBtn=0x0,  mDisableRecords.size=0
W/WindowManager(  967): [PWM][updateSystemUiVisibilityLw] diffLG=0
W/WindowManager(  967): [PWM][updateSystemUiVisibilityLw] visibilityLG=0x0
W/WindowManager(  967): [PWM][updateSystemUiVisibilityLw] mLastSystemUiFlagsLG=0x0
V/WindowManager(  967): PWM updateSystemUiVisibilityLw diffLG == 0 
D/InputDispatcher(  967): Focus left window: Window{614a5f4 u0 com.lge.music/com.lge.music.MediaPlaybackActivity}
D/InputDispatcher(  967): Focus entered window: Window{2a06c890 u0 com.lge.launcher2/com.lge.launcher2.Launcher}
I/[LGHome]EVENT( 6849): [Launcher.java:5859:onWindowFocusChanged()]onWindowFocusChanged() hasFocus true
D/[LGHome]Launcher( 6849): [Launcher.java:5901:setTransparentSystemBar()]setTransparentSystemBar(StateWORKSPACE)
I/PhoneWindow( 6849): [setNavigationBarColor] color=0x 0
W/WindowManager(  967): [PWM][updateSystemUiVisibilityLw] diffLG=0
W/WindowManager(  967): [PWM][updateSystemUiVisibilityLw] visibilityLG=0x0
W/WindowManager(  967): [PWM][updateSystemUiVisibilityLw] mLastSystemUiFlagsLG=0x0
