V/WindowManager(  967): PWM updateSystemUiVisibilityLw diffLG == 0 
V/WindowManager(  967): PWM updateSystemUiVisibilityLw diffLG == 0 
I/Timeline( 7291): Timeline: Activity_idle id: android.os.BinderProxy@49343a time:1218459
V/WindowManager(  967): PWM updateSystemUiVisibilityLw diffLG == 0 
V/WindowManager(  967): PWM updateSystemUiVisibilityLw diffLG == 0 
I/ViewRootImpl( 2400): ViewRoot's MotionEvent { action=ACTION_DOWN, id[0]=0, x[0]=246.48648, y[0]=69.00354, toolType[0]=TOOL_TYPE_FINGER, buttonState=0, metaState=0, flags=0x0, edgeFlags=0x0, pointerCount=1, historySize=0, eventTime=1225153, downTime=1225153, deviceId=6, source=0x1002 } to com.android.systemui.statusbar.phone.LGNavigationBarView{32427c21 V.E..... ........ 0,0-480,72}
D/PhoneWindowManagerEx(  967): interceptKeyTq keycode=3 down=true interactive=true policyFlags=2b000002 injected=true keyguardActive=false
D/WindowManager(  967): interceptKeyTq keycode=3 interactive=true keyguardActive=false policyFlags=2b000002
D/VolumeVibrator( 2627): clear
I/LGKeyException(  967): KeyException privateFlags: 0x8, Current Input bit: 0x80200000
D/VolumeVibrator( 2627): handleVibratePattern() uid 1000 opPkg android usageHint 0
D/PhoneWindowManagerEx(  967): interceptKeyTi keyCode=3 down=true repeatCount=0 keyguardOn=false mHomePressed=false canceled=false
I/LGKeyException(  967): KeyException privateFlags: 0x8, Current Input bit: 0x80000000
I/LGKeyException(  967): KeyException privateFlags: 0x8, Current Input bit: 0x200000
D/VolumeVibrator( 2627): milliseconds : 30
D/VolumeVibrator( 2627): getCurrent::mPatternworking : true
D/VolumeVibrator( 2627): getCurrent::mVolumes.size : 0
D/VolumeVibrator( 2627): getCurrent::mJustVibrate false
D/VolumeVibrator( 2627): mPatternIndex : 1 mCurVibration.mPattern[mPatternIndex] : 30
D/VolumeVibrator( 2627): volume vibration pattern's value: 100
D/VolumeVibrator( 2627): clear
D/WindowManager(  967): interceptKeyTi keyCode=3 down=true repeatCount=0 keyguardOn=false mHomePressed=false canceled=false
I/ViewRootImpl( 2400): ViewRoot's MotionEvent { action=ACTION_UP, id[0]=0, x[0]=246.48648, y[0]=69.00354, toolType[0]=TOOL_TYPE_FINGER, buttonState=0, metaState=0, flags=0x0, edgeFlags=0x0, pointerCount=1, historySize=0, eventTime=1225251, downTime=1225153, deviceId=6, source=0x1002 } to com.android.systemui.statusbar.phone.LGNavigationBarView{32427c21 V.E..... ........ 0,0-480,72}
D/LGPowerManagerHelper( 2627): boost (15)
D/PhoneWindowManagerEx(  967): interceptKeyTq keycode=3 down=false interactive=true policyFlags=2b000002 injected=true keyguardActive=false
D/WindowManager(  967): interceptKeyTq keycode=3 interactive=true keyguardActive=false policyFlags=2b000002
I/LGKeyException(  967): KeyException privateFlags: 0x8, Current Input bit: 0x80200000
D/PhoneWindowManagerEx(  967): interceptKeyTi keyCode=3 down=false repeatCount=0 keyguardOn=false mHomePressed=true canceled=false
I/LGKeyException(  967): KeyException privateFlags: 0x8, Current Input bit: 0x80000000
I/LGKeyException(  967): KeyException privateFlags: 0x8, Current Input bit: 0x200000
D/WindowManager(  967): interceptKeyTi keyCode=3 down=false repeatCount=0 keyguardOn=false mHomePressed=true canceled=false
I/ActivityManager(  967): START u0 {act=android.intent.action.MAIN cat=[android.intent.category.HOME] flg=0x10200000 cmp=com.lge.launcher2/.Launcher} from uid 1000 on display 0
V/WindowManager(  967): PWM updateSystemUiVisibilityLw diffLG == 0 
D/ActivityManager(  967): pauseBackStacks: stack=ActivityStack{12c3aa48 stackId=1, 1 tasks} mResumedActivity=ActivityRecord{33045e91 u0 com.android.mms/.ui.ConversationList t6}
V/ActivityManager(  967): Moving to PAUSING: ActivityRecord{33045e91 u0 com.android.mms/.ui.ConversationList t6}
V/ActivityManager(  967): resumeTopActivityLocked: Skip resume: need to start pausing
D/ActivityManager(  967): allPausedActivitiesComplete: r=ActivityRecord{33045e91 u0 com.android.mms/.ui.ConversationList t6} state=PAUSING
V/ActivityManager(  967): resumeTopActivityLocked: Skip resume: some activity pausing.
V/ActivityManager(  967): Moving to PAUSED: ActivityRecord{33045e91 u0 com.android.mms/.ui.ConversationList t6} (pause complete)
V/ActivityManager(  967): Moving to RESUMED: ActivityRecord{6edcf6d u0 com.lge.launcher2/.Launcher t5} (in existing)
D/ActivityManager(  967): resumeTopActivityLocked: Resumed ActivityRecord{6edcf6d u0 com.lge.launcher2/.Launcher t5}
V/WindowManager(  967): PWM updateSystemUiVisibilityLw diffLG == 0 
D/ActivityManager(  967): allResumedActivitiesIdle: stack=0 ActivityRecord{6edcf6d u0 com.lge.launcher2/.Launcher t5} not idle
D/ActivityManager(  967): allResumedActivitiesIdle: stack=0 ActivityRecord{6edcf6d u0 com.lge.launcher2/.Launcher t5} not idle
D/ConnectivityService(  967): onUidRulesChanged(uid=10020, uidRules=0)
V/WindowManager(  967): PWM Call!!! Statusbar.setSystemUIVisibility 
W/PhoneWindowManagerEx(  967): Call!!!getLGSystemUiVisibility. =0x0
D/StatusBarManagerServiceEx(  967): setLGSystemUiVisibility(0x0)
D/StatusBarManagerServiceEx(  967): manageNaviBtnDisableList userId=0 what=0x0 pkg=WindowManager.LayoutParams
V/WindowManager(  967): PWM updateSystemUiVisibilityLw diffLG == 0 
V/WindowManager(  967): PWM updateSystemUiVisibilityLw diffLG == 0 
I/Timeline( 6849): Timeline: Activity_idle id: android.os.BinderProxy@9b99445 time:1225476
V/WindowManager(  967): PWM updateSystemUiVisibilityLw diffLG == 0 
V/WindowManager(  967): PWM updateSystemUiVisibilityLw diffLG == 0 
V/WindowManager(  967): PWM updateSystemUiVisibilityLw diffLG == 0 
V/WindowManager(  967): PWM updateSystemUiVisibilityLw diffLG == 0 
V/WindowManager(  967): PWM updateSystemUiVisibilityLw diffLG == 0 
V/WindowManager(  967): PWM updateSystemUiVisibilityLw diffLG == 0 
V/ActivityManager(  967): Moving to STOPPING: ActivityRecord{33045e91 u0 com.android.mms/.ui.ConversationList t6} (stop requested)
V/WindowManager(  967): PWM updateSystemUiVisibilityLw diffLG == 0 
D/ConnectivityService(  967): onUidRulesChanged(uid=10022, uidRules=0)
V/WindowManager(  967): PWM updateSystemUiVisibilityLw diffLG == 0 
V/ActivityManager(  967): Moving to STOPPED: ActivityRecord{33045e91 u0 com.android.mms/.ui.ConversationList t6} (stop complete)
V/WindowManager(  967): PWM updateSystemUiVisibilityLw diffLG == 0 
V/WindowManager(  967): PWM updateSystemUiVisibilityLw diffLG == 0 
D/WifiController(  967): battery changed pluggedType: 2
D/LGWifiP2pService(  967): InactiveState{ when=-3ms what=147461 target=com.android.internal.util.StateMachine$SmHandler }
D/LGWifiP2pService(  967): P2pEnabledState{ when=-3ms what=147461 target=com.android.internal.util.StateMachine$SmHandler }
D/LGWifiP2pService(  967): DefaultState{ when=-3ms what=147461 target=com.android.internal.util.StateMachine$SmHandler }
I/ViewRootImpl( 6849): ViewRoot's MotionEvent { action=ACTION_DOWN, id[0]=0, x[0]=420.12473, y[0]=765.1041, toolType[0]=TOOL_TYPE_FINGER, buttonState=0, metaState=0, flags=0x0, edgeFlags=0x0, pointerCount=1, historySize=0, eventTime=1265053, downTime=1265053, deviceId=6, source=0x1002 } to com.android.internal.policy.impl.PhoneWindow$DecorView{114435c3 V.E..... R....... 0,0-480,854}
I/ViewRootImpl( 6849): ViewRoot's MotionEvent { action=ACTION_UP, id[0]=0, x[0]=420.12473, y[0]=765.1041, toolType[0]=TOOL_TYPE_FINGER, buttonState=0, metaState=0, flags=0x0, edgeFlags=0x0, pointerCount=1, historySize=0, eventTime=1265102, downTime=1265053, deviceId=6, source=0x1002 } to com.android.internal.policy.impl.PhoneWindow$DecorView{114435c3 V.E..... R....... 0,0-480,854}
I/ViewRootImpl( 6849): ViewRoot's MotionEvent { action=ACTION_DOWN, id[0]=0, x[0]=425.11435, y[0]=735.1392, toolType[0]=TOOL_TYPE_FINGER, buttonState=0, metaState=0, flags=0x0, edgeFlags=0x0, pointerCount=1, historySize=0, eventTime=1266903, downTime=1266903, deviceId=6, source=0x1002 } to com.android.internal.policy.impl.PhoneWindow$DecorView{114435c3 V.E..... R....... 0,0-480,854}
I/ViewRootImpl( 6849): ViewRoot's MotionEvent { action=ACTION_UP, id[0]=0, x[0]=431.10187, y[0]=734.1404, toolType[0]=TOOL_TYPE_FINGER, buttonState=0, metaState=0, flags=0x0, edgeFlags=0x0, pointerCount=1, historySize=0, eventTime=1266952, downTime=1266903, deviceId=6, source=0x1002 } to com.android.internal.policy.impl.PhoneWindow$DecorView{114435c3 V.E..... R....... 0,0-480,854}
V/WindowManager(  967): PWM updateSystemUiVisibilityLw diffLG == 0 
V/WindowManager(  967): PWM updateSystemUiVisibilityLw diffLG == 0 
I/ViewRootImpl( 6849): ViewRoot's MotionEvent { action=ACTION_DOWN, id[0]=0, x[0]=300.3742, y[0]=557.3474, toolType[0]=TOOL_TYPE_FINGER, buttonState=0, metaState=0, flags=0x0, edgeFlags=0x0, pointerCount=1, historySize=0, eventTime=1268420, downTime=1268420, deviceId=6, source=0x1002 } to com.android.internal.policy.impl.PhoneWindow$DecorView{114435c3 V.E..... R....... 0,0-480,854}
I/ViewRootImpl( 6849): ViewRoot's MotionEvent { action=ACTION_UP, id[0]=0, x[0]=133.7214, y[0]=536.37195, toolType[0]=TOOL_TYPE_FINGER, buttonState=0, metaState=0, flags=0x0, edgeFlags=0x0, pointerCount=1, historySize=0, eventTime=1268536, downTime=1268420, deviceId=6, source=0x1002 } to com.android.internal.policy.impl.PhoneWindow$DecorView{114435c3 V.E..... R....... 0,0-480,854}
I/ViewRootImpl( 6849): ViewRoot's MotionEvent { action=ACTION_DOWN, id[0]=0, x[0]=62.869022, y[0]=670.2152, toolType[0]=TOOL_TYPE_FINGER, buttonState=0, metaState=0, flags=0x0, edgeFlags=0x0, pointerCount=1, historySize=0, eventTime=1273520, downTime=1273520, deviceId=6, source=0x1002 } to com.android.internal.policy.impl.PhoneWindow$DecorView{114435c3 V.E..... R....... 0,0-480,854}
I/ViewRootImpl( 6849): ViewRoot's MotionEvent { action=ACTION_UP, id[0]=0, x[0]=65.36383, y[0]=674.2106, toolType[0]=TOOL_TYPE_FINGER, buttonState=0, metaState=0, flags=0x0, edgeFlags=0x0, pointerCount=1, historySize=0, eventTime=1273635, downTime=1273520, deviceId=6, source=0x1002 } to com.android.internal.policy.impl.PhoneWindow$DecorView{114435c3 V.E..... R......D 0,0-480,854}
D/LGPowerManagerHelper( 2627): boost (1)
I/Timeline( 6849): Timeline: Activity_launch_request id:com.lge.music time:1273652
I/ActivityManager(  967): START u0 {act=android.intent.action.MAIN cat=[android.intent.category.LAUNCHER] flg=0x10200000 cmp=com.lge.music/.MusicBrowserActivity} from uid 10020 on display 0
W/ResourcesManager(  967): Asset path '/system/framework/com.lge.systemui.jar' does not exist or contains no resources.
W/ResourcesManager(  967): Asset path '/system/framework/com.lge.sound.jar' does not exist or contains no resources.
D/ActivityManager(  967): setTaskToReturnTo : TaskRecord{631fbdd #7 A=android.task.music U=0 sz=0} / mTaskToReturnTo = 1
D/ActivityManager(  967): setTaskToReturnTo : TaskRecord{631fbdd #7 A=android.task.music U=0 sz=0} / mTaskToReturnTo = 1
D/WindowStateEx(  967): AppWindowTokenEx init.. 
D/ActivityManager(  967): pauseBackStacks: stack=ActivityStack{32146db5 stackId=0, 1 tasks} mResumedActivity=ActivityRecord{6edcf6d u0 com.lge.launcher2/.Launcher t5}
V/ActivityManager(  967): Moving to PAUSING: ActivityRecord{6edcf6d u0 com.lge.launcher2/.Launcher t5}
V/ActivityManager(  967): resumeTopActivityLocked: Skip resume: need to start pausing
V/WindowManager(  967): PWM updateSystemUiVisibilityLw diffLG == 0 
V/ActivityManager(  967): Moving to PAUSED: ActivityRecord{6edcf6d u0 com.lge.launcher2/.Launcher t5} (pause complete)
D/ActivityManager(  967): resumeTopActivityLocked: Restarting ActivityRecord{7f3c352 u0 com.lge.music/.MusicBrowserActivity t7}
V/ActivityManager(  967): Moving to RESUMED: ActivityRecord{7f3c352 u0 com.lge.music/.MusicBrowserActivity t7} (starting new instance)
D/ActivityManager(  967): allResumedActivitiesIdle: stack=1 ActivityRecord{7f3c352 u0 com.lge.music/.MusicBrowserActivity t7} not idle
D/ActivityManager(  967): allResumedActivitiesIdle: stack=1 ActivityRecord{7f3c352 u0 com.lge.music/.MusicBrowserActivity t7} not idle
D/ConnectivityService(  967): onUidRulesChanged(uid=10023, uidRules=0)
I/WindowStateAnimator(  967): Starting window displayed
V/WindowManager(  967): PWM Call!!! Statusbar.setSystemUIVisibility 
W/PhoneWindowManagerEx(  967): Call!!!getLGSystemUiVisibility. =0x0
D/StatusBarManagerServiceEx(  967): setLGSystemUiVisibility(0x0)
D/StatusBarManagerServiceEx(  967): manageNaviBtnDisableList userId=0 what=0x0 pkg=WindowManager.LayoutParams
V/WindowManager(  967): PWM updateSystemUiVisibilityLw diffLG == 0 
V/WindowManager(  967): PWM updateSystemUiVisibilityLw diffLG == 0 
V/BatteryServiceEx(  967): Battery UEVENT: {POWER_SUPPLY_TEMP=341, POWER_SUPPLY_CHARGE_TYPE=Fast, POWER_SUPPLY_PRESENT=1, POWER_SUPPLY_STATUS=Charging, POWER_SUPPLY_PSEUDO_BATT=0, POWER_SUPPLY_CAPACITY=100, ACTION=change, DEVPATH=/devices/soc.0/qpnp-linear-charger-e4b13000/power_supply/battery, POWER_SUPPLY_HW_REV=rev_a, POWER_SUPPLY_VOLTAGE_NOW=4235946, SUBSYSTEM=power_supply, SEQNUM=3084, POWER_SUPPLY_TEMP_WARM=450, POWER_SUPPLY_TEMP_COOL=100, POWER_SUPPLY_VALID_BATT_ID=1, POWER_SUPPLY_VOLTAGE_MAX_DESIGN=4350000, POWER_SUPPLY_NAME=battery, POWER_SUPPLY_CURRENT_NOW=-10733, POWER_SUPPLY_VOLTAGE_MIN_DESIGN=4470000, POWER_SUPPLY_HEALTH=Good, POWER_SUPPLY_CHARGING_ENABLED=1}
D/BatteryServiceEx(  967): Sending ACTION_BATTERYEX_CHANGED.  Battery ID:1, Battery Current:-10733, Battery Condition:-1000000, Battery charging current:-1000000, mExtPwr:-1000000, Battery level:100, Battery status:2, Battery plugged type:2
D/WifiController(  967): battery changed pluggedType: 2
V/WindowManager(  967): PWM updateSystemUiVisibilityLw diffLG == 0 
V/WindowManager(  967): PWM updateSystemUiVisibilityLw diffLG == 0 
E/ActivityThread( 6375): Failed to find provider info for com.lge.cloudhub.provider
E/ActivityThread( 6375): Failed to find provider info for com.lge.smartshare.provider
V/WindowManager(  967): PWM updateSystemUiVisibilityLw diffLG == 0 
V/WindowManager(  967): PWM updateSystemUiVisibilityLw diffLG == 0 
V/WindowManager(  967): PWM updateSystemUiVisibilityLw diffLG == 0 
V/WindowManager(  967): PWM updateSystemUiVisibilityLw diffLG == 0 
V/WindowManager(  967): PWM updateSystemUiVisibilityLw diffLG == 0 
V/WindowManager(  967): PWM updateSystemUiVisibilityLw diffLG == 0 
I/Timeline( 6375): Timeline: Activity_idle id: android.os.BinderProxy@11865a06 time:1274857
V/ActivityManager(  967): Moving to STOPPING: ActivityRecord{6edcf6d u0 com.lge.launcher2/.Launcher t5} (stop requested)
D/ConnectivityService(  967): onUidRulesChanged(uid=10020, uidRules=0)
V/ActivityManager(  967): Moving to STOPPED: ActivityRecord{6edcf6d u0 com.lge.launcher2/.Launcher t5} (stop complete)
W/ActivityManager(  967): Unable to start service Intent { act=com.lge.appbox.commonservice.update cmp=com.lge.music/com.lge.appbox.service.AppBoxCommonService (has extras) } U=0: not found
V/WindowManager(  967): PWM updateSystemUiVisibilityLw diffLG == 0 
V/WindowManager(  967): PWM updateSystemUiVisibilityLw diffLG == 0 
I/ViewRootImpl( 6375): ViewRoot's MotionEvent { action=ACTION_DOWN, id[0]=0, x[0]=171.64241, y[0]=155.81755, toolType[0]=TOOL_TYPE_FINGER, buttonState=0, metaState=0, flags=0x0, edgeFlags=0x0, pointerCount=1, historySize=0, eventTime=1276386, downTime=1276386, deviceId=6, source=0x1002 } to com.android.internal.policy.impl.PhoneWindow$DecorView{3d43ab4e V.E..... R....... 0,0-480,854}
I/ViewRootImpl( 6375): ViewRoot's MotionEvent { action=ACTION_UP, id[0]=0, x[0]=169.64658, y[0]=157.81522, toolType[0]=TOOL_TYPE_FINGER, buttonState=0, metaState=0, flags=0x0, edgeFlags=0x0, pointerCount=1, historySize=0, eventTime=1276468, downTime=1276386, deviceId=6, source=0x1002 } to com.android.internal.policy.impl.PhoneWindow$DecorView{3d43ab4e V.E..... R....... 0,0-480,854}
I/ViewRootImpl( 2400): ViewRoot's MotionEvent { action=ACTION_DOWN, id[0]=0, x[0]=96.79834, y[0]=59.01526, toolType[0]=TOOL_TYPE_FINGER, buttonState=0, metaState=0, flags=0x0, edgeFlags=0x0, pointerCount=1, historySize=0, eventTime=1278186, downTime=1278186, deviceId=6, source=0x1002 } to com.android.systemui.statusbar.phone.LGNavigationBarView{32427c21 V.E..... ........ 0,0-480,72}
D/PhoneWindowManagerEx(  967): interceptKeyTq keycode=4 down=true interactive=true policyFlags=2b000002 injected=true keyguardActive=false
D/WindowManager(  967): interceptKeyTq keycode=4 interactive=true keyguardActive=false policyFlags=2b000002
D/VolumeVibrator( 2627): clear
D/VolumeVibrator( 2627): handleVibratePattern() uid 1000 opPkg android usageHint 0
D/VolumeVibrator( 2627): milliseconds : 30
D/VolumeVibrator( 2627): getCurrent::mPatternworking : true
D/VolumeVibrator( 2627): getCurrent::mVolumes.size : 0
D/VolumeVibrator( 2627): getCurrent::mJustVibrate false
D/VolumeVibrator( 2627): mPatternIndex : 1 mCurVibration.mPattern[mPatternIndex] : 30
D/VolumeVibrator( 2627): volume vibration pattern's value: 100
D/VolumeVibrator( 2627): clear
D/PhoneWindowManagerEx(  967): interceptKeyTi keyCode=4 down=true repeatCount=0 keyguardOn=false mHomePressed=false canceled=false
I/LGKeyException(  967): KeyException privateFlags: 0x8, Current Input bit: 0x80000000
D/WindowManager(  967): interceptKeyTi keyCode=4 down=true repeatCount=0 keyguardOn=false mHomePressed=false canceled=false
I/ViewRootImpl( 6375): ViewRoot's KeyEvent { action=ACTION_DOWN, keyCode=KEYCODE_BACK, scanCode=0, metaState=0, flags=0x48, repeatCount=0, eventTime=1278190, downTime=1278190, deviceId=-1, source=0x101 } to com.android.internal.policy.impl.PhoneWindow$DecorView{3d43ab4e V.E..... R....... 0,0-480,854}
I/ViewRootImpl( 2400): ViewRoot's MotionEvent { action=ACTION_UP, id[0]=0, x[0]=97.79626, y[0]=56.51819, toolType[0]=TOOL_TYPE_FINGER, buttonState=0, metaState=0, flags=0x0, edgeFlags=0x0, pointerCount=1, historySize=0, eventTime=1278285, downTime=1278186, deviceId=6, source=0x1002 } to com.android.systemui.statusbar.phone.LGNavigationBarView{32427c21 V.E..... ........ 0,0-480,72}
D/LGPowerManagerHelper( 2627): boost (15)
D/PhoneWindowManagerEx(  967): interceptKeyTq keycode=4 down=false interactive=true policyFlags=2b000002 injected=true keyguardActive=false
D/WindowManager(  967): interceptKeyTq keycode=4 interactive=true keyguardActive=false policyFlags=2b000002
D/PhoneWindowManagerEx(  967): interceptKeyTi keyCode=4 down=false repeatCount=0 keyguardOn=false mHomePressed=false canceled=false
I/LGKeyException(  967): KeyException privateFlags: 0x8, Current Input bit: 0x80000000
D/WindowManager(  967): interceptKeyTi keyCode=4 down=false repeatCount=0 keyguardOn=false mHomePressed=false canceled=false
I/ViewRootImpl( 6375): ViewRoot's KeyEvent { action=ACTION_UP, keyCode=KEYCODE_BACK, scanCode=0, metaState=0, flags=0x48, repeatCount=0, eventTime=1278293, downTime=1278190, deviceId=-1, source=0x101 } to com.android.internal.policy.impl.PhoneWindow$DecorView{3d43ab4e V.E..... R....... 0,0-480,854}
V/ActivityManager(  967): Finishing activity token=Token{bb95623 ActivityRecord{7f3c352 u0 com.lge.music/.MusicBrowserActivity t7}} r=, result=0, data=null, reason=app-request
V/WindowManager(  967): PWM updateSystemUiVisibilityLw diffLG == 0 
V/ActivityManager(  967): Moving to PAUSING: ActivityRecord{7f3c352 u0 com.lge.music/.MusicBrowserActivity t7 f}
V/ActivityManager(  967): Moving to PAUSED: ActivityRecord{7f3c352 u0 com.lge.music/.MusicBrowserActivity t7 f} (pause complete)
V/ActivityManager(  967): Moving to STOPPING: ActivityRecord{7f3c352 u0 com.lge.music/.MusicBrowserActivity t7 f} (finish requested)
V/ActivityManager(  967): Moving to RESUMED: ActivityRecord{6edcf6d u0 com.lge.launcher2/.Launcher t5} (in existing)
D/ActivityManager(  967): resumeTopActivityLocked: Resumed ActivityRecord{6edcf6d u0 com.lge.launcher2/.Launcher t5}
D/ConnectivityService(  967): onUidRulesChanged(uid=10020, uidRules=0)
V/WindowManager(  967): PWM Call!!! Statusbar.setSystemUIVisibility 
W/PhoneWindowManagerEx(  967): Call!!!getLGSystemUiVisibility. =0x0
D/StatusBarManagerServiceEx(  967): setLGSystemUiVisibility(0x0)
D/StatusBarManagerServiceEx(  967): manageNaviBtnDisableList userId=0 what=0x0 pkg=WindowManager.LayoutParams
V/WindowManager(  967): PWM updateSystemUiVisibilityLw diffLG == 0 
V/WindowManager(  967): PWM updateSystemUiVisibilityLw diffLG == 0 
D/DSQN    (  967): DNSproblemNotiEnabled is disabled ignore DNS fail CB
V/WindowManager(  967): PWM updateSystemUiVisibilityLw diffLG == 0 
V/WindowManager(  967): PWM updateSystemUiVisibilityLw diffLG == 0 
V/WindowManager(  967): PWM updateSystemUiVisibilityLw diffLG == 0 
V/WindowManager(  967): PWM updateSystemUiVisibilityLw diffLG == 0 
V/WindowManager(  967): PWM updateSystemUiVisibilityLw diffLG == 0 
I/Timeline( 6849): Timeline: Activity_idle id: android.os.BinderProxy@9b99445 time:1278530
V/ActivityManager(  967): Moving to FINISHING: ActivityRecord{7f3c352 u0 com.lge.music/.MusicBrowserActivity t7 f}
V/WindowManager(  967): PWM updateSystemUiVisibilityLw diffLG == 0 
V/ActivityManager(  967): Moving to DESTROYING: ActivityRecord{7f3c352 u0 com.lge.music/.MusicBrowserActivity t7 f} (destroy requested)
D/ConnectivityService(  967): onUidRulesChanged(uid=10023, uidRules=0)
V/WindowManager(  967): PWM updateSystemUiVisibilityLw diffLG == 0 
V/WindowManager(  967): PWM updateSystemUiVisibilityLw diffLG == 0 
V/ActivityManager(  967): Moving to DESTROYED: ActivityRecord{7f3c352 u0 com.lge.music/.MusicBrowserActivity t7 f} (removed from history)
D/ActivityManager(  967): resumeTopActivityLocked: Top activity resumed ActivityRecord{6edcf6d u0 com.lge.launcher2/.Launcher t5}
V/WindowManager(  967): PWM updateSystemUiVisibilityLw diffLG == 0 
V/WindowManager(  967): PWM updateSystemUiVisibilityLw diffLG == 0 
V/WindowManager(  967): PWM updateSystemUiVisibilityLw diffLG == 0 
V/WindowManager(  967): PWM updateSystemUiVisibilityLw diffLG == 0 
V/WindowOrientationListener(  967): Proposed rotation changed! : currentRotation=0, proposedRotation=3, oldProposedRotation=-1, predictedRotation=3, timeDeltaMS=49.936, isAccelerating=false, isFlat=false, isSwinging=false, isOverhead=false, timeUntilSettledMS=0.0, timeUntilAccelerationDelayExpiredMS=0.0, timeUntilFlatDelayExpiredMS=0.0, timeUntilSwingDelayExpiredMS=0.0
V/WindowManager(  967): PWM updateSystemUiVisibilityLw diffLG == 0 
D/WifiController(  967): battery changed pluggedType: 2
D/LGWifiP2pService(  967): InactiveState{ when=0 what=147461 target=com.android.internal.util.StateMachine$SmHandler }
D/LGWifiP2pService(  967): P2pEnabledState{ when=-1ms what=147461 target=com.android.internal.util.StateMachine$SmHandler }
D/LGWifiP2pService(  967): DefaultState{ when=-1ms what=147461 target=com.android.internal.util.StateMachine$SmHandler }
W/ProcessCpuTracker(  967): Skipping unknown process pid 9480
I/UsageStatsService(  967): User[0] Flushing usage stats to disk
I/ViewRootImpl( 6849): ViewRoot's MotionEvent { action=ACTION_DOWN, id[0]=0, x[0]=67.85863, y[0]=683.2, toolType[0]=TOOL_TYPE_FINGER, buttonState=0, metaState=0, flags=0x0, edgeFlags=0x0, pointerCount=1, historySize=0, eventTime=1326254, downTime=1326254, deviceId=6, source=0x1002 } to com.android.internal.policy.impl.PhoneWindow$DecorView{114435c3 V.E..... R....... 0,0-480,854}
I/ViewRootImpl( 6849): ViewRoot's MotionEvent { action=ACTION_UP, id[0]=0, x[0]=67.85863, y[0]=683.2, toolType[0]=TOOL_TYPE_FINGER, buttonState=0, metaState=0, flags=0x0, edgeFlags=0x0, pointerCount=1, historySize=0, eventTime=1326268, downTime=1326254, deviceId=6, source=0x1002 } to com.android.internal.policy.impl.PhoneWindow$DecorView{114435c3 V.E..... R....... 0,0-480,854}
D/LGPowerManagerHelper( 2627): boost (1)
I/Timeline( 6849): Timeline: Activity_launch_request id:com.lge.music time:1326284
I/ActivityManager(  967): START u0 {act=android.intent.action.MAIN cat=[android.intent.category.LAUNCHER] flg=0x10200000 cmp=com.lge.music/.MusicBrowserActivity} from uid 10020 on display 0
D/ActivityManager(  967): setTaskToReturnTo : TaskRecord{14edf227 #8 A=android.task.music U=0 sz=0} / mTaskToReturnTo = 1
D/ActivityManager(  967): setTaskToReturnTo : TaskRecord{14edf227 #8 A=android.task.music U=0 sz=0} / mTaskToReturnTo = 1
D/WindowStateEx(  967): AppWindowTokenEx init.. 
D/ActivityManager(  967): pauseBackStacks: stack=ActivityStack{32146db5 stackId=0, 1 tasks} mResumedActivity=ActivityRecord{6edcf6d u0 com.lge.launcher2/.Launcher t5}
V/ActivityManager(  967): Moving to PAUSING: ActivityRecord{6edcf6d u0 com.lge.launcher2/.Launcher t5}
V/ActivityManager(  967): resumeTopActivityLocked: Skip resume: need to start pausing
V/WindowManager(  967): PWM updateSystemUiVisibilityLw diffLG == 0 
V/ActivityManager(  967): Moving to PAUSED: ActivityRecord{6edcf6d u0 com.lge.launcher2/.Launcher t5} (pause complete)
D/ActivityManager(  967): resumeTopActivityLocked: Restarting ActivityRecord{1a422cd4 u0 com.lge.music/.MusicBrowserActivity t8}
V/ActivityManager(  967): Moving to RESUMED: ActivityRecord{1a422cd4 u0 com.lge.music/.MusicBrowserActivity t8} (starting new instance)
D/ActivityManager(  967): allResumedActivitiesIdle: stack=1 ActivityRecord{1a422cd4 u0 com.lge.music/.MusicBrowserActivity t8} not idle
D/ActivityManager(  967): allResumedActivitiesIdle: stack=1 ActivityRecord{1a422cd4 u0 com.lge.music/.MusicBrowserActivity t8} not idle
D/ConnectivityService(  967): onUidRulesChanged(uid=10023, uidRules=0)
E/ActivityThread( 6375): Failed to find provider info for com.lge.cloudhub.provider
E/ActivityThread( 6375): Failed to find provider info for com.lge.smartshare.provider
I/WindowStateAnimator(  967): Starting window displayed
V/WindowManager(  967): PWM Call!!! Statusbar.setSystemUIVisibility 
W/PhoneWindowManagerEx(  967): Call!!!getLGSystemUiVisibility. =0x0
D/StatusBarManagerServiceEx(  967): setLGSystemUiVisibility(0x0)
D/StatusBarManagerServiceEx(  967): manageNaviBtnDisableList userId=0 what=0x0 pkg=WindowManager.LayoutParams
V/WindowManager(  967): PWM updateSystemUiVisibilityLw diffLG == 0 
V/WindowManager(  967): PWM updateSystemUiVisibilityLw diffLG == 0 
V/WindowManager(  967): PWM updateSystemUiVisibilityLw diffLG == 0 
V/WindowManager(  967): PWM updateSystemUiVisibilityLw diffLG == 0 
V/WindowManager(  967): PWM updateSystemUiVisibilityLw diffLG == 0 
V/WindowManager(  967): PWM updateSystemUiVisibilityLw diffLG == 0 
V/WindowManager(  967): PWM updateSystemUiVisibilityLw diffLG == 0 
V/WindowManager(  967): PWM updateSystemUiVisibilityLw diffLG == 0 
V/WindowManager(  967): PWM updateSystemUiVisibilityLw diffLG == 0 
V/WindowManager(  967): PWM updateSystemUiVisibilityLw diffLG == 0 
V/WindowManager(  967): PWM updateSystemUiVisibilityLw diffLG == 0 
V/WindowManager(  967): PWM updateSystemUiVisibilityLw diffLG == 0 
V/WindowManager(  967): PWM updateSystemUiVisibilityLw diffLG == 0 
W/ActivityManager(  967): Unable to start service Intent { act=com.lge.appbox.commonservice.update cmp=com.lge.music/com.lge.appbox.service.AppBoxCommonService (has extras) } U=0: not found
I/Timeline( 6375): Timeline: Activity_idle id: android.os.BinderProxy@5e61ab0 time:1327239
V/ActivityManager(  967): Moving to STOPPING: ActivityRecord{6edcf6d u0 com.lge.launcher2/.Launcher t5} (stop requested)
D/ConnectivityService(  967): onUidRulesChanged(uid=10020, uidRules=0)
V/ActivityManager(  967): Moving to STOPPED: ActivityRecord{6edcf6d u0 com.lge.launcher2/.Launcher t5} (stop complete)
D/TaskPersister(  967): removeObsoleteFile: deleting file=7_task.xml
D/TaskPersister(  967): removeObsoleteFile: deleting file=7_task_thumbnail.png
I/ViewRootImpl( 6375): ViewRoot's MotionEvent { action=ACTION_DOWN, id[0]=0, x[0]=377.21414, y[0]=304.64328, toolType[0]=TOOL_TYPE_FINGER, buttonState=0, metaState=0, flags=0x0, edgeFlags=0x0, pointerCount=1, historySize=0, eventTime=1332321, downTime=1332321, deviceId=6, source=0x1002 } to com.android.internal.policy.impl.PhoneWindow$DecorView{140b8f3a V.E..... R......D 0,0-480,854}
I/ViewRootImpl( 6375): ViewRoot's MotionEvent { action=ACTION_UP, id[0]=0, x[0]=377.21414, y[0]=304.64328, toolType[0]=TOOL_TYPE_FINGER, buttonState=0, metaState=0, flags=0x0, edgeFlags=0x0, pointerCount=1, historySize=0, eventTime=1332352, downTime=1332321, deviceId=6, source=0x1002 } to com.android.internal.policy.impl.PhoneWindow$DecorView{140b8f3a V.E..... R......D 0,0-480,854}
I/Timeline( 6375): Timeline: Activity_launch_request id:com.lge.music time:1332443
I/ActivityManager(  967): START u0 {act=android.intent.action.PICK dat= typ=vnd.android.cursor.dir/track cmp=com.lge.music/.TrackBrowserActivity (has extras)} from uid 10023 on display 0
D/WindowStateEx(  967): AppWindowTokenEx init.. 
V/ActivityManager(  967): Moving to PAUSING: ActivityRecord{1a422cd4 u0 com.lge.music/.MusicBrowserActivity t8}
D/ActivityManager(  967): resumeTopActivityLocked: Pausing null
V/ActivityManager(  967): resumeTopActivityLocked: Skip resume: need to start pausing
V/WindowManager(  967): PWM updateSystemUiVisibilityLw diffLG == 0 
V/ActivityManager(  967): Moving to PAUSED: ActivityRecord{1a422cd4 u0 com.lge.music/.MusicBrowserActivity t8} (pause complete)
D/ActivityManager(  967): resumeTopActivityLocked: Restarting ActivityRecord{2f87f82a u0 com.lge.music/.TrackBrowserActivity t8}
V/ActivityManager(  967): Moving to RESUMED: ActivityRecord{2f87f82a u0 com.lge.music/.TrackBrowserActivity t8} (starting new instance)
D/ActivityManager(  967): allResumedActivitiesIdle: stack=1 ActivityRecord{2f87f82a u0 com.lge.music/.TrackBrowserActivity t8} not idle
E/ActivityThread( 6375): Failed to find provider info for com.lge.cloudhub.provider
E/ActivityThread( 6375): Failed to find provider info for com.lge.smartshare.provider
V/WindowManager(  967): PWM Call!!! Statusbar.setSystemUIVisibility 
W/PhoneWindowManagerEx(  967): Call!!!getLGSystemUiVisibility. =0x0
D/StatusBarManagerServiceEx(  967): setLGSystemUiVisibility(0x0)
D/StatusBarManagerServiceEx(  967): manageNaviBtnDisableList userId=0 what=0x0 pkg=WindowManager.LayoutParams
V/WindowManager(  967): PWM updateSystemUiVisibilityLw diffLG == 0 
V/WindowManager(  967): PWM updateSystemUiVisibilityLw diffLG == 0 
V/WindowManager(  967): PWM updateSystemUiVisibilityLw diffLG == 0 
V/WindowManager(  967): PWM updateSystemUiVisibilityLw diffLG == 0 
V/WindowManager(  967): PWM updateSystemUiVisibilityLw diffLG == 0 
V/WindowManager(  967): PWM updateSystemUiVisibilityLw diffLG == 0 
I/Timeline( 6375): Timeline: Activity_idle id: android.os.BinderProxy@df7ccf9 time:1332883
V/WindowManager(  967): PWM updateSystemUiVisibilityLw diffLG == 0 
V/ActivityManager(  967): Moving to STOPPING: ActivityRecord{1a422cd4 u0 com.lge.music/.MusicBrowserActivity t8} (stop requested)
V/WindowManager(  967): PWM updateSystemUiVisibilityLw diffLG == 0 
V/WindowManager(  967): PWM updateSystemUiVisibilityLw diffLG == 0 
V/ActivityManager(  967): Moving to STOPPED: ActivityRecord{1a422cd4 u0 com.lge.music/.MusicBrowserActivity t8} (stop complete)
V/WindowManager(  967): PWM updateSystemUiVisibilityLw diffLG == 0 
I/ViewRootImpl( 6375): ViewRoot's MotionEvent { action=ACTION_DOWN, id[0]=0, x[0]=304.3659, y[0]=345.59534, toolType[0]=TOOL_TYPE_FINGER, buttonState=0, metaState=0, flags=0x0, edgeFlags=0x0, pointerCount=1, historySize=0, eventTime=1333686, downTime=1333686, deviceId=6, source=0x1002 } to com.android.internal.policy.impl.PhoneWindow$DecorView{2404e2b4 V.E..... R....... 0,0-480,854}
I/ViewRootImpl( 6375): ViewRoot's MotionEvent { action=ACTION_UP, id[0]=0, x[0]=304.3659, y[0]=345.59534, toolType[0]=TOOL_TYPE_FINGER, buttonState=0, metaState=0, flags=0x0, edgeFlags=0x0, pointerCount=1, historySize=0, eventTime=1333718, downTime=1333686, deviceId=6, source=0x1002 } to com.android.internal.policy.impl.PhoneWindow$DecorView{2404e2b4 V.E..... R....... 0,0-480,854}
I/Timeline( 6375): Timeline: Activity_launch_request id:com.lge.music time:1333840
I/ActivityManager(  967): START u0 {act=com.lge.music.PLAYBACK_VIEWER flg=0x4000000 cmp=com.lge.music/.MediaPlaybackActivity (has extras)} from uid 10023 on display 0
D/WindowStateEx(  967): AppWindowTokenEx init.. 
V/ActivityManager(  967): Moving to PAUSING: ActivityRecord{2f87f82a u0 com.lge.music/.TrackBrowserActivity t8}
D/ActivityManager(  967): resumeTopActivityLocked: Pausing null
V/ActivityManager(  967): resumeTopActivityLocked: Skip resume: need to start pausing
V/WindowManager(  967): PWM updateSystemUiVisibilityLw diffLG == 0 
V/ActivityManager(  967): Moving to PAUSED: ActivityRecord{2f87f82a u0 com.lge.music/.TrackBrowserActivity t8} (pause complete)
D/ActivityManager(  967): resumeTopActivityLocked: Restarting ActivityRecord{33ed7032 u0 com.lge.music/.MediaPlaybackActivity t8}
V/ActivityManager(  967): Moving to RESUMED: ActivityRecord{33ed7032 u0 com.lge.music/.MediaPlaybackActivity t8} (starting new instance)
D/ActivityManager(  967): allResumedActivitiesIdle: stack=1 ActivityRecord{33ed7032 u0 com.lge.music/.MediaPlaybackActivity t8} not idle
V/BatteryServiceEx(  967): Battery UEVENT: {POWER_SUPPLY_TEMP=340, POWER_SUPPLY_CHARGE_TYPE=Fast, POWER_SUPPLY_PRESENT=1, POWER_SUPPLY_STATUS=Charging, POWER_SUPPLY_PSEUDO_BATT=0, POWER_SUPPLY_CAPACITY=100, ACTION=change, DEVPATH=/devices/soc.0/qpnp-linear-charger-e4b13000/power_supply/battery, POWER_SUPPLY_HW_REV=rev_a, POWER_SUPPLY_VOLTAGE_NOW=4277917, SUBSYSTEM=power_supply, SEQNUM=3085, POWER_SUPPLY_TEMP_WARM=450, POWER_SUPPLY_TEMP_COOL=100, POWER_SUPPLY_VALID_BATT_ID=1, POWER_SUPPLY_VOLTAGE_MAX_DESIGN=4350000, POWER_SUPPLY_NAME=battery, POWER_SUPPLY_CURRENT_NOW=45432, POWER_SUPPLY_VOLTAGE_MIN_DESIGN=4470000, POWER_SUPPLY_HEALTH=Good, POWER_SUPPLY_CHARGING_ENABLED=1}
D/BatteryServiceEx(  967): Sending ACTION_BATTERYEX_CHANGED.  Battery ID:1, Battery Current:45432, Battery Condition:-1000000, Battery charging current:-1000000, mExtPwr:-1000000, Battery level:100, Battery status:2, Battery plugged type:2
D/WifiController(  967): battery changed pluggedType: 2
V/WindowManager(  967): PWM Call!!! Statusbar.setSystemUIVisibility 
W/PhoneWindowManagerEx(  967): Call!!!getLGSystemUiVisibility. =0x0
D/StatusBarManagerServiceEx(  967): setLGSystemUiVisibility(0x0)
D/StatusBarManagerServiceEx(  967): manageNaviBtnDisableList userId=0 what=0x0 pkg=WindowManager.LayoutParams
V/WindowManager(  967): PWM updateSystemUiVisibilityLw diffLG == 0 
V/WindowManager(  967): PWM updateSystemUiVisibilityLw diffLG == 0 
V/WindowManager(  967): PWM updateSystemUiVisibilityLw diffLG == 0 
V/WindowManager(  967): PWM updateSystemUiVisibilityLw diffLG == 0 
V/WindowManager(  967): PWM updateSystemUiVisibilityLw diffLG == 0 
V/WindowManager(  967): PWM updateSystemUiVisibilityLw diffLG == 0 
I/Timeline( 6375): Timeline: Activity_idle id: android.os.BinderProxy@c8ce999 time:1334222
V/WindowManager(  967): PWM updateSystemUiVisibilityLw diffLG == 0 
V/ActivityManager(  967): Moving to STOPPING: ActivityRecord{2f87f82a u0 com.lge.music/.TrackBrowserActivity t8} (stop requested)
V/WindowManager(  967): PWM updateSystemUiVisibilityLw diffLG == 0 
V/WindowManager(  967): PWM updateSystemUiVisibilityLw diffLG == 0 
V/WindowManager(  967): PWM updateSystemUiVisibilityLw diffLG == 0 
V/NotificationService(  967): enqueueNotificationInternal: pkg=com.lge.music id=1 notification=Notification(pri=2 contentView=com.lge.music/0x7f030043 vibrate=null sound=null defaults=0x0 flags=0x42 color=0x00000000 vis=PUBLIC)
V/NotificationService(  967): pkg=com.lge.music canInterrupt=true intercept=false
V/NotificationService(  967): Interrupting!
I/NotificationServiceEx(  967): LED remove() : mLights=0|com.lge.music|1|null|10023
D/NotificationServiceEx(  967): updateLightListLocked :r=0|com.lge.music|1|null|10023, action=2
D/NotificationServiceEx(  967): notification=Notification(pri=2 contentView=com.lge.music/0x7f030043 vibrate=null sound=null defaults=0x0 flags=0x62 color=0x00000000 vis=PUBLIC)
W/ResourcesManager( 2400): Asset path '/system/framework/com.lge.systemui.jar' does not exist or contains no resources.
W/ResourcesManager( 2400): Asset path '/system/framework/com.lge.sound.jar' does not exist or contains no resources.
V/NotificationService(  967): enqueueNotificationInternal: pkg=com.lge.music id=1 notification=Notification(pri=2 contentView=com.lge.music/0x7f030043 vibrate=null sound=null defaults=0x0 flags=0x42 color=0x00000000 vis=PUBLIC)
V/NotificationService(  967): pkg=com.lge.music canInterrupt=true intercept=false
V/NotificationService(  967): Interrupting!
I/NotificationServiceEx(  967): LED remove() : mLights=0|com.lge.music|1|null|10023
D/NotificationServiceEx(  967): updateLightListLocked :r=0|com.lge.music|1|null|10023, action=2
D/NotificationServiceEx(  967): notification=Notification(pri=2 contentView=com.lge.music/0x7f030043 vibrate=null sound=null defaults=0x0 flags=0x62 color=0x00000000 vis=PUBLIC)
V/ActivityManager(  967): Moving to STOPPED: ActivityRecord{2f87f82a u0 com.lge.music/.TrackBrowserActivity t8} (stop complete)
V/WindowOrientationListener(  967): Proposed rotation changed! : currentRotation=0, proposedRotation=0, oldProposedRotation=-1, predictedRotation=0, timeDeltaMS=49.867, isAccelerating=false, isFlat=false, isSwinging=false, isOverhead=false, timeUntilSettledMS=0.0, timeUntilAccelerationDelayExpiredMS=0.0, timeUntilFlatDelayExpiredMS=0.0, timeUntilSwingDelayExpiredMS=0.0
V/WindowManager(  967): PWM updateSystemUiVisibilityLw diffLG == 0 
D/PhoneWindowManagerEx(  967): interceptKeyTq keycode=25 down=true interactive=true policyFlags=22000000 injected=false keyguardActive=false
D/WindowManager(  967): interceptKeyTq keycode=25 interactive=true keyguardActive=false policyFlags=22000000
I/LGShortcutManager(  967): cancelPendingVolumeDownLongKeyChord
D/PhoneWindowManagerEx(  967): interceptKeyTi keyCode=25 down=true repeatCount=0 keyguardOn=false mHomePressed=false canceled=false
D/WindowManager(  967): interceptKeyTi keyCode=25 down=true repeatCount=0 keyguardOn=false mHomePressed=false canceled=false
D/PhoneWindowManagerEx(  967): interceptKeyTq keycode=25 down=false interactive=true policyFlags=22000000 injected=false keyguardActive=false
D/WindowManager(  967): interceptKeyTq keycode=25 interactive=true keyguardActive=false policyFlags=22000000
I/LGShortcutManager(  967): cancelPendingVolumeDownLongKeyChord
D/PhoneWindowManagerEx(  967): interceptKeyTi keyCode=25 down=true repeatCount=0 keyguardOn=false mHomePressed=false canceled=false
D/WindowManager(  967): interceptKeyTi keyCode=25 down=true repeatCount=0 keyguardOn=false mHomePressed=false canceled=false
I/ViewRootImpl( 6375): ViewRoot's KeyEvent { action=ACTION_DOWN, keyCode=KEYCODE_VOLUME_DOWN, scanCode=114, metaState=0, flags=0x8, repeatCount=0, eventTime=1338470, downTime=1338470, deviceId=8, source=0x101 } to com.android.internal.policy.impl.PhoneWindow$DecorView{14ecd335 V.E..... R....... 0,0-480,854}
D/PhoneWindowManagerEx(  967): interceptKeyTi keyCode=25 down=false repeatCount=0 keyguardOn=false mHomePressed=false canceled=false
D/WindowManager(  967): interceptKeyTi keyCode=25 down=false repeatCount=0 keyguardOn=false mHomePressed=false canceled=false
V/WindowManager(  967): PWM Call!!! Statusbar.setSystemUIVisibility 
I/ViewRootImpl( 6375): ViewRoot's KeyEvent { action=ACTION_UP, keyCode=KEYCODE_VOLUME_DOWN, scanCode=114, metaState=0, flags=0x28, repeatCount=0, eventTime=1338711, downTime=1338470, deviceId=8, source=0x101 } to com.android.internal.policy.impl.PhoneWindow$DecorView{14ecd335 V.E..... R.....ID 0,0-480,854}
I/ViewRootImpl( 6375): ViewRoot's KeyEvent { action=ACTION_UP, keyCode=KEYCODE_VOLUME_DOWN, scanCode=114, metaState=0, flags=0x8, repeatCount=0, eventTime=1338590, downTime=1338470, deviceId=8, source=0x101 } to com.android.internal.policy.impl.PhoneWindow$DecorView{17b9e6e V.E..... R.....I. 0,0-0,0}
W/PhoneWindowManagerEx(  967): Call!!!getLGSystemUiVisibility. =0x0
D/StatusBarManagerServiceEx(  967): setLGSystemUiVisibility(0x0)
D/StatusBarManagerServiceEx(  967): manageNaviBtnDisableList userId=0 what=0x0 pkg=WindowManager.LayoutParams
V/WindowManager(  967): PWM updateSystemUiVisibilityLw diffLG == 0 
V/WindowManager(  967): PWM updateSystemUiVisibilityLw diffLG == 0 
V/WindowManager(  967): PWM updateSystemUiVisibilityLw diffLG == 0 
V/WindowManager(  967): PWM updateSystemUiVisibilityLw diffLG == 0 
V/WindowManager(  967): PWM updateSystemUiVisibilityLw diffLG == 0 
D/PhoneWindowManagerEx(  967): interceptKeyTq keycode=25 down=true interactive=true policyFlags=22000000 injected=false keyguardActive=false
D/WindowManager(  967): interceptKeyTq keycode=25 interactive=true keyguardActive=false policyFlags=22000000
I/LGShortcutManager(  967): cancelPendingVolumeDownLongKeyChord
D/PhoneWindowManagerEx(  967): interceptKeyTi keyCode=25 down=true repeatCount=0 keyguardOn=false mHomePressed=false canceled=false
D/WindowManager(  967): interceptKeyTi keyCode=25 down=true repeatCount=0 keyguardOn=false mHomePressed=false canceled=false
D/PhoneWindowManagerEx(  967): interceptKeyTq keycode=25 down=false interactive=true policyFlags=22000000 injected=false keyguardActive=false
D/WindowManager(  967): interceptKeyTq keycode=25 interactive=true keyguardActive=false policyFlags=22000000
I/LGShortcutManager(  967): cancelPendingVolumeDownLongKeyChord
D/PhoneWindowManagerEx(  967): interceptKeyTi keyCode=25 down=true repeatCount=0 keyguardOn=false mHomePressed=false canceled=false
D/WindowManager(  967): interceptKeyTi keyCode=25 down=true repeatCount=0 keyguardOn=false mHomePressed=false canceled=false
I/ViewRootImpl( 6375): ViewRoot's KeyEvent { action=ACTION_DOWN, keyCode=KEYCODE_VOLUME_DOWN, scanCode=114, metaState=0, flags=0x8, repeatCount=0, eventTime=1339200, downTime=1339200, deviceId=8, source=0x101 } to com.android.internal.policy.impl.PhoneWindow$DecorView{17b9e6e V.E..... R.....I. 0,0-420,131}
D/PhoneWindowManagerEx(  967): interceptKeyTi keyCode=25 down=false repeatCount=0 keyguardOn=false mHomePressed=false canceled=false
D/WindowManager(  967): interceptKeyTi keyCode=25 down=false repeatCount=0 keyguardOn=false mHomePressed=false canceled=false
I/ViewRootImpl( 6375): ViewRoot's KeyEvent { action=ACTION_UP, keyCode=KEYCODE_VOLUME_DOWN, scanCode=114, metaState=0, flags=0x8, repeatCount=0, eventTime=1339340, downTime=1339200, deviceId=8, source=0x101 } to com.android.internal.policy.impl.PhoneWindow$DecorView{17b9e6e V.E..... R.....ID 0,0-420,131}
V/WindowOrientationListener(  967): Proposed rotation changed! : currentRotation=0, proposedRotation=0, oldProposedRotation=-1, predictedRotation=0, timeDeltaMS=50.098, isAccelerating=false, isFlat=false, isSwinging=false, isOverhead=false, timeUntilSettledMS=0.0, timeUntilAccelerationDelayExpiredMS=0.0, timeUntilFlatDelayExpiredMS=0.0, timeUntilSwingDelayExpiredMS=0.0
V/WindowManager(  967): PWM updateSystemUiVisibilityLw diffLG == 0 
V/WindowManager(  967): PWM Call!!! Statusbar.setSystemUIVisibility 
W/PhoneWindowManagerEx(  967): Call!!!getLGSystemUiVisibility. =0x0
D/StatusBarManagerServiceEx(  967): setLGSystemUiVisibility(0x0)
D/StatusBarManagerServiceEx(  967): manageNaviBtnDisableList userId=0 what=0x0 pkg=WindowManager.LayoutParams
V/WindowManager(  967): PWM updateSystemUiVisibilityLw diffLG == 0 
V/WindowManager(  967): PWM updateSystemUiVisibilityLw diffLG == 0 
V/WindowManager(  967): PWM updateSystemUiVisibilityLw diffLG == 0 
--------- beginning of main
V/MediaPlayer[Native]( 6375): getDuration_l
V/MediaPlayerService(  271): [7] getDuration = 207026
V/MediaPlayer[Native]( 6375): getDuration_l
V/MediaPlayerService(  271): [7] getDuration = 207026
V/MediaPlayer[Native]( 6375): getCurrentPosition
V/MediaPlayerService(  271): [7] getCurrentPosition = 8225
I/MusicBrowser( 6375): [MusicUtils.java:5914:handleMessage()] oooooo update Nowplaying msg.what = 1
V/MediaPlayer[Native]( 6375): getDuration_l
V/MediaPlayerService(  271): [7] getDuration = 207026
V/MediaPlayer[Native]( 6375): getDuration_l
V/MediaPlayerService(  271): [7] getDuration = 207026
V/MediaPlayer[Native]( 6375): getCurrentPosition
V/MediaPlayerService(  271): [7] getCurrentPosition = 8480
I/MusicBrowser( 6375): [MusicUtils.java:5914:handleMessage()] oooooo update Nowplaying msg.what = 1
V/MediaPlayer[Native]( 6375): getDuration_l
V/MediaPlayerService(  271): [7] getDuration = 207026
V/MediaPlayer[Native]( 6375): getDuration_l
V/MediaPlayerService(  271): [7] getDuration = 207026
V/MediaPlayer[Native]( 6375): getCurrentPosition
V/MediaPlayerService(  271): [7] getCurrentPosition = 8730
I/MusicBrowser( 6375): [MusicUtils.java:5914:handleMessage()] oooooo update Nowplaying msg.what = 1
V/MediaPlayer[Native]( 6375): getDuration_l
V/MediaPlayerService(  271): [7] getDuration = 207026
V/MediaPlayer[Native]( 6375): getDuration_l
V/MediaPlayerService(  271): [7] getDuration = 207026
V/MediaPlayer[Native]( 6375): getCurrentPosition
V/MediaPlayerService(  271): [7] getCurrentPosition = 8985
D/MusicBrowser( 6375): [MediaPlaybackActivity.java:7024:handleMessage()] oooooo mHandler message.what = 1
V/MediaPlayer[Native]( 6375): getDuration_l
V/MediaPlayerService(  271): [7] getDuration = 207026
V/MediaPlayer[Native]( 6375): getCurrentPosition
V/MediaPlayerService(  271): [7] getCurrentPosition = 9000
I/MusicBrowser( 6375): [MediaPlaybackActivity.java:onProgressChanged()] oooooo 
I/MusicBrowser( 6375): [MusicUtils.java:5914:handleMessage()] oooooo update Nowplaying msg.what = 1
V/MediaPlayer[Native]( 6375): getDuration_l
V/MediaPlayerService(  271): [7] getDuration = 207026
V/MediaPlayer[Native]( 6375): getDuration_l
V/MediaPlayerService(  271): [7] getDuration = 207026
V/MediaPlayer[Native]( 6375): getCurrentPosition
V/MediaPlayerService(  271): [7] getCurrentPosition = 9235
I/MusicBrowser( 6375): [MusicUtils.java:5914:handleMessage()] oooooo update Nowplaying msg.what = 1
V/MediaPlayer[Native]( 6375): getDuration_l
V/MediaPlayerService(  271): [7] getDuration = 207026
V/MediaPlayer[Native]( 6375): getDuration_l
V/MediaPlayerService(  271): [7] getDuration = 207026
V/MediaPlayer[Native]( 6375): getCurrentPosition
V/MediaPlayerService(  271): [7] getCurrentPosition = 9490
I/MusicBrowser( 6375): [MusicUtils.java:5914:handleMessage()] oooooo update Nowplaying msg.what = 1
V/MediaPlayer[Native]( 6375): getDuration_l
V/MediaPlayerService(  271): [7] getDuration = 207026
V/MediaPlayer[Native]( 6375): getDuration_l
V/MediaPlayerService(  271): [7] getDuration = 207026
V/MediaPlayer[Native]( 6375): getCurrentPosition
V/MediaPlayerService(  271): [7] getCurrentPosition = 9745
D/audio_hw_extn(  271): audio_extn_get_parameters: returns 
V/audio_hw_primary(  271): adev_get_parameters: exit: returns - 
I/str_params(  271): key: 'isSwIrrc' value: ''
D/LTEVTAdaptor( 2608): service is connecting. service may be null
D/PhoneApp( 2608): getIsInUseVoLTE : false
W/AudioPolicyManager(  271): unknown stream type type index:10
W/AudioPolicyManager(  271): unknown stream type type index:10
D/[SystemUI]VolumeSlider( 2400): seekbar maxVolume = 15, volume = 5, plusone = 0
W/AudioPolicyManager(  271): unknown stream type type index:10
W/AudioPolicyManager(  271): unknown stream type type index:10
W/AudioPolicyManager(  271): unknown stream type type index:10
W/AudioPolicyManager(  271): unknown stream type type index:10
W/AudioPolicyManager(  271): unknown stream type type index:10
W/AudioPolicyManager(  271): unknown stream type type index:10
I/MusicBrowser( 6375): [MusicUtils.java:5914:handleMessage()] oooooo update Nowplaying msg.what = 1
V/MediaPlayer[Native]( 6375): getDuration_l
V/MediaPlayerService(  271): [7] getDuration = 207026
V/MediaPlayer[Native]( 6375): getDuration_l
V/MediaPlayerService(  271): [7] getDuration = 207026
V/MediaPlayer[Native]( 6375): getCurrentPosition
V/MediaPlayerService(  271): [7] getCurrentPosition = 9995
D/MusicBrowser( 6375): [MediaPlaybackActivity.java:7024:handleMessage()] oooooo mHandler message.what = 1
V/MediaPlayer[Native]( 6375): getDuration_l
V/MediaPlayerService(  271): [7] getDuration = 207026
V/MediaPlayer[Native]( 6375): getCurrentPosition
V/MediaPlayerService(  271): [7] getCurrentPosition = 10005
I/MusicBrowser( 6375): [MediaPlaybackActivity.java:onProgressChanged()] oooooo 
D/audio_hw_primary(  271): copl(0xb4391f00):out of compress_wait
V/AudioFlinger(  271): asyncCallback() event 0
V/audio_hw_primary(  271): offload_thread_loop SLEEPING
V/AudioFlinger(  271): AsyncCallbackThread mWriteAckSequence 23 mDrainSequence 0
V/AudioFlinger(  271): async completion/wake
V/AudioFlinger(  271): OffloadThread::prepareTracks_l active tracks 1
D/audio_hw_primary(  271): copl(0xb4391f00): writing buffer (245760 bytes) to compress device
V/AudioFlinger(  271): OffloadThread::prepareTracks_l active tracks 1
D/audio_hw_primary(  271): copl(0xb4391f00): writing buffer (245760 bytes) to compress device
D/audio_hw_primary(  271): No space available in compress driver, post msg to cb thread
V/audio_hw_primary(  271): offload_thread_loop RUNNING
D/audio_hw_primary(  271): copl(0xb4391f00):calling compress_wait
V/AudioFlinger(  271): wait async completion
I/MusicBrowser( 6375): [MusicUtils.java:5914:handleMessage()] oooooo update Nowplaying msg.what = 1
V/MediaPlayer[Native]( 6375): getDuration_l
V/MediaPlayerService(  271): [7] getDuration = 207026
V/MediaPlayer[Native]( 6375): getDuration_l
V/MediaPlayerService(  271): [7] getDuration = 207026
V/MediaPlayer[Native]( 6375): getCurrentPosition
V/MediaPlayerService(  271): [7] getCurrentPosition = 10250
V/LGRssiData( 2400): checkOperatorbaseonIMSI: No H3G
I/[SystemUI]StatusBar.NetworkController( 2400): onSignalStrengthsChanged signalStrength=SignalStrength: 99 0 -120 -160 -120 -1 -1 31 -73 -4 148 2147483647 2147483647 gsm|lte 0 level=5
