I/Atd     (  280): [ATD]downstream_fn: read... num_read = 0
I/Atd     (  280): [ATD]downstream_fn: read... num_read = 0
I/Atd     (  280): [ATD]downstream_fn: read... num_read = 0
I/Atd     (  280): [ATD]downstream_fn: read... num_read = 0
I/Atd     (  280): [ATD]downstream_fn: read... num_read = 0
I/Atd     (  280): [ATD]downstream_fn: read... num_read = 0
I/Atd     (  280): [ATD]downstream_fn: read... num_read = 0
I/Atd     (  280): [ATD]downstream_fn: read... num_read = 0
I/Atd     (  280): [ATD]downstream_fn: read... num_read = 0
I/Atd     (  280): [ATD]downstream_fn: read... num_read = 0
I/Atd     (  280): [ATD]downstream_fn: read... num_read = 0
I/Atd     (  280): [ATD]downstream_fn: read... num_read = 0
I/Atd     (  280): [ATD]downstream_fn: read... num_read = 0
I/Atd     (  280): [ATD]downstream_fn: read... num_read = 0
I/Atd     (  280): [ATD]downstream_fn: read... num_read = 0
I/Atd     (  280): [ATD]downstream_fn: read... num_read = 0
I/Atd     (  280): [ATD]downstream_fn: read... num_read = 0
I/Atd     (  280): [ATD]downstream_fn: read... num_read = 0
I/Atd     (  280): [ATD]downstream_fn: read... num_read = 0
I/Atd     (  280): [ATD]downstream_fn: read... num_read = 0
I/Atd     (  280): [ATD]downstream_fn: read... num_read = 0
I/Atd     (  280): [ATD]downstream_fn: read... num_read = 0
I/Atd     (  280): [ATD]downstream_fn: read... num_read = 0
I/Atd     (  280): [ATD]downstream_fn: read... num_read = 0
I/Atd     (  280): [ATD]downstream_fn: read... num_read = 0
I/Atd     (  280): [ATD]downstream_fn: read... num_read = 0
I/Atd     (  280): [ATD]downstream_fn: read... num_read = 0
I/Atd     (  280): [ATD]downstream_fn: read... num_read = 0
I/Atd     (  280): [ATD]downstream_fn: read... num_read = 0
I/Atd     (  280): [ATD]downstream_fn: read... num_read = 0
I/Atd     (  280): [ATD]downstream_fn: read... num_read = 0
I/Atd     (  280): [ATD]downstream_fn: read... num_read = 0
I/Atd     (  280): [ATD]downstream_fn: read... num_read = 0
I/Atd     (  280): [ATD]downstream_fn: read... num_read = 0
I/Atd     (  280): [ATD]downstream_fn: read... num_read = 0
I/Atd     (  280): [ATD]downstream_fn: read... num_read = 0
I/Atd     (  280): [ATD]downstream_fn: read... num_read = 0
I/Atd     (  280): [ATD]downstream_fn: read... num_read = 0
I/Atd     (  280): [ATD]downstream_fn: read... num_read = 0
I/Atd     (  280): [ATD]downstream_fn: read... num_read = 0
I/Atd     (  280): [ATD]downstream_fn: read... num_read = 0
I/Atd     (  280): [ATD]downstream_fn: read... num_read = 0
I/Atd     (  280): [ATD]downstream_fn: read... num_read = 0
I/Atd     (  280): [ATD]downstream_fn: read... num_read = 0
I/Atd     (  280): [ATD]downstream_fn: read... num_read = 0
I/Atd     (  280): [ATD]downstream_fn: read... num_read = 0
I/Atd     (  280): [ATD]downstream_fn: read... num_read = 0
I/Atd     (  280): [ATD]downstream_fn: read... num_read = 0
I/Atd     (  280): [ATD]downstream_fn: read... num_read = 0
I/Atd     (  280): [ATD]downstream_fn: read... num_read = 0
I/Atd     (  280): [ATD]downstream_fn: read... num_read = 0
I/Atd     (  280): [ATD]downstream_fn: read... num_read = 0
I/Atd     (  280): [ATD]downstream_fn: read... num_read = 0
I/Atd     (  280): [ATD]downstream_fn: read... num_read = 0
I/Atd     (  280): [ATD]downstream_fn: read... num_read = 0
I/Atd     (  280): [ATD]downstream_fn: read... num_read = 0
I/Atd     (  280): [ATD]downstream_fn: read... num_read = 0
I/Atd     (  280): [ATD]downstream_fn: read... num_read = 0
I/Atd     (  280): [ATD]downstream_fn: read... num_read = 0
I/Atd     (  280): [ATD]downstream_fn: read... num_read = 0
I/Atd     (  280): [ATD]downstream_fn: read... num_read = 0
I/Atd     (  280): [ATD]downstream_fn: read... num_read = 0
I/Atd     (  280): [ATD]downstream_fn: read... num_read = 0
I/Atd     (  280): [ATD]downstream_fn: read... num_read = 0
I/Atd     (  280): [ATD]downstream_fn: read... num_read = 0
I/Atd     (  280): [ATD]downstream_fn: read... num_read = 0
I/Atd     (  280): [ATD]downstream_fn: read... num_read = 0
I/Atd     (  280): [ATD]downstream_fn: read... num_read = 0
I/Atd     (  280): [ATD]downstream_fn: read... num_read = 0
I/Atd     (  280): [ATD]downstream_fn: read... num_read = 0
I/Atd     (  280): [ATD]downstream_fn: read... num_read = 0
I/Atd     (  280): [ATD]downstream_fn: read... num_read = 0
I/Atd     (  280): [ATD]downstream_fn: read... num_read = 0
I/Atd     (  280): [ATD]downstream_fn: read... num_read = 0
I/Atd     (  280): [ATD]downstream_fn: read... num_read = 0
I/Atd     (  280): [ATD]downstream_fn: read... num_read = 0
I/Atd     (  280): [ATD]downstream_fn: read... num_read = 0
I/Atd     (  280): [ATD]downstream_fn: read... num_read = 0
I/Atd     (  280): [ATD]downstream_fn: read... num_read = 0
I/Atd     (  280): [ATD]downstream_fn: read... num_read = 0
I/Atd     (  280): [ATD]downstream_fn: read... num_read = 0
I/Atd     (  280): [ATD]downstream_fn: read... num_read = 0
I/Atd     (  280): [ATD]downstream_fn: read... num_read = 0
I/Atd     (  280): [ATD]downstream_fn: read... num_read = 0
I/Atd     (  280): [ATD]downstream_fn: read... num_read = 0
I/Atd     (  280): [ATD]downstream_fn: read... num_read = 0
I/Atd     (  280): [ATD]downstream_fn: read... num_read = 0
I/Atd     (  280): [ATD]downstream_fn: read... num_read = 0
I/Atd     (  280): [ATD]downstream_fn: read... num_read = 0
I/Atd     (  280): [ATD]downstream_fn: read... num_read = 0
I/Atd     (  280): [ATD]downstream_fn: read... num_read = 0
I/Atd     (  280): [ATD]downstream_fn: read... num_read = 0
I/Atd     (  280): [ATD]downstream_fn: read... num_read = 0
I/Atd     (  280): [ATD]downstream_fn: read... num_read = 0
I/Atd     (  280): [ATD]downstream_fn: read... num_read = 0
I/Atd     (  280): [ATD]downstream_fn: read... num_read = 0
I/Atd     (  280): [ATD]downstream_fn: read... num_read = 0
I/Atd     (  280): [ATD]downstream_fn: read... num_read = 0
I/Atd     (  280): [ATD]downstream_fn: read... num_read = 0
I/Atd     (  280): [ATD]downstream_fn: read... num_read = 0
I/Atd     (  280): [ATD]downstream_fn: read... num_read = 0
I/Atd     (  280): [ATD]downstream_fn: read... num_read = 0
I/Atd     (  280): [ATD]downstream_fn: read... num_read = 0
I/Atd     (  280): [ATD]downstream_fn: read... num_read = 0
I/Atd     (  280): [ATD]downstream_fn: read... num_read = 0
I/Atd     (  280): [ATD]downstream_fn: read... num_read = 0
I/Atd     (  280): [ATD]downstream_fn: read... num_read = 0
I/Atd     (  280): [ATD]downstream_fn: read... num_read = 0
I/Atd     (  280): [ATD]downstream_fn: read... num_read = 0
I/Atd     (  280): [ATD]downstream_fn: read... num_read = 0
I/Atd     (  280): [ATD]downstream_fn: read... num_read = 0
I/Atd     (  280): [ATD]downstream_fn: read... num_read = 0
I/Atd     (  280): [ATD]downstream_fn: read... num_read = 0
I/Atd     (  280): [ATD]downstream_fn: read... num_read = 0
I/Atd     (  280): [ATD]downstream_fn: read... num_read = 0
I/Atd     (  280): [ATD]downstream_fn: read... num_read = 0
I/Atd     (  280): [ATD]downstream_fn: read... num_read = 0
I/Atd     (  280): [ATD]downstream_fn: read... num_read = 0
I/Atd     (  280): [ATD]downstream_fn: read... num_read = 0
I/Atd     (  280): [ATD]downstream_fn: read... num_read = 0
I/Atd     (  280): [ATD]downstream_fn: read... num_read = 0
I/Atd     (  280): [ATD]downstream_fn: read... num_read = 0
I/Atd     (  280): [ATD]downstream_fn: read... num_read = 0
I/Atd     (  280): [ATD]downstream_fn: read... num_read = 0
I/Atd     (  280): [ATD]downstream_fn: read... num_read = 0
I/Atd     (  280): [ATD]downstream_fn: read... num_read = 0
I/Atd     (  280): [ATD]downstream_fn: read... num_read = 0
I/Atd     (  280): [ATD]downstream_fn: read... num_read = 0
I/Atd     (  280): [ATD]downstream_fn: read... num_read = 0
I/Atd     (  280): [ATD]downstream_fn: read... num_read = 0
I/Atd     (  280): [ATD]downstream_fn: read... num_read = 0
I/Atd     (  280): [ATD]downstream_fn: read... num_read = 0
I/Atd     (  280): [ATD]downstream_fn: read... num_read = 0
I/Atd     (  280): [ATD]downstream_fn: read... num_read = 0
I/Atd     (  280): [ATD]downstream_fn: read... num_read = 0
I/Atd     (  280): [ATD]downstream_fn: read... num_read = 0
I/Atd     (  280): [ATD]downstream_fn: read... num_read = 0
I/Atd     (  280): [ATD]downstream_fn: read... num_read = 0
I/Atd     (  280): [ATD]downstream_fn: read... num_read = 0
I/Atd     (  280): [ATD]downstream_fn: read... num_read = 0
I/Atd     (  280): [ATD]downstream_fn: read... num_read = 0
I/Atd     (  280): [ATD]downstream_fn: read... num_read = 0
I/Atd     (  280): [ATD]downstream_fn: read... num_read = 0
I/Atd     (  280): [ATD]downstream_fn: read... num_read = 0
I/Atd     (  280): [ATD]downstream_fn: read... num_read = 0
I/Atd     (  280): [ATD]downstream_fn: read... num_read = 0
I/Atd     (  280): [ATD]downstream_fn: read... num_read = 0
I/Atd     (  280): [ATD]downstream_fn: read... num_read = 0
I/Atd     (  280): [ATD]downstream_fn: read... num_read = 0
I/Atd     (  280): [ATD]downstream_fn: read... num_read = 0
I/Atd     (  280): [ATD]downstream_fn: read... num_read = 0
I/Atd     (  280): [ATD]downstream_fn: read... num_read = 0
I/Atd     (  280): [ATD]downstream_fn: read... num_read = 0
I/Atd     (  280): [ATD]downstream_fn: read... num_read = 0
I/Atd     (  280): [ATD]downstream_fn: read... num_read = 0
I/Atd     (  280): [ATD]downstream_fn: read... num_read = 0
I/Atd     (  280): [ATD]downstream_fn: read... num_read = 0
I/Atd     (  280): [ATD]downstream_fn: read... num_read = 0
I/Atd     (  280): [ATD]downstream_fn: read... num_read = 0
I/Atd     (  280): [ATD]downstream_fn: read... num_read = 0
I/Atd     (  280): [ATD]downstream_fn: read... num_read = 0
I/Atd     (  280): [ATD]downstream_fn: read... num_read = 0
I/Atd     (  280): [ATD]downstream_fn: read... num_read = 0
I/Atd     (  280): [ATD]downstream_fn: read... num_read = 0
I/Atd     (  280): [ATD]downstream_fn: read... num_read = 0
I/Atd     (  280): [ATD]downstream_fn: read... num_read = 0
I/Atd     (  280): [ATD]downstream_fn: read... num_read = 0
I/Atd     (  280): [ATD]downstream_fn: read... num_read = 0
I/Atd     (  280): [ATD]downstream_fn: read... num_read = 0
I/Atd     (  280): [ATD]downstream_fn: read... num_read = 0
I/Atd     (  280): [ATD]downstream_fn: read... num_read = 0
I/Atd     (  280): [ATD]downstream_fn: read... num_read = 0
I/Atd     (  280): [ATD]downstream_fn: read... num_read = 0
I/Atd     (  280): [ATD]downstream_fn: read... num_read = 0
I/Atd     (  280): [ATD]downstream_fn: read... num_read = 0
I/Atd     (  280): [ATD]downstream_fn: read... num_read = 0
I/Atd     (  280): [ATD]downstream_fn: read... num_read = 0
I/Atd     (  280): [ATD]downstream_fn: read... num_read = 0
I/Atd     (  280): [ATD]downstream_fn: read... num_read = 0
I/Atd     (  280): [ATD]downstream_fn: read... num_read = 0
I/Atd     (  280): [ATD]downstream_fn: read... num_read = 0
I/Atd     (  280): [ATD]downstream_fn: read... num_read = 0
I/Atd     (  280): [ATD]downstream_fn: read... num_read = 0
I/Atd     (  280): [ATD]downstream_fn: read... num_read = 0
I/Atd     (  280): [ATD]downstream_fn: read... num_read = 0
I/Atd     (  280): [ATD]downstream_fn: read... num_read = 0
I/Atd     (  280): [ATD]downstream_fn: read... num_read = 0
I/Atd     (  280): [ATD]downstream_fn: read... num_read = 0
I/Atd     (  280): [ATD]downstream_fn: read... num_read = 0
I/Atd     (  280): [ATD]downstream_fn: read... num_read = 0
I/Atd     (  280): [ATD]downstream_fn: read... num_read = 0
I/Atd     (  280): [ATD]downstream_fn: read... num_read = 0
I/Atd     (  280): [ATD]downstream_fn: read... num_read = 0
I/Atd     (  280): [ATD]downstream_fn: read... num_read = 0
I/Atd     (  280): [ATD]downstream_fn: read... num_read = 0
I/Atd     (  280): [ATD]downstream_fn: read... num_read = 0
I/Atd     (  280): [ATD]downstream_fn: read... num_read = 0
I/Atd     (  280): [ATD]downstream_fn: read... num_read = 0
I/Atd     (  280): [ATD]downstream_fn: read... num_read = 0
I/Atd     (  280): [ATD]downstream_fn: read... num_read = 0
I/Atd     (  280): [ATD]downstream_fn: read... num_read = 0
I/Atd     (  280): [ATD]downstream_fn: read... num_read = 0
I/Atd     (  280): [ATD]downstream_fn: read... num_read = 0
I/Atd     (  280): [ATD]downstream_fn: read... num_read = 0
I/Atd     (  280): [ATD]downstream_fn: read... num_read = 0
I/Atd     (  280): [ATD]downstream_fn: read... num_read = 0
I/Atd     (  280): [ATD]downstream_fn: read... num_read = 0
I/Atd     (  280): [ATD]downstream_fn: read... num_read = 0
I/Atd     (  280): [ATD]downstream_fn: read... num_read = 0
I/Atd     (  280): [ATD]downstream_fn: read... num_read = 0
I/Atd     (  280): [ATD]downstream_fn: read... num_read = 0
I/Atd     (  280): [ATD]downstream_fn: read... num_read = 0
I/Atd     (  280): [ATD]downstream_fn: read... num_read = 0
I/Atd     (  280): [ATD]downstream_fn: read... num_read = 0
I/Atd     (  280): [ATD]downstream_fn: read... num_read = 0
I/Atd     (  280): [ATD]downstream_fn: read... num_read = 0
I/Atd     (  280): [ATD]downstream_fn: read... num_read = 0
I/Atd     (  280): [ATD]downstream_fn: read... num_read = 0
I/Atd     (  280): [ATD]downstream_fn: read... num_read = 0
I/Atd     (  280): [ATD]downstream_fn: read... num_read = 0
I/Atd     (  280): [ATD]downstream_fn: read... num_read = 0
I/Atd     (  280): [ATD]downstream_fn: read... num_read = 0
I/Atd     (  280): [ATD]downstream_fn: read... num_read = 0
I/Atd     (  280): [ATD]downstream_fn: read... num_read = 0
I/Atd     (  280): [ATD]downstream_fn: read... num_read = 0
I/Atd     (  280): [ATD]downstream_fn: read... num_read = 0
I/Atd     (  280): [ATD]downstream_fn: read... num_read = 0
I/Atd     (  280): [ATD]downstream_fn: read... num_read = 0
I/Atd     (  280): [ATD]downstream_fn: read... num_read = 0
I/Atd     (  280): [ATD]downstream_fn: read... num_read = 0
I/Atd     (  280): [ATD]downstream_fn: read... num_read = 0
I/Atd     (  280): [ATD]downstream_fn: read... num_read = 0
I/Atd     (  280): [ATD]downstream_fn: read... num_read = 0
I/Atd     (  280): [ATD]downstream_fn: read... num_read = 0
I/Atd     (  280): [ATD]downstream_fn: read... num_read = 0
I/Atd     (  280): [ATD]downstream_fn: read... num_read = 0
I/Atd     (  280): [ATD]downstream_fn: read... num_read = 0
I/Atd     (  280): [ATD]downstream_fn: read... num_read = 0
I/Atd     (  280): [ATD]downstream_fn: read... num_read = 0
I/Atd     (  280): [ATD]downstream_fn: read... num_read = 0
I/Atd     (  280): [ATD]downstream_fn: read... num_read = 0
I/Atd     (  280): [ATD]downstream_fn: read... num_read = 0
I/Atd     (  280): [ATD]downstream_fn: read... num_read = 0
I/Atd     (  280): [ATD]downstream_fn: read... num_read = 0
I/Atd     (  280): [ATD]downstream_fn: read... num_read = 0
I/Atd     (  280): [ATD]downstream_fn: read... num_read = 0
I/Atd     (  280): [ATD]downstream_fn: read... num_read = 0
I/Atd     (  280): [ATD]downstream_fn: read... num_read = 0
I/Atd     (  280): [ATD]downstream_fn: read... num_read = 0
I/Atd     (  280): [ATD]downstream_fn: read... num_read = 0
I/Atd     (  280): [ATD]downstream_fn: read... num_read = 0
I/Atd     (  280): [ATD]downstream_fn: read... num_read = 0
I/Atd     (  280): [ATD]downstream_fn: read... num_read = 0
I/Atd     (  280): [ATD]downstream_fn: read... num_read = 0
I/Atd     (  280): [ATD]downstream_fn: read... num_read = 0
I/Atd     (  280): [ATD]downstream_fn: read... num_read = 0
I/Atd     (  280): [ATD]downstream_fn: read... num_read = 0
I/Atd     (  280): [ATD]downstream_fn: read... num_read = 0
I/Atd     (  280): [ATD]downstream_fn: read... num_read = 0
I/Atd     (  280): [ATD]downstream_fn: read... num_read = 0
I/Atd     (  280): [ATD]downstream_fn: read... num_read = 0
I/Atd     (  280): [ATD]downstream_fn: read... num_read = 0
I/Atd     (  280): [ATD]downstream_fn: read... num_read = 0
I/Atd     (  280): [ATD]downstream_fn: read... num_read = 0
I/Atd     (  280): [ATD]downstream_fn: read... num_read = 0
I/Atd     (  280): [ATD]downstream_fn: read... num_read = 0
I/Atd     (  280): [ATD]downstream_fn: read... num_read = 0
I/Atd     (  280): [ATD]downstream_fn: read... num_read = 0
I/Atd     (  280): [ATD]downstream_fn: read... num_read = 0
I/Atd     (  280): [ATD]downstream_fn: read... num_read = 0
I/Atd     (  280): [ATD]downstream_fn: read... num_read = 0
I/Atd     (  280): [ATD]downstream_fn: read... num_read = 0
I/Atd     (  280): [ATD]downstream_fn: read... num_read = 0
I/Atd     (  280): [ATD]downstream_fn: read... num_read = 0
I/Atd     (  280): [ATD]downstream_fn: read... num_read = 0
I/Atd     (  280): [ATD]downstream_fn: read... num_read = 0
I/Atd     (  280): [ATD]downstream_fn: read... num_read = 0
I/Atd     (  280): [ATD]downstream_fn: read... num_read = 0
I/Atd     (  280): [ATD]downstream_fn: read... num_read = 0
I/Atd     (  280): [ATD]downstream_fn: read... num_read = 0
I/Atd     (  280): [ATD]downstream_fn: read... num_read = 0
I/Atd     (  280): [ATD]downstream_fn: read... num_read = 0
I/Atd     (  280): [ATD]downstream_fn: read... num_read = 0
I/Atd     (  280): [ATD]downstream_fn: read... num_read = 0
I/Atd     (  280): [ATD]downstream_fn: read... num_read = 0
I/Atd     (  280): [ATD]downstream_fn: read... num_read = 0
I/Atd     (  280): [ATD]downstream_fn: read... num_read = 0
I/Atd     (  280): [ATD]downstream_fn: read... num_read = 0
I/Atd     (  280): [ATD]downstream_fn: read... num_read = 0
I/Atd     (  280): [ATD]downstream_fn: read... num_read = 0
I/Atd     (  280): [ATD]downstream_fn: read... num_read = 0
I/Atd     (  280): [ATD]downstream_fn: read... num_read = 0
I/Atd     (  280): [ATD]downstream_fn: read... num_read = 0
I/Atd     (  280): [ATD]downstream_fn: read... num_read = 0
I/Atd     (  280): [ATD]downstream_fn: read... num_read = 0
I/Atd     (  280): [ATD]downstream_fn: read... num_read = 0
I/Atd     (  280): [ATD]downstream_fn: read... num_read = 0
D/NotificationServiceEx(  967): updateLightListLocked :r=-1|com.android.systemui|2130839016|null|10025, action=2
I/Atd     (  280): [ATD]downstream_fn: read... num_read = 0
I/Atd     (  280): [ATD]downstream_fn: read... num_read = 0
I/Atd     (  280): [ATD]downstream_fn: read... num_read = 0
I/Atd     (  280): [ATD]downstream_fn: read... num_read = 0
I/Atd     (  280): [ATD]downstream_fn: read... num_read = 0
I/Atd     (  280): [ATD]downstream_fn: read... num_read = 0
I/Atd     (  280): [ATD]downstream_fn: read... num_read = 0
I/Atd     (  280): [ATD]downstream_fn: read... num_read = 0
I/Atd     (  280): [ATD]downstream_fn: read... num_read = 0
I/Atd     (  280): [ATD]downstream_fn: read... num_read = 0
I/Atd     (  280): [ATD]downstream_fn: read... num_read = 0
I/Atd     (  280): [ATD]downstream_fn: read... num_read = 0
I/Atd     (  280): [ATD]downstream_fn: read... num_read = 0
I/Atd     (  280): [ATD]downstream_fn: read... num_read = 0
I/Atd     (  280): [ATD]downstream_fn: read... num_read = 0
I/Atd     (  280): [ATD]downstream_fn: read... num_read = 0
I/Atd     (  280): [ATD]downstream_fn: read... num_read = 0
I/Atd     (  280): [ATD]downstream_fn: read... num_read = 0
I/Atd     (  280): [ATD]downstream_fn: read... num_read = 0
I/Atd     (  280): [ATD]downstream_fn: read... num_read = 0
I/Atd     (  280): [ATD]downstream_fn: read... num_read = 0
I/Atd     (  280): [ATD]downstream_fn: read... num_read = 0
I/Atd     (  280): [ATD]downstream_fn: read... num_read = 0
I/Atd     (  280): [ATD]downstream_fn: read... num_read = 0
I/Atd     (  280): [ATD]downstream_fn: read... num_read = 0
I/Atd     (  280): [ATD]downstream_fn: read... num_read = 0
I/Atd     (  280): [ATD]downstream_fn: read... num_read = 0
I/Atd     (  280): [ATD]downstream_fn: read... num_read = 0
I/Atd     (  280): [ATD]downstream_fn: read... num_read = 0
I/Atd     (  280): [ATD]downstream_fn: read... num_read = 0
I/Atd     (  280): [ATD]downstream_fn: read... num_read = 0
I/Atd     (  280): [ATD]downstream_fn: read... num_read = 0
I/Atd     (  280): [ATD]downstream_fn: read... num_read = 0
I/Atd     (  280): [ATD]downstream_fn: read... num_read = 0
D/WifiController(  967): battery changed pluggedType: 0
I/Atd     (  280): [ATD]downstream_fn: read... num_read = 0
I/Atd     (  280): [ATD]downstream_fn: read... num_read = 0
I/Atd     (  280): [ATD]downstream_fn: read... num_read = 0
I/Atd     (  280): [ATD]downstream_fn: read... num_read = 0
I/Atd     (  280): [ATD]downstream_fn: read... num_read = 0
I/Atd     (  280): [ATD]downstream_fn: read... num_read = 0
I/Atd     (  280): [ATD]downstream_fn: read... num_read = 0
I/Atd     (  280): [ATD]downstream_fn: read... num_read = 0
I/Atd     (  280): [ATD]downstream_fn: read... num_read = 0
I/Atd     (  280): [ATD]downstream_fn: read... num_read = 0
I/Atd     (  280): [ATD]downstream_fn: read... num_read = 0
I/Atd     (  280): [ATD]downstream_fn: read... num_read = 0
I/Atd     (  280): [ATD]downstream_fn: read... num_read = 0
I/Atd     (  280): [ATD]downstream_fn: read... num_read = 0
I/Atd     (  280): [ATD]downstream_fn: read... num_read = 0
I/Atd     (  280): [ATD]downstream_fn: read... num_read = 0
I/Atd     (  280): [ATD]downstream_fn: read... num_read = 0
I/Atd     (  280): [ATD]downstream_fn: read... num_read = 0
I/Atd     (  280): [ATD]downstream_fn: read... num_read = 0
I/Atd     (  280): [ATD]downstream_fn: read... num_read = 0
I/Atd     (  280): [ATD]downstream_fn: read... num_read = 0
I/Atd     (  280): [ATD]downstream_fn: read... num_read = 0
I/Atd     (  280): [ATD]downstream_fn: read... num_read = 0
I/Atd     (  280): [ATD]downstream_fn: read... num_read = 0
I/Atd     (  280): [ATD]downstream_fn: read... num_read = 0
I/Atd     (  280): [ATD]downstream_fn: read... num_read = 0
I/Atd     (  280): [ATD]downstream_fn: read... num_read = 0
I/Atd     (  280): [ATD]downstream_fn: read... num_read = 0
I/Atd     (  280): [ATD]downstream_fn: read... num_read = 0
I/Atd     (  280): [ATD]downstream_fn: read... num_read = 0
I/Atd     (  280): [ATD]downstream_fn: read... num_read = 0
I/Atd     (  280): [ATD]downstream_fn: read... num_read = 0
I/Atd     (  280): [ATD]downstream_fn: read... num_read = 0
I/Atd     (  280): [ATD]downstream_fn: read... num_read = 0
I/Atd     (  280): [ATD]downstream_fn: read... num_read = 0
I/Atd     (  280): [ATD]downstream_fn: read... num_read = 0
I/Atd     (  280): [ATD]downstream_fn: read... num_read = 0
I/Atd     (  280): [ATD]downstream_fn: read... num_read = 0
I/Atd     (  280): [ATD]downstream_fn: read... num_read = 0
I/Atd     (  280): [ATD]downstream_fn: read... num_read = 0
I/Atd     (  280): [ATD]downstream_fn: read... num_read = 0
I/Atd     (  280): [ATD]downstream_fn: read... num_read = 0
I/Atd     (  280): [ATD]downstream_fn: read... num_read = 0
I/Atd     (  280): [ATD]downstream_fn: read... num_read = 0
I/Atd     (  280): [ATD]downstream_fn: read... num_read = 0
I/Atd     (  280): [ATD]downstream_fn: read... num_read = 0
I/Atd     (  280): [ATD]downstream_fn: read... num_read = 0
I/Atd     (  280): [ATD]downstream_fn: read... num_read = 0
I/Atd     (  280): [ATD]downstream_fn: read... num_read = 0
I/Atd     (  280): [ATD]downstream_fn: read... num_read = 0
I/Atd     (  280): [ATD]downstream_fn: read... num_read = 0
I/Atd     (  280): [ATD]downstream_fn: read... num_read = 0
I/Atd     (  280): [ATD]downstream_fn: read... num_read = 0
I/Atd     (  280): [ATD]downstream_fn: read... num_read = 0
I/Atd     (  280): [ATD]downstream_fn: read... num_read = 0
I/Atd     (  280): [ATD]downstream_fn: read... num_read = 0
I/Atd     (  280): [ATD]downstream_fn: read... num_read = 0
I/Atd     (  280): [ATD]downstream_fn: read... num_read = 0
I/Atd     (  280): [ATD]downstream_fn: read... num_read = 0
I/Atd     (  280): [ATD]downstream_fn: read... num_read = 0
I/Atd     (  280): [ATD]downstream_fn: read... num_read = 0
I/Atd     (  280): [ATD]downstream_fn: read... num_read = 0
I/Atd     (  280): [ATD]downstream_fn: read... num_read = 0
I/Atd     (  280): [ATD]downstream_fn: read... num_read = 0
I/Atd     (  280): [ATD]downstream_fn: read... num_read = 0
I/Atd     (  280): [ATD]downstream_fn: read... num_read = 0
I/Atd     (  280): [ATD]downstream_fn: read... num_read = 0
I/Atd     (  280): [ATD]downstream_fn: read... num_read = 0
I/Atd     (  280): [ATD]downstream_fn: read... num_read = 0
I/Atd     (  280): [ATD]downstream_fn: read... num_read = 0
I/Atd     (  280): [ATD]downstream_fn: read... num_read = 0
I/Atd     (  280): [ATD]downstream_fn: read... num_read = 0
I/Atd     (  280): [ATD]downstream_fn: read... num_read = 0
I/Atd     (  280): [ATD]downstream_fn: read... num_read = 0
I/Atd     (  280): [ATD]downstream_fn: read... num_read = 0
I/Atd     (  280): [ATD]downstream_fn: read... num_read = 0
I/Atd     (  280): [ATD]downstream_fn: read... num_read = 0
I/Atd     (  280): [ATD]downstream_fn: read... num_read = 0
I/Atd     (  280): [ATD]downstream_fn: read... num_read = 0
I/Atd     (  280): [ATD]downstream_fn: read... num_read = 0
I/Atd     (  280): [ATD]downstream_fn: read... num_read = 0
I/Atd     (  280): [ATD]downstream_fn: read... num_read = 0
I/Atd     (  280): [ATD]downstream_fn: read... num_read = 0
I/Atd     (  280): [ATD]downstream_fn: read... num_read = 0
I/Atd     (  280): [ATD]downstream_fn: read... num_read = 0
I/Atd     (  280): [ATD]downstream_fn: read... num_read = 0
I/Atd     (  280): [ATD]downstream_fn: read... num_read = 0
I/Atd     (  280): [ATD]downstream_fn: read... num_read = 0
I/Atd     (  280): [ATD]downstream_fn: read... num_read = 0
I/Atd     (  280): [ATD]downstream_fn: read... num_read = 0
I/Atd     (  280): [ATD]downstream_fn: read... num_read = 0
I/Atd     (  280): [ATD]downstream_fn: read... num_read = 0
I/Atd     (  280): [ATD]downstream_fn: read... num_read = 0
I/Atd     (  280): [ATD]downstream_fn: read... num_read = 0
I/Atd     (  280): [ATD]downstream_fn: read... num_read = 0
I/Atd     (  280): [ATD]downstream_fn: read... num_read = 0
I/Atd     (  280): [ATD]downstream_fn: read... num_read = 0
I/Atd     (  280): [ATD]downstream_fn: read... num_read = 0
I/Atd     (  280): [ATD]downstream_fn: read... num_read = 0
I/Atd     (  280): [ATD]downstream_fn: read... num_read = 0
I/Atd     (  280): [ATD]downstream_fn: read... num_read = 0
I/Atd     (  280): [ATD]downstream_fn: read... num_read = 0
I/Atd     (  280): [ATD]downstream_fn: read... num_read = 0
I/Atd     (  280): [ATD]downstream_fn: read... num_read = 0
I/Atd     (  280): [ATD]downstream_fn: read... num_read = 0
I/Atd     (  280): [ATD]downstream_fn: read... num_read = 0
I/Atd     (  280): [ATD]downstream_fn: read... num_read = 0
I/Atd     (  280): [ATD]downstream_fn: read... num_read = 0
I/Atd     (  280): [ATD]downstream_fn: read... num_read = 0
I/Atd     (  280): [ATD]downstream_fn: read... num_read = 0
I/Atd     (  280): [ATD]downstream_fn: read... num_read = 0
I/Atd     (  280): [ATD]downstream_fn: read... num_read = 0
I/Atd     (  280): [ATD]downstream_fn: read... num_read = 0
I/Atd     (  280): [ATD]downstream_fn: read... num_read = 0
I/Atd     (  280): [ATD]downstream_fn: read... num_read = 0
I/Atd     (  280): [ATD]downstream_fn: read... num_read = 0
I/Atd     (  280): [ATD]downstream_fn: read... num_read = 0
I/Atd     (  280): [ATD]downstream_fn: read... num_read = 0
I/Atd     (  280): [ATD]downstream_fn: read... num_read = 0
I/Atd     (  280): [ATD]downstream_fn: read... num_read = 0
I/Atd     (  280): [ATD]downstream_fn: read... num_read = 0
I/Atd     (  280): [ATD]downstream_fn: read... num_read = 0
I/Atd     (  280): [ATD]downstream_fn: read... num_read = 0
I/Atd     (  280): [ATD]downstream_fn: read... num_read = 0
I/Atd     (  280): [ATD]downstream_fn: read... num_read = 0
I/Atd     (  280): [ATD]downstream_fn: read... num_read = 0
I/Atd     (  280): [ATD]downstream_fn: read... num_read = 0
I/Atd     (  280): [ATD]downstream_fn: read... num_read = 0
I/Atd     (  280): [ATD]downstream_fn: read... num_read = 0
I/Atd     (  280): [ATD]downstream_fn: read... num_read = 0
I/Atd     (  280): [ATD]downstream_fn: read... num_read = 0
I/Atd     (  280): [ATD]downstream_fn: read... num_read = 0
I/Atd     (  280): [ATD]downstream_fn: read... num_read = 0
I/Atd     (  280): [ATD]downstream_fn: read... num_read = 0
I/Atd     (  280): [ATD]downstream_fn: read... num_read = 0
I/Atd     (  280): [ATD]downstream_fn: read... num_read = 0
I/Atd     (  280): [ATD]downstream_fn: read... num_read = 0
I/Atd     (  280): [ATD]downstream_fn: read... num_read = 0
I/Atd     (  280): [ATD]downstream_fn: read... num_read = 0
I/Atd     (  280): [ATD]downstream_fn: read... num_read = 0
I/Atd     (  280): [ATD]downstream_fn: read... num_read = 0
I/Atd     (  280): [ATD]downstream_fn: read... num_read = 0
I/Atd     (  280): [ATD]downstream_fn: read... num_read = 0
I/Atd     (  280): [ATD]downstream_fn: read... num_read = 0
I/Atd     (  280): [ATD]downstream_fn: read... num_read = 0
I/Atd     (  280): [ATD]downstream_fn: read... num_read = 0
I/Atd     (  280): [ATD]downstream_fn: read... num_read = 0
I/Atd     (  280): [ATD]downstream_fn: read... num_read = 0
I/Atd     (  280): [ATD]downstream_fn: read... num_read = 0
I/Atd     (  280): [ATD]downstream_fn: read... num_read = 0
I/Atd     (  280): [ATD]downstream_fn: read... num_read = 0
I/Atd     (  280): [ATD]downstream_fn: read... num_read = 0
I/Atd     (  280): [ATD]downstream_fn: read... num_read = 0
I/Atd     (  280): [ATD]downstream_fn: read... num_read = 0
I/Atd     (  280): [ATD]downstream_fn: read... num_read = 0
I/Atd     (  280): [ATD]downstream_fn: read... num_read = 0
I/Atd     (  280): [ATD]downstream_fn: read... num_read = 0
I/Atd     (  280): [ATD]downstream_fn: read... num_read = 0
I/Atd     (  280): [ATD]downstream_fn: read... num_read = 0
I/Atd     (  280): [ATD]downstream_fn: read... num_read = 0
I/Atd     (  280): [ATD]downstream_fn: read... num_read = 0
I/Atd     (  280): [ATD]downstream_fn: read... num_read = 0
I/Atd     (  280): [ATD]downstream_fn: read... num_read = 0
I/Atd     (  280): [ATD]downstream_fn: read... num_read = 0
I/Atd     (  280): [ATD]downstream_fn: read... num_read = 0
I/Atd     (  280): [ATD]downstream_fn: read... num_read = 0
I/Atd     (  280): [ATD]downstream_fn: read... num_read = 0
I/Atd     (  280): [ATD]downstream_fn: read... num_read = 0
I/Atd     (  280): [ATD]downstream_fn: read... num_read = 0
I/Atd     (  280): [ATD]downstream_fn: read... num_read = 0
I/Atd     (  280): [ATD]downstream_fn: read... num_read = 0
I/Atd     (  280): [ATD]downstream_fn: read... num_read = 0
I/Atd     (  280): [ATD]downstream_fn: read... num_read = 0
I/Atd     (  280): [ATD]downstream_fn: read... num_read = 0
I/Atd     (  280): [ATD]downstream_fn: read... num_read = 0
I/Atd     (  280): [ATD]downstream_fn: read... num_read = 0
I/Atd     (  280): [ATD]downstream_fn: read... num_read = 0
I/Atd     (  280): [ATD]downstream_fn: read... num_read = 0
I/Atd     (  280): [ATD]downstream_fn: read... num_read = 0
I/Atd     (  280): [ATD]downstream_fn: read... num_read = 0
I/Atd     (  280): [ATD]downstream_fn: read... num_read = 0
I/Atd     (  280): [ATD]downstream_fn: read... num_read = 0
I/Atd     (  280): [ATD]downstream_fn: read... num_read = 0
I/Atd     (  280): [ATD]downstream_fn: read... num_read = 0
I/Atd     (  280): [ATD]downstream_fn: read... num_read = 0
I/Atd     (  280): [ATD]downstream_fn: read... num_read = 0
I/Atd     (  280): [ATD]downstream_fn: read... num_read = 0
I/Atd     (  280): [ATD]downstream_fn: read... num_read = 0
V/UsbDeviceManager(  967): USB UEVENT: {USB_STATE=DISCONNECTED, SUBSYSTEM=android_usb, SEQNUM=3075, ACTION=change, DEVPATH=/devices/virtual/android_usb/android0}
V/BatteryServiceEx(  967): Battery UEVENT: {POWER_SUPPLY_VOLTAGE_NOW=4989410, SUBSYSTEM=power_supply, SEQNUM=3076, POWER_SUPPLY_PRESENT=1, ACTION=change, POWER_SUPPLY_NAME=usb, DEVPATH=/devices/soc.0/78d9000.usb/power_supply/usb, POWER_SUPPLY_TYPE=USB, POWER_SUPPLY_SCOPE=Device, POWER_SUPPLY_CURRENT_MAX=500000, POWER_SUPPLY_ONLINE=1, POWER_SUPPLY_HEALTH=Unknown, POWER_SUPPLY_VOLTAGE_MAX=0}
D/VolumeVibrator( 2627): clear
I/NotificationServiceEx(  967): LED remove() : mLights=-1|android|34406864|null|1000
D/NotificationServiceEx(  967): updateLightListLocked :r=-1|android|34406864|null|1000, action=2
D/NotificationServiceEx(  967): notification=Notification(pri=-1 contentView=null vibrate=default sound=null defaults=0x2 flags=0x2 color=0x00000000 vis=PUBLIC)
I/NotificationServiceEx(  967): LED remove() : mLights=-1|android|17040640|null|1000
D/NotificationServiceEx(  967): updateLightListLocked :r=-1|android|17040640|null|1000, action=2
D/NotificationServiceEx(  967): notification=Notification(pri=-1 contentView=null vibrate=null sound=null defaults=0x0 flags=0x2 color=0x00000000 vis=PUBLIC)
V/BatteryServiceEx(  967): Battery UEVENT: {POWER_SUPPLY_TEMP=339, POWER_SUPPLY_CHARGE_TYPE=Fast, POWER_SUPPLY_PRESENT=1, POWER_SUPPLY_STATUS=Charging, POWER_SUPPLY_PSEUDO_BATT=0, POWER_SUPPLY_CAPACITY=100, ACTION=change, DEVPATH=/devices/soc.0/qpnp-linear-charger-e4b13000/power_supply/battery, POWER_SUPPLY_HW_REV=rev_a, POWER_SUPPLY_VOLTAGE_NOW=4237766, SUBSYSTEM=power_supply, SEQNUM=3077, POWER_SUPPLY_TEMP_WARM=450, POWER_SUPPLY_TEMP_COOL=100, POWER_SUPPLY_VALID_BATT_ID=1, POWER_SUPPLY_VOLTAGE_MAX_DESIGN=4350000, POWER_SUPPLY_NAME=battery, POWER_SUPPLY_CURRENT_NOW=-13544, POWER_SUPPLY_VOLTAGE_MIN_DESIGN=4470000, POWER_SUPPLY_HEALTH=Good, POWER_SUPPLY_CHARGING_ENABLED=1}
D/BatteryServiceEx(  967): Sending ACTION_BATTERYEX_CHANGED.  Battery ID:1, Battery Current:-13544, Battery Condition:-1000000, Battery charging current:-1000000, mExtPwr:-1000000, Battery level:100, Battery status:2, Battery plugged type:0
D/BatteryServiceEx(  967): Sending ACTION_BATTERYEX_CHANGED.  Battery ID:1, Battery Current:-13544, Battery Condition:-1000000, Battery charging current:-1000000, mExtPwr:-1000000, Battery level:100, Battery status:2, Battery plugged type:2
D/WifiController(  967): battery changed pluggedType: 2
I/EntropyMixer(  967): Writing entropy...
V/UsbDeviceManager(  967): USB UEVENT: {USB_STATE=CONNECTED, SUBSYSTEM=android_usb, SEQNUM=3078, ACTION=change, DEVPATH=/devices/virtual/android_usb/android0}
V/NotificationService(  967): enqueueNotificationInternal: pkg=com.android.systemui id=2130839019 notification=Notification(pri=0 contentView=null vibrate=null sound=null defaults=0x0 flags=0x0 color=0x00000000 vis=PRIVATE)
V/NotificationService(  967): enqueueNotificationInternal: pkg=android id=17040640 notification=Notification(pri=-1 contentView=null vibrate=null sound=null defaults=0x0 flags=0x2 color=0x00000000 vis=PUBLIC)
V/NotificationService(  967): enqueueNotificationInternal: pkg=com.android.systemui id=2130839016 notification=Notification(pri=0 contentView=null vibrate=null sound=file:///system/media/audio/ui/FullBattery.ogg defaults=0x0 flags=0x0 color=0x00000000 vis=PRIVATE)
V/UsbDeviceManager(  967): USB UEVENT: {USB_STATE=DISCONNECTED, SUBSYSTEM=android_usb, SEQNUM=3079, ACTION=change, DEVPATH=/devices/virtual/android_usb/android0}
I/Atd     (  280): got usb DISCONNECTED event 
I/Atd     (  280): ustate is ATD_USBSTATE_UNPLUG
I/ValidateNoPeople(  967): skipping global notification
V/NotificationService(  967): pkg=com.android.systemui canInterrupt=true intercept=false
V/NotificationService(  967): Interrupting!
I/NotificationServiceEx(  967): LED remove() : mLights=-1|com.android.systemui|2130839019|null|10025
D/NotificationServiceEx(  967): updateLightListLocked :r=-1|com.android.systemui|2130839019|null|10025, action=2
D/NotificationServiceEx(  967): notification=Notification(pri=0 contentView=null vibrate=null sound=null defaults=0x0 flags=0x0 color=0x00000000 vis=PRIVATE)
I/ValidateNoPeople(  967): skipping global notification
V/NotificationService(  967): pkg=android canInterrupt=true intercept=false
V/NotificationService(  967): Interrupting!
I/NotificationServiceEx(  967): LED remove() : mLights=-1|android|17040640|null|1000
D/NotificationServiceEx(  967): updateLightListLocked :r=-1|android|17040640|null|1000, action=2
D/NotificationServiceEx(  967): notification=Notification(pri=-1 contentView=null vibrate=null sound=null defaults=0x0 flags=0x2 color=0x00000000 vis=PUBLIC)
I/ValidateNoPeople(  967): skipping global notification
V/NotificationService(  967): pkg=com.android.systemui canInterrupt=true intercept=false
V/NotificationService(  967): Interrupting!
V/NotificationService(  967): Playing sound file:///system/media/audio/ui/FullBattery.ogg with attributes AudioAttributes: usage=5 content=4 flags=0x0 tags=
I/NotificationServiceEx(  967): LED remove() : mLights=-1|com.android.systemui|2130839016|null|10025
D/NotificationServiceEx(  967): updateLightListLocked :r=-1|com.android.systemui|2130839016|null|10025, action=2
D/NotificationServiceEx(  967): notification=Notification(pri=0 contentView=null vibrate=null sound=file:///system/media/audio/ui/FullBattery.ogg defaults=0x0 flags=0x0 color=0x00000000 vis=PRIVATE)
I/NotificationServiceEx(  967): LED remove() : mLights=-1|com.android.systemui|2130839019|null|10025
D/NotificationServiceEx(  967): updateLightListLocked :r=-1|com.android.systemui|2130839019|null|10025, action=2
D/NotificationServiceEx(  967): notification=Notification(pri=0 contentView=null vibrate=null sound=null defaults=0x0 flags=0x0 color=0x00000000 vis=PRIVATE)
I/NotificationServiceEx(  967): LED remove() : mLights=-1|android|17040640|null|1000
D/NotificationServiceEx(  967): updateLightListLocked :r=-1|android|17040640|null|1000, action=2
D/NotificationServiceEx(  967): notification=Notification(pri=-1 contentView=null vibrate=null sound=null defaults=0x0 flags=0x2 color=0x00000000 vis=PUBLIC)
D/WifiController(  967): battery changed pluggedType: 2
I/ActivityManager(  967): Killing 6706:com.android.providers.calendar/u0a12 (adj 15): empty #11
V/UsbDeviceManager(  967): USB UEVENT: {USB_STATE=CONNECTED, SUBSYSTEM=android_usb, SEQNUM=3080, ACTION=change, DEVPATH=/devices/virtual/android_usb/android0}
V/NotificationService(  967): enqueueNotificationInternal: pkg=android id=17040640 notification=Notification(pri=-1 contentView=null vibrate=null sound=null defaults=0x0 flags=0x2 color=0x00000000 vis=PUBLIC)
I/ValidateNoPeople(  967): skipping global notification
V/NotificationService(  967): pkg=android canInterrupt=true intercept=false
V/NotificationService(  967): Interrupting!
W/libprocessgroup(  967): failed to open /acct/uid_10012/pid_6706/cgroup.procs: No such file or directory
I/NotificationServiceEx(  967): LED remove() : mLights=-1|android|17040640|null|1000
D/NotificationServiceEx(  967): updateLightListLocked :r=-1|android|17040640|null|1000, action=2
D/NotificationServiceEx(  967): notification=Notification(pri=-1 contentView=null vibrate=null sound=null defaults=0x0 flags=0x2 color=0x00000000 vis=PUBLIC)
D/ActivityManager(  967): resumeTopActivityLocked: Top activity resumed ActivityRecord{6edcf6d u0 com.lge.launcher2/.Launcher t5}
I/Atd     (  280): USB unpluged, but inputted data in ioctl_fn
E/Atd     (  280): TIOCMGET for external port failed - I/O error 
I/Atd     (  280): bypass_fd is not ready
I/Atd     (  280): got usb CONFIGURED event 
I/Atd     (  280): ustate is ATD_USBSTATE_PLUG
V/UsbDeviceManager(  967): USB UEVENT: {USB_STATE=CONFIGURED, SUBSYSTEM=android_usb, SEQNUM=3081, ACTION=change, DEVPATH=/devices/virtual/android_usb/android0}
I/Atd     (  280): ustate is present in configuration[ATD_USBMODEMSTATE_CONFIGURED]
I/Atd     (  280): void atd_post_event(ATD_EVENT_E): 2
I/Atd     (  280): Joined the ioctl thread 
I/Atd     (  280): Joined the downstream thread 
I/Atd     (  280): Joined the upstream thread 
I/mts     (  280): ****** Clear Map Table ******
I/Atd     (  280): void atd_process_event(atd_event_msg_s) received event (ATD_EVENT_USB_PLUG)
I/Atd     (  280): Receive USB connection event... start threads
I/Atd     (  280): lge_diag_init
I/Atd     (  280): int lge_diag_init() : Diag_LSM_Init SUCCESS.
I/Atd     (  280): int lge_diag_init() : init_diag_flag is 1
I/Atd     (  280): int lge_diag_init() : Entered Mutex Lock.
I/Atd     (  280): int lge_diag_init() : After Mutex Lock.
I/Atd     (  280): Diag init count : 1, skip nv_factoryitem_sync()
I/Atd     (  280): [tty_port.external=/dev/ttyGS0],[tty_port.internal=/dev/smd7]
I/Atd     (  280): init map table
I/mts     (  280): ****** [CommonATD] Init Map Table ******
I/mts     (  280): usb plugged count : 3, skip map init log
I/Atd     (  280): init_port...
I/Atd     (  280): Configured external host port in RAW mode
I/Atd     (  280): **disable_modem_echo: [ate0] 
I/Atd     (  280): [int tty_send_internal_if(char*, int)] data=ate0, write_length=5
I/Atd     (  280): [upstream_fn] read_num=6, Read from internal port:
I/Atd     (  280): OK
I/Atd     (  280): 
I/Atd     (  280): [ATD] output: 
I/Atd     (  280): OK
I/Atd     (  280): 
I/Atd     (  280): lge_tty_init: pthread_join...[init_tty_thread:0]
I/Atd     (  280): EXTERNAL->INTERNAL: modem_bits 0x0, prev_modem_bits 0x0, init = 1,
I/Atd     (  280): INTERNAL->EXTERNAL: internalnew 0x0, internalold 0x0, init = 1
V/NotificationService(  967): enqueueNotificationInternal: pkg=android id=34406864 notification=Notification(pri=-1 contentView=null vibrate=default sound=null defaults=0x2 flags=0x2 color=0x00000000 vis=PUBLIC)
I/ValidateNoPeople(  967): skipping global notification
V/NotificationService(  967): pkg=android canInterrupt=true intercept=false
V/NotificationService(  967): Interrupting!
D/VolumeVibrator( 2627): clear
D/VolumeVibrator( 2627): handleVibratePattern() uid 1000 opPkg android usageHint 5
I/NotificationServiceEx(  967): LED remove() : mLights=-1|android|34406864|null|1000
D/NotificationServiceEx(  967): updateLightListLocked :r=-1|android|34406864|null|1000, action=2
D/NotificationServiceEx(  967): notification=Notification(pri=-1 contentView=null vibrate=default sound=null defaults=0x2 flags=0x2 color=0x00000000 vis=PUBLIC)
D/VolumeVibrator( 2627): milliseconds : 800
D/VolumeVibrator( 2627): getCurrent::mPatternworking : true
D/VolumeVibrator( 2627): getCurrent::mVolumes.size : 0
D/VolumeVibrator( 2627): getCurrent::mJustVibrate false
D/VolumeVibrator( 2627): mPatternIndex : 1 mCurVibration.mPattern[mPatternIndex] : 800
D/VolumeVibrator( 2627): volume vibration pattern's value: 100
D/VolumeVibrator( 2627): clear
D/LGWifiP2pService(  967): InactiveState{ when=-1ms what=147461 target=com.android.internal.util.StateMachine$SmHandler }
V/WindowOrientationListener(  967): Proposed rotation changed! : currentRotation=0, proposedRotation=3, oldProposedRotation=-1, predictedRotation=3, timeDeltaMS=50.324, isAccelerating=false, isFlat=false, isSwinging=false, isOverhead=false, timeUntilSettledMS=0.0, timeUntilAccelerationDelayExpiredMS=0.0, timeUntilFlatDelayExpiredMS=0.0, timeUntilSwingDelayExpiredMS=0.0
V/WindowManager(  967): PWM updateSystemUiVisibilityLw diffLG == 0 
V/WindowOrientationListener(  967): Proposed rotation changed! : currentRotation=0, proposedRotation=0, oldProposedRotation=-1, predictedRotation=0, timeDeltaMS=50.053, isAccelerating=false, isFlat=false, isSwinging=false, isOverhead=false, timeUntilSettledMS=0.0, timeUntilAccelerationDelayExpiredMS=0.0, timeUntilFlatDelayExpiredMS=0.0, timeUntilSwingDelayExpiredMS=0.0
V/WindowManager(  967): PWM updateSystemUiVisibilityLw diffLG == 0 
I/ViewRootImpl( 6849): ViewRoot's MotionEvent { action=ACTION_DOWN, id[0]=0, x[0]=317.33887, y[0]=740.13336, toolType[0]=TOOL_TYPE_FINGER, buttonState=0, metaState=0, flags=0x0, edgeFlags=0x0, pointerCount=1, historySize=0, eventTime=1216603, downTime=1216603, deviceId=6, source=0x1002 } to com.android.internal.policy.impl.PhoneWindow$DecorView{114435c3 V.E..... R....... 0,0-480,854}
I/ViewRootImpl( 6849): ViewRoot's MotionEvent { action=ACTION_UP, id[0]=0, x[0]=317.33887, y[0]=740.13336, toolType[0]=TOOL_TYPE_FINGER, buttonState=0, metaState=0, flags=0x0, edgeFlags=0x0, pointerCount=1, historySize=0, eventTime=1216685, downTime=1216603, deviceId=6, source=0x1002 } to com.android.internal.policy.impl.PhoneWindow$DecorView{114435c3 V.E..... R....... 0,0-480,854}
D/LGPowerManagerHelper( 2627): boost (1)
I/Timeline( 6849): Timeline: Activity_launch_request id:com.android.mms time:1216766
I/ActivityManager(  967): START u0 {act=android.intent.action.MAIN cat=[android.intent.category.LAUNCHER] flg=0x10200000 cmp=com.android.mms/.ui.ConversationList bnds=[240,683][360,782]} from uid 10020 on display 0
W/ResourcesManager(  967): Asset path '/system/framework/com.lge.emoji.jar' does not exist or contains no resources.
W/ResourcesManager(  967): Asset path '/system/framework/com.google.android.maps.jar' does not exist or contains no resources.
W/ResourcesManager(  967): Asset path '/system/framework/com.lge.telephony.sms.jar' does not exist or contains no resources.
D/ActivityManager(  967): setTaskToReturnTo : TaskRecord{4c910b8 #6 A=android.task.mms U=0 sz=0} / mTaskToReturnTo = 1
D/ActivityManager(  967): setTaskToReturnTo : TaskRecord{4c910b8 #6 A=android.task.mms U=0 sz=0} / mTaskToReturnTo = 1
D/WindowStateEx(  967): AppWindowTokenEx init.. 
D/ActivityManager(  967): pauseBackStacks: stack=ActivityStack{32146db5 stackId=0, 1 tasks} mResumedActivity=ActivityRecord{6edcf6d u0 com.lge.launcher2/.Launcher t5}
V/ActivityManager(  967): Moving to PAUSING: ActivityRecord{6edcf6d u0 com.lge.launcher2/.Launcher t5}
V/ActivityManager(  967): resumeTopActivityLocked: Skip resume: need to start pausing
V/WindowManager(  967): PWM updateSystemUiVisibilityLw diffLG == 0 
V/ActivityManager(  967): Moving to PAUSED: ActivityRecord{6edcf6d u0 com.lge.launcher2/.Launcher t5} (pause complete)
D/ActivityManager(  967): resumeTopActivityLocked: Restarting ActivityRecord{33045e91 u0 com.android.mms/.ui.ConversationList t6}
V/WindowManager(  967): PWM updateSystemUiVisibilityLw diffLG == 0 
I/ActivityManager(  967): Start proc com.android.mms for activity com.android.mms/.ui.ConversationList: pid=7291 uid=10022 gids={50022, 9997, 3003, 1028, 1015, 1023, 4002, 3002} abi=armeabi-v7a
V/WindowManager(  967): PWM updateSystemUiVisibilityLw diffLG == 0 
D/ActivityManager(  967): allResumedActivitiesIdle: stack=1 null not idle
V/ActivityManager(  967): Moving to STOPPING: ActivityRecord{6edcf6d u0 com.lge.launcher2/.Launcher t5} (stop requested)
V/WindowManager(  967): PWM updateSystemUiVisibilityLw diffLG == 0 
V/ActivityManager(  967): Moving to STOPPED: ActivityRecord{6edcf6d u0 com.lge.launcher2/.Launcher t5} (stop complete)
V/ActivityManager(  967): Moving to RESUMED: ActivityRecord{33045e91 u0 com.android.mms/.ui.ConversationList t6} (starting new instance)
I/WindowStateAnimator(  967): Starting window displayed
V/WindowManager(  967): PWM Call!!! Statusbar.setSystemUIVisibility 
W/PhoneWindowManagerEx(  967): Call!!!getLGSystemUiVisibility. =0x0
D/StatusBarManagerServiceEx(  967): setLGSystemUiVisibility(0x0)
D/StatusBarManagerServiceEx(  967): manageNaviBtnDisableList userId=0 what=0x0 pkg=WindowManager.LayoutParams
D/ConnectivityService(  967): onUidRulesChanged(uid=10022, uidRules=0)
D/ConnectivityService(  967): onUidRulesChanged(uid=10020, uidRules=0)
V/WindowManager(  967): PWM updateSystemUiVisibilityLw diffLG == 0 
V/WindowManager(  967): PWM updateSystemUiVisibilityLw diffLG == 0 
V/WindowManager(  967): PWM updateSystemUiVisibilityLw diffLG == 0 
W/ResourcesManager( 7291): Asset path '/system/framework/com.lge.emoji.jar' does not exist or contains no resources.
W/ResourcesManager( 7291): Asset path '/system/framework/com.google.android.maps.jar' does not exist or contains no resources.
W/ResourcesManager( 7291): Asset path '/system/framework/com.lge.telephony.sms.jar' does not exist or contains no resources.
V/ActivityThread( 7291): mInstrumentation.onCreate 
V/WindowManager(  967): PWM updateSystemUiVisibilityLw diffLG == 0 
V/WindowManager(  967): PWM updateSystemUiVisibilityLw diffLG == 0 
D/CountryDetector(  967): The first listener is added
E/ActivityThread( 7291): Failed to find provider info for com.lge.ims.provider.uc
V/ActivityThread( 7291): called mInstrumentation.callApplicationOnCreate com.android.mms.MmsApp@31046a91
I/ActivityManager(  967): Start proc com.lge.appbox.client:AppBoxCommonService for service com.lge.appbox.client/com.lge.appbox.service.AppBoxCommonService: pid=7342 uid=10009 gids={50009, 9997, 3003, 1028, 1015, 2001} abi=armeabi-v7a
W/ResourcesManager( 7291): Asset path '/system/framework/com.google.android.media.effects.jar' does not exist or contains no resources.
V/ActivityThread( 7342): mInstrumentation.onCreate 
V/ActivityThread( 7342): called mInstrumentation.callApplicationOnCreate com.lge.appbox.client.AppBoxApplication@10cb32a3
W/ResourcesManager( 7291): Asset path '/system/framework/com.google.android.media.effects.jar' does not exist or contains no resources.
V/WindowManager(  967): PWM updateSystemUiVisibilityLw diffLG == 0 
V/WindowManager(  967): PWM updateSystemUiVisibilityLw diffLG == 0 
V/WindowManager(  967): PWM updateSystemUiVisibilityLw diffLG == 0 
I/ActivityManager(  967): Killing 6470:com.android.calendar/u0a11 (adj 15): empty #11
W/libprocessgroup(  967): failed to open /acct/uid_10011/pid_6470/cgroup.procs: No such file or directory
D/ActivityManager(  967): resumeTopActivityLocked: Top activity resumed ActivityRecord{33045e91 u0 com.android.mms/.ui.ConversationList t6}
V/WindowManager(  967): PWM updateSystemUiVisibilityLw diffLG == 0 
