05-17 16:45:00.000 D/PowerManagerService(  214): acquireWakeLock flags=0x1 tag=AlarmManager
05-17 16:45:00.080 D/PowerManagerService(  214): releaseWakeLock flags=0x1 tag=AlarmManager
05-17 16:45:45.325 I/dun_service(  122): The value returned from dun_getusbmodemstate_fromsys is 2 
05-17 16:45:59.999 D/PowerManagerService(  214): acquireWakeLock flags=0x1 tag=AlarmManager
05-17 16:46:00.079 D/PowerManagerService(  214): releaseWakeLock flags=0x1 tag=AlarmManager
05-17 16:46:00.269 I/dun_service(  122): The value returned from dun_getusbmodemstate_fromsys is 2 
05-17 16:46:10.249 I/dun_service(  122): The value returned from dun_getusbmodemstate_fromsys is 2 
05-17 16:46:59.987 D/PowerManagerService(  214): acquireWakeLock flags=0x1 tag=AlarmManager
05-17 16:47:00.088 D/PowerManagerService(  214): releaseWakeLock flags=0x1 tag=AlarmManager
05-17 16:47:05.082 I/dun_service(  122): The value returned from dun_getusbmodemstate_fromsys is 2 
05-17 16:47:25.032 I/dun_service(  122): The value returned from dun_getusbmodemstate_fromsys is 2 
05-17 16:47:49.956 I/dun_service(  122): The value returned from dun_getusbmodemstate_fromsys is 2 
05-17 16:47:59.926 I/dun_service(  122): The value returned from dun_getusbmodemstate_fromsys is 2 
05-17 16:48:00.006 D/PowerManagerService(  214): acquireWakeLock flags=0x1 tag=AlarmManager
05-17 16:48:00.086 D/PowerManagerService(  214): releaseWakeLock flags=0x1 tag=AlarmManager
05-17 16:48:19.865 I/dun_service(  122): The value returned from dun_getusbmodemstate_fromsys is 2 
05-17 16:48:24.840 I/dun_service(  122): The value returned from dun_getusbmodemstate_fromsys is 2 
05-17 16:48:29.835 I/dun_service(  122): The value returned from dun_getusbmodemstate_fromsys is 2 
05-17 16:48:34.810 I/dun_service(  122): The value returned from dun_getusbmodemstate_fromsys is 2 
05-17 16:48:59.994 D/PowerManagerService(  214): acquireWakeLock flags=0x1 tag=AlarmManager
05-17 16:49:00.085 D/PowerManagerService(  214): releaseWakeLock flags=0x1 tag=AlarmManager
05-17 16:49:20.735 D/PowerManagerService(  214): acquireWakeLock flags=0x1 tag=AlarmManager
05-17 16:49:20.745 D/NetdConnector(  214): SND -> {interface readrxcounter rmnet0} {null}
05-17 16:49:20.745 D/NetdConnector(  214): RCV <- {216 0}
05-17 16:49:20.765 D/NetdConnector(  214): RSP <- {216 0}
05-17 16:49:20.755 D/PowerManagerService(  214): releaseWakeLock flags=0x1 tag=AlarmManager
05-17 16:49:20.765 D/NetdConnector(  214): SND -> {interface readtxcounter rmnet0} {null}
05-17 16:49:20.775 D/NetdConnector(  214): RCV <- {217 0}
05-17 16:49:20.785 D/NetdConnector(  214): RSP <- {217 0}
05-17 16:49:49.593 I/dun_service(  122): The value returned from dun_getusbmodemstate_fromsys is 2 
05-17 16:49:54.348 D/PowerManagerService(  214): user activity timeout timed out nextState=1
05-17 16:49:54.348 D/PowerManagerService(  214): setPowerState: mPowerState=0x3 newState=0x1 noChangeLights=false reason=3
05-17 16:49:54.348 D/PowerManagerService(  214): setPowerState: mPowerState=3 newState=1 noChangeLights=false
05-17 16:49:54.348 D/PowerManagerService(  214):   oldKeyboardBright=false newKeyboardBright=false
05-17 16:49:54.348 D/PowerManagerService(  214):   oldScreenBright=true newScreenBright=false
05-17 16:49:54.348 D/PowerManagerService(  214):   oldButtonBright=false newButtonBright=false
05-17 16:49:54.348 D/PowerManagerService(  214):   oldScreenOn=true newScreenOn=true
05-17 16:49:54.348 D/PowerManagerService(  214):   oldBatteryLow=false newBatteryLow=false
05-17 16:49:54.368 I/PowerManagerService(  214): setTargetLocked mask=2 curValue=102.0 target=20 targetValue=20 delta=-4.5555553 nominalCurrentValue=102
05-17 16:49:54.368 I/PowerManagerService(  214): scheduling light animator
05-17 16:49:54.368 D/PowerManagerService(  214): offMask=0x0 dimMask=0x0 onMask=0x0 difference=0x2 realDifference=0x2 forceState=0x0
05-17 16:49:54.368 D/PowerManagerService(  214): setTimeoutLocked now=90235396 timeoutOverride=-1 nextState=0 when=90242396
05-17 16:49:54.368 D/PowerManagerService(  214): Animating curIntValue=97: 2
05-17 16:49:54.388 D/PowerManagerService(  214): Animating curIntValue=92: 2
05-17 16:49:54.408 D/PowerManagerService(  214): Animating curIntValue=88: 2
05-17 16:49:54.418 D/PowerManagerService(  214): Animating curIntValue=83: 2
05-17 16:49:54.438 D/PowerManagerService(  214): Animating curIntValue=79: 2
05-17 16:49:54.458 D/PowerManagerService(  214): Animating curIntValue=74: 2
05-17 16:49:54.478 D/PowerManagerService(  214): Animating curIntValue=70: 2
05-17 16:49:54.488 D/PowerManagerService(  214): Animating curIntValue=65: 2
05-17 16:49:54.508 D/PowerManagerService(  214): Animating curIntValue=60: 2
05-17 16:49:54.518 D/PowerManagerService(  214): Animating curIntValue=56: 2
05-17 16:49:54.538 D/PowerManagerService(  214): Animating curIntValue=51: 2
05-17 16:49:54.568 D/PowerManagerService(  214): Animating curIntValue=47: 2
05-17 16:49:54.588 D/PowerManagerService(  214): Animating curIntValue=42: 2
05-17 16:49:54.608 D/PowerManagerService(  214): Animating curIntValue=38: 2
05-17 16:49:54.618 D/PowerManagerService(  214): Animating curIntValue=33: 2
05-17 16:49:54.638 D/PowerManagerService(  214): Animating curIntValue=29: 2
05-17 16:49:54.648 D/PowerManagerService(  214): Animating curIntValue=24: 2
05-17 16:49:54.668 D/PowerManagerService(  214): Animating curIntValue=20: 2
05-17 16:49:59.573 I/dun_service(  122): The value returned from dun_getusbmodemstate_fromsys is 2 
05-17 16:50:00.003 D/PowerManagerService(  214): acquireWakeLock flags=0x1 tag=AlarmManager
05-17 16:50:00.083 D/PowerManagerService(  214): releaseWakeLock flags=0x1 tag=AlarmManager
05-17 16:50:01.384 D/PowerManagerService(  214): user activity timeout timed out nextState=0
05-17 16:50:01.384 D/PowerManagerService(  214): setPowerState: mPowerState=0x1 newState=0x0 noChangeLights=false reason=3
05-17 16:50:01.384 D/PowerManagerService(  214): setPowerState: mPowerState=1 newState=0 noChangeLights=false
05-17 16:50:01.384 D/PowerManagerService(  214):   oldKeyboardBright=false newKeyboardBright=false
05-17 16:50:01.384 D/PowerManagerService(  214):   oldScreenBright=false newScreenBright=false
05-17 16:50:01.384 D/PowerManagerService(  214):   oldButtonBright=false newButtonBright=false
05-17 16:50:01.384 D/PowerManagerService(  214):   oldScreenOn=true newScreenOn=false
05-17 16:50:01.384 D/PowerManagerService(  214):   oldBatteryLow=false newBatteryLow=false
05-17 16:50:01.394 I/PowerManagerService(  214): setTargetLocked mask=2 curValue=20.0 target=0 targetValue=0 delta=-5.0 nominalCurrentValue=20
05-17 16:50:01.394 I/PowerManagerService(  214): scheduling light animator
05-17 16:50:01.394 D/PowerManagerService(  214): offMask=0x0 dimMask=0x0 onMask=0x0 difference=0x1 realDifference=0x1 forceState=0x0
05-17 16:50:01.404 D/PowerManagerService(  214): Animating curIntValue=15: 2
05-17 16:50:01.414 D/PowerManagerService(  214): Animating curIntValue=10: 2
05-17 16:50:01.434 D/PowerManagerService(  214): Animating curIntValue=5: 2
05-17 16:50:01.444 D/PowerManagerService(  214): Animating curIntValue=0: 2
05-17 16:50:01.454 D/PowerManagerService(  214): acquireWakeLock flags=0x1 tag=sleep_broadcast
05-17 16:50:01.454 D/PowerManagerService(  214): acquireWakeLock flags=0x1 tag=ActivityManager-Sleep
05-17 16:50:01.545 D/PowerManagerService(  214): releaseWakeLock flags=0x1 tag=ActivityManager-Sleep
05-17 16:50:01.555 V/MiniApplicationManagerService(  214): <!>com.lge.subdisplay.framework.server.MiniApplicationManagerService$ScreenStateReceiver 2929<!> onReceive(): Intent { act=android.intent.action.SCREEN_OFF flg=0x40000000 }
05-17 16:50:01.555 D/MiniApplicationManagerService(  214): <!>com.lge.subdisplay.framework.server.MiniApplicationManagerService$MiniAppServiceInfo 515<!> setTargetState: State: STATE_RESUMED New target: STATE_PAUSED Service: ComponentInfo{com.lge.subdisplay.app.subdisplayhome/com.lge.subdisplay.app.subdisplayhome.SubDisplayHome}
05-17 16:50:01.555 D/MiniApplicationManagerService(  214): <!>com.lge.subdisplay.framework.server.MiniApplicationManagerService 1287<!> handleTransitionState: State: STATE_RESUMED Target: STATE_PAUSED Service: ComponentInfo{com.lge.subdisplay.app.subdisplayhome/com.lge.subdisplay.app.subdisplayhome.SubDisplayHome}
05-17 16:50:01.555 V/SubDisplayService(  291): <!>com.lge.subdisplay.framework.SubDisplayService$1 212<!> New state requested: STATE_PAUSED
05-17 16:50:01.555 V/SubDisplayService(  291): <!>com.lge.subdisplay.framework.SubDisplayService 633<!> Set new state: STATE_PAUSED
05-17 16:50:01.555 V/MiniApplication(  291): <!>com.lge.subdisplay.framework.MiniApplication 882<!> onSaveInstanceState(Bundle[{}] )
05-17 16:50:01.555 V/SubDisplayService(  291): <!>com.lge.subdisplay.framework.SubDisplayService 595<!> onSaveInstanceState(Bundle[{}] )
05-17 16:50:01.555 V/MiniApplication(  291): <!>com.lge.subdisplay.framework.MiniApplication 761<!> onPause()
05-17 16:50:01.565 D/MiniApplicationManagerService(  214): <!>com.lge.subdisplay.framework.server.MiniApplicationManagerService$MiniAppServiceInfo 462<!> Setting timeout for ComponentInfo{com.lge.subdisplay.app.subdisplayhome/com.lge.subdisplay.app.subdisplayhome.SubDisplayHome}
05-17 16:50:01.565 D/MiniApplicationManagerService(  214): <!>com.lge.subdisplay.framework.server.MiniApplicationManagerService 1730<!> Hide the subdisplay
05-17 16:50:01.565 V/SubDisplayService(  291): <!>com.lge.subdisplay.framework.SubDisplayService$1 235<!> hideMiniApplication() - Send message
05-17 16:50:01.565 D/PowerManagerService(  214): acquireWakeLock flags=0x1 tag=RILJ
05-17 16:50:01.575 V/DATA    (  296): <!>com.android.internal.telephony.MMDataConnectionTracker 2002<!> [DCT] intent received :android.intent.action.SCREEN_OFF
05-17 16:50:01.575 D/LGE_data(  296): <!>com.android.internal.telephony.MMDataConnectionTracker$1 302<!> ACTION_SCREEN_OFF received. mIsScreenOn= false
05-17 16:50:01.575 D/PowerManagerService(  214): releaseWakeLock flags=0x1 tag=RILJ
05-17 16:50:01.595 D/PowerManagerService(  214): releaseWakeLock flags=0x1 tag=sleep_broadcast
05-17 16:50:01.605 D/MiniApplication(  291): <!>com.lge.subdisplay.framework.MiniApplication 1349<!> Hide mini application
05-17 16:50:01.605 W/MiniApplicationManagerService(  214): <!>com.lge.subdisplay.framework.server.MiniApplicationManagerService 1588<!> handleMiniAppStateChanged(STATE_PAUSED) ComponentInfo{com.lge.subdisplay.app.subdisplayhome/com.lge.subdisplay.app.subdisplayhome.SubDisplayHome}
05-17 16:50:01.605 D/MiniApplicationManagerService(  214): <!>com.lge.subdisplay.framework.server.MiniApplicationManagerService$MiniAppServiceInfo 502<!> setState: New state: STATE_PAUSED Target: STATE_PAUSED Service: ComponentInfo{com.lge.subdisplay.app.subdisplayhome/com.lge.subdisplay.app.subdisplayhome.SubDisplayHome}
05-17 16:50:01.605 D/MiniApplicationManagerService(  214): <!>com.lge.subdisplay.framework.server.MiniApplicationManagerService 1287<!> handleTransitionState: State: STATE_PAUSED Target: STATE_PAUSED Service: ComponentInfo{com.lge.subdisplay.app.subdisplayhome/com.lge.subdisplay.app.subdisplayhome.SubDisplayHome}
05-17 16:50:01.615 W/IInputConnectionWrapper(  322): <!>com.android.internal.view.IInputConnectionWrapper 267<!> getExtractedText on inactive InputConnection
05-17 16:50:01.615 D/PowerManagerService(  214): setScreenBrightnessOverride -1
05-17 16:50:01.615 D/PowerManagerService(  214): setButtonBrightnessOverride -1
05-17 16:50:01.625 W/IInputConnectionWrapper(  322): <!>com.android.internal.view.IInputConnectionWrapper 267<!> getExtractedText on inactive InputConnection
05-17 16:50:06.459 D/PowerManagerService(  214): acquireWakeLock flags=0x1 tag=AlarmManager
05-17 16:50:06.459 D/PowerManagerService(  214): acquireWakeLock flags=0x1 tag=show keyguard
05-17 16:50:06.469 I/Flex    (  214): <!>com.lge.provider.Andy_Flex 109<!> getString FLEX_OPERATOR_CODE TMO
05-17 16:50:06.479 I/Flex    (  214): <!>com.lge.provider.Andy_Flex 109<!> getString FLEX_COUNTRY_CODE US
05-17 16:50:06.489 D/PowerManagerService(  214): releaseWakeLock flags=0x1 tag=AlarmManager
05-17 16:50:06.499 V/Andy_LockScreen2(  214): <!>com.android.internal.policy.impl.Andy_LockScreen2 361<!> Creation orientation = 1
05-17 16:50:06.499 E/ActivityThread(  214): Failed to find provider info for com.tmobile.driving.settingsprovider
05-17 16:50:06.750 D/Andy_LockScreen2(  214): <!>com.android.internal.policy.impl.Andy_LockScreen2 1177<!> updateLayout: status=Airplane
05-17 16:50:06.750 D/Andy_LockScreen2(  214): <!>com.android.internal.policy.impl.Andy_LockScreen2 1681<!> >> refreshMusicPlayerDisplay() ----------------------
05-17 16:50:06.750 D/Andy_LockScreen2(  214): <!>com.android.internal.policy.impl.Andy_LockScreen2 1696<!>    music play info = null
05-17 16:50:06.760 D/Andy_LockScreen2(  214): <!>com.android.internal.policy.impl.Andy_LockScreen2 1697<!>    has music play info = false
05-17 16:50:06.760 D/Andy_LockScreen2(  214): <!>com.android.internal.policy.impl.Andy_LockScreen2 1698<!>    has music play status = stoped
05-17 16:50:06.760 E/Andy_LockScreen2(  214): <!>com.android.internal.policy.impl.Andy_LockScreen2 1739<!> [BTUI] ### LockScreen2 : isOpen(true)
05-17 16:50:06.760 I/Flex    (  214): <!>com.lge.provider.Andy_Flex 109<!> getString FLEX_OPERATOR_CODE TMO
05-17 16:50:06.760 I/Flex    (  214): <!>com.lge.provider.Andy_Flex 109<!> getString FLEX_COUNTRY_CODE US
05-17 16:50:06.760 E/ActivityThread(  214): Failed to find provider info for com.tmobile.driving.settingsprovider
05-17 16:50:06.800 D/Andy_LockScreen2(  214): <!>com.android.internal.policy.impl.Andy_LockScreen2 1177<!> updateLayout: status=Airplane
05-17 16:50:06.800 D/Andy_LockScreen2(  214): <!>com.android.internal.policy.impl.Andy_LockScreen2 1681<!> >> refreshMusicPlayerDisplay() ----------------------
05-17 16:50:06.810 D/Andy_LockScreen2(  214): <!>com.android.internal.policy.impl.Andy_LockScreen2 1696<!>    music play info = null
05-17 16:50:06.810 D/Andy_LockScreen2(  214): <!>com.android.internal.policy.impl.Andy_LockScreen2 1697<!>    has music play info = false
05-17 16:50:06.810 D/Andy_LockScreen2(  214): <!>com.android.internal.policy.impl.Andy_LockScreen2 1698<!>    has music play status = stoped
05-17 16:50:06.810 I/Lockscreen(  214): <!>com.android.internal.policy.impl.Andy_LockScreen2 1441<!> onResume isScreenOn false
05-17 16:50:06.810 D/PowerManagerService(  214): enableUserActivity false
05-17 16:50:06.810 D/PowerManagerService(  214): setTimeoutLocked now=90247834 timeoutOverride=-1 nextState=0 when=90254834
05-17 16:50:06.820 W/IInputConnectionWrapper(  322): <!>com.android.internal.view.IInputConnectionWrapper 267<!> getExtractedText on inactive InputConnection
05-17 16:50:06.820 W/IInputConnectionWrapper(  322): <!>com.android.internal.view.IInputConnectionWrapper 267<!> getExtractedText on inactive InputConnection
05-17 16:50:06.820 D/Andy_LockScreen2(  214): <!>com.android.internal.policy.impl.Andy_LockScreen2 1663<!>     ### music artist = null
05-17 16:50:06.820 D/Andy_LockScreen2(  214): <!>com.android.internal.policy.impl.Andy_LockScreen2 1664<!>     ### music track = null
05-17 16:50:06.820 D/Andy_LockScreen2(  214): <!>com.android.internal.policy.impl.Andy_LockScreen2 1665<!>     ### music state = stop
05-17 16:50:06.820 D/PowerManagerService(  214): releaseWakeLock flags=0x1 tag=show keyguard
05-17 16:50:06.830 D/Andy_LockScreen2(  214): <!>com.android.internal.policy.impl.Andy_LockScreen2 1663<!>     ### music artist = null
05-17 16:50:06.830 D/Andy_LockScreen2(  214): <!>com.android.internal.policy.impl.Andy_LockScreen2 1664<!>     ### music track = null
05-17 16:50:06.830 D/Andy_LockScreen2(  214): <!>com.android.internal.policy.impl.Andy_LockScreen2 1665<!>     ### music state = stop
05-17 16:50:06.850 D/Andy_LockScreen2(  214): <!>com.android.internal.policy.impl.Andy_LockScreen2 1663<!>     ### music artist = null
05-17 16:50:06.850 D/Andy_LockScreen2(  214): <!>com.android.internal.policy.impl.Andy_LockScreen2 1664<!>     ### music track = null
05-17 16:50:06.850 D/Andy_LockScreen2(  214): <!>com.android.internal.policy.impl.Andy_LockScreen2 1665<!>     ### music state = stop
05-17 16:50:06.850 D/Andy_LockScreen2(  214): <!>com.android.internal.policy.impl.Andy_LockScreen2 1663<!>     ### music artist = null
05-17 16:50:06.850 D/Andy_LockScreen2(  214): <!>com.android.internal.policy.impl.Andy_LockScreen2 1664<!>     ### music track = null
05-17 16:50:06.850 D/Andy_LockScreen2(  214): <!>com.android.internal.policy.impl.Andy_LockScreen2 1665<!>     ### music state = stop
05-17 16:50:06.850 D/PowerManagerService(  214): setScreenBrightnessOverride -1
05-17 16:50:06.850 D/PowerManagerService(  214): setButtonBrightnessOverride -1
05-17 16:50:06.870 D/skia    (  214): purging 193K from font cache [16 entries]
05-17 16:50:06.880 D/PowerManagerService(  214): setScreenBrightnessOverride -1
05-17 16:50:06.880 D/PowerManagerService(  214): setButtonBrightnessOverride -1
05-17 16:50:13.827 D/PowerManagerService(  214): user activity timeout timed out nextState=0
05-17 16:50:13.827 D/PowerManagerService(  214): setPowerState: mPowerState=0x0 newState=0x0 noChangeLights=false reason=3
05-17 16:50:19.502 I/dun_service(  122): The value returned from dun_getusbmodemstate_fromsys is 2 
05-17 16:50:34.457 I/dun_service(  122): The value returned from dun_getusbmodemstate_fromsys is 2 
05-17 16:50:59.992 D/PowerManagerService(  214): acquireWakeLock flags=0x1 tag=AlarmManager
05-17 16:51:00.102 D/PowerManagerService(  214): releaseWakeLock flags=0x1 tag=AlarmManager
05-17 16:51:59.990 D/PowerManagerService(  214): acquireWakeLock flags=0x1 tag=AlarmManager
05-17 16:52:00.100 D/PowerManagerService(  214): releaseWakeLock flags=0x1 tag=AlarmManager
05-17 16:52:39.088 I/dun_service(  122): The value returned from dun_getusbmodemstate_fromsys is 2 
05-17 16:52:44.083 I/dun_service(  122): The value returned from dun_getusbmodemstate_fromsys is 2 
05-17 16:52:49.058 I/dun_service(  122): The value returned from dun_getusbmodemstate_fromsys is 2 
05-17 16:52:59.999 D/PowerManagerService(  214): acquireWakeLock flags=0x1 tag=AlarmManager
05-17 16:53:00.099 D/PowerManagerService(  214): releaseWakeLock flags=0x1 tag=AlarmManager
05-17 16:53:04.023 I/dun_service(  122): The value returned from dun_getusbmodemstate_fromsys is 2 
05-17 16:53:09.007 I/dun_service(  122): The value returned from dun_getusbmodemstate_fromsys is 2 
05-17 16:53:13.992 I/dun_service(  122): The value returned from dun_getusbmodemstate_fromsys is 2 
05-17 16:53:40.348 D/PowerManagerService(  214): acquireWakeLock flags=0x1 tag=AlarmManager
05-17 16:53:40.418 D/PowerManagerService(  214): releaseWakeLock flags=0x1 tag=AlarmManager
05-17 16:53:59.997 D/PowerManagerService(  214): acquireWakeLock flags=0x1 tag=AlarmManager
05-17 16:54:00.077 D/PowerManagerService(  214): releaseWakeLock flags=0x1 tag=AlarmManager
05-17 16:54:38.455 D/PowerManagerService(  214): acquireWakeLock flags=0x1 tag=AlarmManager
05-17 16:54:38.495 D/PowerManagerService(  214): acquireWakeLock flags=0x1 tag=Event Log Handoff
05-17 16:54:38.515 D/PowerManagerService(  214): releaseWakeLock flags=0x1 tag=AlarmManager
05-17 16:54:38.515 D/PowerManagerService(  214): acquireWakeLock flags=0x1 tag=Event Log Service
05-17 16:54:38.515 D/PowerManagerService(  214): releaseWakeLock flags=0x1 tag=Event Log Handoff
05-17 16:54:38.535 I/EventLogService(  391): <!>com.google.android.gsf.checkin.EventLogService$1 122<!> Aggregate from 1305617078410 (log), 1305617078410 (data)
05-17 16:54:38.595 D/PowerManagerService(  214): releaseWakeLock flags=0x1 tag=Event Log Service
05-17 16:54:59.996 D/PowerManagerService(  214): acquireWakeLock flags=0x1 tag=AlarmManager
05-17 16:55:00.106 D/PowerManagerService(  214): releaseWakeLock flags=0x1 tag=AlarmManager
05-17 16:55:59.994 D/PowerManagerService(  214): acquireWakeLock flags=0x1 tag=AlarmManager
05-17 16:56:00.104 D/PowerManagerService(  214): releaseWakeLock flags=0x1 tag=AlarmManager
05-17 16:56:48.351 I/dun_service(  122): The value returned from dun_getusbmodemstate_fromsys is 2 
05-17 16:57:00.003 D/PowerManagerService(  214): acquireWakeLock flags=0x1 tag=AlarmManager
05-17 16:57:00.093 D/PowerManagerService(  214): releaseWakeLock flags=0x1 tag=AlarmManager
05-17 16:57:03.316 I/dun_service(  122): The value returned from dun_getusbmodemstate_fromsys is 2 
05-17 16:57:59.991 D/PowerManagerService(  214): acquireWakeLock flags=0x1 tag=AlarmManager
05-17 16:58:00.091 D/PowerManagerService(  214): releaseWakeLock flags=0x1 tag=AlarmManager
05-17 16:59:00.000 D/PowerManagerService(  214): acquireWakeLock flags=0x1 tag=AlarmManager
05-17 16:59:00.100 D/PowerManagerService(  214): releaseWakeLock flags=0x1 tag=AlarmManager
05-17 16:59:20.740 D/PowerManagerService(  214): acquireWakeLock flags=0x1 tag=AlarmManager
05-17 16:59:20.750 D/NetdConnector(  214): SND -> {interface readrxcounter rmnet0} {null}
05-17 16:59:20.750 D/NetdConnector(  214): RCV <- {216 0}
05-17 16:59:20.770 D/NetdConnector(  214): RSP <- {216 0}
05-17 16:59:20.770 D/NetdConnector(  214): SND -> {interface readtxcounter rmnet0} {null}
05-17 16:59:20.780 D/PowerManagerService(  214): releaseWakeLock flags=0x1 tag=AlarmManager
05-17 16:59:20.790 D/NetdConnector(  214): RCV <- {217 0}
05-17 16:59:20.800 D/NetdConnector(  214): RSP <- {217 0}
05-17 16:59:59.988 D/PowerManagerService(  214): acquireWakeLock flags=0x1 tag=AlarmManager
05-17 17:00:00.098 D/PowerManagerService(  214): releaseWakeLock flags=0x1 tag=AlarmManager
05-17 17:00:59.997 D/PowerManagerService(  214): acquireWakeLock flags=0x1 tag=AlarmManager
05-17 17:01:00.097 D/PowerManagerService(  214): releaseWakeLock flags=0x1 tag=AlarmManager
05-17 17:01:52.448 I/dun_service(  122): The value returned from dun_getusbmodemstate_fromsys is 2 
05-17 17:02:00.005 D/PowerManagerService(  214): acquireWakeLock flags=0x1 tag=AlarmManager
05-17 17:02:00.096 D/PowerManagerService(  214): releaseWakeLock flags=0x1 tag=AlarmManager
05-17 17:02:02.418 I/dun_service(  122): The value returned from dun_getusbmodemstate_fromsys is 2 
05-17 17:02:12.398 I/dun_service(  122): The value returned from dun_getusbmodemstate_fromsys is 2 
05-17 17:02:27.352 I/dun_service(  122): The value returned from dun_getusbmodemstate_fromsys is 2 
05-17 17:02:37.322 I/dun_service(  122): The value returned from dun_getusbmodemstate_fromsys is 2 
05-17 17:02:52.286 I/dun_service(  122): The value returned from dun_getusbmodemstate_fromsys is 2 
05-17 17:02:59.994 D/PowerManagerService(  214): acquireWakeLock flags=0x1 tag=AlarmManager
05-17 17:03:00.064 D/PowerManagerService(  214): releaseWakeLock flags=0x1 tag=AlarmManager
05-17 17:03:07.231 I/dun_service(  122): The value returned from dun_getusbmodemstate_fromsys is 2 
05-17 17:03:12.226 I/dun_service(  122): The value returned from dun_getusbmodemstate_fromsys is 2 
05-17 17:03:17.211 I/dun_service(  122): The value returned from dun_getusbmodemstate_fromsys is 2 
05-17 17:03:22.196 I/dun_service(  122): The value returned from dun_getusbmodemstate_fromsys is 2 
05-17 17:03:59.993 D/PowerManagerService(  214): acquireWakeLock flags=0x1 tag=AlarmManager
05-17 17:04:00.103 D/PowerManagerService(  214): releaseWakeLock flags=0x1 tag=AlarmManager
05-17 17:04:17.029 I/dun_service(  122): The value returned from dun_getusbmodemstate_fromsys is 2 
05-17 17:04:26.989 I/dun_service(  122): The value returned from dun_getusbmodemstate_fromsys is 2 
05-17 17:05:00.001 D/PowerManagerService(  214): acquireWakeLock flags=0x1 tag=AlarmManager
05-17 17:05:00.091 D/PowerManagerService(  214): releaseWakeLock flags=0x1 tag=AlarmManager
05-17 17:05:59.990 D/PowerManagerService(  214): acquireWakeLock flags=0x1 tag=AlarmManager
05-17 17:06:00.100 D/PowerManagerService(  214): releaseWakeLock flags=0x1 tag=AlarmManager
05-17 17:06:59.998 D/PowerManagerService(  214): acquireWakeLock flags=0x1 tag=AlarmManager
05-17 17:07:00.098 D/PowerManagerService(  214): releaseWakeLock flags=0x1 tag=AlarmManager
05-17 17:07:26.484 I/dun_service(  122): The value returned from dun_getusbmodemstate_fromsys is 2 
05-17 17:07:41.419 I/dun_service(  122): The value returned from dun_getusbmodemstate_fromsys is 2 
05-17 17:07:59.997 D/PowerManagerService(  214): acquireWakeLock flags=0x1 tag=AlarmManager
05-17 17:08:00.087 D/PowerManagerService(  214): releaseWakeLock flags=0x1 tag=AlarmManager
05-17 17:08:06.343 I/dun_service(  122): The value returned from dun_getusbmodemstate_fromsys is 2 
05-17 17:08:11.338 I/dun_service(  122): The value returned from dun_getusbmodemstate_fromsys is 2 
05-17 17:08:40.376 D/PowerManagerService(  214): acquireWakeLock flags=0x1 tag=AlarmManager
05-17 17:08:40.426 D/PowerManagerService(  214): releaseWakeLock flags=0x1 tag=AlarmManager
05-17 17:08:40.436 D/PowerManagerService(  214): acquireWakeLock flags=0x1 tag=PrefetcherService
05-17 17:08:40.446 D/PowerManagerService(  214): releaseWakeLock flags=0x1 tag=PrefetcherService
05-17 17:09:00.005 D/PowerManagerService(  214): acquireWakeLock flags=0x1 tag=AlarmManager
05-17 17:09:00.105 D/PowerManagerService(  214): releaseWakeLock flags=0x1 tag=AlarmManager
05-17 17:09:20.755 D/PowerManagerService(  214): acquireWakeLock flags=0x1 tag=AlarmManager
05-17 17:09:20.765 D/NetdConnector(  214): SND -> {interface readrxcounter rmnet0} {null}
05-17 17:09:20.786 D/NetdConnector(  214): RCV <- {216 0}
05-17 17:09:20.786 D/NetdConnector(  214): RSP <- {216 0}
05-17 17:09:20.786 D/NetdConnector(  214): SND -> {interface readtxcounter rmnet0} {null}
05-17 17:09:20.806 D/PowerManagerService(  214): releaseWakeLock flags=0x1 tag=AlarmManager
05-17 17:09:20.806 D/NetdConnector(  214): RCV <- {217 0}
05-17 17:09:20.816 D/NetdConnector(  214): RSP <- {217 0}
05-17 17:10:00.004 D/PowerManagerService(  214): acquireWakeLock flags=0x1 tag=AlarmManager
05-17 17:10:00.104 D/PowerManagerService(  214): releaseWakeLock flags=0x1 tag=AlarmManager
05-17 17:10:59.992 D/PowerManagerService(  214): acquireWakeLock flags=0x1 tag=AlarmManager
05-17 17:11:00.102 D/PowerManagerService(  214): releaseWakeLock flags=0x1 tag=AlarmManager
05-17 17:11:15.798 I/dun_service(  122): The value returned from dun_getusbmodemstate_fromsys is 2 
05-17 17:11:20.773 I/dun_service(  122): The value returned from dun_getusbmodemstate_fromsys is 2 
05-17 17:11:25.757 I/dun_service(  122): The value returned from dun_getusbmodemstate_fromsys is 2 
05-17 17:11:40.712 I/dun_service(  122): The value returned from dun_getusbmodemstate_fromsys is 2 
05-17 17:11:59.991 D/PowerManagerService(  214): acquireWakeLock flags=0x1 tag=AlarmManager
05-17 17:12:00.101 D/PowerManagerService(  214): releaseWakeLock flags=0x1 tag=AlarmManager
05-17 17:12:40.540 I/dun_service(  122): The value returned from dun_getusbmodemstate_fromsys is 2 
05-17 17:12:59.999 D/PowerManagerService(  214): acquireWakeLock flags=0x1 tag=AlarmManager
05-17 17:13:00.089 D/PowerManagerService(  214): releaseWakeLock flags=0x1 tag=AlarmManager
05-17 17:13:00.470 I/dun_service(  122): The value returned from dun_getusbmodemstate_fromsys is 2 
05-17 17:13:59.998 D/PowerManagerService(  214): acquireWakeLock flags=0x1 tag=AlarmManager
05-17 17:14:00.108 D/PowerManagerService(  214): releaseWakeLock flags=0x1 tag=AlarmManager
05-17 17:14:59.996 D/PowerManagerService(  214): acquireWakeLock flags=0x1 tag=AlarmManager
05-17 17:15:00.097 D/PowerManagerService(  214): releaseWakeLock flags=0x1 tag=AlarmManager
05-17 17:15:35.031 I/dun_service(  122): The value returned from dun_getusbmodemstate_fromsys is 2 
05-17 17:15:40.015 I/dun_service(  122): The value returned from dun_getusbmodemstate_fromsys is 2 
05-17 17:16:00.005 D/PowerManagerService(  214): acquireWakeLock flags=0x1 tag=AlarmManager
05-17 17:16:00.095 D/PowerManagerService(  214): releaseWakeLock flags=0x1 tag=AlarmManager
05-17 17:16:54.788 I/dun_service(  122): The value returned from dun_getusbmodemstate_fromsys is 2 
05-17 17:17:00.024 D/PowerManagerService(  214): acquireWakeLock flags=0x1 tag=AlarmManager
05-17 17:17:00.124 D/PowerManagerService(  214): releaseWakeLock flags=0x1 tag=AlarmManager
05-17 17:17:09.743 I/dun_service(  122): The value returned from dun_getusbmodemstate_fromsys is 2 
05-17 17:18:00.002 D/PowerManagerService(  214): acquireWakeLock flags=0x1 tag=AlarmManager
05-17 17:18:00.102 D/PowerManagerService(  214): releaseWakeLock flags=0x1 tag=AlarmManager
05-17 17:18:59.991 D/PowerManagerService(  214): acquireWakeLock flags=0x1 tag=AlarmManager
05-17 17:19:00.101 D/PowerManagerService(  214): releaseWakeLock flags=0x1 tag=AlarmManager
05-17 17:19:04.405 I/dun_service(  122): The value returned from dun_getusbmodemstate_fromsys is 2 
05-17 17:19:04.455 D/NetdConnector(  214): SND -> {interface list} {null}
05-17 17:19:04.455 D/NetdConnector(  214): RCV <- {110 lo}
05-17 17:19:04.455 D/NetdConnector(  214): RCV <- {110 dummy0}
05-17 17:19:04.465 D/NetdConnector(  214): RSP <- {110 lo}
05-17 17:19:04.465 D/NetdConnector(  214): RSP <- {110 dummy0}
05-17 17:19:04.465 D/NetdConnector(  214): RCV <- {110 rmnet0}
05-17 17:19:04.465 D/NetdConnector(  214): RCV <- {110 rmnet1}
05-17 17:19:04.465 D/NetdConnector(  214): RCV <- {110 rmnet2}
05-17 17:19:04.465 D/NetdConnector(  214): RCV <- {110 rmnet3}
05-17 17:19:04.465 D/NetdConnector(  214): RCV <- {110 rmnet4}
05-17 17:19:04.465 D/NetdConnector(  214): RCV <- {110 rmnet5}
05-17 17:19:04.465 D/NetdConnector(  214): RCV <- {110 rmnet6}
05-17 17:19:04.465 D/NetdConnector(  214): RCV <- {110 rmnet7}
05-17 17:19:04.465 D/NetdConnector(  214): RCV <- {110 rmnet_sdio0}
05-17 17:19:04.465 D/NetdConnector(  214): RCV <- {110 rmnet_sdio1}
05-17 17:19:04.465 D/NetdConnector(  214): RCV <- {110 rmnet_sdio2}
05-17 17:19:04.475 D/NetdConnector(  214): RSP <- {110 rmnet0}
05-17 17:19:04.475 D/NetdConnector(  214): RSP <- {110 rmnet1}
05-17 17:19:04.475 D/NetdConnector(  214): RSP <- {110 rmnet2}
05-17 17:19:04.475 D/NetdConnector(  214): RSP <- {110 rmnet3}
05-17 17:19:04.475 D/NetdConnector(  214): RSP <- {110 rmnet4}
05-17 17:19:04.475 D/NetdConnector(  214): RSP <- {110 rmnet5}
05-17 17:19:04.475 D/NetdConnector(  214): RSP <- {110 rmnet6}
05-17 17:19:04.475 D/NetdConnector(  214): RSP <- {110 rmnet7}
05-17 17:19:04.475 D/NetdConnector(  214): RSP <- {110 rmnet_sdio0}
05-17 17:19:04.475 D/NetdConnector(  214): RSP <- {110 rmnet_sdio1}
05-17 17:19:04.485 D/NetdConnector(  214): RCV <- {110 rmnet_sdio3}
05-17 17:19:04.485 D/NetdConnector(  214): RCV <- {110 rmnet_sdio4}
05-17 17:19:04.485 D/NetdConnector(  214): RCV <- {110 rmnet_sdio5}
05-17 17:19:04.485 D/NetdConnector(  214): RSP <- {110 rmnet_sdio2}
05-17 17:19:04.485 D/NetdConnector(  214): RSP <- {110 rmnet_sdio3}
05-17 17:19:04.485 D/NetdConnector(  214): RSP <- {110 rmnet_sdio4}
05-17 17:19:04.485 D/NetdConnector(  214): RCV <- {110 rmnet_sdio6}
05-17 17:19:04.485 D/NetdConnector(  214): RSP <- {110 rmnet_sdio5}
05-17 17:19:04.485 D/NetdConnector(  214): RSP <- {110 rmnet_sdio6}
05-17 17:19:04.495 D/NetdConnector(  214): RCV <- {110 rmnet_sdio7}
05-17 17:19:04.495 D/NetdConnector(  214): RSP <- {110 rmnet_sdio7}
05-17 17:19:04.495 D/NetdConnector(  214): RCV <- {110 usb0}
05-17 17:19:04.495 D/NetdConnector(  214): RSP <- {110 usb0}
05-17 17:19:04.495 D/NetdConnector(  214): RCV <- {110 sit0}
05-17 17:19:04.495 D/NetdConnector(  214): RSP <- {110 sit0}
05-17 17:19:04.495 D/NetdConnector(  214): RCV <- {110 ip6tnl0}
05-17 17:19:04.495 D/NetdConnector(  214): RSP <- {110 ip6tnl0}
05-17 17:19:04.495 D/NetdConnector(  214): RCV <- {200 Interface list completed}
05-17 17:19:04.505 E/Tethering(  214): <!>com.android.server.connectivity.Tethering 314<!> active iface (usb0) reported as added, ignoring
05-17 17:19:04.505 D/NetdConnector(  214): RSP <- {200 Interface list completed}
05-17 17:19:04.505 D/NetdConnector(  214): List terminated with {200 Interface list completed}
05-17 17:19:19.359 I/dun_service(  122): The value returned from dun_getusbmodemstate_fromsys is 2 
05-17 17:19:20.771 D/NetdConnector(  214): SND -> {interface readrxcounter rmnet0} {null}
05-17 17:19:20.781 D/NetdConnector(  214): RCV <- {216 0}
05-17 17:19:20.791 D/NetdConnector(  214): RSP <- {216 0}
05-17 17:19:20.791 D/NetdConnector(  214): SND -> {interface readtxcounter rmnet0} {null}
05-17 17:19:20.811 D/PowerManagerService(  214): acquireWakeLock flags=0x1 tag=AlarmManager
05-17 17:19:20.821 D/PowerManagerService(  214): releaseWakeLock flags=0x1 tag=AlarmManager
05-17 17:19:20.821 D/NetdConnector(  214): RCV <- {217 0}
05-17 17:19:20.821 D/NetdConnector(  214): RSP <- {217 0}
05-17 17:19:59.989 D/PowerManagerService(  214): acquireWakeLock flags=0x1 tag=AlarmManager
05-17 17:20:00.089 D/PowerManagerService(  214): releaseWakeLock flags=0x1 tag=AlarmManager
05-17 17:20:04.223 I/dun_service(  122): The value returned from dun_getusbmodemstate_fromsys is 2 
05-17 17:20:09.208 I/dun_service(  122): The value returned from dun_getusbmodemstate_fromsys is 2 
05-17 17:20:39.127 I/dun_service(  122): The value returned from dun_getusbmodemstate_fromsys is 2 
05-17 17:20:49.097 I/dun_service(  122): The value returned from dun_getusbmodemstate_fromsys is 2 
05-17 17:20:59.998 D/PowerManagerService(  214): acquireWakeLock flags=0x1 tag=AlarmManager
05-17 17:21:00.048 D/PowerManagerService(  214): releaseWakeLock flags=0x1 tag=AlarmManager
05-17 17:21:38.946 I/dun_service(  122): The value returned from dun_getusbmodemstate_fromsys is 2 
05-17 17:21:59.996 D/PowerManagerService(  214): acquireWakeLock flags=0x1 tag=AlarmManager
05-17 17:22:00.096 D/PowerManagerService(  214): releaseWakeLock flags=0x1 tag=AlarmManager
05-17 17:22:03.870 I/dun_service(  122): The value returned from dun_getusbmodemstate_fromsys is 2 
05-17 17:22:59.995 D/PowerManagerService(  214): acquireWakeLock flags=0x1 tag=AlarmManager
05-17 17:23:00.125 D/PowerManagerService(  214): releaseWakeLock flags=0x1 tag=AlarmManager
05-17 17:23:23.628 I/dun_service(  122): The value returned from dun_getusbmodemstate_fromsys is 2 
05-17 17:23:38.592 I/dun_service(  122): The value returned from dun_getusbmodemstate_fromsys is 2 
05-17 17:23:40.364 D/PowerManagerService(  214): acquireWakeLock flags=0x1 tag=AlarmManager
05-17 17:23:40.414 D/PowerManagerService(  214): releaseWakeLock flags=0x1 tag=AlarmManager
05-17 17:23:53.537 I/dun_service(  122): The value returned from dun_getusbmodemstate_fromsys is 2 
05-17 17:23:59.993 D/PowerManagerService(  214): acquireWakeLock flags=0x1 tag=AlarmManager
05-17 17:24:00.093 D/PowerManagerService(  214): releaseWakeLock flags=0x1 tag=AlarmManager
05-17 17:24:03.517 I/dun_service(  122): The value returned from dun_getusbmodemstate_fromsys is 2 
05-17 17:24:28.441 I/dun_service(  122): The value returned from dun_getusbmodemstate_fromsys is 2 
05-17 17:24:33.436 I/dun_service(  122): The value returned from dun_getusbmodemstate_fromsys is 2 
05-17 17:24:38.591 D/PowerManagerService(  214): acquireWakeLock flags=0x1 tag=AlarmManager
05-17 17:24:38.631 D/PowerManagerService(  214): acquireWakeLock flags=0x1 tag=Event Log Handoff
05-17 17:24:38.651 D/PowerManagerService(  214): releaseWakeLock flags=0x1 tag=AlarmManager
05-17 17:24:38.661 I/EventLogService(  391): <!>com.google.android.gsf.checkin.EventLogService$1 122<!> Aggregate from 1305618878538 (log), 1305618878538 (data)
05-17 17:24:38.661 D/PowerManagerService(  214): acquireWakeLock flags=0x1 tag=Event Log Service
05-17 17:24:38.661 D/PowerManagerService(  214): releaseWakeLock flags=0x1 tag=Event Log Handoff
05-17 17:24:38.701 D/PowerManagerService(  214): releaseWakeLock flags=0x1 tag=Event Log Service
05-17 17:24:58.350 I/dun_service(  122): The value returned from dun_getusbmodemstate_fromsys is 2 
05-17 17:24:59.992 D/PowerManagerService(  214): acquireWakeLock flags=0x1 tag=AlarmManager
05-17 17:25:00.112 D/PowerManagerService(  214): releaseWakeLock flags=0x1 tag=AlarmManager
05-17 17:25:03.345 I/dun_service(  122): The value returned from dun_getusbmodemstate_fromsys is 2 
05-17 17:26:00.000 D/PowerManagerService(  214): acquireWakeLock flags=0x1 tag=AlarmManager
05-17 17:26:00.100 D/PowerManagerService(  214): releaseWakeLock flags=0x1 tag=AlarmManager
05-17 17:26:59.989 D/PowerManagerService(  214): acquireWakeLock flags=0x1 tag=AlarmManager
05-17 17:27:00.089 D/PowerManagerService(  214): releaseWakeLock flags=0x1 tag=AlarmManager
05-17 17:27:07.967 I/dun_service(  122): The value returned from dun_getusbmodemstate_fromsys is 2 
05-17 17:27:17.946 I/dun_service(  122): The value returned from dun_getusbmodemstate_fromsys is 2 
05-17 17:27:42.871 I/dun_service(  122): The value returned from dun_getusbmodemstate_fromsys is 2 
05-17 17:27:59.997 D/PowerManagerService(  214): acquireWakeLock flags=0x1 tag=AlarmManager
05-17 17:28:00.088 D/PowerManagerService(  214): releaseWakeLock flags=0x1 tag=AlarmManager
05-17 17:28:07.795 I/dun_service(  122): The value returned from dun_getusbmodemstate_fromsys is 2 
05-17 17:29:00.006 D/PowerManagerService(  214): acquireWakeLock flags=0x1 tag=AlarmManager
05-17 17:29:00.096 D/PowerManagerService(  214): releaseWakeLock flags=0x1 tag=AlarmManager
05-17 17:29:20.776 D/PowerManagerService(  214): acquireWakeLock flags=0x1 tag=AlarmManager
05-17 17:29:20.796 D/PowerManagerService(  214): releaseWakeLock flags=0x1 tag=AlarmManager
05-17 17:29:20.796 D/NetdConnector(  214): SND -> {interface readrxcounter rmnet0} {null}
05-17 17:29:20.806 D/NetdConnector(  214): RCV <- {216 0}
05-17 17:29:20.816 D/NetdConnector(  214): RSP <- {216 0}
05-17 17:29:20.826 D/NetdConnector(  214): SND -> {interface readtxcounter rmnet0} {null}
05-17 17:29:20.836 D/NetdConnector(  214): RCV <- {217 0}
05-17 17:29:20.836 D/NetdConnector(  214): RSP <- {217 0}
05-17 17:29:59.994 D/PowerManagerService(  214): acquireWakeLock flags=0x1 tag=AlarmManager
05-17 17:30:00.105 D/PowerManagerService(  214): releaseWakeLock flags=0x1 tag=AlarmManager
05-17 17:30:47.331 I/dun_service(  122): The value returned from dun_getusbmodemstate_fromsys is 2 
05-17 17:30:59.993 D/PowerManagerService(  214): acquireWakeLock flags=0x1 tag=AlarmManager
05-17 17:31:00.093 D/PowerManagerService(  214): releaseWakeLock flags=0x1 tag=AlarmManager
05-17 17:31:12.255 I/dun_service(  122): The value returned from dun_getusbmodemstate_fromsys is 2 
05-17 17:31:59.992 D/PowerManagerService(  214): acquireWakeLock flags=0x1 tag=AlarmManager
05-17 17:32:00.092 D/PowerManagerService(  214): releaseWakeLock flags=0x1 tag=AlarmManager
05-17 17:32:59.990 D/PowerManagerService(  214): acquireWakeLock flags=0x1 tag=AlarmManager
05-17 17:33:00.100 D/PowerManagerService(  214): releaseWakeLock flags=0x1 tag=AlarmManager
05-17 17:33:01.922 I/dun_service(  122): The value returned from dun_getusbmodemstate_fromsys is 2 
05-17 17:33:21.861 I/dun_service(  122): The value returned from dun_getusbmodemstate_fromsys is 2 
05-17 17:33:51.771 I/dun_service(  122): The value returned from dun_getusbmodemstate_fromsys is 2 
05-17 17:33:59.999 D/PowerManagerService(  214): acquireWakeLock flags=0x1 tag=AlarmManager
05-17 17:34:00.089 D/PowerManagerService(  214): releaseWakeLock flags=0x1 tag=AlarmManager
05-17 17:34:31.650 I/dun_service(  122): The value returned from dun_getusbmodemstate_fromsys is 2 
05-17 17:34:59.997 D/PowerManagerService(  214): acquireWakeLock flags=0x1 tag=AlarmManager
05-17 17:35:00.087 D/PowerManagerService(  214): releaseWakeLock flags=0x1 tag=AlarmManager
05-17 17:35:11.538 I/dun_service(  122): The value returned from dun_getusbmodemstate_fromsys is 2 
05-17 17:35:26.503 I/dun_service(  122): The value returned from dun_getusbmodemstate_fromsys is 2 
05-17 17:35:41.448 I/dun_service(  122): The value returned from dun_getusbmodemstate_fromsys is 2 
05-17 17:35:51.417 I/dun_service(  122): The value returned from dun_getusbmodemstate_fromsys is 2 
05-17 17:35:59.996 D/PowerManagerService(  214): acquireWakeLock flags=0x1 tag=AlarmManager
05-17 17:36:00.096 D/PowerManagerService(  214): releaseWakeLock flags=0x1 tag=AlarmManager
05-17 17:36:06.382 I/dun_service(  122): The value returned from dun_getusbmodemstate_fromsys is 2 
05-17 17:36:26.311 I/dun_service(  122): The value returned from dun_getusbmodemstate_fromsys is 2 
05-17 17:36:31.306 I/dun_service(  122): The value returned from dun_getusbmodemstate_fromsys is 2 
05-17 17:37:00.004 D/PowerManagerService(  214): acquireWakeLock flags=0x1 tag=AlarmManager
05-17 17:37:00.094 D/PowerManagerService(  214): releaseWakeLock flags=0x1 tag=AlarmManager
05-17 17:37:01.215 I/dun_service(  122): The value returned from dun_getusbmodemstate_fromsys is 2 
05-17 17:37:11.185 I/dun_service(  122): The value returned from dun_getusbmodemstate_fromsys is 2 
05-17 17:37:16.170 I/dun_service(  122): The value returned from dun_getusbmodemstate_fromsys is 2 
05-17 17:37:26.140 I/dun_service(  122): The value returned from dun_getusbmodemstate_fromsys is 2 
05-17 17:37:31.125 I/dun_service(  122): The value returned from dun_getusbmodemstate_fromsys is 2 
05-17 17:37:51.074 I/dun_service(  122): The value returned from dun_getusbmodemstate_fromsys is 2 
05-17 17:37:56.049 I/dun_service(  122): The value returned from dun_getusbmodemstate_fromsys is 2 
05-17 17:38:00.003 D/PowerManagerService(  214): acquireWakeLock flags=0x1 tag=AlarmManager
05-17 17:38:00.093 D/PowerManagerService(  214): releaseWakeLock flags=0x1 tag=AlarmManager
05-17 17:38:01.034 I/dun_service(  122): The value returned from dun_getusbmodemstate_fromsys is 2 
05-17 17:38:06.019 I/dun_service(  122): The value returned from dun_getusbmodemstate_fromsys is 2 
05-17 17:38:40.352 D/PowerManagerService(  214): acquireWakeLock flags=0x1 tag=AlarmManager
05-17 17:38:40.422 D/PowerManagerService(  214): releaseWakeLock flags=0x1 tag=AlarmManager
05-17 17:38:40.432 D/PowerManagerService(  214): acquireWakeLock flags=0x1 tag=PrefetcherService
05-17 17:38:40.442 D/PowerManagerService(  214): releaseWakeLock flags=0x1 tag=PrefetcherService
05-17 17:38:59.991 D/PowerManagerService(  214): acquireWakeLock flags=0x1 tag=AlarmManager
05-17 17:39:00.101 D/PowerManagerService(  214): releaseWakeLock flags=0x1 tag=AlarmManager
05-17 17:39:20.792 D/PowerManagerService(  214): acquireWakeLock flags=0x1 tag=AlarmManager
05-17 17:39:20.802 D/NetdConnector(  214): SND -> {interface readrxcounter rmnet0} {null}
05-17 17:39:20.812 D/NetdConnector(  214): RCV <- {216 0}
05-17 17:39:20.822 D/PowerManagerService(  214): releaseWakeLock flags=0x1 tag=AlarmManager
05-17 17:39:20.832 D/NetdConnector(  214): RSP <- {216 0}
05-17 17:39:20.832 D/NetdConnector(  214): SND -> {interface readtxcounter rmnet0} {null}
05-17 17:39:20.842 D/NetdConnector(  214): RCV <- {217 0}
05-17 17:39:20.842 D/NetdConnector(  214): RSP <- {217 0}
05-17 17:39:35.756 I/dun_service(  122): The value returned from dun_getusbmodemstate_fromsys is 2 
05-17 17:39:59.990 D/PowerManagerService(  214): acquireWakeLock flags=0x1 tag=AlarmManager
05-17 17:40:00.100 D/PowerManagerService(  214): releaseWakeLock flags=0x1 tag=AlarmManager
05-17 17:40:00.681 I/dun_service(  122): The value returned from dun_getusbmodemstate_fromsys is 2 
05-17 17:40:20.620 I/dun_service(  122): The value returned from dun_getusbmodemstate_fromsys is 2 
05-17 17:40:25.615 I/dun_service(  122): The value returned from dun_getusbmodemstate_fromsys is 2 
05-17 17:40:59.988 D/PowerManagerService(  214): acquireWakeLock flags=0x1 tag=AlarmManager
05-17 17:41:00.098 D/PowerManagerService(  214): releaseWakeLock flags=0x1 tag=AlarmManager
05-17 17:41:25.433 I/dun_service(  122): The value returned from dun_getusbmodemstate_fromsys is 2 
05-17 17:41:30.418 I/dun_service(  122): The value returned from dun_getusbmodemstate_fromsys is 2 
05-17 17:41:59.997 D/PowerManagerService(  214): acquireWakeLock flags=0x1 tag=AlarmManager
05-17 17:42:00.097 D/PowerManagerService(  214): releaseWakeLock flags=0x1 tag=AlarmManager
