05-17 07:38:50.530 I/dvm_gc_info(  802): [7453298398305952817,-9165522571040647126,-4006368547746117592,7349951]
05-17 07:38:55.575 I/dvm_gc_madvise_info(  802): [1478656,1060864]
05-17 07:39:25.034 I/binder_sample(  296): [android.os.INetStatService,2,6,com.android.phone,1]
05-17 07:41:22.228 I/binder_sample(  296): [android.os.INetStatService,2,8,com.android.phone,1]
05-17 07:41:49.755 I/binder_sample(  296): [android.os.INetStatService,1,9,com.android.phone,1]
05-17 07:42:53.968 I/binder_sample(  296): [android.os.INetStatService,2,8,com.android.phone,1]
05-17 07:43:00.194 I/dvm_gc_info(  214): [8320808730291668872,-8896707919490484124,-3975406300307945432,8624173]
05-17 07:43:05.279 I/dvm_gc_madvise_info(  214): [1859584,1060864]
05-17 07:43:58.200 I/binder_sample(  296): [android.os.INetStatService,2,8,com.android.phone,1]
05-17 07:44:19.581 I/binder_sample(  296): [android.os.INetStatService,2,8,com.android.phone,1]
05-17 07:44:20.592 I/binder_sample(  296): [android.os.INetStatService,1,8,com.android.phone,1]
05-17 07:44:33.835 I/binder_sample(  296): [android.os.INetStatService,1,8,com.android.phone,1]
05-17 07:45:00.331 I/binder_sample(  296): [android.os.INetStatService,2,7,com.android.phone,1]
05-17 07:45:25.806 I/binder_sample(  296): [android.os.INetStatService,1,8,com.android.phone,1]
05-17 07:45:37.017 I/binder_sample(  296): [android.os.INetStatService,2,7,com.android.phone,1]
05-17 07:45:50.270 I/binder_sample(  296): [android.os.INetStatService,2,8,com.android.phone,1]
05-17 07:45:58.538 I/dvm_gc_info(  296): [8099846449757533794,-8991288873094043596,-4003553797979011032,7349951]
05-17 07:46:03.583 I/dvm_gc_madvise_info(  296): [1171456,1060864]
05-17 07:47:00.628 I/binder_sample(  296): [android.os.INetStatService,2,8,com.android.phone,1]
05-17 07:48:00.767 I/binder_sample(  296): [android.os.INetStatService,2,8,com.android.phone,1]
05-17 07:48:21.147 I/binder_sample(  296): [android.os.INetStatService,2,8,com.android.phone,1]
05-17 07:49:21.286 I/binder_sample(  296): [android.os.INetStatService,1,9,com.android.phone,1]
05-17 07:49:25.580 I/battery_level(  214): [100,4,23]
05-17 07:50:18.381 I/binder_sample(  296): [android.os.INetStatService,2,8,com.android.phone,1]
05-17 07:52:25.725 I/binder_sample(  296): [android.os.INetStatService,2,8,com.android.phone,1]
05-17 07:52:30.810 I/binder_sample(  296): [android.os.INetStatService,2,7,com.android.phone,1]
05-17 07:52:37.937 I/binder_sample(  296): [android.os.INetStatService,1,9,com.android.phone,1]
05-17 07:53:45.423 I/force_gc(  802): bg
05-17 07:53:45.443 I/dvm_gc_info(  802): [7453298398305805361,-9165522571040647126,-4006368547746117592,7349951]
05-17 07:53:50.478 I/dvm_gc_madvise_info(  802): [1478656,1060864]
05-17 07:54:36.293 I/am_create_service(  214): [1083368192,com.google.android.gsf/.checkin.EventLogService,,391]
05-17 07:54:36.303 I/aggregation(  391): 1305586476311
05-17 07:54:36.353 I/am_destroy_service(  214): [1083368192,com.google.android.gsf/.checkin.EventLogService,391]
05-17 07:55:22.978 I/binder_sample(  296): [android.os.INetStatService,1,10,com.android.phone,2]
05-17 07:55:59.674 I/binder_sample(  296): [android.os.INetStatService,1,8,com.android.phone,1]
05-17 07:57:27.330 I/binder_sample(  296): [android.os.INetStatService,1,8,com.android.phone,1]
05-17 07:57:43.636 I/binder_sample(  296): [android.os.INetStatService,1,9,com.android.phone,1]
05-17 07:59:39.829 I/binder_sample(  296): [android.os.INetStatService,1,9,com.android.phone,1]
05-17 08:01:59.435 I/binder_sample(  296): [android.os.INetStatService,1,8,com.android.phone,1]
05-17 08:02:38.123 I/binder_sample(  296): [android.os.INetStatService,2,8,com.android.phone,1]
05-17 08:02:53.398 I/binder_sample(  296): [android.os.INetStatService,1,8,com.android.phone,1]
05-17 08:03:37.211 I/binder_sample(  296): [android.os.INetStatService,1,9,com.android.phone,1]
05-17 08:03:48.421 I/binder_sample(  296): [android.os.INetStatService,1,9,com.android.phone,1]
05-17 08:04:27.169 I/binder_sample(  296): [android.os.INetStatService,2,8,com.android.phone,1]
05-17 08:05:44.625 I/binder_sample(  296): [android.os.INetStatService,2,9,com.android.phone,1]
05-17 08:05:50.731 I/binder_sample(  296): [android.os.INetStatService,1,8,com.android.phone,1]
05-17 08:07:17.395 I/binder_sample(  296): [android.os.INetStatService,1,8,com.android.phone,1]
05-17 08:08:40.386 I/am_create_service(  214): [1083613864,com.google.android.apps.maps/com.google.googlenav.prefetch.android.PrefetcherService,,1933]
05-17 08:08:45.451 I/force_gc( 1933): bg
05-17 08:08:45.481 I/dvm_gc_info( 1933): [3345437233799877880,-9066442898017388490,-4002709373048879064,7349951]
05-17 08:08:50.466 I/force_gc(  802): bg
05-17 08:08:50.476 I/am_destroy_service(  214): [1083613864,com.google.android.apps.maps/com.google.googlenav.prefetch.android.PrefetcherService,1933]
05-17 08:08:50.516 I/dvm_gc_madvise_info( 1933): [1212416,1060864]
05-17 08:08:50.536 I/dvm_gc_info(  802): [7453298398306034758,-9129212299044976598,-4006368547746117592,7349951]
05-17 08:08:52.158 I/binder_sample(  296): [android.os.INetStatService,2,8,com.android.phone,1]
05-17 08:08:55.571 I/dvm_gc_madvise_info(  802): [1490944,1060864]
05-17 08:09:46.130 I/binder_sample(  296): [android.os.INetStatService,1,8,com.android.phone,1]
05-17 08:11:28.010 I/binder_sample(  296): [android.os.INetStatService,1,9,com.android.phone,1]
05-17 08:14:51.859 I/binder_sample(  296): [android.os.INetStatService,2,8,com.android.phone,1]
05-17 08:15:28.605 I/binder_sample(  296): [android.os.INetStatService,2,8,com.android.phone,1]
05-17 08:15:36.753 I/binder_sample(  296): [android.os.INetStatService,1,9,com.android.phone,1]
05-17 08:15:59.184 I/binder_sample(  296): [android.os.INetStatService,2,8,com.android.phone,1]
05-17 08:16:06.301 I/binder_sample(  296): [android.os.INetStatService,2,8,com.android.phone,1]
05-17 08:16:21.907 I/dvm_gc_info(  214): [8320808730291677055,-8898396769350748058,-3974843350354524120,8624173]
05-17 08:16:26.982 I/dvm_gc_madvise_info(  214): [1753088,1060864]
05-17 08:17:51.204 I/binder_sample(  296): [android.os.INetStatService,1,8,com.android.phone,1]
05-17 08:20:35.264 I/binder_sample(  296): [android.os.INetStatService,1,8,com.android.phone,1]
05-17 08:21:44.561 I/binder_sample(  296): [android.os.INetStatService,1,10,com.android.phone,2]
05-17 08:22:46.742 I/binder_sample(  296): [android.os.INetStatService,2,8,com.android.phone,1]
05-17 08:23:45.419 I/force_gc(  802): bg
05-17 08:23:45.439 I/dvm_gc_info(  802): [7453298398305805361,-9165522571040651222,-4006368547746117592,7349951]
05-17 08:23:50.484 I/dvm_gc_madvise_info(  802): [1490944,1060864]
05-17 08:24:32.715 I/binder_sample(  296): [android.os.INetStatService,2,8,com.android.phone,1]
05-17 08:24:33.726 I/binder_sample(  296): [android.os.INetStatService,1,9,com.android.phone,1]
05-17 08:24:36.399 I/binder_sample(  391): [android.os.IPowerManager,1,5,com.google.process.gapps,1]
05-17 08:24:36.409 I/am_create_service(  214): [1084833744,com.google.android.gsf/.checkin.EventLogService,,391]
05-17 08:24:36.419 I/aggregation(  391): 1305588276433
05-17 08:24:36.459 I/am_destroy_service(  214): [1084833744,com.google.android.gsf/.checkin.EventLogService,391]
05-17 08:24:50.042 I/binder_sample(  296): [android.os.INetStatService,2,8,com.android.phone,1]
05-17 08:26:02.373 I/binder_sample(  296): [android.os.INetStatService,2,8,com.android.phone,1]
05-17 08:26:09.490 I/binder_sample(  296): [android.os.INetStatService,2,8,com.android.phone,1]
05-17 08:28:36.223 I/binder_sample(  296): [android.os.INetStatService,2,8,com.android.phone,1]
05-17 08:28:38.255 I/binder_sample(  296): [android.os.INetStatService,1,8,com.android.phone,1]
05-17 08:29:02.719 I/binder_sample(  296): [android.os.INetStatService,2,8,com.android.phone,1]
05-17 08:30:08.973 I/binder_sample(  296): [android.os.INetStatService,2,9,com.android.phone,1]
05-17 08:31:18.271 I/binder_sample(  296): [android.os.INetStatService,1,9,com.android.phone,1]
05-17 08:31:30.513 I/binder_sample(  296): [android.os.INetStatService,2,8,com.android.phone,1]
05-17 08:31:52.925 I/binder_sample(  296): [android.os.INetStatService,1,8,com.android.phone,1]
05-17 08:32:20.452 I/binder_sample(  296): [android.os.INetStatService,2,8,com.android.phone,1]
05-17 08:32:45.917 I/binder_sample(  296): [android.os.INetStatService,1,9,com.android.phone,1]
05-17 08:36:30.055 I/binder_sample(  296): [android.os.INetStatService,1,8,com.android.phone,1]
05-17 08:37:16.951 I/binder_sample(  296): [android.os.INetStatService,2,8,com.android.phone,1]
05-17 08:38:36.439 I/binder_sample(  296): [android.os.INetStatService,1,8,com.android.phone,1]
05-17 08:38:40.402 I/am_create_service(  214): [1083172504,com.google.android.apps.maps/com.google.googlenav.prefetch.android.PrefetcherService,,1933]
05-17 08:38:45.437 I/force_gc( 1933): bg
05-17 08:38:45.467 I/dvm_gc_info( 1933): [3345437233799877885,-9066161423040677834,-4002709373048879064,7349951]
05-17 08:38:50.452 I/am_destroy_service(  214): [1083172504,com.google.android.apps.maps/com.google.googlenav.prefetch.android.PrefetcherService,1933]
05-17 08:38:50.472 I/force_gc(  802): bg
05-17 08:38:50.512 I/dvm_gc_madvise_info( 1933): [1212416,1060864]
05-17 08:38:50.532 I/dvm_gc_info(  802): [7453298398305989681,-9165522571040651222,-4006368547746117592,7349951]
05-17 08:38:55.567 I/dvm_gc_madvise_info(  802): [1490944,1060864]
05-17 08:38:59.871 I/binder_sample(  296): [android.os.INetStatService,2,8,com.android.phone,1]
05-17 08:40:30.640 I/binder_sample(  296): [android.os.INetStatService,2,8,com.android.phone,1]
05-17 08:40:46.946 I/binder_sample(  296): [android.os.INetStatService,1,10,com.android.phone,2]
05-17 08:41:40.919 I/binder_sample(  296): [android.os.INetStatService,1,9,com.android.phone,1]
05-17 08:43:33.008 I/binder_sample(  296): [android.os.INetStatService,2,8,com.android.phone,1]
05-17 08:44:54.517 I/binder_sample(  296): [android.os.INetStatService,1,10,com.android.phone,2]
05-17 08:45:36.308 I/binder_sample(  296): [android.os.INetStatService,2,8,com.android.phone,1]
05-17 08:46:07.909 I/binder_sample(  296): [android.os.INetStatService,2,8,com.android.phone,1]
05-17 08:47:45.744 I/binder_sample(  296): [android.os.INetStatService,2,7,com.android.phone,1]
05-17 08:47:55.934 I/binder_sample(  296): [android.os.INetStatService,2,8,com.android.phone,1]
05-17 08:48:08.206 I/binder_sample(  296): [android.os.INetStatService,1,10,com.android.phone,2]
05-17 08:49:00.127 I/dvm_gc_info(  278): [8320808730291668604,-8921483147606087631,-4001583473142036440,8005441]
05-17 08:49:05.142 I/dvm_gc_madvise_info(  278): [1216512,1060864]
05-17 08:49:41.928 I/binder_sample(  296): [android.os.INetStatService,1,9,com.android.phone,1]
05-17 08:50:40.015 I/binder_sample(  296): [android.os.INetStatService,1,9,com.android.phone,1]
05-17 08:51:30.974 I/binder_sample(  296): [android.os.INetStatService,2,9,com.android.phone,1]
05-17 08:51:34.027 I/binder_sample(  296): [android.os.INetStatService,2,8,com.android.phone,1]
05-17 08:51:53.386 I/binder_sample(  296): [android.os.INetStatService,1,8,com.android.phone,1]
05-17 08:51:53.396 I/binder_sample(  296): [android.os.INetStatService,2,9,com.android.phone,1]
05-17 08:52:35.167 I/binder_sample(  296): [android.os.INetStatService,2,8,com.android.phone,1]
05-17 08:53:45.445 I/force_gc( 2044): bg
05-17 08:53:45.465 I/dvm_gc_info( 2044): [8534155694507647694,-9206617917640390613,-4006087072769406936,7349951]
05-17 08:53:50.450 I/force_gc(  802): bg
05-17 08:53:50.510 I/dvm_gc_madvise_info( 2044): [1536000,1060864]
05-17 08:53:50.530 I/dvm_gc_info(  802): [7453298398306022967,-9044488331055069142,-4006368547746117592,7349951]
05-17 08:53:55.565 I/dvm_gc_madvise_info(  802): [1482752,1060864]
05-17 08:54:00.180 I/dvm_gc_info(  214): [8320808730291672999,-8895582019583641500,-3975406300307945432,8624173]
05-17 08:54:05.255 I/dvm_gc_madvise_info(  214): [1855488,1060864]
05-17 08:54:36.525 I/am_create_service(  214): [1084755176,com.google.android.gsf/.checkin.EventLogService,,391]
05-17 08:54:36.545 I/aggregation(  391): 1305590076553
05-17 08:54:36.565 I/dvm_gc_info(  391): [7449358886915556960,-9016059289670989780,-4005805597792696280,7349951]
05-17 08:54:36.605 I/am_destroy_service(  214): [1084755176,com.google.android.gsf/.checkin.EventLogService,391]
05-17 08:54:41.570 I/dvm_gc_madvise_info(  391): [1257472,1060864]
05-17 08:54:48.897 I/am_proc_start(  214): [2142,10089,com.android.providers.calendar,broadcast,com.android.providers.calendar/.CalendarReceiver]
05-17 08:54:48.927 I/dvm_gc_madvise_info( 2142): [1302528,1060864]
05-17 08:54:48.937 I/am_proc_bound(  214): [2142,com.android.providers.calendar]
05-17 08:54:48.957 I/battery_level(  214): [100,4,24]
05-17 08:54:49.148 I/dvm_gc_info( 2142): [7161124065388803744,-8953008963624105942,-4006368547746113496,7349951]
05-17 08:54:49.178 I/am_kill (  214): [783,com.lge.clock,14,too many background]
05-17 08:54:49.198 I/am_proc_died(  214): [783,com.lge.clock]
05-17 08:54:49.198 I/am_create_service(  214): [1084321496,com.android.providers.calendar/.EmptyService,,2142]
05-17 08:54:54.162 I/dvm_gc_madvise_info( 2142): [1507328,1060864]
05-17 08:54:54.243 I/content_query_sample( 2142): [content://com.android.calendar/calendar_alerts,alarmTime,alarmTime>=?,alarmTime ASC,17,,4]
05-17 08:54:54.323 I/am_destroy_service(  214): [1084321496,com.android.providers.calendar/.EmptyService,2142]
05-17 08:55:45.523 I/force_gc( 2044): bg
05-17 08:55:45.543 I/dvm_gc_info( 2044): [8534155694507647693,-9206617917640390613,-4006087072769406936,7349951]
05-17 08:55:50.527 I/force_gc(  802): bg
05-17 08:55:50.598 I/dvm_gc_madvise_info( 2044): [1536000,1060864]
05-17 08:55:50.608 I/dvm_gc_info(  802): [7453298398306038828,-9161300446389987286,-4006368547746117592,7349951]
05-17 08:55:55.642 I/dvm_gc_madvise_info(  802): [1478656,1060864]
05-17 08:56:47.853 I/binder_sample(  296): [android.os.INetStatService,1,9,com.android.phone,1]
05-17 08:57:17.402 I/binder_sample(  296): [android.os.INetStatService,2,7,com.android.phone,1]
05-17 08:57:45.510 I/force_gc( 2044): bg
05-17 08:57:45.530 I/dvm_gc_info( 2044): [8534155694507647694,-9206617917640390613,-4006087072769406936,7349951]
05-17 08:57:50.525 I/force_gc(  802): bg
05-17 08:57:50.595 I/dvm_gc_madvise_info( 2044): [1536000,1060864]
05-17 08:57:50.605 I/dvm_gc_info(  802): [7453298398306042929,-9153419147042088918,-4006368547746117592,7349951]
05-17 08:57:55.630 I/dvm_gc_madvise_info(  802): [1478656,1060864]
05-17 08:58:24.618 I/binder_sample(  296): [android.os.INetStatService,2,8,com.android.phone,1]
05-17 08:59:00.052 I/binder_sample(  278): [android.app.IActivityManager,16,19,com.android.systemui,3]
05-17 08:59:04.337 I/binder_sample(  296): [android.os.INetStatService,1,10,com.android.phone,2]
05-17 08:59:19.601 I/binder_sample(  296): [android.os.INetStatService,1,8,com.android.phone,1]
05-17 08:59:45.517 I/force_gc( 2044): bg
05-17 08:59:45.537 I/dvm_gc_info( 2044): [8534155694507651789,-9206617917640390613,-4006087072769406936,7349951]
05-17 08:59:50.532 I/force_gc(  802): bg
05-17 08:59:50.592 I/dvm_gc_madvise_info( 2044): [1536000,1060864]
05-17 08:59:50.612 I/dvm_gc_info(  802): [7453298398306047541,-9045614230961907670,-4006368547746117592,7349951]
05-17 08:59:55.647 I/dvm_gc_madvise_info(  802): [1482752,1060864]
05-17 09:00:46.206 I/binder_sample(  296): [android.os.INetStatService,1,8,com.android.phone,1]
05-17 09:00:50.280 I/binder_sample(  296): [android.os.INetStatService,1,10,com.android.phone,2]
05-17 09:01:04.554 I/binder_sample(  296): [android.os.INetStatService,2,8,com.android.phone,1]
05-17 09:01:06.576 I/binder_sample(  296): [android.os.INetStatService,1,8,com.android.phone,1]
05-17 09:02:11.789 I/binder_sample(  296): [android.os.INetStatService,2,7,com.android.phone,1]
05-17 09:03:39.445 I/binder_sample(  296): [android.os.INetStatService,2,8,com.android.phone,1]
05-17 09:03:54.720 I/binder_sample(  296): [android.os.INetStatService,1,8,com.android.phone,1]
05-17 09:04:47.722 I/binder_sample(  296): [android.os.INetStatService,1,9,com.android.phone,1]
05-17 09:05:14.247 I/binder_sample(  296): [android.os.INetStatService,1,9,com.android.phone,1]
05-17 09:05:29.552 I/binder_sample(  296): [android.os.INetStatService,2,7,com.android.phone,1]
05-17 09:05:59.091 I/binder_sample(  296): [android.os.INetStatService,1,8,com.android.phone,1]
05-17 09:06:08.240 I/binder_sample(  296): [android.os.INetStatService,2,8,com.android.phone,1]
05-17 09:06:17.409 I/binder_sample(  296): [android.os.INetStatService,2,8,com.android.phone,1]
05-17 09:06:22.514 I/binder_sample(  296): [android.os.INetStatService,2,8,com.android.phone,1]
05-17 09:06:38.810 I/binder_sample(  296): [android.os.INetStatService,1,10,com.android.phone,2]
05-17 09:07:06.307 I/binder_sample(  296): [android.os.INetStatService,2,9,com.android.phone,1]
05-17 09:07:57.286 I/binder_sample(  296): [android.os.INetStatService,2,7,com.android.phone,1]
05-17 09:08:40.379 I/am_create_service(  214): [1084102040,com.google.android.apps.maps/com.google.googlenav.prefetch.android.PrefetcherService,,1933]
05-17 09:08:45.453 I/force_gc( 1933): bg
05-17 09:08:45.484 I/dvm_gc_info( 1933): [3345437233799873790,-9065879948063967178,-4002709373048879064,7349951]
05-17 09:08:50.458 I/am_destroy_service(  214): [1084102040,com.google.android.apps.maps/com.google.googlenav.prefetch.android.PrefetcherService,1933]
05-17 09:08:50.468 I/force_gc(  802): bg
05-17 09:08:50.518 I/dvm_gc_madvise_info( 1933): [1212416,1060864]
05-17 09:08:50.528 I/dvm_gc_info(  802): [7453298398305965107,-9159611596529723350,-4006368547746117592,7349951]
05-17 09:08:55.573 I/dvm_gc_madvise_info(  802): [1482752,1060864]
05-17 09:09:28.966 I/binder_sample(  296): [android.os.INetStatService,2,8,com.android.phone,1]
05-17 09:09:45.382 I/dvm_gc_info(  296): [8099846449757533793,-8991288873094043596,-4003272323002300376,7349951]
05-17 09:09:50.437 I/dvm_gc_madvise_info(  296): [1171456,1060864]
05-17 09:10:07.774 I/binder_sample(  296): [android.os.INetStatService,2,8,com.android.phone,1]
05-17 09:10:08.795 I/binder_sample(  296): [android.os.INetStatService,2,9,com.android.phone,1]
05-17 09:11:06.871 I/binder_sample(  296): [android.os.INetStatService,1,10,com.android.phone,2]
05-17 09:11:56.810 I/binder_sample(  296): [android.os.INetStatService,1,9,com.android.phone,1]
05-17 09:12:01.915 I/binder_sample(  296): [android.os.INetStatService,2,8,com.android.phone,1]
05-17 09:14:24.624 I/binder_sample(  296): [android.os.INetStatService,2,8,com.android.phone,1]
05-17 09:14:29.709 I/binder_sample(  296): [android.os.INetStatService,2,8,com.android.phone,1]
05-17 09:15:36.945 I/binder_sample(  296): [android.os.INetStatService,1,8,com.android.phone,1]
05-17 09:15:50.198 I/binder_sample(  296): [android.os.INetStatService,2,8,com.android.phone,1]
05-17 09:16:15.663 I/binder_sample(  296): [android.os.INetStatService,2,8,com.android.phone,1]
05-17 09:16:30.918 I/binder_sample(  296): [android.os.INetStatService,1,9,com.android.phone,1]
05-17 09:17:42.237 I/binder_sample(  296): [android.os.INetStatService,2,8,com.android.phone,1]
05-17 09:18:03.618 I/binder_sample(  296): [android.os.INetStatService,1,8,com.android.phone,1]
05-17 09:19:01.725 I/binder_sample(  296): [android.os.INetStatService,2,7,com.android.phone,1]
05-17 09:19:41.463 I/binder_sample(  296): [android.os.INetStatService,2,8,com.android.phone,1]
05-17 09:20:14.075 I/binder_sample(  296): [android.os.INetStatService,1,9,com.android.phone,1]
05-17 09:21:59.048 I/binder_sample(  296): [android.os.INetStatService,1,9,com.android.phone,1]
05-17 09:22:00.189 I/dvm_gc_info(  214): [8320808730291746698,-8899804144234297244,-3975406300307945432,8624173]
05-17 09:22:05.274 I/dvm_gc_madvise_info(  214): [1855488,1060864]
05-17 09:22:21.480 I/binder_sample(  296): [android.os.INetStatService,1,8,com.android.phone,1]
05-17 09:23:02.239 I/binder_sample(  296): [android.os.INetStatService,1,10,com.android.phone,2]
05-17 09:23:20.587 I/binder_sample(  296): [android.os.INetStatService,1,10,com.android.phone,2]
05-17 09:23:27.744 I/binder_sample(  296): [android.os.INetStatService,2,9,com.android.phone,1]
05-17 09:23:45.421 I/force_gc(  802): bg
05-17 09:23:45.442 I/dvm_gc_info(  802): [7453298398305805361,-9165522571040647126,-4006368547746117592,7349951]
05-17 09:23:50.486 I/dvm_gc_madvise_info(  802): [1482752,1060864]
05-17 09:24:13.569 I/binder_sample(  296): [android.os.INetStatService,2,7,com.android.phone,1]
05-17 09:24:36.661 I/am_create_service(  214): [1084742584,com.google.android.gsf/.checkin.EventLogService,,391]
05-17 09:24:36.671 I/aggregation(  391): 1305591876682
05-17 09:24:36.712 I/am_destroy_service(  214): [1084742584,com.google.android.gsf/.checkin.EventLogService,391]
05-17 09:26:42.354 I/binder_sample(  296): [android.os.INetStatService,2,8,com.android.phone,1]
05-17 09:29:03.021 I/binder_sample(  296): [android.os.INetStatService,2,7,com.android.phone,1]
05-17 09:30:53.079 I/binder_sample(  296): [android.os.INetStatService,2,7,com.android.phone,1]
05-17 09:31:37.912 I/binder_sample(  296): [android.os.INetStatService,2,8,com.android.phone,1]
05-17 09:32:53.316 I/binder_sample(  296): [android.os.INetStatService,2,8,com.android.phone,1]
05-17 09:32:58.411 I/binder_sample(  296): [android.os.INetStatService,2,8,com.android.phone,1]
05-17 09:34:15.837 I/binder_sample(  296): [android.os.INetStatService,1,9,com.android.phone,1]
05-17 09:36:18.156 I/binder_sample(  296): [android.os.INetStatService,2,8,com.android.phone,1]
05-17 09:36:24.272 I/binder_sample(  296): [android.os.INetStatService,2,8,com.android.phone,1]
05-17 09:36:52.810 I/binder_sample(  296): [android.os.INetStatService,2,9,com.android.phone,1]
05-17 09:36:57.905 I/binder_sample(  296): [android.os.INetStatService,1,8,com.android.phone,1]
05-17 09:38:40.395 I/am_create_service(  214): [1083642072,com.google.android.apps.maps/com.google.googlenav.prefetch.android.PrefetcherService,,1933]
05-17 09:38:45.440 I/force_gc( 1933): bg
05-17 09:38:45.470 I/dvm_gc_info( 1933): [3345437233799869696,-9065598473087256522,-4002709373048879064,7349951]
05-17 09:38:50.454 I/am_destroy_service(  214): [1083642072,com.google.android.apps.maps/com.google.googlenav.prefetch.android.PrefetcherService,1933]
05-17 09:38:50.474 I/force_gc(  802): bg
05-17 09:38:50.505 I/dvm_gc_madvise_info( 1933): [1212416,1060864]
05-17 09:38:50.535 I/dvm_gc_info(  802): [7453298398305932358,-9129212299044976598,-4006368547746117592,7349951]
05-17 09:38:55.559 I/dvm_gc_madvise_info(  802): [1490944,1060864]
05-17 09:38:58.172 I/binder_sample(  296): [android.os.INetStatService,2,8,com.android.phone,1]
05-17 09:39:09.363 I/binder_sample(  296): [android.os.INetStatService,1,9,com.android.phone,1]
05-17 09:39:37.891 I/binder_sample(  296): [android.os.INetStatService,1,8,com.android.phone,1]
05-17 09:39:50.123 I/binder_sample(  296): [android.os.INetStatService,1,10,com.android.phone,2]
05-17 09:42:36.165 I/binder_sample(  296): [android.os.INetStatService,1,9,com.android.phone,1]
05-17 09:42:46.355 I/binder_sample(  296): [android.os.INetStatService,1,8,com.android.phone,1]
05-17 09:43:51.588 I/binder_sample(  296): [android.os.INetStatService,1,8,com.android.phone,1]
05-17 09:44:18.104 I/binder_sample(  296): [android.os.INetStatService,1,10,com.android.phone,2]
05-17 09:44:34.410 I/binder_sample(  296): [android.os.INetStatService,1,10,com.android.phone,2]
05-17 09:44:41.547 I/binder_sample(  296): [android.os.INetStatService,2,9,com.android.phone,1]
05-17 09:45:18.243 I/binder_sample(  296): [android.os.INetStatService,1,9,com.android.phone,1]
05-17 09:45:44.729 I/binder_sample(  296): [android.os.INetStatService,1,9,com.android.phone,1]
05-17 09:46:10.203 I/binder_sample(  296): [android.os.INetStatService,1,10,com.android.phone,2]
05-17 09:48:00.101 I/binder_sample(  278): [android.app.IActivityManager,16,10,com.android.systemui,2]
05-17 09:49:14.563 I/binder_sample(  296): [android.os.INetStatService,2,8,com.android.phone,1]
05-17 09:49:19.658 I/binder_sample(  296): [android.os.INetStatService,2,8,com.android.phone,1]
05-17 09:50:54.441 I/binder_sample(  296): [android.os.INetStatService,1,10,com.android.phone,2]
05-17 09:51:19.896 I/binder_sample(  296): [android.os.INetStatService,1,8,com.android.phone,1]
05-17 09:51:26.002 I/binder_sample(  296): [android.os.INetStatService,1,8,com.android.phone,1]
05-17 09:52:37.341 I/binder_sample(  296): [android.os.INetStatService,1,8,com.android.phone,1]
05-17 09:52:50.604 I/binder_sample(  296): [android.os.INetStatService,2,8,com.android.phone,1]
05-17 09:52:56.710 I/binder_sample(  296): [android.os.INetStatService,1,9,com.android.phone,1]
05-17 09:53:45.418 I/force_gc(  802): bg
05-17 09:53:45.438 I/dvm_gc_info(  802): [7453298398305805361,-9165522571040651222,-4006368547746117592,7349951]
05-17 09:53:50.483 I/dvm_gc_madvise_info(  802): [1490944,1060864]
05-17 09:54:36.768 I/am_create_service(  214): [1082729488,com.google.android.gsf/.checkin.EventLogService,,391]
05-17 09:54:36.778 I/aggregation(  391): 1305593676791
05-17 09:54:36.818 I/am_destroy_service(  214): [1082729488,com.google.android.gsf/.checkin.EventLogService,391]
05-17 09:54:50.821 I/binder_sample(  296): [android.os.INetStatService,1,8,com.android.phone,1]
05-17 09:54:51.852 I/binder_sample(  296): [android.os.INetStatService,2,8,com.android.phone,1]
05-17 09:55:15.305 I/binder_sample(  296): [android.os.INetStatService,2,8,com.android.phone,1]
05-17 09:55:28.538 I/binder_sample(  296): [android.os.INetStatService,1,9,com.android.phone,1]
05-17 09:55:59.108 I/binder_sample(  296): [android.os.INetStatService,1,8,com.android.phone,1]
05-17 09:56:18.457 I/binder_sample(  296): [android.os.INetStatService,2,8,com.android.phone,1]
05-17 09:56:44.953 I/binder_sample(  296): [android.os.INetStatService,1,10,com.android.phone,2]
05-17 09:57:00.168 I/dvm_gc_info(  214): [8320808730291742609,-8896426444513773468,-3975406300307945432,8624173]
05-17 09:57:05.202 I/dvm_gc_madvise_info(  214): [1855488,1060864]
05-17 09:57:28.765 I/binder_sample(  296): [android.os.INetStatService,1,9,com.android.phone,1]
05-17 09:57:55.261 I/binder_sample(  296): [android.os.INetStatService,1,8,com.android.phone,1]
05-17 10:00:10.744 I/binder_sample(  296): [android.os.INetStatService,2,8,com.android.phone,1]
05-17 10:00:47.419 I/binder_sample(  296): [android.os.INetStatService,2,7,com.android.phone,1]
05-17 10:01:11.883 I/binder_sample(  296): [android.os.INetStatService,1,9,com.android.phone,1]
05-17 10:02:15.075 I/binder_sample(  296): [android.os.INetStatService,1,8,com.android.phone,1]
05-17 10:02:28.318 I/binder_sample(  296): [android.os.INetStatService,1,10,com.android.phone,2]
05-17 10:03:04.003 I/binder_sample(  296): [android.os.INetStatService,2,7,com.android.phone,1]
05-17 10:03:28.466 I/binder_sample(  296): [android.os.INetStatService,1,10,com.android.phone,2]
05-17 10:03:34.582 I/binder_sample(  296): [android.os.INetStatService,2,8,com.android.phone,1]
05-17 10:05:29.705 I/binder_sample(  296): [android.os.INetStatService,1,8,com.android.phone,1]
05-17 10:06:03.317 I/binder_sample(  296): [android.os.INetStatService,1,9,com.android.phone,1]
05-17 10:07:11.574 I/binder_sample(  296): [android.os.INetStatService,2,8,com.android.phone,1]
05-17 10:07:16.669 I/binder_sample(  296): [android.os.INetStatService,2,8,com.android.phone,1]
05-17 10:08:00.131 I/dvm_gc_info(  302): [4928475562231789155,-8942031164587300818,-4005242647839274968,7349951]
05-17 10:08:05.176 I/dvm_gc_madvise_info(  302): [1253376,1060864]
05-17 10:08:40.371 I/am_create_service(  214): [1084941904,com.google.android.apps.maps/com.google.googlenav.prefetch.android.PrefetcherService,,1933]
05-17 10:08:45.456 I/force_gc( 1933): bg
05-17 10:08:45.486 I/dvm_gc_info( 1933): [3345437233799877885,-9066161423040677834,-4002709373048879064,7349951]
05-17 10:08:48.369 I/binder_sample(  296): [android.os.INetStatService,2,8,com.android.phone,1]
05-17 10:08:50.461 I/am_destroy_service(  214): [1084941904,com.google.android.apps.maps/com.google.googlenav.prefetch.android.PrefetcherService,1933]
05-17 10:08:50.481 I/force_gc(  802): bg
05-17 10:08:50.521 I/dvm_gc_madvise_info( 1933): [1212416,1060864]
05-17 10:08:50.531 I/dvm_gc_info(  802): [7453298398305956913,-9165522571040651222,-4006368547746117592,7349951]
05-17 10:08:55.576 I/dvm_gc_madvise_info(  802): [1490944,1060864]
05-17 10:09:19.969 I/binder_sample(  296): [android.os.INetStatService,2,7,com.android.phone,1]
05-17 10:11:01.879 I/binder_sample(  296): [android.os.INetStatService,2,7,com.android.phone,1]
05-17 10:12:58.082 I/binder_sample(  296): [android.os.INetStatService,1,9,com.android.phone,1]
05-17 10:13:55.128 I/binder_sample(  296): [android.os.INetStatService,1,8,com.android.phone,1]
05-17 10:15:48.228 I/binder_sample(  296): [android.os.INetStatService,1,9,com.android.phone,1]
05-17 10:18:47.513 I/binder_sample(  296): [android.os.INetStatService,1,8,com.android.phone,1]
05-17 10:19:06.882 I/binder_sample(  296): [android.os.INetStatService,1,10,com.android.phone,2]
05-17 10:19:08.924 I/binder_sample(  296): [android.os.INetStatService,1,10,com.android.phone,2]
05-17 10:19:31.356 I/binder_sample(  296): [android.os.INetStatService,2,9,com.android.phone,1]
05-17 10:19:36.431 I/binder_sample(  296): [android.os.INetStatService,1,8,com.android.phone,1]
05-17 10:21:13.295 I/binder_sample(  296): [android.os.INetStatService,1,8,com.android.phone,1]
05-17 10:22:21.542 I/binder_sample(  296): [android.os.INetStatService,1,9,com.android.phone,1]
05-17 10:23:14.524 I/binder_sample(  296): [android.os.INetStatService,2,8,com.android.phone,1]
05-17 10:23:45.424 I/force_gc(  802): bg
05-17 10:23:45.444 I/dvm_gc_info(  802): [7453298398305805361,-9165522571040651222,-4006368547746117592,7349951]
05-17 10:23:50.479 I/dvm_gc_madvise_info(  802): [1490944,1060864]
05-17 10:24:07.505 I/binder_sample(  296): [android.os.INetStatService,1,8,com.android.phone,1]
05-17 10:24:22.790 I/binder_sample(  296): [android.os.INetStatService,1,8,com.android.phone,1]
05-17 10:24:36.884 I/am_create_service(  214): [1083096984,com.google.android.gsf/.checkin.EventLogService,,391]
05-17 10:24:36.894 I/aggregation(  391): 1305595476901
05-17 10:24:36.944 I/am_destroy_service(  214): [1083096984,com.google.android.gsf/.checkin.EventLogService,391]
05-17 10:25:12.739 I/notification_cancel(  214): [com.android.systemui,17302218,0]
05-17 10:25:12.739 I/notification_cancel(  214): [android,17040230,0]
05-17 10:25:15.381 I/notification_cancel(  214): [com.android.systemui,17302218,0]
05-17 10:25:15.411 I/notification_enqueue(  214): [android,17040230,Notification(vibrate=null,sound=null,defaults=0x0,flags=0x2)]
05-17 10:25:15.512 I/dvm_gc_info(  278): [8320808730291664494,-8924016422396463054,-4001020523188615128,8005447]
05-17 10:25:20.557 I/dvm_gc_madvise_info(  278): [1232896,1060864]
05-17 10:25:45.371 I/binder_sample(  296): [android.os.INetStatService,2,8,com.android.phone,1]
05-17 10:26:22.046 I/binder_sample(  296): [android.os.INetStatService,1,9,com.android.phone,1]
05-17 10:27:41.554 I/binder_sample(  296): [android.os.INetStatService,2,8,com.android.phone,1]
05-17 10:28:02.955 I/binder_sample(  296): [android.os.INetStatService,1,10,com.android.phone,2]
05-17 10:28:04.987 I/binder_sample(  296): [android.os.INetStatService,1,8,com.android.phone,1]
05-17 10:28:12.124 I/binder_sample(  296): [android.os.INetStatService,1,9,com.android.phone,1]
05-17 10:28:33.525 I/binder_sample(  296): [android.os.INetStatService,1,8,com.android.phone,1]
05-17 10:30:42.901 I/binder_sample(  296): [android.os.INetStatService,1,8,com.android.phone,1]
05-17 10:33:18.763 I/binder_sample(  296): [android.os.INetStatService,1,9,com.android.phone,1]
05-17 10:34:00.173 I/dvm_gc_info(  214): [8320808730291632007,-8895863494560352156,-3975406300307945432,8624173]
05-17 10:34:05.238 I/dvm_gc_madvise_info(  214): [1855488,1060864]
05-17 10:34:15.799 I/binder_sample(  296): [android.os.INetStatService,1,9,com.android.phone,1]
05-17 10:34:15.809 I/binder_sample(  296): [android.os.INetStatService,2,8,com.android.phone,1]
05-17 10:34:20.904 I/binder_sample(  296): [android.os.INetStatService,1,8,com.android.phone,1]
05-17 10:34:20.974 I/dvm_gc_info(  296): [8099846449757492834,-8990444448163911628,-4003553797979011032,7349951]
05-17 10:34:23.937 I/binder_sample(  296): [android.os.INetStatService,1,8,com.android.phone,1]
05-17 10:34:26.029 I/dvm_gc_madvise_info(  296): [1171456,1060864]
05-17 10:35:00.052 I/binder_sample(  278): [android.app.IActivityManager,16,9,com.android.systemui,1]
05-17 10:35:28.189 I/binder_sample(  296): [android.os.INetStatService,1,8,com.android.phone,1]
05-17 10:35:56.737 I/binder_sample(  296): [android.os.INetStatService,2,9,com.android.phone,1]
05-17 10:36:43.613 I/binder_sample(  296): [android.os.INetStatService,1,9,com.android.phone,1]
05-17 10:36:43.623 I/binder_sample(  296): [android.os.INetStatService,2,7,com.android.phone,1]
05-17 10:36:59.929 I/binder_sample(  296): [android.os.INetStatService,1,8,com.android.phone,1]
05-17 10:38:40.377 I/am_create_service(  214): [1084616032,com.google.android.apps.maps/com.google.googlenav.prefetch.android.PrefetcherService,,1933]
05-17 10:38:45.452 I/force_gc( 1933): bg
05-17 10:38:45.482 I/dvm_gc_info( 1933): [3345437233799890173,-9066161423040677834,-4002709373048879064,7349951]
05-17 10:38:50.457 I/am_destroy_service(  214): [1084616032,com.google.android.apps.maps/com.google.googlenav.prefetch.android.PrefetcherService,1933]
05-17 10:38:50.477 I/force_gc(  802): bg
05-17 10:38:50.517 I/dvm_gc_madvise_info( 1933): [1212416,1060864]
05-17 10:38:50.537 I/dvm_gc_info(  802): [7453298398306001969,-9165522571040651222,-4006368547746117592,7349951]
05-17 10:38:55.582 I/dvm_gc_madvise_info(  802): [1490944,1060864]
05-17 10:41:02.435 I/binder_sample(  296): [android.os.INetStatService,1,9,com.android.phone,1]
05-17 10:41:24.847 I/binder_sample(  296): [android.os.INetStatService,2,8,com.android.phone,1]
05-17 10:41:42.184 I/binder_sample(  296): [android.os.INetStatService,2,8,com.android.phone,1]
05-17 10:43:22.052 I/binder_sample(  296): [android.os.INetStatService,2,9,com.android.phone,1]
05-17 10:43:31.211 I/binder_sample(  296): [android.os.INetStatService,1,8,com.android.phone,1]
05-17 10:44:41.549 I/binder_sample(  296): [android.os.INetStatService,2,8,com.android.phone,1]
05-17 10:44:58.876 I/binder_sample(  296): [android.os.INetStatService,1,10,com.android.phone,2]
05-17 10:46:00.026 I/binder_sample(  296): [android.os.INetStatService,1,8,com.android.phone,1]
05-17 10:46:22.448 I/binder_sample(  296): [android.os.INetStatService,1,6,com.android.phone,1]
05-17 10:46:36.712 I/binder_sample(  296): [android.os.INetStatService,1,10,com.android.phone,2]
05-17 10:48:56.298 I/binder_sample(  296): [android.os.INetStatService,2,8,com.android.phone,1]
05-17 10:49:02.404 I/binder_sample(  296): [android.os.INetStatService,2,8,com.android.phone,1]
05-17 10:50:12.702 I/binder_sample(  296): [android.os.INetStatService,2,8,com.android.phone,1]
05-17 10:50:48.367 I/binder_sample(  296): [android.os.INetStatService,1,9,com.android.phone,1]
05-17 10:51:52.580 I/binder_sample(  296): [android.os.INetStatService,2,8,com.android.phone,1]
05-17 10:51:57.665 I/binder_sample(  296): [android.os.INetStatService,1,9,com.android.phone,1]
05-17 10:53:44.679 I/binder_sample(  296): [android.os.INetStatService,1,9,com.android.phone,1]
05-17 10:53:45.430 I/force_gc(  802): bg
05-17 10:53:45.450 I/dvm_gc_info(  802): [7453298398305805361,-9165522571040651222,-4006368547746117592,7349951]
05-17 10:53:50.495 I/dvm_gc_madvise_info(  802): [1490944,1060864]
05-17 10:54:08.112 I/binder_sample(  296): [android.os.INetStatService,1,8,com.android.phone,1]
05-17 10:54:35.959 I/free_storage_left(  214): [151736320,106397696,98967552]
05-17 10:54:37.000 I/am_create_service(  214): [1082084928,com.google.android.gsf/.checkin.EventLogService,,391]
05-17 10:54:37.010 I/aggregation(  391): 1305597277020
05-17 10:54:37.060 I/dvm_gc_info(  391): [7449358886915556961,-9014933389764151252,-4005805597792696280,7349951]
05-17 10:54:37.090 I/am_destroy_service(  214): [1082084928,com.google.android.gsf/.checkin.EventLogService,391]
05-17 10:54:42.075 I/dvm_gc_madvise_info(  391): [1261568,1060864]
05-17 10:56:27.358 I/battery_level(  214): [100,4,25]
05-17 10:57:01.291 I/binder_sample(  296): [android.os.INetStatService,2,7,com.android.phone,1]
05-17 10:58:12.620 I/binder_sample(  296): [android.os.INetStatService,1,10,com.android.phone,2]
05-17 10:58:19.767 I/binder_sample(  296): [android.os.INetStatService,2,7,com.android.phone,1]
05-17 10:58:25.883 I/binder_sample(  296): [android.os.INetStatService,2,7,com.android.phone,1]
05-17 10:59:40.256 I/binder_sample(  296): [android.os.INetStatService,1,9,com.android.phone,1]
05-17 10:59:43.319 I/binder_sample(  296): [android.os.INetStatService,2,8,com.android.phone,1]
05-17 11:01:39.512 I/binder_sample(  296): [android.os.INetStatService,2,8,com.android.phone,1]
05-17 11:02:52.884 I/binder_sample(  296): [android.os.INetStatService,1,10,com.android.phone,2]
05-17 11:02:59.000 I/binder_sample(  296): [android.os.INetStatService,1,9,com.android.phone,1]
05-17 11:03:51.001 I/binder_sample(  296): [android.os.INetStatService,1,8,com.android.phone,1]
05-17 11:03:53.053 I/binder_sample(  296): [android.os.INetStatService,2,9,com.android.phone,1]
05-17 11:04:51.129 I/binder_sample(  296): [android.os.INetStatService,1,9,com.android.phone,1]
05-17 11:05:41.068 I/binder_sample(  296): [android.os.INetStatService,2,8,com.android.phone,1]
05-17 11:06:39.145 I/binder_sample(  296): [android.os.INetStatService,2,8,com.android.phone,1]
05-17 11:06:41.177 I/binder_sample(  296): [android.os.INetStatService,2,8,com.android.phone,1]
05-17 11:07:08.663 I/binder_sample(  296): [android.os.INetStatService,1,9,com.android.phone,1]
05-17 11:07:12.747 I/binder_sample(  296): [android.os.INetStatService,2,9,com.android.phone,1]
05-17 11:07:47.401 I/binder_sample(  296): [android.os.INetStatService,2,7,com.android.phone,1]
05-17 11:08:38.381 I/binder_sample(  296): [android.os.INetStatService,2,9,com.android.phone,1]
05-17 11:08:40.413 I/am_create_service(  214): [1082374304,com.google.android.apps.maps/com.google.googlenav.prefetch.android.PrefetcherService,,1933]
05-17 11:08:40.463 I/binder_sample( 1933): [android.net.IConnectivityManager,3,9,com.google.android.apps.maps,1]
05-17 11:08:40.533 I/dvm_gc_info(  214): [8320808730291713935,-8896707919490480028,-3975406300307945432,8624173]
05-17 11:08:44.487 I/binder_sample(  296): [android.os.INetStatService,2,9,com.android.phone,1]
05-17 11:08:45.458 I/force_gc( 1933): bg
05-17 11:08:45.518 I/dvm_gc_info( 1933): [3345437233799996670,-9065879948063967178,-4002709373048879064,7349951]
05-17 11:08:45.558 I/dvm_gc_madvise_info(  214): [1855488,1060864]
05-17 11:08:50.483 I/am_destroy_service(  214): [1082374304,com.google.android.apps.maps/com.google.googlenav.prefetch.android.PrefetcherService,1933]
05-17 11:08:50.503 I/force_gc(  802): bg
05-17 11:08:50.543 I/dvm_gc_madvise_info( 1933): [1212416,1060864]
05-17 11:08:50.563 I/dvm_gc_info(  802): [7453298398305989681,-9165522571040651222,-4006368547746117592,7349951]
05-17 11:08:55.598 I/dvm_gc_madvise_info(  802): [1495040,1060864]
05-17 11:10:08.028 I/binder_sample(  296): [android.os.INetStatService,1,9,com.android.phone,1]
05-17 11:10:20.270 I/binder_sample(  296): [android.os.INetStatService,2,7,com.android.phone,1]
05-17 11:10:56.976 I/binder_sample(  296): [android.os.INetStatService,2,8,com.android.phone,1]
05-17 11:12:01.139 I/binder_sample(  296): [android.os.INetStatService,1,9,com.android.phone,1]
05-17 11:12:12.340 I/binder_sample(  296): [android.os.INetStatService,2,8,com.android.phone,1]
05-17 11:15:24.918 I/binder_sample(  296): [android.os.INetStatService,2,9,com.android.phone,1]
05-17 11:16:33.224 I/binder_sample(  296): [android.os.INetStatService,2,8,com.android.phone,1]
05-17 11:17:16.026 I/binder_sample(  296): [android.os.INetStatService,1,8,com.android.phone,1]
05-17 11:17:56.796 I/binder_sample(  296): [android.os.INetStatService,2,8,com.android.phone,1]
05-17 11:19:17.294 I/binder_sample(  296): [android.os.INetStatService,1,8,com.android.phone,1]
05-17 11:19:30.557 I/binder_sample(  296): [android.os.INetStatService,2,8,com.android.phone,1]
05-17 11:21:33.848 I/binder_sample(  296): [android.os.INetStatService,2,8,com.android.phone,1]
05-17 11:21:51.174 I/binder_sample(  296): [android.os.INetStatService,1,8,com.android.phone,1]
05-17 11:21:55.248 I/binder_sample(  296): [android.os.INetStatService,1,8,com.android.phone,1]
05-17 11:22:29.902 I/binder_sample(  296): [android.os.INetStatService,1,9,com.android.phone,1]
05-17 11:23:23.905 I/binder_sample(  296): [android.os.INetStatService,2,8,com.android.phone,1]
05-17 11:23:45.426 I/force_gc(  802): bg
05-17 11:23:45.446 I/dvm_gc_info(  802): [7453298398305801265,-9165522571040651222,-4006368547746117592,7349951]
05-17 11:23:50.471 I/dvm_gc_madvise_info(  802): [1495040,1060864]
05-17 11:24:37.156 I/am_create_service(  214): [1083390216,com.google.android.gsf/.checkin.EventLogService,,391]
05-17 11:24:37.166 I/aggregation(  391): 1305599077169
05-17 11:24:37.216 I/am_destroy_service(  214): [1083390216,com.google.android.gsf/.checkin.EventLogService,391]
05-17 11:24:53.542 I/binder_sample(  296): [android.os.INetStatService,1,9,com.android.phone,1]
05-17 11:26:19.176 I/binder_sample(  296): [android.os.INetStatService,2,8,com.android.phone,1]
05-17 11:26:21.208 I/binder_sample(  296): [android.os.INetStatService,2,8,com.android.phone,1]
05-17 11:26:52.799 I/binder_sample(  296): [android.os.INetStatService,1,10,com.android.phone,2]
05-17 11:26:53.820 I/binder_sample(  296): [android.os.INetStatService,1,9,com.android.phone,1]
05-17 11:27:20.346 I/binder_sample(  296): [android.os.INetStatService,1,9,com.android.phone,1]
05-17 11:27:30.546 I/binder_sample(  296): [android.os.INetStatService,2,8,com.android.phone,1]
05-17 11:28:59.202 I/binder_sample(  296): [android.os.INetStatService,1,9,com.android.phone,1]
05-17 11:29:14.457 I/binder_sample(  296): [android.os.INetStatService,2,8,com.android.phone,1]
05-17 11:29:42.965 I/binder_sample(  296): [android.os.INetStatService,1,8,com.android.phone,1]
05-17 11:30:05.367 I/binder_sample(  296): [android.os.INetStatService,1,9,com.android.phone,1]
05-17 11:32:48.416 I/binder_sample(  296): [android.os.INetStatService,2,8,com.android.phone,1]
05-17 11:34:06.892 I/binder_sample(  296): [android.os.INetStatService,2,8,com.android.phone,1]
05-17 11:34:49.704 I/binder_sample(  296): [android.os.INetStatService,2,8,com.android.phone,1]
05-17 11:35:14.158 I/binder_sample(  296): [android.os.INetStatService,1,10,com.android.phone,2]
05-17 11:35:31.485 I/binder_sample(  296): [android.os.INetStatService,1,8,com.android.phone,1]
05-17 11:35:42.706 I/binder_sample(  296): [android.os.INetStatService,2,8,com.android.phone,1]
05-17 11:36:56.117 I/binder_sample(  296): [android.os.INetStatService,1,9,com.android.phone,1]
05-17 11:38:04.374 I/binder_sample(  296): [android.os.INetStatService,1,9,com.android.phone,1]
05-17 11:38:40.369 I/am_create_service(  214): [1083779416,com.google.android.apps.maps/com.google.googlenav.prefetch.android.PrefetcherService,,1933]
05-17 11:38:45.454 I/force_gc( 1933): bg
05-17 11:38:45.484 I/dvm_gc_info( 1933): [3345437233799886079,-9065879948063967178,-4002709373048879064,7349951]
05-17 11:38:48.187 I/binder_sample(  296): [android.os.INetStatService,1,10,com.android.phone,2]
05-17 11:38:50.459 I/am_destroy_service(  214): [1083779416,com.google.android.apps.maps/com.google.googlenav.prefetch.android.PrefetcherService,1933]
05-17 11:38:50.479 I/force_gc(  802): bg
05-17 11:38:50.509 I/dvm_gc_madvise_info( 1933): [1212416,1060864]
05-17 11:38:50.529 I/dvm_gc_info(  802): [7453298398305956913,-9165522571040651222,-4006368547746117592,7349951]
05-17 11:38:55.574 I/dvm_gc_madvise_info(  802): [1495040,1060864]
05-17 11:40:48.424 I/binder_sample(  296): [android.os.INetStatService,2,8,com.android.phone,1]
05-17 11:42:06.860 I/binder_sample(  296): [android.os.INetStatService,1,9,com.android.phone,1]
05-17 11:42:37.440 I/binder_sample(  296): [android.os.INetStatService,1,9,com.android.phone,1]
05-17 11:42:44.587 I/binder_sample(  296): [android.os.INetStatService,2,7,com.android.phone,1]
05-17 11:43:11.083 I/binder_sample(  296): [android.os.INetStatService,1,9,com.android.phone,1]
05-17 11:43:17.189 I/binder_sample(  296): [android.os.INetStatService,1,8,com.android.phone,1]
05-17 11:44:32.663 I/binder_sample(  296): [android.os.INetStatService,2,7,com.android.phone,1]
05-17 11:45:35.824 I/binder_sample(  296): [android.os.INetStatService,2,7,com.android.phone,1]
05-17 11:46:00.168 I/dvm_gc_info(  214): [8320808730291750800,-8895300544606930844,-3975406300307945432,8624173]
05-17 11:46:05.213 I/dvm_gc_madvise_info(  214): [1859584,1060864]
05-17 11:46:12.500 I/binder_sample(  296): [android.os.INetStatService,2,8,com.android.phone,1]
05-17 11:47:15.692 I/binder_sample(  296): [android.os.INetStatService,2,7,com.android.phone,1]
05-17 11:47:23.850 I/binder_sample(  296): [android.os.INetStatService,2,8,com.android.phone,1]
05-17 11:48:10.685 I/binder_sample(  296): [android.os.INetStatService,1,9,com.android.phone,1]
05-17 11:49:33.246 I/binder_sample(  296): [android.os.INetStatService,2,8,com.android.phone,1]
05-17 11:50:23.175 I/binder_sample(  296): [android.os.INetStatService,1,8,com.android.phone,1]
05-17 11:51:14.144 I/binder_sample(  296): [android.os.INetStatService,2,8,com.android.phone,1]
05-17 11:51:39.629 I/binder_sample(  296): [android.os.INetStatService,1,9,com.android.phone,1]
05-17 11:52:09.208 I/binder_sample(  296): [android.os.INetStatService,1,9,com.android.phone,1]
05-17 11:52:19.418 I/binder_sample(  296): [android.os.INetStatService,2,8,com.android.phone,1]
05-17 11:52:24.513 I/binder_sample(  296): [android.os.INetStatService,1,10,com.android.phone,2]
05-17 11:52:28.587 I/binder_sample(  296): [android.os.INetStatService,2,9,com.android.phone,1]
05-17 11:53:09.327 I/binder_sample(  296): [android.os.INetStatService,1,9,com.android.phone,1]
05-17 11:53:42.960 I/binder_sample(  296): [android.os.INetStatService,1,8,com.android.phone,1]
05-17 11:53:45.422 I/force_gc(  802): bg
05-17 11:53:45.442 I/dvm_gc_info(  802): [7453298398305805361,-9165522571040651222,-4006368547746117592,7349951]
05-17 11:53:50.477 I/dvm_gc_madvise_info(  802): [1495040,1060864]
05-17 11:54:16.562 I/binder_sample(  296): [android.os.INetStatService,1,7,com.android.phone,1]
05-17 11:54:37.263 I/am_create_service(  214): [1085326224,com.google.android.gsf/.checkin.EventLogService,,391]
05-17 11:54:37.273 I/aggregation(  391): 1305600877282
05-17 11:54:37.323 I/am_destroy_service(  214): [1085326224,com.google.android.gsf/.checkin.EventLogService,391]
05-17 11:56:26.980 I/binder_sample(  296): [android.os.INetStatService,1,10,com.android.phone,2]
05-17 11:56:53.485 I/binder_sample(  296): [android.os.INetStatService,1,8,com.android.phone,1]
05-17 11:56:58.590 I/binder_sample(  296): [android.os.INetStatService,2,9,com.android.phone,1]
05-17 11:57:53.604 I/binder_sample(  296): [android.os.INetStatService,1,8,com.android.phone,1]
05-17 11:58:30.420 I/dvm_gc_info(  296): [8099846449757533793,-8991570348070754252,-4003272323002300376,7349951]
05-17 11:58:35.485 I/dvm_gc_madvise_info(  296): [1171456,1060864]
05-17 11:59:41.730 I/binder_sample(  296): [android.os.INetStatService,1,8,com.android.phone,1]
05-17 12:02:25.740 I/binder_sample(  296): [android.os.INetStatService,1,9,com.android.phone,1]
05-17 12:03:13.636 I/binder_sample(  296): [android.os.INetStatService,1,8,com.android.phone,1]
05-17 12:03:16.689 I/binder_sample(  296): [android.os.INetStatService,1,9,com.android.phone,1]
05-17 12:04:31.072 I/binder_sample(  296): [android.os.INetStatService,2,8,com.android.phone,1]
05-17 12:05:19.980 I/binder_sample(  296): [android.os.INetStatService,2,9,com.android.phone,1]
05-17 12:05:59.718 I/binder_sample(  296): [android.os.INetStatService,1,8,com.android.phone,1]
05-17 12:06:14.002 I/binder_sample(  296): [android.os.INetStatService,2,8,com.android.phone,1]
05-17 12:07:43.720 I/binder_sample(  296): [android.os.INetStatService,2,7,com.android.phone,1]
05-17 12:08:28.574 I/binder_sample(  296): [android.os.INetStatService,2,9,com.android.phone,1]
05-17 12:08:40.385 I/am_create_service(  214): [1084149016,com.google.android.apps.maps/com.google.googlenav.prefetch.android.PrefetcherService,,1933]
05-17 12:08:45.450 I/force_gc( 1933): bg
05-17 12:08:45.480 I/dvm_gc_info( 1933): [3345437233799890173,-9066161423040677834,-4002709373048879064,7349951]
05-17 12:08:50.465 I/am_destroy_service(  214): [1084149016,com.google.android.apps.maps/com.google.googlenav.prefetch.android.PrefetcherService,1933]
05-17 12:08:50.495 I/force_gc(  802): bg
05-17 12:08:50.535 I/dvm_gc_madvise_info( 1933): [1212416,1060864]
05-17 12:08:50.555 I/dvm_gc_info(  802): [7453298398305973297,-9165522571040651222,-4006368547746117592,7349951]
05-17 12:08:52.006 I/binder_sample(  296): [android.os.INetStatService,2,8,com.android.phone,1]
05-17 12:08:55.580 I/dvm_gc_madvise_info(  802): [1495040,1060864]
05-17 12:09:39.833 I/binder_sample(  296): [android.os.INetStatService,2,8,com.android.phone,1]
