04-26 16:46:51.540 D/PowerManagerService(  209): Animating curIntValue=27: 2
04-26 16:46:51.560 D/PowerManagerService(  209): Animating curIntValue=20: 2
04-26 16:46:51.580 D/PowerManagerService(  209): Animating curIntValue=13: 2
04-26 16:46:51.590 D/PowerManagerService(  209): Animating curIntValue=6: 2
04-26 16:46:51.610 D/PowerManagerService(  209): Animating curIntValue=0: 2
04-26 16:46:51.610 D/PowerManagerService(  209): acquireWakeLock flags=0x1 tag=sleep_broadcast
04-26 16:46:51.620 D/PowerManagerService(  209): setScreenBrightnessOverride -1
04-26 16:46:51.620 D/PowerManagerService(  209): setButtonBrightnessOverride -1
04-26 16:46:51.620 D/PowerManagerService(  209): acquireWakeLock flags=0x1 tag=ActivityManager-Sleep
04-26 16:46:51.630 D/PowerManagerService(  209): releaseWakeLock flags=0x1 tag=ActivityManager-Sleep
04-26 16:46:51.640 D/PowerManagerService(  209): acquireWakeLock flags=0x1 tag=RILJ
04-26 16:46:51.650 D/PowerManagerService(  209): releaseWakeLock flags=0x1 tag=RILJ
04-26 16:46:51.680 D/PowerManagerService(  209): releaseWakeLock flags=0x1 tag=sleep_broadcast
04-26 16:47:00.000 D/PowerManagerService(  209): acquireWakeLock flags=0x1 tag=AlarmManager
04-26 16:47:00.070 D/PowerManagerService(  209): releaseWakeLock flags=0x1 tag=AlarmManager
04-26 16:48:00.010 D/PowerManagerService(  209): acquireWakeLock flags=0x1 tag=AlarmManager
04-26 16:48:00.070 D/PowerManagerService(  209): releaseWakeLock flags=0x1 tag=AlarmManager
04-26 16:49:00.010 D/PowerManagerService(  209): acquireWakeLock flags=0x1 tag=AlarmManager
04-26 16:49:00.070 D/PowerManagerService(  209): releaseWakeLock flags=0x1 tag=AlarmManager
04-26 16:50:00.000 D/PowerManagerService(  209): acquireWakeLock flags=0x1 tag=AlarmManager
04-26 16:50:00.070 D/PowerManagerService(  209): releaseWakeLock flags=0x1 tag=AlarmManager
04-26 16:50:09.840 D/PowerManagerService(  209): acquireWakeLock flags=0x1 tag=AlarmManager
04-26 16:50:09.850 D/PowerManagerService(  209): releaseWakeLock flags=0x1 tag=AlarmManager
04-26 16:50:09.850 D/NetdConnector(  209): SND -> {interface readrxcounter rmnet0} {null}
04-26 16:50:09.860 D/NetdConnector(  209): RCV <- {216 0}
04-26 16:50:09.870 D/NetdConnector(  209): RSP <- {216 0}
04-26 16:50:09.870 D/NetdConnector(  209): SND -> {interface readtxcounter rmnet0} {null}
04-26 16:50:09.870 D/NetdConnector(  209): RCV <- {217 0}
04-26 16:50:09.870 D/NetdConnector(  209): RSP <- {217 0}
04-26 16:51:00.010 D/PowerManagerService(  209): acquireWakeLock flags=0x1 tag=AlarmManager
04-26 16:51:00.070 D/PowerManagerService(  209): releaseWakeLock flags=0x1 tag=AlarmManager
04-26 16:52:00.000 D/PowerManagerService(  209): acquireWakeLock flags=0x1 tag=AlarmManager
04-26 16:52:00.060 D/PowerManagerService(  209): releaseWakeLock flags=0x1 tag=AlarmManager
04-26 16:53:00.020 D/PowerManagerService(  209): acquireWakeLock flags=0x1 tag=AlarmManager
04-26 16:53:00.080 D/PowerManagerService(  209): releaseWakeLock flags=0x1 tag=AlarmManager
04-26 16:53:54.710 I/ActivityManager(  209): process name to start: com.google.android.apps.maps
04-26 16:53:54.750 I/ActivityManager(  209): Start proc com.google.android.apps.maps for service com.google.android.apps.maps/com.google.googlenav.prefetch.android.PrefetcherService: pid=1170 uid=10046 gids={3003, 1015}
04-26 16:53:54.750 D/PowerManagerService(  209): acquireWakeLock flags=0x1 tag=AlarmManager
04-26 16:53:54.750 D/PowerManagerService(  209): releaseWakeLock flags=0x1 tag=AlarmManager
04-26 16:53:55.320 D/PowerManagerService(  209): acquireWakeLock flags=0x1 tag=PrefetcherService
04-26 16:53:55.320 D/PowerManagerService(  209): releaseWakeLock flags=0x1 tag=PrefetcherService
04-26 16:53:59.990 D/PowerManagerService(  209): acquireWakeLock flags=0x1 tag=AlarmManager
04-26 16:54:00.070 D/PowerManagerService(  209): releaseWakeLock flags=0x1 tag=AlarmManager
04-26 16:54:05.350 I/ActivityManager(  209): No longer want com.google.android.apps.maps:FriendService (pid 595): hidden #16
04-26 16:54:06.450 D/PowerManagerService(  209): acquireWakeLock flags=0x1 tag=AlarmManager
04-26 16:54:06.480 D/PowerManagerService(  209): acquireWakeLock flags=0x1 tag=Event Log Handoff
04-26 16:54:06.500 D/PowerManagerService(  209): releaseWakeLock flags=0x1 tag=AlarmManager
04-26 16:54:06.500 D/PowerManagerService(  209): acquireWakeLock flags=0x1 tag=Event Log Service
04-26 16:54:06.510 D/PowerManagerService(  209): releaseWakeLock flags=0x1 tag=Event Log Handoff
04-26 16:54:06.560 D/PowerManagerService(  209): releaseWakeLock flags=0x1 tag=Event Log Service
04-26 16:55:00.010 D/PowerManagerService(  209): acquireWakeLock flags=0x1 tag=AlarmManager
04-26 16:55:00.100 D/PowerManagerService(  209): releaseWakeLock flags=0x1 tag=AlarmManager
04-26 16:56:00.000 D/PowerManagerService(  209): acquireWakeLock flags=0x1 tag=AlarmManager
04-26 16:56:00.070 D/PowerManagerService(  209): releaseWakeLock flags=0x1 tag=AlarmManager
04-26 16:57:00.000 D/PowerManagerService(  209): acquireWakeLock flags=0x1 tag=AlarmManager
04-26 16:57:00.060 D/PowerManagerService(  209): releaseWakeLock flags=0x1 tag=AlarmManager
04-26 16:58:00.000 D/PowerManagerService(  209): acquireWakeLock flags=0x1 tag=AlarmManager
04-26 16:58:00.070 D/PowerManagerService(  209): releaseWakeLock flags=0x1 tag=AlarmManager
04-26 16:59:00.000 D/PowerManagerService(  209): acquireWakeLock flags=0x1 tag=AlarmManager
04-26 16:59:00.060 D/PowerManagerService(  209): releaseWakeLock flags=0x1 tag=AlarmManager
--------- beginning of /dev/log/main
04-26 16:59:02.770 V/LockPatternKeyguardView(  209): <!>com.android.internal.policy.impl.LockPatternKeyguardView 428<!> *** dispatchDraw() time: 1245749
04-26 16:59:02.910 V/LockPatternKeyguardView(  209): <!>com.android.internal.policy.impl.LockPatternKeyguardView 428<!> *** dispatchDraw() time: 1245890
04-26 16:59:03.050 V/LockPatternKeyguardView(  209): <!>com.android.internal.policy.impl.LockPatternKeyguardView 428<!> *** dispatchDraw() time: 1246031
04-26 16:59:03.190 V/LockPatternKeyguardView(  209): <!>com.android.internal.policy.impl.LockPatternKeyguardView 428<!> *** dispatchDraw() time: 1246173
04-26 16:59:03.330 V/LockPatternKeyguardView(  209): <!>com.android.internal.policy.impl.LockPatternKeyguardView 428<!> *** dispatchDraw() time: 1246313
04-26 16:59:03.480 V/LockPatternKeyguardView(  209): <!>com.android.internal.policy.impl.LockPatternKeyguardView 428<!> *** dispatchDraw() time: 1246454
04-26 16:59:03.620 V/LockPatternKeyguardView(  209): <!>com.android.internal.policy.impl.LockPatternKeyguardView 428<!> *** dispatchDraw() time: 1246596
04-26 16:59:03.760 V/LockPatternKeyguardView(  209): <!>com.android.internal.policy.impl.LockPatternKeyguardView 428<!> *** dispatchDraw() time: 1246736
04-26 16:59:03.900 V/LockPatternKeyguardView(  209): <!>com.android.internal.policy.impl.LockPatternKeyguardView 428<!> *** dispatchDraw() time: 1246877
04-26 16:59:04.700 V/LockPatternKeyguardView(  209): <!>com.android.internal.policy.impl.LockPatternKeyguardView 428<!> *** dispatchDraw() time: 1247679
04-26 16:59:04.840 V/LockPatternKeyguardView(  209): <!>com.android.internal.policy.impl.LockPatternKeyguardView 428<!> *** dispatchDraw() time: 1247819
04-26 16:59:04.980 V/LockPatternKeyguardView(  209): <!>com.android.internal.policy.impl.LockPatternKeyguardView 428<!> *** dispatchDraw() time: 1247960
04-26 16:59:05.120 V/LockPatternKeyguardView(  209): <!>com.android.internal.policy.impl.LockPatternKeyguardView 428<!> *** dispatchDraw() time: 1248099
04-26 16:59:05.260 V/LockPatternKeyguardView(  209): <!>com.android.internal.policy.impl.LockPatternKeyguardView 428<!> *** dispatchDraw() time: 1248241
04-26 16:59:05.400 V/LockPatternKeyguardView(  209): <!>com.android.internal.policy.impl.LockPatternKeyguardView 428<!> *** dispatchDraw() time: 1248382
04-26 16:59:05.540 V/LockPatternKeyguardView(  209): <!>com.android.internal.policy.impl.LockPatternKeyguardView 428<!> *** dispatchDraw() time: 1248522
04-26 16:59:05.690 V/LockPatternKeyguardView(  209): <!>com.android.internal.policy.impl.LockPatternKeyguardView 428<!> *** dispatchDraw() time: 1248665
04-26 16:59:05.830 V/LockPatternKeyguardView(  209): <!>com.android.internal.policy.impl.LockPatternKeyguardView 428<!> *** dispatchDraw() time: 1248806
04-26 16:59:05.970 V/LockPatternKeyguardView(  209): <!>com.android.internal.policy.impl.LockPatternKeyguardView 428<!> *** dispatchDraw() time: 1248946
04-26 16:59:06.110 V/LockPatternKeyguardView(  209): <!>com.android.internal.policy.impl.LockPatternKeyguardView 428<!> *** dispatchDraw() time: 1249087
04-26 16:59:06.910 V/LockPatternKeyguardView(  209): <!>com.android.internal.policy.impl.LockPatternKeyguardView 428<!> *** dispatchDraw() time: 1249889
04-26 16:59:07.050 V/LockPatternKeyguardView(  209): <!>com.android.internal.policy.impl.LockPatternKeyguardView 428<!> *** dispatchDraw() time: 1250029
04-26 16:59:07.190 V/LockPatternKeyguardView(  209): <!>com.android.internal.policy.impl.LockPatternKeyguardView 428<!> *** dispatchDraw() time: 1250170
04-26 16:59:07.330 V/LockPatternKeyguardView(  209): <!>com.android.internal.policy.impl.LockPatternKeyguardView 428<!> *** dispatchDraw() time: 1250311
04-26 16:59:07.470 V/LockPatternKeyguardView(  209): <!>com.android.internal.policy.impl.LockPatternKeyguardView 428<!> *** dispatchDraw() time: 1250452
04-26 16:59:07.610 V/LockPatternKeyguardView(  209): <!>com.android.internal.policy.impl.LockPatternKeyguardView 428<!> *** dispatchDraw() time: 1250592
04-26 16:59:07.750 V/LockPatternKeyguardView(  209): <!>com.android.internal.policy.impl.LockPatternKeyguardView 428<!> *** dispatchDraw() time: 1250733
04-26 16:59:07.900 V/LockPatternKeyguardView(  209): <!>com.android.internal.policy.impl.LockPatternKeyguardView 428<!> *** dispatchDraw() time: 1250875
04-26 16:59:08.040 V/LockPatternKeyguardView(  209): <!>com.android.internal.policy.impl.LockPatternKeyguardView 428<!> *** dispatchDraw() time: 1251015
04-26 16:59:08.180 V/LockPatternKeyguardView(  209): <!>com.android.internal.policy.impl.LockPatternKeyguardView 428<!> *** dispatchDraw() time: 1251156
04-26 16:59:08.320 V/LockPatternKeyguardView(  209): <!>com.android.internal.policy.impl.LockPatternKeyguardView 428<!> *** dispatchDraw() time: 1251296
04-26 16:59:09.120 V/LockPatternKeyguardView(  209): <!>com.android.internal.policy.impl.LockPatternKeyguardView 428<!> *** dispatchDraw() time: 1252098
04-26 16:59:09.260 V/LockPatternKeyguardView(  209): <!>com.android.internal.policy.impl.LockPatternKeyguardView 428<!> *** dispatchDraw() time: 1252239
04-26 16:59:09.400 V/LockPatternKeyguardView(  209): <!>com.android.internal.policy.impl.LockPatternKeyguardView 428<!> *** dispatchDraw() time: 1252380
04-26 16:59:09.540 V/LockPatternKeyguardView(  209): <!>com.android.internal.policy.impl.LockPatternKeyguardView 428<!> *** dispatchDraw() time: 1252521
04-26 16:59:09.680 V/LockPatternKeyguardView(  209): <!>com.android.internal.policy.impl.LockPatternKeyguardView 428<!> *** dispatchDraw() time: 1252661
04-26 16:59:09.820 V/LockPatternKeyguardView(  209): <!>com.android.internal.policy.impl.LockPatternKeyguardView 428<!> *** dispatchDraw() time: 1252801
04-26 16:59:09.960 V/LockPatternKeyguardView(  209): <!>com.android.internal.policy.impl.LockPatternKeyguardView 428<!> *** dispatchDraw() time: 1252942
04-26 16:59:10.100 V/LockPatternKeyguardView(  209): <!>com.android.internal.policy.impl.LockPatternKeyguardView 428<!> *** dispatchDraw() time: 1253083
04-26 16:59:10.240 V/LockPatternKeyguardView(  209): <!>com.android.internal.policy.impl.LockPatternKeyguardView 428<!> *** dispatchDraw() time: 1253224
04-26 16:59:10.390 V/LockPatternKeyguardView(  209): <!>com.android.internal.policy.impl.LockPatternKeyguardView 428<!> *** dispatchDraw() time: 1253364
04-26 16:59:10.530 V/LockPatternKeyguardView(  209): <!>com.android.internal.policy.impl.LockPatternKeyguardView 428<!> *** dispatchDraw() time: 1253505
04-26 16:59:11.330 V/LockPatternKeyguardView(  209): <!>com.android.internal.policy.impl.LockPatternKeyguardView 428<!> *** dispatchDraw() time: 1254307
04-26 16:59:11.470 V/LockPatternKeyguardView(  209): <!>com.android.internal.policy.impl.LockPatternKeyguardView 428<!> *** dispatchDraw() time: 1254447
04-26 16:59:11.610 V/LockPatternKeyguardView(  209): <!>com.android.internal.policy.impl.LockPatternKeyguardView 428<!> *** dispatchDraw() time: 1254588
04-26 16:59:11.750 V/LockPatternKeyguardView(  209): <!>com.android.internal.policy.impl.LockPatternKeyguardView 428<!> *** dispatchDraw() time: 1254729
04-26 16:59:11.890 V/LockPatternKeyguardView(  209): <!>com.android.internal.policy.impl.LockPatternKeyguardView 428<!> *** dispatchDraw() time: 1254869
04-26 16:59:12.030 V/LockPatternKeyguardView(  209): <!>com.android.internal.policy.impl.LockPatternKeyguardView 428<!> *** dispatchDraw() time: 1255010
04-26 16:59:12.170 V/LockPatternKeyguardView(  209): <!>com.android.internal.policy.impl.LockPatternKeyguardView 428<!> *** dispatchDraw() time: 1255151
04-26 16:59:12.310 V/LockPatternKeyguardView(  209): <!>com.android.internal.policy.impl.LockPatternKeyguardView 428<!> *** dispatchDraw() time: 1255292
04-26 16:59:12.450 V/LockPatternKeyguardView(  209): <!>com.android.internal.policy.impl.LockPatternKeyguardView 428<!> *** dispatchDraw() time: 1255432
04-26 16:59:12.590 V/LockPatternKeyguardView(  209): <!>com.android.internal.policy.impl.LockPatternKeyguardView 428<!> *** dispatchDraw() time: 1255572
04-26 16:59:12.730 V/LockPatternKeyguardView(  209): <!>com.android.internal.policy.impl.LockPatternKeyguardView 428<!> *** dispatchDraw() time: 1255713
04-26 16:59:13.540 V/LockPatternKeyguardView(  209): <!>com.android.internal.policy.impl.LockPatternKeyguardView 428<!> *** dispatchDraw() time: 1256514
04-26 16:59:13.680 V/LockPatternKeyguardView(  209): <!>com.android.internal.policy.impl.LockPatternKeyguardView 428<!> *** dispatchDraw() time: 1256656
04-26 16:59:13.820 V/LockPatternKeyguardView(  209): <!>com.android.internal.policy.impl.LockPatternKeyguardView 428<!> *** dispatchDraw() time: 1256796
04-26 16:59:13.960 V/LockPatternKeyguardView(  209): <!>com.android.internal.policy.impl.LockPatternKeyguardView 428<!> *** dispatchDraw() time: 1256937
04-26 16:59:14.100 V/LockPatternKeyguardView(  209): <!>com.android.internal.policy.impl.LockPatternKeyguardView 428<!> *** dispatchDraw() time: 1257077
04-26 16:59:14.240 V/LockPatternKeyguardView(  209): <!>com.android.internal.policy.impl.LockPatternKeyguardView 428<!> *** dispatchDraw() time: 1257218
04-26 16:59:14.380 V/LockPatternKeyguardView(  209): <!>com.android.internal.policy.impl.LockPatternKeyguardView 428<!> *** dispatchDraw() time: 1257358
04-26 16:59:14.520 V/LockPatternKeyguardView(  209): <!>com.android.internal.policy.impl.LockPatternKeyguardView 428<!> *** dispatchDraw() time: 1257498
04-26 16:59:14.660 V/LockPatternKeyguardView(  209): <!>com.android.internal.policy.impl.LockPatternKeyguardView 428<!> *** dispatchDraw() time: 1257639
04-26 16:59:14.800 V/LockPatternKeyguardView(  209): <!>com.android.internal.policy.impl.LockPatternKeyguardView 428<!> *** dispatchDraw() time: 1257780
04-26 16:59:14.940 V/LockPatternKeyguardView(  209): <!>com.android.internal.policy.impl.LockPatternKeyguardView 428<!> *** dispatchDraw() time: 1257920
04-26 16:59:15.700 D/KeyguardViewMediator(  209): <!>com.android.internal.policy.impl.KeyguardViewMediator 746<!> onWakeKeyWhenKeyguardShowing(26)
04-26 16:59:15.700 D/KeyguardViewMediator(  209): <!>com.android.internal.policy.impl.KeyguardViewMediator 608<!> wakeWhenReadyLocked(26)
04-26 16:59:15.700 D/PowerManagerService(  209): acquireWakeLock flags=0x1 tag=keyguardWakeAndHandOff
04-26 16:59:15.710 D/KeyguardViewMediator(  209): <!>com.android.internal.policy.impl.KeyguardViewMediator 1087<!> handleWakeWhenReady(26)
04-26 16:59:15.710 D/LockPatternKeyguardView(  209): <!>com.android.internal.policy.impl.LockPatternKeyguardView 494<!> onWakeKey
04-26 16:59:15.710 I/LockPatternKeyguardView(  209): <!>com.android.internal.policy.impl.LockPatternKeyguardView 495<!> wakeWhenReadyTq simState=READY
04-26 16:59:15.710 D/LockPatternKeyguardView(  209): <!>com.android.internal.policy.impl.LockPatternKeyguardView 502<!> poking wake lock immediately
04-26 16:59:15.710 D/KeyguardViewMediator(  209): <!>com.android.internal.policy.impl.KeyguardViewMediator 790<!> pokeWakelock(5000)
04-26 16:59:15.710 D/KeyguardViewMediator(  209): <!>com.android.internal.policy.impl.KeyguardViewMediator 353<!> onScreenTurnedOn, seq = 3
04-26 16:59:15.710 D/KeyguardViewMediator(  209): <!>com.android.internal.policy.impl.KeyguardViewMediator 596<!> notifyScreenOnLocked
04-26 16:59:15.710 D/PowerManagerService(  209): acquireWakeLock flags=0x1000001a tag=keyguard
04-26 16:59:15.710 D/PowerManagerService(  209): reactivateScreenLocksLocked mProxIgnoredBecauseScreenTurnedOff=false
04-26 16:59:15.710 D/PowerManagerService(  209): wakeup here mUserState=0x0 mWakeLockState=0x7 previous wakeLockState=0x0
04-26 16:59:15.710 D/PowerManagerService(  209): setPowerState: mPowerState=0x0 newState=0x7 noChangeLights=false reason=3
04-26 16:59:15.710 D/PowerManagerService(  209): setPowerState: mPowerState=0 newState=7 noChangeLights=false
04-26 16:59:15.710 D/PowerManagerService(  209):   oldKeyboardBright=false newKeyboardBright=false
04-26 16:59:15.710 D/PowerManagerService(  209):   oldScreenBright=false newScreenBright=true
04-26 16:59:15.710 D/PowerManagerService(  209):   oldButtonBright=false newButtonBright=true
04-26 16:59:15.710 D/PowerManagerService(  209):   oldScreenOn=false newScreenOn=true
04-26 16:59:15.710 D/PowerManagerService(  209):   oldBatteryLow=false newBatteryLow=false
04-26 16:59:15.710 I/PowerManagerService(  209): setTargetLocked mask=2 curValue=0.0 target=102 targetValue=102 delta=6.8 nominalCurrentValue=0
04-26 16:59:15.710 I/PowerManagerService(  209): scheduling light animator
04-26 16:59:15.710 D/PowerManagerService(  209): offMask=0x0 dimMask=0x0 onMask=0x4 difference=0x7 realDifference=0x7 forceState=0x0
04-26 16:59:15.710 I/PowerManagerService(  209): Setting brightess on 102: 4
04-26 16:59:15.710 D/PowerManagerService(  209): - turning screen on...  mPreventScreenOn = false
04-26 16:59:15.710 D/PowerManagerService(  209): acquireWakeLock flags=0x1 tag=sleep_broadcast
04-26 16:59:15.710 D/PowerManagerService(  209): Animating curIntValue=6: 2
04-26 16:59:15.710 D/PowerManagerService(  209): releaseWakeLock flags=0x1 tag=keyguardWakeAndHandOff
04-26 16:59:15.710 D/PowerManagerService(  209): setKeyboardVisibility: false
04-26 16:59:15.720 D/KeyguardViewMediator(  209): <!>com.android.internal.policy.impl.KeyguardViewMediator 1149<!> handleNotifyScreenOn
04-26 16:59:15.720 D/Andy_LockScreen2(  209): <!>com.android.internal.policy.impl.Andy_LockScreen2 1131<!> simState(READY)
04-26 16:59:15.720 D/Andy_LockScreen2(  209): <!>com.android.internal.policy.impl.Andy_LockScreen2 1166<!> updateLayout: status=Normal
04-26 16:59:15.720 D/Andy_LockScreen2(  209): <!>com.android.internal.policy.impl.Andy_LockScreen2 1670<!> >> refreshMusicPlayerDisplay() ----------------------
04-26 16:59:15.720 D/Andy_LockScreen2(  209): <!>com.android.internal.policy.impl.Andy_LockScreen2 1685<!>    music play info = null
04-26 16:59:15.720 D/Andy_LockScreen2(  209): <!>com.android.internal.policy.impl.Andy_LockScreen2 1686<!>    has music play info = false
04-26 16:59:15.720 D/Andy_LockScreen2(  209): <!>com.android.internal.policy.impl.Andy_LockScreen2 1687<!>    has music play status = stoped
04-26 16:59:15.730 D/PowerManagerService(  209): Animating curIntValue=13: 2
04-26 16:59:15.730 D/PowerManagerService(  209): mBroadcastWakeLock=UnsynchronizedWakeLock(mFlags=0x1 mCount=1 mHeld=true)
04-26 16:59:15.730 D/PowerManagerService(  209): acquireWakeLock flags=0x1 tag=RILJ
04-26 16:59:15.740 V/DATA    (  293): <!>com.android.internal.telephony.MMDataConnectionTracker 1982<!> [DCT] intent received :android.intent.action.SCREEN_ON
04-26 16:59:15.740 D/LGE_data(  293): <!>com.android.internal.telephony.MMDataConnectionTracker$1 296<!> ACTION_SCREEN_ON received. mIsScreenOn= true
04-26 16:59:15.740 D/PowerManagerService(  209): Animating curIntValue=20: 2
04-26 16:59:15.740 D/PowerManagerService(  209): releaseWakeLock flags=0x1 tag=RILJ
04-26 16:59:15.760 D/MOBILEBACKUP_SRV(  587): <!>com.voxmobili.service.impl.ScreenSaverManager 95<!> ScreenSaverManager - onReceive Intent { act=android.intent.action.SCREEN_ON flg=0x40000000 }
04-26 16:59:15.760 D/PowerManagerService(  209): Animating curIntValue=27: 2
04-26 16:59:15.760 D/PowerManagerService(  209): releaseWakeLock flags=0x1 tag=sleep_broadcast
04-26 16:59:15.770 I/Flex    (  274): <!>com.lge.provider.Andy_Flex 109<!> getString FLEX_COUNTRY_CODE US
04-26 16:59:15.770 I/Flex    (  274): <!>com.lge.provider.Andy_Flex 109<!> getString FLEX_OPERATOR_CODE TMO
04-26 16:59:15.770 I/Flex    (  274): <!>com.lge.provider.Andy_Flex 109<!> getString FLEX_COUNTRY_CODE US
04-26 16:59:15.770 I/Flex    (  274): <!>com.lge.provider.Andy_Flex 109<!> getString FLEX_OPERATOR_CODE TMO
04-26 16:59:15.770 D/StatusBarPolicy(  274): [BRIGHTHY] 0. mDataNetType: 2
04-26 16:59:15.770 D/StatusBarPolicy(  274): [BRIGHTHY] curNetwork=45000 curHPLMN=45000
04-26 16:59:15.770 D/PowerManagerService(  209): acquireWakeLock flags=0x1 tag=RILJ
04-26 16:59:15.770 D/PowerManagerService(  209): releaseWakeLock flags=0x1 tag=RILJ
04-26 16:59:15.780 I/Lockscreen(  209): <!>com.android.internal.policy.impl.Andy_LockScreen2 1425<!> onResume isScreenOn true
04-26 16:59:15.780 D/PowerManagerService(  209): Animating curIntValue=34: 2
04-26 16:59:15.780 D/PowerManagerService(  209): acquireWakeLock flags=0x1 tag=RILJ
04-26 16:59:15.780 D/PowerManagerService(  209): releaseWakeLock flags=0x1 tag=RILJ
04-26 16:59:15.790 D/PowerManagerService(  209): acquireWakeLock flags=0x1 tag=RILJ
04-26 16:59:15.790 D/PowerManagerService(  209): releaseWakeLock flags=0x1 tag=RILJ
04-26 16:59:15.790 D/PowerManagerService(  209): Animating curIntValue=40: 2
04-26 16:59:15.800 D/DATA    (  293): <!>com.android.internal.telephony.DataServiceStateTracker 994<!> [DSST] pollstate() : reason = data network state changed
04-26 16:59:15.800 D/PowerManagerService(  209): acquireWakeLock flags=0x1 tag=RILJ
04-26 16:59:15.800 D/PowerManagerService(  209): releaseWakeLock flags=0x1 tag=RILJ
04-26 16:59:15.810 V/LockPatternKeyguardView(  209): <!>com.android.internal.policy.impl.LockPatternKeyguardView 428<!> *** dispatchDraw() time: 1258797
04-26 16:59:15.810 D/PowerManagerService(  209): Animating curIntValue=47: 2
04-26 16:59:15.820 D/PowerManagerService(  209): Animating curIntValue=54: 2
04-26 16:59:15.830 I/Flex    (  274): <!>com.lge.provider.Andy_Flex 109<!> getString FLEX_COUNTRY_CODE US
04-26 16:59:15.830 I/Flex    (  274): <!>com.lge.provider.Andy_Flex 109<!> getString FLEX_OPERATOR_CODE TMO
04-26 16:59:15.830 I/TelephonyRegistry(  209): notifyServiceState: 0 home Testcard LGE 45000  EDGE CSS not supported -1 -1RoamInd: -1DefRoamInd: -1EmergOnly: false
04-26 16:59:15.830 D/StatusBarPolicy(  274): [BRIGHTHY] 0. mDataNetType: 2
04-26 16:59:15.830 D/StatusBarPolicy(  274): [BRIGHTHY] curNetwork=45000 curHPLMN=45000
04-26 16:59:15.840 D/PowerManagerService(  209): Animating curIntValue=61: 2
04-26 16:59:15.850 D/QuickSettings(  274): <!>com.android.systemui.statusbar.QuickSettings$15 286<!> mPhoneStateHandler:handleMessage)
04-26 16:59:15.850 D/QuickSettings(  274): <!>com.android.systemui.statusbar.QuickSettings 884<!> onAirplaneModeChanged:: !!!Disable
04-26 16:59:15.850 D/Andy_LockScreen2(  209): <!>com.android.internal.policy.impl.Andy_LockScreen2 1652<!>     ### music artist = null
04-26 16:59:15.850 D/Andy_LockScreen2(  209): <!>com.android.internal.policy.impl.Andy_LockScreen2 1653<!>     ### music track = null
04-26 16:59:15.850 D/Andy_LockScreen2(  209): <!>com.android.internal.policy.impl.Andy_LockScreen2 1654<!>     ### music state = stop
04-26 16:59:15.860 D/Andy_LockScreen2(  209): <!>com.android.internal.policy.impl.Andy_LockScreen2 1652<!>     ### music artist = null
04-26 16:59:15.860 D/Andy_LockScreen2(  209): <!>com.android.internal.policy.impl.Andy_LockScreen2 1653<!>     ### music track = null
04-26 16:59:15.860 D/Andy_LockScreen2(  209): <!>com.android.internal.policy.impl.Andy_LockScreen2 1654<!>     ### music state = stop
04-26 16:59:15.860 D/PowerManagerService(  209): Animating curIntValue=68: 2
04-26 16:59:15.860 D/PowerManagerService(  209): acquireWakeLock flags=0x1 tag=StartingAlertService
04-26 16:59:15.870 D/DATA    (  293): <!>com.android.internal.telephony.DataServiceStateTracker 994<!> [DSST] Poll ServiceState done: oldSS=[0 home null null null  EDGE CSS not supported -1 -1RoamInd: -1DefRoamInd: -1EmergOnly: false] newSS=[0 home null null null  EDGE CSS not supported -1 -1RoamInd: -1DefRoamInd: -1EmergOnly: false]
04-26 16:59:15.870 D/NotificationMgr(  293): <!>com.android.phone.NotificationMgr 1154<!> updateNetworkSelection()...state = 0 new network 
04-26 16:59:15.870 V/QuickSettings(  274): <!>com.android.systemui.statusbar.QuickSettings 649<!> setBTButton: BT Set DISABLED
04-26 16:59:15.870 D/QuickSettings(  274): <!>com.android.systemui.statusbar.QuickSettings 605<!> WifiManager.WIFI_STATE_CHANGED_ACTION
04-26 16:59:15.870 D/PowerManagerService(  209): Animating curIntValue=74: 2
04-26 16:59:15.880 V/LockPatternKeyguardView(  209): <!>com.android.internal.policy.impl.LockPatternKeyguardView 428<!> *** dispatchDraw() time: 1258864
04-26 16:59:15.890 D/PowerManagerService(  209): Animating curIntValue=81: 2
04-26 16:59:15.910 D/PowerManagerService(  209): Animating curIntValue=88: 2
04-26 16:59:15.920 D/PowerManagerService(  209): Animating curIntValue=95: 2
04-26 16:59:15.940 D/PowerManagerService(  209): Animating curIntValue=102: 2
04-26 16:59:15.950 D/PowerManagerService(  209): releaseWakeLock flags=0x1 tag=StartingAlertService
04-26 16:59:16.020 V/LockPatternKeyguardView(  209): <!>com.android.internal.policy.impl.LockPatternKeyguardView 428<!> *** dispatchDraw() time: 1259004
04-26 16:59:16.180 V/LockPatternKeyguardView(  209): <!>com.android.internal.policy.impl.LockPatternKeyguardView 428<!> *** dispatchDraw() time: 1259145
04-26 16:59:16.300 V/LockPatternKeyguardView(  209): <!>com.android.internal.policy.impl.LockPatternKeyguardView 428<!> *** dispatchDraw() time: 1259284
04-26 16:59:16.440 V/LockPatternKeyguardView(  209): <!>com.android.internal.policy.impl.LockPatternKeyguardView 428<!> *** dispatchDraw() time: 1259424
04-26 16:59:16.580 V/LockPatternKeyguardView(  209): <!>com.android.internal.policy.impl.LockPatternKeyguardView 428<!> *** dispatchDraw() time: 1259564
04-26 16:59:16.720 V/LockPatternKeyguardView(  209): <!>com.android.internal.policy.impl.LockPatternKeyguardView 428<!> *** dispatchDraw() time: 1259705
04-26 16:59:16.860 V/LockPatternKeyguardView(  209): <!>com.android.internal.policy.impl.LockPatternKeyguardView 428<!> *** dispatchDraw() time: 1259845
04-26 16:59:17.000 V/LockPatternKeyguardView(  209): <!>com.android.internal.policy.impl.LockPatternKeyguardView 428<!> *** dispatchDraw() time: 1259985
04-26 16:59:17.140 V/LockPatternKeyguardView(  209): <!>com.android.internal.policy.impl.LockPatternKeyguardView 428<!> *** dispatchDraw() time: 1260125
04-26 16:59:17.280 V/LockPatternKeyguardView(  209): <!>com.android.internal.policy.impl.LockPatternKeyguardView 428<!> *** dispatchDraw() time: 1260265
04-26 16:59:18.080 V/LockPatternKeyguardView(  209): <!>com.android.internal.policy.impl.LockPatternKeyguardView 428<!> *** dispatchDraw() time: 1261066
04-26 16:59:18.220 V/LockPatternKeyguardView(  209): <!>com.android.internal.policy.impl.LockPatternKeyguardView 428<!> *** dispatchDraw() time: 1261206
04-26 16:59:18.360 V/LockPatternKeyguardView(  209): <!>com.android.internal.policy.impl.LockPatternKeyguardView 428<!> *** dispatchDraw() time: 1261346
04-26 16:59:18.500 V/LockPatternKeyguardView(  209): <!>com.android.internal.policy.impl.LockPatternKeyguardView 428<!> *** dispatchDraw() time: 1261486
04-26 16:59:18.640 V/LockPatternKeyguardView(  209): <!>com.android.internal.policy.impl.LockPatternKeyguardView 428<!> *** dispatchDraw() time: 1261626
04-26 16:59:18.780 V/LockPatternKeyguardView(  209): <!>com.android.internal.policy.impl.LockPatternKeyguardView 428<!> *** dispatchDraw() time: 1261766
04-26 16:59:18.920 V/LockPatternKeyguardView(  209): <!>com.android.internal.policy.impl.LockPatternKeyguardView 428<!> *** dispatchDraw() time: 1261906
04-26 16:59:19.060 V/LockPatternKeyguardView(  209): <!>com.android.internal.policy.impl.LockPatternKeyguardView 428<!> *** dispatchDraw() time: 1262047
04-26 16:59:19.210 V/LockPatternKeyguardView(  209): <!>com.android.internal.policy.impl.LockPatternKeyguardView 428<!> *** dispatchDraw() time: 1262187
04-26 16:59:19.350 V/LockPatternKeyguardView(  209): <!>com.android.internal.policy.impl.LockPatternKeyguardView 428<!> *** dispatchDraw() time: 1262327
04-26 16:59:19.490 V/LockPatternKeyguardView(  209): <!>com.android.internal.policy.impl.LockPatternKeyguardView 428<!> *** dispatchDraw() time: 1262469
04-26 16:59:20.290 V/LockPatternKeyguardView(  209): <!>com.android.internal.policy.impl.LockPatternKeyguardView 428<!> *** dispatchDraw() time: 1263270
04-26 16:59:20.430 V/LockPatternKeyguardView(  209): <!>com.android.internal.policy.impl.LockPatternKeyguardView 428<!> *** dispatchDraw() time: 1263411
04-26 16:59:20.570 V/LockPatternKeyguardView(  209): <!>com.android.internal.policy.impl.LockPatternKeyguardView 428<!> *** dispatchDraw() time: 1263552
04-26 16:59:20.720 D/KeyguardViewMediator(  209): <!>com.android.internal.policy.impl.KeyguardViewMediator 940<!> handleTimeout
04-26 16:59:20.720 D/PowerManagerService(  209): releaseWakeLock flags=0x1000001a tag=keyguard
04-26 16:59:20.720 D/PowerManagerService(  209): setPowerState: mPowerState=0x7 newState=0x0 noChangeLights=false reason=3
04-26 16:59:20.720 D/PowerManagerService(  209): setPowerState: mPowerState=7 newState=0 noChangeLights=false
04-26 16:59:20.720 D/PowerManagerService(  209):   oldKeyboardBright=false newKeyboardBright=false
04-26 16:59:20.720 D/PowerManagerService(  209):   oldScreenBright=true newScreenBright=false
04-26 16:59:20.730 D/PowerManagerService(  209):   oldButtonBright=true newButtonBright=false
04-26 16:59:20.730 D/PowerManagerService(  209):   oldScreenOn=true newScreenOn=false
04-26 16:59:20.730 D/PowerManagerService(  209):   oldBatteryLow=false newBatteryLow=false
04-26 16:59:20.730 I/PowerManagerService(  209): setTargetLocked mask=2 curValue=102.0 target=0 targetValue=0 delta=-6.8 nominalCurrentValue=102
04-26 16:59:20.730 I/PowerManagerService(  209): scheduling light animator
04-26 16:59:20.730 D/PowerManagerService(  209): offMask=0x4 dimMask=0x0 onMask=0x0 difference=0x7 realDifference=0x7 forceState=0x0
04-26 16:59:20.730 I/PowerManagerService(  209): Setting brightess off: 4
04-26 16:59:20.740 V/LockPatternKeyguardView(  209): <!>com.android.internal.policy.impl.LockPatternKeyguardView 428<!> *** dispatchDraw() time: 1263723
04-26 16:59:20.740 D/PowerManagerService(  209): Animating curIntValue=95: 2
04-26 16:59:20.750 D/PowerManagerService(  209): Animating curIntValue=88: 2
04-26 16:59:20.770 D/PowerManagerService(  209): Animating curIntValue=81: 2
04-26 16:59:20.790 D/PowerManagerService(  209): Animating curIntValue=74: 2
04-26 16:59:20.800 D/PowerManagerService(  209): Animating curIntValue=67: 2
04-26 16:59:20.820 D/PowerManagerService(  209): Animating curIntValue=61: 2
04-26 16:59:20.840 D/PowerManagerService(  209): Animating curIntValue=54: 2
04-26 16:59:20.850 D/PowerManagerService(  209): Animating curIntValue=47: 2
04-26 16:59:20.860 V/LockPatternKeyguardView(  209): <!>com.android.internal.policy.impl.LockPatternKeyguardView 428<!> *** dispatchDraw() time: 1263839
04-26 16:59:20.870 D/PowerManagerService(  209): Animating curIntValue=40: 2
04-26 16:59:20.890 D/PowerManagerService(  209): Animating curIntValue=33: 2
04-26 16:59:20.900 D/PowerManagerService(  209): Animating curIntValue=27: 2
04-26 16:59:20.920 D/PowerManagerService(  209): Animating curIntValue=20: 2
04-26 16:59:20.940 D/PowerManagerService(  209): Animating curIntValue=13: 2
04-26 16:59:20.950 D/PowerManagerService(  209): Animating curIntValue=6: 2
04-26 16:59:20.970 D/KeyguardViewMediator(  209): <!>com.android.internal.policy.impl.KeyguardViewMediator 312<!> onScreenTurnedOff(3)
04-26 16:59:20.970 D/KeyguardViewMediator(  209): <!>com.android.internal.policy.impl.KeyguardViewMediator 586<!> notifyScreenOffLocked
04-26 16:59:20.970 D/KeyguardViewMediator(  209): <!>com.android.internal.policy.impl.KeyguardViewMediator 565<!> resetStateLocked
04-26 16:59:20.970 D/KeyguardViewMediator(  209): <!>com.android.internal.policy.impl.KeyguardViewMediator 1138<!> handleNotifyScreenOff
04-26 16:59:20.970 D/KeyguardViewMediator(  209): <!>com.android.internal.policy.impl.KeyguardViewMediator 1115<!> handleReset
04-26 16:59:20.970 D/KeyguardViewMediator(  209): <!>com.android.internal.policy.impl.KeyguardViewMediator 460<!> setHidden false
04-26 16:59:20.970 D/PowerManagerService(  209): Animating curIntValue=0: 2
04-26 16:59:20.970 D/PowerManagerService(  209): acquireWakeLock flags=0x1 tag=sleep_broadcast
04-26 16:59:20.970 D/PowerManagerService(  209): acquireWakeLock flags=0x1 tag=ActivityManager-Sleep
04-26 16:59:20.990 D/PowerManagerService(  209): setScreenBrightnessOverride -1
04-26 16:59:20.990 D/PowerManagerService(  209): setButtonBrightnessOverride -1
04-26 16:59:20.990 D/PowerManagerService(  209): releaseWakeLock flags=0x1 tag=ActivityManager-Sleep
04-26 16:59:21.010 V/LockPatternKeyguardView(  209): <!>com.android.internal.policy.impl.LockPatternKeyguardView 428<!> *** dispatchDraw() time: 1263988
04-26 16:59:21.020 D/PowerManagerService(  209): acquireWakeLock flags=0x1 tag=RILJ
04-26 16:59:21.030 V/DATA    (  293): <!>com.android.internal.telephony.MMDataConnectionTracker 1982<!> [DCT] intent received :android.intent.action.SCREEN_OFF
04-26 16:59:21.030 D/LGE_data(  293): <!>com.android.internal.telephony.MMDataConnectionTracker$1 302<!> ACTION_SCREEN_OFF received. mIsScreenOn= false
04-26 16:59:21.030 D/PowerManagerService(  209): releaseWakeLock flags=0x1 tag=RILJ
04-26 16:59:21.040 D/MOBILEBACKUP_SRV(  587): <!>com.voxmobili.service.impl.ScreenSaverManager 95<!> ScreenSaverManager - onReceive Intent { act=android.intent.action.SCREEN_OFF flg=0x40000000 }
04-26 16:59:21.040 D/PowerManagerService(  209): releaseWakeLock flags=0x1 tag=sleep_broadcast
04-26 16:59:21.150 V/LockPatternKeyguardView(  209): <!>com.android.internal.policy.impl.LockPatternKeyguardView 428<!> *** dispatchDraw() time: 1264128
04-26 16:59:21.290 V/LockPatternKeyguardView(  209): <!>com.android.internal.policy.impl.LockPatternKeyguardView 428<!> *** dispatchDraw() time: 1264270
04-26 16:59:21.440 V/LockPatternKeyguardView(  209): <!>com.android.internal.policy.impl.LockPatternKeyguardView 428<!> *** dispatchDraw() time: 1264420
04-26 16:59:21.580 V/LockPatternKeyguardView(  209): <!>com.android.internal.policy.impl.LockPatternKeyguardView 428<!> *** dispatchDraw() time: 1264559
04-26 16:59:21.720 V/LockPatternKeyguardView(  209): <!>com.android.internal.policy.impl.LockPatternKeyguardView 428<!> *** dispatchDraw() time: 1264700
04-26 16:59:22.520 V/LockPatternKeyguardView(  209): <!>com.android.internal.policy.impl.LockPatternKeyguardView 428<!> *** dispatchDraw() time: 1265502
04-26 16:59:22.660 V/LockPatternKeyguardView(  209): <!>com.android.internal.policy.impl.LockPatternKeyguardView 428<!> *** dispatchDraw() time: 1265642
04-26 16:59:22.800 V/LockPatternKeyguardView(  209): <!>com.android.internal.policy.impl.LockPatternKeyguardView 428<!> *** dispatchDraw() time: 1265783
04-26 16:59:22.940 V/LockPatternKeyguardView(  209): <!>com.android.internal.policy.impl.LockPatternKeyguardView 428<!> *** dispatchDraw() time: 1265924
04-26 16:59:23.090 V/LockPatternKeyguardView(  209): <!>com.android.internal.policy.impl.LockPatternKeyguardView 428<!> *** dispatchDraw() time: 1266064
04-26 16:59:23.230 V/LockPatternKeyguardView(  209): <!>com.android.internal.policy.impl.LockPatternKeyguardView 428<!> *** dispatchDraw() time: 1266204
04-26 16:59:23.370 V/LockPatternKeyguardView(  209): <!>com.android.internal.policy.impl.LockPatternKeyguardView 428<!> *** dispatchDraw() time: 1266345
04-26 16:59:23.510 V/LockPatternKeyguardView(  209): <!>com.android.internal.policy.impl.LockPatternKeyguardView 428<!> *** dispatchDraw() time: 1266486
04-26 16:59:23.650 V/LockPatternKeyguardView(  209): <!>com.android.internal.policy.impl.LockPatternKeyguardView 428<!> *** dispatchDraw() time: 1266625
04-26 16:59:23.790 V/LockPatternKeyguardView(  209): <!>com.android.internal.policy.impl.LockPatternKeyguardView 428<!> *** dispatchDraw() time: 1266766
04-26 16:59:23.930 V/LockPatternKeyguardView(  209): <!>com.android.internal.policy.impl.LockPatternKeyguardView 428<!> *** dispatchDraw() time: 1266907
04-26 16:59:24.730 V/LockPatternKeyguardView(  209): <!>com.android.internal.policy.impl.LockPatternKeyguardView 428<!> *** dispatchDraw() time: 1267709
04-26 16:59:24.870 V/LockPatternKeyguardView(  209): <!>com.android.internal.policy.impl.LockPatternKeyguardView 428<!> *** dispatchDraw() time: 1267851
04-26 16:59:25.010 V/LockPatternKeyguardView(  209): <!>com.android.internal.policy.impl.LockPatternKeyguardView 428<!> *** dispatchDraw() time: 1267991
04-26 16:59:25.150 V/LockPatternKeyguardView(  209): <!>com.android.internal.policy.impl.LockPatternKeyguardView 428<!> *** dispatchDraw() time: 1268132
04-26 16:59:25.300 V/LockPatternKeyguardView(  209): <!>com.android.internal.policy.impl.LockPatternKeyguardView 428<!> *** dispatchDraw() time: 1268273
04-26 16:59:25.440 V/LockPatternKeyguardView(  209): <!>com.android.internal.policy.impl.LockPatternKeyguardView 428<!> *** dispatchDraw() time: 1268414
04-26 16:59:25.580 V/LockPatternKeyguardView(  209): <!>com.android.internal.policy.impl.LockPatternKeyguardView 428<!> *** dispatchDraw() time: 1268555
04-26 16:59:25.720 V/LockPatternKeyguardView(  209): <!>com.android.internal.policy.impl.LockPatternKeyguardView 428<!> *** dispatchDraw() time: 1268695
04-26 16:59:25.850 V/LockPatternKeyguardView(  209): <!>com.android.internal.policy.impl.LockPatternKeyguardView 428<!> *** dispatchDraw() time: 1268834
04-26 16:59:25.990 V/LockPatternKeyguardView(  209): <!>com.android.internal.policy.impl.LockPatternKeyguardView 428<!> *** dispatchDraw() time: 1268974
04-26 16:59:26.130 V/LockPatternKeyguardView(  209): <!>com.android.internal.policy.impl.LockPatternKeyguardView 428<!> *** dispatchDraw() time: 1269116
04-26 16:59:26.940 V/LockPatternKeyguardView(  209): <!>com.android.internal.policy.impl.LockPatternKeyguardView 428<!> *** dispatchDraw() time: 1269919
04-26 16:59:27.080 V/LockPatternKeyguardView(  209): <!>com.android.internal.policy.impl.LockPatternKeyguardView 428<!> *** dispatchDraw() time: 1270059
04-26 16:59:27.220 V/LockPatternKeyguardView(  209): <!>com.android.internal.policy.impl.LockPatternKeyguardView 428<!> *** dispatchDraw() time: 1270200
04-26 16:59:27.360 V/LockPatternKeyguardView(  209): <!>com.android.internal.policy.impl.LockPatternKeyguardView 428<!> *** dispatchDraw() time: 1270341
04-26 16:59:27.500 V/LockPatternKeyguardView(  209): <!>com.android.internal.policy.impl.LockPatternKeyguardView 428<!> *** dispatchDraw() time: 1270482
04-26 16:59:27.640 V/LockPatternKeyguardView(  209): <!>com.android.internal.policy.impl.LockPatternKeyguardView 428<!> *** dispatchDraw() time: 1270623
04-26 16:59:27.790 V/LockPatternKeyguardView(  209): <!>com.android.internal.policy.impl.LockPatternKeyguardView 428<!> *** dispatchDraw() time: 1270764
04-26 16:59:27.930 V/LockPatternKeyguardView(  209): <!>com.android.internal.policy.impl.LockPatternKeyguardView 428<!> *** dispatchDraw() time: 1270905
04-26 16:59:28.070 V/LockPatternKeyguardView(  209): <!>com.android.internal.policy.impl.LockPatternKeyguardView 428<!> *** dispatchDraw() time: 1271045
04-26 16:59:28.210 V/LockPatternKeyguardView(  209): <!>com.android.internal.policy.impl.LockPatternKeyguardView 428<!> *** dispatchDraw() time: 1271186
04-26 16:59:28.350 V/LockPatternKeyguardView(  209): <!>com.android.internal.policy.impl.LockPatternKeyguardView 428<!> *** dispatchDraw() time: 1271326
04-26 16:59:29.150 V/LockPatternKeyguardView(  209): <!>com.android.internal.policy.impl.LockPatternKeyguardView 428<!> *** dispatchDraw() time: 1272126
04-26 16:59:29.290 V/LockPatternKeyguardView(  209): <!>com.android.internal.policy.impl.LockPatternKeyguardView 428<!> *** dispatchDraw() time: 1272267
04-26 16:59:29.430 V/LockPatternKeyguardView(  209): <!>com.android.internal.policy.impl.LockPatternKeyguardView 428<!> *** dispatchDraw() time: 1272407
04-26 16:59:29.570 V/LockPatternKeyguardView(  209): <!>com.android.internal.policy.impl.LockPatternKeyguardView 428<!> *** dispatchDraw() time: 1272547
04-26 16:59:29.710 V/LockPatternKeyguardView(  209): <!>com.android.internal.policy.impl.LockPatternKeyguardView 428<!> *** dispatchDraw() time: 1272688
04-26 16:59:29.850 V/LockPatternKeyguardView(  209): <!>com.android.internal.policy.impl.LockPatternKeyguardView 428<!> *** dispatchDraw() time: 1272829
04-26 16:59:29.990 V/LockPatternKeyguardView(  209): <!>com.android.internal.policy.impl.LockPatternKeyguardView 428<!> *** dispatchDraw() time: 1272970
04-26 16:59:30.130 V/LockPatternKeyguardView(  209): <!>com.android.internal.policy.impl.LockPatternKeyguardView 428<!> *** dispatchDraw() time: 1273110
04-26 16:59:30.270 V/LockPatternKeyguardView(  209): <!>com.android.internal.policy.impl.LockPatternKeyguardView 428<!> *** dispatchDraw() time: 1273252
04-26 16:59:30.410 V/LockPatternKeyguardView(  209): <!>com.android.internal.policy.impl.LockPatternKeyguardView 428<!> *** dispatchDraw() time: 1273392
04-26 16:59:30.550 V/LockPatternKeyguardView(  209): <!>com.android.internal.policy.impl.LockPatternKeyguardView 428<!> *** dispatchDraw() time: 1273533
04-26 16:59:31.360 V/LockPatternKeyguardView(  209): <!>com.android.internal.policy.impl.LockPatternKeyguardView 428<!> *** dispatchDraw() time: 1274335
04-26 16:59:31.500 V/LockPatternKeyguardView(  209): <!>com.android.internal.policy.impl.LockPatternKeyguardView 428<!> *** dispatchDraw() time: 1274476
04-26 16:59:31.640 V/LockPatternKeyguardView(  209): <!>com.android.internal.policy.impl.LockPatternKeyguardView 428<!> *** dispatchDraw() time: 1274616
04-26 16:59:31.780 V/LockPatternKeyguardView(  209): <!>com.android.internal.policy.impl.LockPatternKeyguardView 428<!> *** dispatchDraw() time: 1274757
04-26 16:59:31.920 V/LockPatternKeyguardView(  209): <!>com.android.internal.policy.impl.LockPatternKeyguardView 428<!> *** dispatchDraw() time: 1274899
04-26 16:59:32.060 V/LockPatternKeyguardView(  209): <!>com.android.internal.policy.impl.LockPatternKeyguardView 428<!> *** dispatchDraw() time: 1275039
04-26 16:59:32.200 V/LockPatternKeyguardView(  209): <!>com.android.internal.policy.impl.LockPatternKeyguardView 428<!> *** dispatchDraw() time: 1275180
04-26 16:59:32.340 V/LockPatternKeyguardView(  209): <!>com.android.internal.policy.impl.LockPatternKeyguardView 428<!> *** dispatchDraw() time: 1275322
04-26 16:59:32.480 V/LockPatternKeyguardView(  209): <!>com.android.internal.policy.impl.LockPatternKeyguardView 428<!> *** dispatchDraw() time: 1275462
04-26 16:59:32.620 V/LockPatternKeyguardView(  209): <!>com.android.internal.policy.impl.LockPatternKeyguardView 428<!> *** dispatchDraw() time: 1275602
04-26 16:59:32.760 V/LockPatternKeyguardView(  209): <!>com.android.internal.policy.impl.LockPatternKeyguardView 428<!> *** dispatchDraw() time: 1275743
04-26 16:59:33.570 V/LockPatternKeyguardView(  209): <!>com.android.internal.policy.impl.LockPatternKeyguardView 428<!> *** dispatchDraw() time: 1276545
04-26 16:59:33.710 V/LockPatternKeyguardView(  209): <!>com.android.internal.policy.impl.LockPatternKeyguardView 428<!> *** dispatchDraw() time: 1276685
04-26 16:59:33.850 V/LockPatternKeyguardView(  209): <!>com.android.internal.policy.impl.LockPatternKeyguardView 428<!> *** dispatchDraw() time: 1276826
04-26 16:59:33.990 V/LockPatternKeyguardView(  209): <!>com.android.internal.policy.impl.LockPatternKeyguardView 428<!> *** dispatchDraw() time: 1276966
04-26 16:59:34.130 V/LockPatternKeyguardView(  209): <!>com.android.internal.policy.impl.LockPatternKeyguardView 428<!> *** dispatchDraw() time: 1277107
04-26 16:59:34.270 V/LockPatternKeyguardView(  209): <!>com.android.internal.policy.impl.LockPatternKeyguardView 428<!> *** dispatchDraw() time: 1277248
04-26 16:59:34.410 V/LockPatternKeyguardView(  209): <!>com.android.internal.policy.impl.LockPatternKeyguardView 428<!> *** dispatchDraw() time: 1277388
04-26 16:59:34.550 V/LockPatternKeyguardView(  209): <!>com.android.internal.policy.impl.LockPatternKeyguardView 428<!> *** dispatchDraw() time: 1277528
04-26 16:59:34.690 V/LockPatternKeyguardView(  209): <!>com.android.internal.policy.impl.LockPatternKeyguardView 428<!> *** dispatchDraw() time: 1277669
04-26 16:59:34.830 V/LockPatternKeyguardView(  209): <!>com.android.internal.policy.impl.LockPatternKeyguardView 428<!> *** dispatchDraw() time: 1277810
04-26 16:59:34.970 V/LockPatternKeyguardView(  209): <!>com.android.internal.policy.impl.LockPatternKeyguardView 428<!> *** dispatchDraw() time: 1277950
04-26 16:59:35.770 V/LockPatternKeyguardView(  209): <!>com.android.internal.policy.impl.LockPatternKeyguardView 428<!> *** dispatchDraw() time: 1278751
04-26 16:59:35.910 V/LockPatternKeyguardView(  209): <!>com.android.internal.policy.impl.LockPatternKeyguardView 428<!> *** dispatchDraw() time: 1278891
04-26 16:59:36.050 V/LockPatternKeyguardView(  209): <!>com.android.internal.policy.impl.LockPatternKeyguardView 428<!> *** dispatchDraw() time: 1279032
04-26 16:59:36.190 V/LockPatternKeyguardView(  209): <!>com.android.internal.policy.impl.LockPatternKeyguardView 428<!> *** dispatchDraw() time: 1279173
04-26 16:59:36.330 V/LockPatternKeyguardView(  209): <!>com.android.internal.policy.impl.LockPatternKeyguardView 428<!> *** dispatchDraw() time: 1279314
04-26 16:59:36.480 V/LockPatternKeyguardView(  209): <!>com.android.internal.policy.impl.LockPatternKeyguardView 428<!> *** dispatchDraw() time: 1279454
04-26 16:59:36.620 V/LockPatternKeyguardView(  209): <!>com.android.internal.policy.impl.LockPatternKeyguardView 428<!> *** dispatchDraw() time: 1279595
04-26 16:59:36.760 V/LockPatternKeyguardView(  209): <!>com.android.internal.policy.impl.LockPatternKeyguardView 428<!> *** dispatchDraw() time: 1279735
04-26 16:59:36.900 V/LockPatternKeyguardView(  209): <!>com.android.internal.policy.impl.LockPatternKeyguardView 428<!> *** dispatchDraw() time: 1279876
04-26 16:59:37.040 V/LockPatternKeyguardView(  209): <!>com.android.internal.policy.impl.LockPatternKeyguardView 428<!> *** dispatchDraw() time: 1280017
04-26 16:59:37.180 V/LockPatternKeyguardView(  209): <!>com.android.internal.policy.impl.LockPatternKeyguardView 428<!> *** dispatchDraw() time: 1280158
04-26 16:59:37.980 V/LockPatternKeyguardView(  209): <!>com.android.internal.policy.impl.LockPatternKeyguardView 428<!> *** dispatchDraw() time: 1280959
04-26 16:59:38.120 V/LockPatternKeyguardView(  209): <!>com.android.internal.policy.impl.LockPatternKeyguardView 428<!> *** dispatchDraw() time: 1281100
04-26 16:59:38.260 V/LockPatternKeyguardView(  209): <!>com.android.internal.policy.impl.LockPatternKeyguardView 428<!> *** dispatchDraw() time: 1281240
04-26 16:59:38.400 V/LockPatternKeyguardView(  209): <!>com.android.internal.policy.impl.LockPatternKeyguardView 428<!> *** dispatchDraw() time: 1281381
04-26 16:59:38.540 V/LockPatternKeyguardView(  209): <!>com.android.internal.policy.impl.LockPatternKeyguardView 428<!> *** dispatchDraw() time: 1281522
04-26 16:59:38.680 V/LockPatternKeyguardView(  209): <!>com.android.internal.policy.impl.LockPatternKeyguardView 428<!> *** dispatchDraw() time: 1281663
04-26 16:59:38.820 V/LockPatternKeyguardView(  209): <!>com.android.internal.policy.impl.LockPatternKeyguardView 428<!> *** dispatchDraw() time: 1281804
04-26 16:59:38.960 V/LockPatternKeyguardView(  209): <!>com.android.internal.policy.impl.LockPatternKeyguardView 428<!> *** dispatchDraw() time: 1281944
04-26 16:59:39.110 V/LockPatternKeyguardView(  209): <!>com.android.internal.policy.impl.LockPatternKeyguardView 428<!> *** dispatchDraw() time: 1282085
04-26 16:59:39.250 V/LockPatternKeyguardView(  209): <!>com.android.internal.policy.impl.LockPatternKeyguardView 428<!> *** dispatchDraw() time: 1282226
04-26 16:59:39.390 V/LockPatternKeyguardView(  209): <!>com.android.internal.policy.impl.LockPatternKeyguardView 428<!> *** dispatchDraw() time: 1282367
04-26 16:59:40.190 V/LockPatternKeyguardView(  209): <!>com.android.internal.policy.impl.LockPatternKeyguardView 428<!> *** dispatchDraw() time: 1283168
04-26 16:59:40.330 V/LockPatternKeyguardView(  209): <!>com.android.internal.policy.impl.LockPatternKeyguardView 428<!> *** dispatchDraw() time: 1283309
04-26 16:59:40.470 V/LockPatternKeyguardView(  209): <!>com.android.internal.policy.impl.LockPatternKeyguardView 428<!> *** dispatchDraw() time: 1283450
04-26 16:59:40.610 V/LockPatternKeyguardView(  209): <!>com.android.internal.policy.impl.LockPatternKeyguardView 428<!> *** dispatchDraw() time: 1283591
04-26 16:59:40.750 V/LockPatternKeyguardView(  209): <!>com.android.internal.policy.impl.LockPatternKeyguardView 428<!> *** dispatchDraw() time: 1283731
