--------- beginning of /dev/log/main
05-17 14:52:41.346 E/Andy_LockScreen2(  214): <!>com.android.internal.policy.impl.Andy_LockScreen2 1739<!> [BTUI] ### LockScreen2 : isOpen(true)
05-17 14:52:41.346 I/Flex    (  214): <!>com.lge.provider.Andy_Flex 109<!> getString FLEX_OPERATOR_CODE TMO
05-17 14:52:41.346 I/Flex    (  214): <!>com.lge.provider.Andy_Flex 109<!> getString FLEX_COUNTRY_CODE US
05-17 14:52:41.386 D/Andy_LockScreen2(  214): <!>com.android.internal.policy.impl.Andy_LockScreen2 1177<!> updateLayout: status=Airplane
05-17 14:52:41.396 D/Andy_LockScreen2(  214): <!>com.android.internal.policy.impl.Andy_LockScreen2 1681<!> >> refreshMusicPlayerDisplay() ----------------------
05-17 14:52:41.396 D/Andy_LockScreen2(  214): <!>com.android.internal.policy.impl.Andy_LockScreen2 1696<!>    music play info = null
05-17 14:52:41.396 D/Andy_LockScreen2(  214): <!>com.android.internal.policy.impl.Andy_LockScreen2 1697<!>    has music play info = false
05-17 14:52:41.396 D/Andy_LockScreen2(  214): <!>com.android.internal.policy.impl.Andy_LockScreen2 1698<!>    has music play status = stoped
05-17 14:52:41.396 I/Lockscreen(  214): <!>com.android.internal.policy.impl.Andy_LockScreen2 1441<!> onResume isScreenOn false
05-17 14:52:41.406 W/IInputConnectionWrapper(  322): <!>com.android.internal.view.IInputConnectionWrapper 267<!> getExtractedText on inactive InputConnection
05-17 14:52:41.406 W/IInputConnectionWrapper(  322): <!>com.android.internal.view.IInputConnectionWrapper 267<!> getExtractedText on inactive InputConnection
05-17 14:52:41.406 D/Andy_LockScreen2(  214): <!>com.android.internal.policy.impl.Andy_LockScreen2 1663<!>     ### music artist = null
05-17 14:52:41.406 D/Andy_LockScreen2(  214): <!>com.android.internal.policy.impl.Andy_LockScreen2 1664<!>     ### music track = null
05-17 14:52:41.406 D/Andy_LockScreen2(  214): <!>com.android.internal.policy.impl.Andy_LockScreen2 1665<!>     ### music state = stop
05-17 14:52:41.476 D/Andy_LockScreen2(  214): <!>com.android.internal.policy.impl.Andy_LockScreen2 1663<!>     ### music artist = null
05-17 14:52:41.476 D/Andy_LockScreen2(  214): <!>com.android.internal.policy.impl.Andy_LockScreen2 1664<!>     ### music track = null
05-17 14:52:41.476 D/Andy_LockScreen2(  214): <!>com.android.internal.policy.impl.Andy_LockScreen2 1665<!>     ### music state = stop
05-17 14:52:41.526 D/Andy_LockScreen2(  214): <!>com.android.internal.policy.impl.Andy_LockScreen2 1663<!>     ### music artist = null
05-17 14:52:41.526 D/Andy_LockScreen2(  214): <!>com.android.internal.policy.impl.Andy_LockScreen2 1664<!>     ### music track = null
05-17 14:52:41.526 D/Andy_LockScreen2(  214): <!>com.android.internal.policy.impl.Andy_LockScreen2 1665<!>     ### music state = stop
05-17 14:52:41.526 D/Andy_LockScreen2(  214): <!>com.android.internal.policy.impl.Andy_LockScreen2 1663<!>     ### music artist = null
05-17 14:52:41.526 D/Andy_LockScreen2(  214): <!>com.android.internal.policy.impl.Andy_LockScreen2 1664<!>     ### music track = null
05-17 14:52:41.526 D/Andy_LockScreen2(  214): <!>com.android.internal.policy.impl.Andy_LockScreen2 1665<!>     ### music state = stop
05-17 14:52:50.385 I/dun_service(  122): The value returned from dun_getusbmodemstate_fromsys is 2 
05-17 14:53:10.314 I/dun_service(  122): The value returned from dun_getusbmodemstate_fromsys is 2 
05-17 14:53:40.223 I/dun_service(  122): The value returned from dun_getusbmodemstate_fromsys is 2 
05-17 14:53:50.193 I/dun_service(  122): The value returned from dun_getusbmodemstate_fromsys is 2 
05-17 14:54:10.143 I/dun_service(  122): The value returned from dun_getusbmodemstate_fromsys is 2 
05-17 14:54:15.118 I/dun_service(  122): The value returned from dun_getusbmodemstate_fromsys is 2 
05-17 14:54:38.020 I/EventLogService(  391): <!>com.google.android.gsf.checkin.EventLogService$1 122<!> Aggregate from 1305609877890 (log), 1305609877890 (data)
05-17 14:54:40.052 I/dun_service(  122): The value returned from dun_getusbmodemstate_fromsys is 2 
05-17 14:54:50.022 I/dun_service(  122): The value returned from dun_getusbmodemstate_fromsys is 2 
05-17 14:55:34.895 I/dun_service(  122): The value returned from dun_getusbmodemstate_fromsys is 2 
05-17 14:55:39.870 I/dun_service(  122): The value returned from dun_getusbmodemstate_fromsys is 2 
05-17 14:57:04.623 I/dun_service(  122): The value returned from dun_getusbmodemstate_fromsys is 2 
05-17 14:57:09.598 I/dun_service(  122): The value returned from dun_getusbmodemstate_fromsys is 2 
05-17 14:58:04.441 I/dun_service(  122): The value returned from dun_getusbmodemstate_fromsys is 2 
05-17 14:58:24.381 I/dun_service(  122): The value returned from dun_getusbmodemstate_fromsys is 2 
05-17 14:59:04.260 I/dun_service(  122): The value returned from dun_getusbmodemstate_fromsys is 2 
05-17 14:59:09.255 I/dun_service(  122): The value returned from dun_getusbmodemstate_fromsys is 2 
05-17 14:59:14.239 I/dun_service(  122): The value returned from dun_getusbmodemstate_fromsys is 2 
05-17 14:59:19.224 I/dun_service(  122): The value returned from dun_getusbmodemstate_fromsys is 2 
05-17 15:00:14.058 I/dun_service(  122): The value returned from dun_getusbmodemstate_fromsys is 2 
05-17 15:00:19.043 I/dun_service(  122): The value returned from dun_getusbmodemstate_fromsys is 2 
05-17 15:00:58.942 I/dun_service(  122): The value returned from dun_getusbmodemstate_fromsys is 2 
05-17 15:01:13.886 I/dun_service(  122): The value returned from dun_getusbmodemstate_fromsys is 2 
05-17 15:02:08.720 I/dun_service(  122): The value returned from dun_getusbmodemstate_fromsys is 2 
05-17 15:02:13.714 I/dun_service(  122): The value returned from dun_getusbmodemstate_fromsys is 2 
05-17 15:03:58.397 I/dun_service(  122): The value returned from dun_getusbmodemstate_fromsys is 2 
05-17 15:03:58.497 E/Tethering(  214): <!>com.android.server.connectivity.Tethering 314<!> active iface (usb0) reported as added, ignoring
05-17 15:04:03.381 I/dun_service(  122): The value returned from dun_getusbmodemstate_fromsys is 2 
05-17 15:04:33.291 I/dun_service(  122): The value returned from dun_getusbmodemstate_fromsys is 2 
05-17 15:04:48.255 I/dun_service(  122): The value returned from dun_getusbmodemstate_fromsys is 2 
05-17 15:06:03.018 I/dun_service(  122): The value returned from dun_getusbmodemstate_fromsys is 2 
05-17 15:06:08.023 I/dun_service(  122): The value returned from dun_getusbmodemstate_fromsys is 2 
05-17 15:06:37.922 I/dun_service(  122): The value returned from dun_getusbmodemstate_fromsys is 2 
05-17 15:06:42.907 I/dun_service(  122): The value returned from dun_getusbmodemstate_fromsys is 2 
05-17 15:06:52.877 I/dun_service(  122): The value returned from dun_getusbmodemstate_fromsys is 2 
05-17 15:06:57.872 I/dun_service(  122): The value returned from dun_getusbmodemstate_fromsys is 2 
05-17 15:13:36.681 I/dun_service(  122): The value returned from dun_getusbmodemstate_fromsys is 2 
05-17 15:13:51.645 I/dun_service(  122): The value returned from dun_getusbmodemstate_fromsys is 2 
05-17 15:14:21.555 I/dun_service(  122): The value returned from dun_getusbmodemstate_fromsys is 2 
05-17 15:14:41.494 I/dun_service(  122): The value returned from dun_getusbmodemstate_fromsys is 2 
05-17 15:14:51.474 I/dun_service(  122): The value returned from dun_getusbmodemstate_fromsys is 2 
05-17 15:15:06.418 I/dun_service(  122): The value returned from dun_getusbmodemstate_fromsys is 2 
05-17 15:16:16.216 I/dun_service(  122): The value returned from dun_getusbmodemstate_fromsys is 2 
05-17 15:16:31.171 I/dun_service(  122): The value returned from dun_getusbmodemstate_fromsys is 2 
05-17 15:17:30.989 I/dun_service(  122): The value returned from dun_getusbmodemstate_fromsys is 2 
05-17 15:17:35.974 I/dun_service(  122): The value returned from dun_getusbmodemstate_fromsys is 2 
05-17 15:17:40.959 I/dun_service(  122): The value returned from dun_getusbmodemstate_fromsys is 2 
05-17 15:17:50.929 I/dun_service(  122): The value returned from dun_getusbmodemstate_fromsys is 2 
05-17 15:18:25.833 I/dun_service(  122): The value returned from dun_getusbmodemstate_fromsys is 2 
05-17 15:18:30.808 I/dun_service(  122): The value returned from dun_getusbmodemstate_fromsys is 2 
05-17 15:19:00.727 I/dun_service(  122): The value returned from dun_getusbmodemstate_fromsys is 2 
05-17 15:19:10.707 I/dun_service(  122): The value returned from dun_getusbmodemstate_fromsys is 2 
05-17 15:20:25.480 I/dun_service(  122): The value returned from dun_getusbmodemstate_fromsys is 2 
05-17 15:20:35.439 I/dun_service(  122): The value returned from dun_getusbmodemstate_fromsys is 2 
05-17 15:21:50.222 I/dun_service(  122): The value returned from dun_getusbmodemstate_fromsys is 2 
05-17 15:22:10.172 I/dun_service(  122): The value returned from dun_getusbmodemstate_fromsys is 2 
05-17 15:22:20.131 I/dun_service(  122): The value returned from dun_getusbmodemstate_fromsys is 2 
05-17 15:22:40.071 I/dun_service(  122): The value returned from dun_getusbmodemstate_fromsys is 2 
05-17 15:23:14.975 I/dun_service(  122): The value returned from dun_getusbmodemstate_fromsys is 2 
05-17 15:23:19.970 I/dun_service(  122): The value returned from dun_getusbmodemstate_fromsys is 2 
05-17 15:23:24.945 I/dun_service(  122): The value returned from dun_getusbmodemstate_fromsys is 2 
05-17 15:23:54.854 I/dun_service(  122): The value returned from dun_getusbmodemstate_fromsys is 2 
05-17 15:24:09.808 I/dun_service(  122): The value returned from dun_getusbmodemstate_fromsys is 2 
05-17 15:24:14.803 I/dun_service(  122): The value returned from dun_getusbmodemstate_fromsys is 2 
05-17 15:24:38.156 I/EventLogService(  391): <!>com.google.android.gsf.checkin.EventLogService$1 122<!> Aggregate from 1305611678027 (log), 1305611678027 (data)
05-17 15:24:44.702 I/dun_service(  122): The value returned from dun_getusbmodemstate_fromsys is 2 
05-17 15:25:04.652 I/dun_service(  122): The value returned from dun_getusbmodemstate_fromsys is 2 
05-17 15:28:04.107 I/dun_service(  122): The value returned from dun_getusbmodemstate_fromsys is 2 
05-17 15:28:14.087 I/dun_service(  122): The value returned from dun_getusbmodemstate_fromsys is 2 
05-17 15:28:29.041 I/dun_service(  122): The value returned from dun_getusbmodemstate_fromsys is 2 
05-17 15:28:39.011 I/dun_service(  122): The value returned from dun_getusbmodemstate_fromsys is 2 
05-17 15:29:03.945 I/dun_service(  122): The value returned from dun_getusbmodemstate_fromsys is 2 
05-17 15:29:13.915 I/dun_service(  122): The value returned from dun_getusbmodemstate_fromsys is 2 
05-17 15:29:33.855 I/dun_service(  122): The value returned from dun_getusbmodemstate_fromsys is 2 
05-17 15:29:38.829 I/dun_service(  122): The value returned from dun_getusbmodemstate_fromsys is 2 
05-17 15:32:08.395 I/dun_service(  122): The value returned from dun_getusbmodemstate_fromsys is 2 
05-17 15:32:13.390 I/dun_service(  122): The value returned from dun_getusbmodemstate_fromsys is 2 
05-17 15:32:48.274 I/dun_service(  122): The value returned from dun_getusbmodemstate_fromsys is 2 
05-17 15:32:58.254 I/dun_service(  122): The value returned from dun_getusbmodemstate_fromsys is 2 
05-17 15:33:43.108 I/dun_service(  122): The value returned from dun_getusbmodemstate_fromsys is 2 
05-17 15:34:03.047 I/dun_service(  122): The value returned from dun_getusbmodemstate_fromsys is 2 
05-17 15:34:37.961 I/dun_service(  122): The value returned from dun_getusbmodemstate_fromsys is 2 
05-17 15:35:17.840 I/dun_service(  122): The value returned from dun_getusbmodemstate_fromsys is 2 
05-17 15:38:02.351 I/dun_service(  122): The value returned from dun_getusbmodemstate_fromsys is 2 
05-17 15:38:22.280 I/dun_service(  122): The value returned from dun_getusbmodemstate_fromsys is 2 
05-17 15:38:57.184 I/dun_service(  122): The value returned from dun_getusbmodemstate_fromsys is 2 
05-17 15:39:12.149 I/dun_service(  122): The value returned from dun_getusbmodemstate_fromsys is 2 
05-17 15:39:27.093 I/dun_service(  122): The value returned from dun_getusbmodemstate_fromsys is 2 
05-17 15:39:32.078 I/dun_service(  122): The value returned from dun_getusbmodemstate_fromsys is 2 
05-17 15:41:46.680 I/dun_service(  122): The value returned from dun_getusbmodemstate_fromsys is 2 
05-17 15:42:11.614 I/dun_service(  122): The value returned from dun_getusbmodemstate_fromsys is 2 
05-17 15:42:41.523 I/dun_service(  122): The value returned from dun_getusbmodemstate_fromsys is 2 
05-17 15:42:51.493 I/dun_service(  122): The value returned from dun_getusbmodemstate_fromsys is 2 
05-17 15:42:56.468 I/dun_service(  122): The value returned from dun_getusbmodemstate_fromsys is 2 
05-17 15:43:06.447 I/dun_service(  122): The value returned from dun_getusbmodemstate_fromsys is 2 
05-17 15:44:16.245 I/dun_service(  122): The value returned from dun_getusbmodemstate_fromsys is 2 
05-17 15:44:36.185 I/dun_service(  122): The value returned from dun_getusbmodemstate_fromsys is 2 
05-17 15:44:51.130 I/dun_service(  122): The value returned from dun_getusbmodemstate_fromsys is 2 
05-17 15:45:26.034 I/dun_service(  122): The value returned from dun_getusbmodemstate_fromsys is 2 
05-17 15:45:45.973 I/dun_service(  122): The value returned from dun_getusbmodemstate_fromsys is 2 
05-17 15:46:15.882 I/dun_service(  122): The value returned from dun_getusbmodemstate_fromsys is 2 
05-17 15:46:42.348 I/ContactsProvider(  838): <!>com.android.providers.contacts.ContactsProvider2 5178<!> ^^^^^^^^^ query: content://com.android.contacts/contacts
05-17 15:46:42.348 I/ContactsProvider(  838): <!>com.android.providers.contacts.ContactsProvider2 5234<!> ^^^^^^^^^ query match : 1000
05-17 15:46:42.358 D/Swype   (  288): <!>com.swype.android.inputmethod.PhonebookProcessor 146<!> entries processed: 0
05-17 15:46:42.438 D/Swype   (  288): <!>com.swype.android.inputmethod.PhonebookProcessor 178<!> user words processed 0
05-17 15:49:55.246 I/dun_service(  122): The value returned from dun_getusbmodemstate_fromsys is 2 
05-17 15:50:00.211 I/dun_service(  122): The value returned from dun_getusbmodemstate_fromsys is 2 
05-17 15:50:20.161 I/dun_service(  122): The value returned from dun_getusbmodemstate_fromsys is 2 
05-17 15:50:25.155 I/dun_service(  122): The value returned from dun_getusbmodemstate_fromsys is 2 
05-17 15:50:50.080 I/dun_service(  122): The value returned from dun_getusbmodemstate_fromsys is 2 
05-17 15:50:55.065 I/dun_service(  122): The value returned from dun_getusbmodemstate_fromsys is 2 
05-17 15:51:44.913 I/dun_service(  122): The value returned from dun_getusbmodemstate_fromsys is 2 
05-17 15:51:54.883 I/dun_service(  122): The value returned from dun_getusbmodemstate_fromsys is 2 
05-17 15:53:14.641 I/dun_service(  122): The value returned from dun_getusbmodemstate_fromsys is 2 
05-17 15:53:19.636 I/dun_service(  122): The value returned from dun_getusbmodemstate_fromsys is 2 
05-17 15:54:19.464 I/dun_service(  122): The value returned from dun_getusbmodemstate_fromsys is 2 
05-17 15:54:38.272 I/EventLogService(  391): <!>com.google.android.gsf.checkin.EventLogService$1 122<!> Aggregate from 1305613478161 (log), 1305613478161 (data)
05-17 15:54:44.378 I/dun_service(  122): The value returned from dun_getusbmodemstate_fromsys is 2 
05-17 15:57:23.914 I/dun_service(  122): The value returned from dun_getusbmodemstate_fromsys is 2 
05-17 15:57:43.853 I/dun_service(  122): The value returned from dun_getusbmodemstate_fromsys is 2 
05-17 15:58:03.793 I/dun_service(  122): The value returned from dun_getusbmodemstate_fromsys is 2 
05-17 15:58:18.747 I/dun_service(  122): The value returned from dun_getusbmodemstate_fromsys is 2 
05-17 15:59:03.611 I/dun_service(  122): The value returned from dun_getusbmodemstate_fromsys is 2 
05-17 15:59:08.606 I/dun_service(  122): The value returned from dun_getusbmodemstate_fromsys is 2 
05-17 15:59:13.581 I/dun_service(  122): The value returned from dun_getusbmodemstate_fromsys is 2 
05-17 15:59:18.576 I/dun_service(  122): The value returned from dun_getusbmodemstate_fromsys is 2 
--------- beginning of /dev/log/system
05-17 15:59:20.698 D/NetdConnector(  214): RCV <- {216 0}
05-17 15:59:20.698 D/NetdConnector(  214): RSP <- {216 0}
05-17 15:59:20.708 D/PowerManagerService(  214): releaseWakeLock flags=0x1 tag=AlarmManager
05-17 15:59:20.708 D/NetdConnector(  214): SND -> {interface readtxcounter rmnet0} {null}
05-17 15:59:20.728 D/NetdConnector(  214): RCV <- {217 0}
05-17 15:59:20.728 D/NetdConnector(  214): RSP <- {217 0}
05-17 15:59:59.996 D/PowerManagerService(  214): acquireWakeLock flags=0x1 tag=AlarmManager
05-17 16:00:00.096 D/PowerManagerService(  214): releaseWakeLock flags=0x1 tag=AlarmManager
05-17 16:01:00.005 D/PowerManagerService(  214): acquireWakeLock flags=0x1 tag=AlarmManager
05-17 16:01:00.105 D/PowerManagerService(  214): releaseWakeLock flags=0x1 tag=AlarmManager
05-17 16:01:59.993 D/PowerManagerService(  214): acquireWakeLock flags=0x1 tag=AlarmManager
05-17 16:02:00.093 D/PowerManagerService(  214): releaseWakeLock flags=0x1 tag=AlarmManager
05-17 16:03:00.002 D/PowerManagerService(  214): acquireWakeLock flags=0x1 tag=AlarmManager
05-17 16:03:00.102 D/PowerManagerService(  214): releaseWakeLock flags=0x1 tag=AlarmManager
05-17 16:03:47.778 I/dun_service(  122): The value returned from dun_getusbmodemstate_fromsys is 2 
05-17 16:03:57.738 I/dun_service(  122): The value returned from dun_getusbmodemstate_fromsys is 2 
05-17 16:04:00.000 D/PowerManagerService(  214): acquireWakeLock flags=0x1 tag=AlarmManager
05-17 16:04:00.100 D/PowerManagerService(  214): releaseWakeLock flags=0x1 tag=AlarmManager
05-17 16:04:22.672 I/dun_service(  122): The value returned from dun_getusbmodemstate_fromsys is 2 
05-17 16:04:52.582 I/dun_service(  122): The value returned from dun_getusbmodemstate_fromsys is 2 
05-17 16:04:59.989 D/PowerManagerService(  214): acquireWakeLock flags=0x1 tag=AlarmManager
05-17 16:05:00.099 D/PowerManagerService(  214): releaseWakeLock flags=0x1 tag=AlarmManager
05-17 16:06:00.037 D/PowerManagerService(  214): acquireWakeLock flags=0x1 tag=AlarmManager
05-17 16:06:00.108 D/PowerManagerService(  214): releaseWakeLock flags=0x1 tag=AlarmManager
05-17 16:06:59.996 D/PowerManagerService(  214): acquireWakeLock flags=0x1 tag=AlarmManager
05-17 16:07:00.106 D/PowerManagerService(  214): releaseWakeLock flags=0x1 tag=AlarmManager
05-17 16:07:12.168 I/dun_service(  122): The value returned from dun_getusbmodemstate_fromsys is 2 
05-17 16:07:27.122 I/dun_service(  122): The value returned from dun_getusbmodemstate_fromsys is 2 
05-17 16:07:37.092 I/dun_service(  122): The value returned from dun_getusbmodemstate_fromsys is 2 
05-17 16:07:42.087 I/dun_service(  122): The value returned from dun_getusbmodemstate_fromsys is 2 
05-17 16:08:00.005 D/PowerManagerService(  214): acquireWakeLock flags=0x1 tag=AlarmManager
05-17 16:08:00.105 D/PowerManagerService(  214): releaseWakeLock flags=0x1 tag=AlarmManager
05-17 16:08:36.911 I/dun_service(  122): The value returned from dun_getusbmodemstate_fromsys is 2 
05-17 16:08:40.354 D/PowerManagerService(  214): acquireWakeLock flags=0x1 tag=AlarmManager
05-17 16:08:40.434 D/PowerManagerService(  214): releaseWakeLock flags=0x1 tag=AlarmManager
05-17 16:08:40.454 D/PowerManagerService(  214): acquireWakeLock flags=0x1 tag=PrefetcherService
05-17 16:08:40.454 D/PowerManagerService(  214): releaseWakeLock flags=0x1 tag=PrefetcherService
05-17 16:08:46.900 I/dun_service(  122): The value returned from dun_getusbmodemstate_fromsys is 2 
05-17 16:08:59.993 D/PowerManagerService(  214): acquireWakeLock flags=0x1 tag=AlarmManager
05-17 16:09:00.103 D/PowerManagerService(  214): releaseWakeLock flags=0x1 tag=AlarmManager
05-17 16:09:20.683 D/PowerManagerService(  214): acquireWakeLock flags=0x1 tag=AlarmManager
05-17 16:09:20.703 D/NetdConnector(  214): SND -> {interface readrxcounter rmnet0} {null}
05-17 16:09:20.723 D/NetdConnector(  214): RCV <- {216 0}
05-17 16:09:20.723 D/NetdConnector(  214): RSP <- {216 0}
05-17 16:09:20.733 D/PowerManagerService(  214): releaseWakeLock flags=0x1 tag=AlarmManager
05-17 16:09:20.743 D/NetdConnector(  214): SND -> {interface readtxcounter rmnet0} {null}
05-17 16:09:20.743 D/NetdConnector(  214): RCV <- {217 0}
05-17 16:09:20.743 D/NetdConnector(  214): RSP <- {217 0}
05-17 16:09:59.992 D/PowerManagerService(  214): acquireWakeLock flags=0x1 tag=AlarmManager
05-17 16:10:00.092 D/PowerManagerService(  214): releaseWakeLock flags=0x1 tag=AlarmManager
05-17 16:10:59.990 D/PowerManagerService(  214): acquireWakeLock flags=0x1 tag=AlarmManager
05-17 16:11:00.090 D/PowerManagerService(  214): releaseWakeLock flags=0x1 tag=AlarmManager
05-17 16:11:59.999 D/PowerManagerService(  214): acquireWakeLock flags=0x1 tag=AlarmManager
05-17 16:12:00.099 D/PowerManagerService(  214): releaseWakeLock flags=0x1 tag=AlarmManager
05-17 16:12:59.987 D/PowerManagerService(  214): acquireWakeLock flags=0x1 tag=AlarmManager
05-17 16:13:00.097 D/PowerManagerService(  214): releaseWakeLock flags=0x1 tag=AlarmManager
05-17 16:14:00.006 D/PowerManagerService(  214): acquireWakeLock flags=0x1 tag=AlarmManager
05-17 16:14:00.106 D/PowerManagerService(  214): releaseWakeLock flags=0x1 tag=AlarmManager
05-17 16:14:10.936 I/dun_service(  122): The value returned from dun_getusbmodemstate_fromsys is 2 
05-17 16:14:15.911 I/dun_service(  122): The value returned from dun_getusbmodemstate_fromsys is 2 
05-17 16:15:00.004 D/PowerManagerService(  214): acquireWakeLock flags=0x1 tag=AlarmManager
05-17 16:15:00.104 D/PowerManagerService(  214): releaseWakeLock flags=0x1 tag=AlarmManager
05-17 16:15:10.755 I/dun_service(  122): The value returned from dun_getusbmodemstate_fromsys is 2 
05-17 16:15:25.699 I/dun_service(  122): The value returned from dun_getusbmodemstate_fromsys is 2 
05-17 16:16:00.003 D/PowerManagerService(  214): acquireWakeLock flags=0x1 tag=AlarmManager
05-17 16:16:00.073 D/PowerManagerService(  214): releaseWakeLock flags=0x1 tag=AlarmManager
05-17 16:16:59.991 D/PowerManagerService(  214): acquireWakeLock flags=0x1 tag=AlarmManager
05-17 16:17:00.101 D/PowerManagerService(  214): releaseWakeLock flags=0x1 tag=AlarmManager
05-17 16:18:00.000 D/PowerManagerService(  214): acquireWakeLock flags=0x1 tag=AlarmManager
05-17 16:18:00.090 D/PowerManagerService(  214): releaseWakeLock flags=0x1 tag=AlarmManager
05-17 16:18:59.998 D/PowerManagerService(  214): acquireWakeLock flags=0x1 tag=AlarmManager
05-17 16:19:00.098 D/PowerManagerService(  214): releaseWakeLock flags=0x1 tag=AlarmManager
05-17 16:19:20.709 D/NetdConnector(  214): SND -> {interface readrxcounter rmnet0} {null}
05-17 16:19:20.719 D/NetdConnector(  214): RCV <- {216 0}
05-17 16:19:20.729 D/PowerManagerService(  214): acquireWakeLock flags=0x1 tag=AlarmManager
05-17 16:19:20.729 D/NetdConnector(  214): RSP <- {216 0}
05-17 16:19:20.739 D/PowerManagerService(  214): releaseWakeLock flags=0x1 tag=AlarmManager
05-17 16:19:20.749 D/NetdConnector(  214): SND -> {interface readtxcounter rmnet0} {null}
05-17 16:19:20.759 D/NetdConnector(  214): RCV <- {217 0}
05-17 16:19:20.759 D/NetdConnector(  214): RSP <- {217 0}
05-17 16:19:34.973 I/dun_service(  122): The value returned from dun_getusbmodemstate_fromsys is 2 
05-17 16:19:49.917 I/dun_service(  122): The value returned from dun_getusbmodemstate_fromsys is 2 
05-17 16:19:59.997 D/PowerManagerService(  214): acquireWakeLock flags=0x1 tag=AlarmManager
05-17 16:20:00.087 D/PowerManagerService(  214): releaseWakeLock flags=0x1 tag=AlarmManager
05-17 16:20:59.995 D/PowerManagerService(  214): acquireWakeLock flags=0x1 tag=AlarmManager
05-17 16:21:00.106 D/PowerManagerService(  214): releaseWakeLock flags=0x1 tag=AlarmManager
05-17 16:21:24.640 I/dun_service(  122): The value returned from dun_getusbmodemstate_fromsys is 2 
05-17 16:21:34.609 I/dun_service(  122): The value returned from dun_getusbmodemstate_fromsys is 2 
05-17 16:21:59.994 D/PowerManagerService(  214): acquireWakeLock flags=0x1 tag=AlarmManager
05-17 16:22:00.104 D/PowerManagerService(  214): releaseWakeLock flags=0x1 tag=AlarmManager
05-17 16:22:59.993 D/PowerManagerService(  214): acquireWakeLock flags=0x1 tag=AlarmManager
05-17 16:23:00.093 D/PowerManagerService(  214): releaseWakeLock flags=0x1 tag=AlarmManager
05-17 16:23:04.347 I/dun_service(  122): The value returned from dun_getusbmodemstate_fromsys is 2 
05-17 16:23:24.296 I/dun_service(  122): The value returned from dun_getusbmodemstate_fromsys is 2 
05-17 16:23:40.382 D/PowerManagerService(  214): acquireWakeLock flags=0x1 tag=AlarmManager
05-17 16:23:40.412 D/PowerManagerService(  214): releaseWakeLock flags=0x1 tag=AlarmManager
05-17 16:23:54.215 I/dun_service(  122): The value returned from dun_getusbmodemstate_fromsys is 2 
05-17 16:23:59.991 D/PowerManagerService(  214): acquireWakeLock flags=0x1 tag=AlarmManager
05-17 16:24:00.091 D/PowerManagerService(  214): releaseWakeLock flags=0x1 tag=AlarmManager
05-17 16:24:09.160 I/dun_service(  122): The value returned from dun_getusbmodemstate_fromsys is 2 
05-17 16:24:38.318 D/PowerManagerService(  214): acquireWakeLock flags=0x1 tag=AlarmManager
05-17 16:24:38.359 D/PowerManagerService(  214): acquireWakeLock flags=0x1 tag=Event Log Handoff
05-17 16:24:38.389 D/PowerManagerService(  214): acquireWakeLock flags=0x1 tag=Event Log Service
05-17 16:24:38.389 D/PowerManagerService(  214): releaseWakeLock flags=0x1 tag=AlarmManager
05-17 16:24:38.399 I/EventLogService(  391): <!>com.google.android.gsf.checkin.EventLogService$1 122<!> Aggregate from 1305615278283 (log), 1305615278283 (data)
05-17 16:24:38.399 D/PowerManagerService(  214): releaseWakeLock flags=0x1 tag=Event Log Handoff
05-17 16:24:38.449 D/PowerManagerService(  214): releaseWakeLock flags=0x1 tag=Event Log Service
05-17 16:25:00.000 D/PowerManagerService(  214): acquireWakeLock flags=0x1 tag=AlarmManager
05-17 16:25:00.080 D/PowerManagerService(  214): releaseWakeLock flags=0x1 tag=AlarmManager
05-17 16:25:23.933 I/dun_service(  122): The value returned from dun_getusbmodemstate_fromsys is 2 
05-17 16:25:33.903 I/dun_service(  122): The value returned from dun_getusbmodemstate_fromsys is 2 
05-17 16:25:59.998 D/PowerManagerService(  214): acquireWakeLock flags=0x1 tag=AlarmManager
05-17 16:26:00.098 D/PowerManagerService(  214): releaseWakeLock flags=0x1 tag=AlarmManager
05-17 16:26:59.997 D/PowerManagerService(  214): acquireWakeLock flags=0x1 tag=AlarmManager
05-17 16:27:00.097 D/PowerManagerService(  214): releaseWakeLock flags=0x1 tag=AlarmManager
05-17 16:28:00.015 D/PowerManagerService(  214): acquireWakeLock flags=0x1 tag=AlarmManager
05-17 16:28:00.105 D/PowerManagerService(  214): releaseWakeLock flags=0x1 tag=AlarmManager
05-17 16:28:03.469 I/dun_service(  122): The value returned from dun_getusbmodemstate_fromsys is 2 
05-17 16:28:08.463 I/dun_service(  122): The value returned from dun_getusbmodemstate_fromsys is 2 
05-17 16:28:59.994 D/PowerManagerService(  214): acquireWakeLock flags=0x1 tag=AlarmManager
05-17 16:29:00.104 D/PowerManagerService(  214): releaseWakeLock flags=0x1 tag=AlarmManager
05-17 16:29:20.724 D/NetdConnector(  214): SND -> {interface readrxcounter rmnet0} {null}
05-17 16:29:20.734 D/PowerManagerService(  214): acquireWakeLock flags=0x1 tag=AlarmManager
05-17 16:29:20.744 D/NetdConnector(  214): RCV <- {216 0}
05-17 16:29:20.754 D/NetdConnector(  214): RSP <- {216 0}
05-17 16:29:20.754 D/NetdConnector(  214): SND -> {interface readtxcounter rmnet0} {null}
05-17 16:29:20.764 D/PowerManagerService(  214): releaseWakeLock flags=0x1 tag=AlarmManager
05-17 16:29:20.774 D/NetdConnector(  214): RCV <- {217 0}
05-17 16:29:20.774 D/NetdConnector(  214): RSP <- {217 0}
05-17 16:29:53.146 I/dun_service(  122): The value returned from dun_getusbmodemstate_fromsys is 2 
05-17 16:29:59.992 D/PowerManagerService(  214): acquireWakeLock flags=0x1 tag=AlarmManager
05-17 16:30:00.102 D/PowerManagerService(  214): releaseWakeLock flags=0x1 tag=AlarmManager
05-17 16:30:03.115 I/dun_service(  122): The value returned from dun_getusbmodemstate_fromsys is 2 
05-17 16:31:00.001 D/PowerManagerService(  214): acquireWakeLock flags=0x1 tag=AlarmManager
05-17 16:31:00.091 D/PowerManagerService(  214): releaseWakeLock flags=0x1 tag=AlarmManager
05-17 16:31:59.989 D/PowerManagerService(  214): acquireWakeLock flags=0x1 tag=AlarmManager
05-17 16:32:00.099 D/PowerManagerService(  214): releaseWakeLock flags=0x1 tag=AlarmManager
05-17 16:32:47.626 I/dun_service(  122): The value returned from dun_getusbmodemstate_fromsys is 2 
05-17 16:32:52.611 I/dun_service(  122): The value returned from dun_getusbmodemstate_fromsys is 2 
05-17 16:32:59.998 D/PowerManagerService(  214): acquireWakeLock flags=0x1 tag=AlarmManager
05-17 16:33:00.088 D/PowerManagerService(  214): releaseWakeLock flags=0x1 tag=AlarmManager
05-17 16:33:37.484 I/dun_service(  122): The value returned from dun_getusbmodemstate_fromsys is 2 
05-17 16:33:47.454 I/dun_service(  122): The value returned from dun_getusbmodemstate_fromsys is 2 
05-17 16:34:00.006 D/PowerManagerService(  214): acquireWakeLock flags=0x1 tag=AlarmManager
05-17 16:34:00.107 D/PowerManagerService(  214): releaseWakeLock flags=0x1 tag=AlarmManager
05-17 16:34:59.995 D/PowerManagerService(  214): acquireWakeLock flags=0x1 tag=AlarmManager
05-17 16:35:00.105 D/PowerManagerService(  214): releaseWakeLock flags=0x1 tag=AlarmManager
05-17 16:35:22.167 I/dun_service(  122): The value returned from dun_getusbmodemstate_fromsys is 2 
05-17 16:35:42.106 I/dun_service(  122): The value returned from dun_getusbmodemstate_fromsys is 2 
05-17 16:35:52.076 I/dun_service(  122): The value returned from dun_getusbmodemstate_fromsys is 2 
05-17 16:36:00.004 D/PowerManagerService(  214): acquireWakeLock flags=0x1 tag=AlarmManager
05-17 16:36:00.104 D/PowerManagerService(  214): releaseWakeLock flags=0x1 tag=AlarmManager
05-17 16:36:02.056 I/dun_service(  122): The value returned from dun_getusbmodemstate_fromsys is 2 
05-17 16:36:56.889 I/dun_service(  122): The value returned from dun_getusbmodemstate_fromsys is 2 
05-17 16:37:00.002 D/PowerManagerService(  214): acquireWakeLock flags=0x1 tag=AlarmManager
05-17 16:37:00.092 D/PowerManagerService(  214): releaseWakeLock flags=0x1 tag=AlarmManager
05-17 16:37:01.884 I/dun_service(  122): The value returned from dun_getusbmodemstate_fromsys is 2 
05-17 16:38:00.001 D/PowerManagerService(  214): acquireWakeLock flags=0x1 tag=AlarmManager
05-17 16:38:00.101 D/PowerManagerService(  214): releaseWakeLock flags=0x1 tag=AlarmManager
05-17 16:38:40.360 D/PowerManagerService(  214): acquireWakeLock flags=0x1 tag=AlarmManager
05-17 16:38:40.420 D/PowerManagerService(  214): releaseWakeLock flags=0x1 tag=AlarmManager
05-17 16:38:40.430 D/PowerManagerService(  214): acquireWakeLock flags=0x1 tag=PrefetcherService
05-17 16:38:40.440 D/PowerManagerService(  214): releaseWakeLock flags=0x1 tag=PrefetcherService
05-17 16:38:59.999 D/PowerManagerService(  214): acquireWakeLock flags=0x1 tag=AlarmManager
05-17 16:39:00.089 D/PowerManagerService(  214): releaseWakeLock flags=0x1 tag=AlarmManager
05-17 16:39:20.719 D/PowerManagerService(  214): acquireWakeLock flags=0x1 tag=AlarmManager
05-17 16:39:20.729 D/NetdConnector(  214): SND -> {interface readrxcounter rmnet0} {null}
05-17 16:39:20.729 D/NetdConnector(  214): RCV <- {216 0}
05-17 16:39:20.749 D/PowerManagerService(  214): releaseWakeLock flags=0x1 tag=AlarmManager
05-17 16:39:20.759 D/NetdConnector(  214): RSP <- {216 0}
05-17 16:39:20.759 D/NetdConnector(  214): SND -> {interface readtxcounter rmnet0} {null}
05-17 16:39:20.769 D/NetdConnector(  214): RCV <- {217 0}
05-17 16:39:20.769 D/NetdConnector(  214): RSP <- {217 0}
05-17 16:39:26.455 I/dun_service(  122): The value returned from dun_getusbmodemstate_fromsys is 2 
05-17 16:39:33.091 D/KeyguardViewMediator(  214): <!>com.android.internal.policy.impl.KeyguardViewMediator 608<!> wakeWhenReadyLocked(26)
05-17 16:39:33.091 D/PowerManagerService(  214): acquireWakeLock flags=0x1 tag=keyguardWakeAndHandOff
05-17 16:39:33.101 I/LockPatternKeyguardView(  214): <!>com.android.internal.policy.impl.LockPatternKeyguardView 518<!> wakeWhenReadyTq simState=READY
05-17 16:39:33.111 D/PowerManagerService(  214): acquireWakeLock flags=0x1000001a tag=keyguard
05-17 16:39:33.111 D/PowerManagerService(  214): reactivateScreenLocksLocked mProxIgnoredBecauseScreenTurnedOff=false
05-17 16:39:33.111 D/PowerManagerService(  214): wakeup here mUserState=0x0 mWakeLockState=0x7 previous wakeLockState=0x0
05-17 16:39:33.111 D/PowerManagerService(  214): setPowerState: mPowerState=0x0 newState=0x7 noChangeLights=false reason=3
05-17 16:39:33.111 D/PowerManagerService(  214): setPowerState: mPowerState=0 newState=7 noChangeLights=false
05-17 16:39:33.111 D/PowerManagerService(  214):   oldKeyboardBright=false newKeyboardBright=false
05-17 16:39:33.111 D/PowerManagerService(  214):   oldScreenBright=false newScreenBright=true
05-17 16:39:33.111 D/PowerManagerService(  214):   oldButtonBright=false newButtonBright=true
05-17 16:39:33.111 D/PowerManagerService(  214):   oldScreenOn=false newScreenOn=true
05-17 16:39:33.111 D/PowerManagerService(  214):   oldBatteryLow=false newBatteryLow=false
05-17 16:39:33.111 I/PowerManagerService(  214): setTargetLocked mask=2 curValue=0.0 target=102 targetValue=102 delta=6.8 nominalCurrentValue=0
05-17 16:39:33.111 I/PowerManagerService(  214): scheduling light animator
05-17 16:39:33.111 D/PowerManagerService(  214): offMask=0x0 dimMask=0x0 onMask=0x4 difference=0x7 realDifference=0x7 forceState=0x0
05-17 16:39:33.111 I/PowerManagerService(  214): Setting brightess on 102: 4
05-17 16:39:33.121 D/PowerManagerService(  214): - turning screen on...  mPreventScreenOn = false
05-17 16:39:33.121 D/PowerManagerService(  214): acquireWakeLock flags=0x1 tag=sleep_broadcast
05-17 16:39:33.121 D/PowerManagerService(  214): Animating curIntValue=6: 2
05-17 16:39:33.141 D/PowerManagerService(  214): Animating curIntValue=13: 2
05-17 16:39:33.161 D/PowerManagerService(  214): Animating curIntValue=20: 2
05-17 16:39:33.171 D/PowerManagerService(  214): releaseWakeLock flags=0x1 tag=keyguardWakeAndHandOff
05-17 16:39:33.182 D/Andy_LockScreen2(  214): <!>com.android.internal.policy.impl.Andy_LockScreen2 1177<!> updateLayout: status=Airplane
05-17 16:39:33.182 D/PowerManagerService(  214): Animating curIntValue=27: 2
05-17 16:39:33.202 V/MiniApplicationManagerService(  214): <!>com.lge.subdisplay.framework.server.MiniApplicationManagerService 2516<!> ******ACTIVITY RESUMING*****
05-17 16:39:33.202 V/MiniApplicationManagerService(  214): Intent=Intent { act=android.intent.action.MAIN cat=[android.intent.category.HOME] flg=0x10000000 cmp=com.lge.launcher/.Launcher }
05-17 16:39:33.202 V/MiniApplicationManagerService(  214): pkg=com.lge.launcher
05-17 16:39:33.202 D/Andy_LockScreen2(  214): <!>com.android.internal.policy.impl.Andy_LockScreen2 1681<!> >> refreshMusicPlayerDisplay() ----------------------
05-17 16:39:33.202 D/Andy_LockScreen2(  214): <!>com.android.internal.policy.impl.Andy_LockScreen2 1696<!>    music play info = null
05-17 16:39:33.202 D/Andy_LockScreen2(  214): <!>com.android.internal.policy.impl.Andy_LockScreen2 1697<!>    has music play info = false
05-17 16:39:33.202 D/Andy_LockScreen2(  214): <!>com.android.internal.policy.impl.Andy_LockScreen2 1698<!>    has music play status = stoped
05-17 16:39:33.202 D/PowerManagerService(  214): Animating curIntValue=34: 2
05-17 16:39:33.222 I/Lockscreen(  214): <!>com.android.internal.policy.impl.Andy_LockScreen2 1436<!> onResume isScreenOn true
05-17 16:39:33.222 D/PowerManagerService(  214): Animating curIntValue=40: 2
05-17 16:39:33.232 D/PowerManagerService(  214): setKeyboardVisibility: false
05-17 16:39:33.232 D/PowerManagerService(  214): Animating curIntValue=47: 2
05-17 16:39:33.252 D/MiniApplicationManagerService(  214): <!>com.lge.subdisplay.framework.server.MiniApplicationManagerService 2586<!> Current Task ID: 2
05-17 16:39:33.252 D/MiniApplicationManagerService(  214): <!>com.lge.subdisplay.framework.server.MiniApplicationManagerService 2587<!>    BaseActivity: ComponentInfo{com.lge.launcher/com.lge.launcher.Launcher}
05-17 16:39:33.252 D/MiniApplicationManagerService(  214): <!>com.lge.subdisplay.framework.server.MiniApplicationManagerService 2588<!>    Top Activity: ComponentInfo{com.lge.launcher/com.lge.launcher.Launcher}
05-17 16:39:33.252 D/PowerManagerService(  214): setScreenBrightnessOverride -1
05-17 16:39:33.252 D/PowerManagerService(  214): setButtonBrightnessOverride -1
05-17 16:39:33.252 D/PowerManagerService(  214): Animating curIntValue=54: 2
05-17 16:39:33.252 D/PowerManagerService(  214): setScreenBrightnessOverride -1
05-17 16:39:33.252 D/PowerManagerService(  214): setButtonBrightnessOverride -1
05-17 16:39:33.252 D/PowerManagerService(  214): mBroadcastWakeLock=UnsynchronizedWakeLock(mFlags=0x1 mCount=1 mHeld=true)
05-17 16:39:33.262 V/MiniApplicationManagerService(  214): <!>com.lge.subdisplay.framework.server.MiniApplicationManagerService$ScreenStateReceiver 2929<!> onReceive(): Intent { act=android.intent.action.SCREEN_ON flg=0x40000000 }
05-17 16:39:33.262 D/MiniApplicationManagerService(  214): <!>com.lge.subdisplay.framework.server.MiniApplicationManagerService$MiniAppServiceInfo 515<!> setTargetState: State: STATE_PAUSED New target: STATE_RESUMED Service: ComponentInfo{com.lge.subdisplay.app.subdisplayhome/com.lge.subdisplay.app.subdisplayhome.SubDisplayHome}
05-17 16:39:33.262 D/PowerManagerService(  214): acquireWakeLock flags=0x1 tag=RILJ
05-17 16:39:33.272 V/DATA    (  296): <!>com.android.internal.telephony.MMDataConnectionTracker 2002<!> [DCT] intent received :android.intent.action.SCREEN_ON
05-17 16:39:33.272 D/LGE_data(  296): <!>com.android.internal.telephony.MMDataConnectionTracker$1 296<!> ACTION_SCREEN_ON received. mIsScreenOn= true
05-17 16:39:33.272 V/MiniApplicationManagerService(  214): <!>com.lge.subdisplay.framework.server.MiniApplicationManagerService 2282<!> Check if application has add-on: Intent { act=android.intent.action.MAIN cat=[android.intent.category.HOME] flg=0x10000000 cmp=com.lge.launcher/.Launcher }
05-17 16:39:33.272 D/PowerManagerService(  214): Animating curIntValue=61: 2
05-17 16:39:33.282 D/PowerManagerService(  214): releaseWakeLock flags=0x1 tag=RILJ
05-17 16:39:33.292 I/Flex    (  278): <!>com.lge.provider.Andy_Flex 109<!> getString FLEX_COUNTRY_CODE US
05-17 16:39:33.292 I/Flex    (  278): <!>com.lge.provider.Andy_Flex 109<!> getString FLEX_OPERATOR_CODE TMO
05-17 16:39:33.292 D/PowerManagerService(  214): Animating curIntValue=68: 2
05-17 16:39:33.312 I/Flex    (  278): <!>com.lge.provider.Andy_Flex 109<!> getString FLEX_COUNTRY_CODE US
05-17 16:39:33.312 I/Flex    (  278): <!>com.lge.provider.Andy_Flex 109<!> getString FLEX_OPERATOR_CODE TMO
05-17 16:39:33.312 I/Flex    (  278): <!>com.lge.provider.Andy_Flex 109<!> getString FLEX_OPERATOR_CODE TMO
05-17 16:39:33.312 I/Flex    (  278): <!>com.lge.provider.Andy_Flex 109<!> getString FLEX_COUNTRY_CODE US
05-17 16:39:33.312 D/PowerManagerService(  214): Animating curIntValue=74: 2
05-17 16:39:33.322 D/DATA    (  296): <!>com.android.internal.telephony.DataServiceStateTracker 994<!> [DSST] pollstate() : reason = data network state changed
05-17 16:39:33.322 V/MiniApplicationManagerService(  214): <!>com.lge.subdisplay.framework.server.MiniApplicationManagerService 2351<!> No add-on found
05-17 16:39:33.322 D/MiniApplicationManagerService(  214): <!>com.lge.subdisplay.framework.server.MiniApplicationManagerService 2536<!> Not starting mini app while slider is closed
05-17 16:39:33.322 D/MiniApplicationManagerService(  214): <!>com.lge.subdisplay.framework.server.MiniApplicationManagerService 1287<!> handleTransitionState: State: STATE_PAUSED Target: STATE_RESUMED Service: ComponentInfo{com.lge.subdisplay.app.subdisplayhome/com.lge.subdisplay.app.subdisplayhome.SubDisplayHome}
05-17 16:39:33.322 V/SubDisplayService(  291): <!>com.lge.subdisplay.framework.SubDisplayService$1 212<!> New state requested: STATE_RESUMED
05-17 16:39:33.332 D/MiniApplicationManagerService(  214): <!>com.lge.subdisplay.framework.server.MiniApplicationManagerService$MiniAppServiceInfo 462<!> Setting timeout for ComponentInfo{com.lge.subdisplay.app.subdisplayhome/com.lge.subdisplay.app.subdisplayhome.SubDisplayHome}
05-17 16:39:33.332 V/SubDisplayService(  291): <!>com.lge.subdisplay.framework.SubDisplayService 633<!> Set new state: STATE_RESUMED
05-17 16:39:33.332 V/MiniApplication(  291): <!>com.lge.subdisplay.framework.MiniApplication 743<!> onResume()
05-17 16:39:33.332 D/PowerManagerService(  214): Animating curIntValue=81: 2
05-17 16:39:33.342 D/PowerManagerService(  214): Animating curIntValue=88: 2
05-17 16:39:33.352 D/PowerManagerService(  214): releaseWakeLock flags=0x1 tag=sleep_broadcast
05-17 16:39:33.362 D/DATA    (  296): <!>com.android.internal.telephony.DataServiceStateTracker 994<!> [DSST] Poll ServiceState done: oldSS=[3 home null null null  Unknown CSS not supported -1 -1RoamInd: -1DefRoamInd: -1EmergOnly: false] newSS=[3 home null null null  Unknown CSS not supported -1 -1RoamInd: -1DefRoamInd: -1EmergOnly: false]
05-17 16:39:33.362 W/MiniApplicationManagerService(  214): <!>com.lge.subdisplay.framework.server.MiniApplicationManagerService 1588<!> handleMiniAppStateChanged(STATE_RESUMED) ComponentInfo{com.lge.subdisplay.app.subdisplayhome/com.lge.subdisplay.app.subdisplayhome.SubDisplayHome}
05-17 16:39:33.512 D/MiniApplicationManagerService(  214): <!>com.lge.subdisplay.framework.server.MiniApplicationManagerService$MiniAppServiceInfo 502<!> setState: New state: STATE_RESUMED Target: STATE_RESUMED Service: ComponentInfo{com.lge.subdisplay.app.subdisplayhome/com.lge.subdisplay.app.subdisplayhome.SubDisplayHome}
05-17 16:39:33.512 D/MiniApplicationManagerService(  214): <!>com.lge.subdisplay.framework.server.MiniApplicationManagerService 1287<!> handleTransitionState: State: STATE_RESUMED Target: STATE_RESUMED Service: ComponentInfo{com.lge.subdisplay.app.subdisplayhome/com.lge.subdisplay.app.subdisplayhome.SubDisplayHome}
05-17 16:39:33.512 D/PowerManagerService(  214): Animating curIntValue=95: 2
05-17 16:39:33.512 D/PowerManagerService(  214): Animating curIntValue=102: 2
05-17 16:39:33.682 D/Andy_LockScreen2(  214): <!>com.android.internal.policy.impl.Andy_LockScreen2 1663<!>     ### music artist = null
05-17 16:39:33.682 D/Andy_LockScreen2(  214): <!>com.android.internal.policy.impl.Andy_LockScreen2 1664<!>     ### music track = null
05-17 16:39:33.682 D/Andy_LockScreen2(  214): <!>com.android.internal.policy.impl.Andy_LockScreen2 1665<!>     ### music state = stop
05-17 16:39:33.682 D/Andy_LockScreen2(  214): <!>com.android.internal.policy.impl.Andy_LockScreen2 1663<!>     ### music artist = null
05-17 16:39:33.682 D/Andy_LockScreen2(  214): <!>com.android.internal.policy.impl.Andy_LockScreen2 1664<!>     ### music track = null
05-17 16:39:33.682 D/Andy_LockScreen2(  214): <!>com.android.internal.policy.impl.Andy_LockScreen2 1665<!>     ### music state = stop
05-17 16:39:36.415 I/dun_service(  122): The value returned from dun_getusbmodemstate_fromsys is 2 
05-17 16:39:38.176 D/PowerManagerService(  214): releaseWakeLock flags=0x1000001a tag=keyguard
05-17 16:39:38.176 D/PowerManagerService(  214): setPowerState: mPowerState=0x7 newState=0x0 noChangeLights=false reason=3
05-17 16:39:38.176 D/PowerManagerService(  214): setPowerState: mPowerState=7 newState=0 noChangeLights=false
05-17 16:39:38.176 D/PowerManagerService(  214):   oldKeyboardBright=false newKeyboardBright=false
05-17 16:39:38.176 D/PowerManagerService(  214):   oldScreenBright=true newScreenBright=false
05-17 16:39:38.176 D/PowerManagerService(  214):   oldButtonBright=true newButtonBright=false
05-17 16:39:38.176 D/PowerManagerService(  214):   oldScreenOn=true newScreenOn=false
05-17 16:39:38.176 D/PowerManagerService(  214):   oldBatteryLow=false newBatteryLow=false
05-17 16:39:38.176 I/PowerManagerService(  214): setTargetLocked mask=2 curValue=102.0 target=0 targetValue=0 delta=-6.8 nominalCurrentValue=102
05-17 16:39:38.176 I/PowerManagerService(  214): scheduling light animator
05-17 16:39:38.176 D/PowerManagerService(  214): offMask=0x4 dimMask=0x0 onMask=0x0 difference=0x7 realDifference=0x7 forceState=0x0
05-17 16:39:38.176 I/PowerManagerService(  214): Setting brightess off: 4
05-17 16:39:38.176 D/PowerManagerService(  214): Animating curIntValue=95: 2
05-17 16:39:38.196 D/PowerManagerService(  214): Animating curIntValue=88: 2
05-17 16:39:38.216 D/PowerManagerService(  214): Animating curIntValue=81: 2
05-17 16:39:38.226 D/PowerManagerService(  214): Animating curIntValue=74: 2
05-17 16:39:38.246 D/PowerManagerService(  214): Animating curIntValue=67: 2
05-17 16:39:38.266 D/PowerManagerService(  214): Animating curIntValue=61: 2
05-17 16:39:38.276 D/PowerManagerService(  214): Animating curIntValue=54: 2
05-17 16:39:38.286 D/PowerManagerService(  214): Animating curIntValue=47: 2
05-17 16:39:38.307 D/PowerManagerService(  214): Animating curIntValue=40: 2
05-17 16:39:38.327 D/PowerManagerService(  214): Animating curIntValue=33: 2
05-17 16:39:38.347 D/PowerManagerService(  214): Animating curIntValue=27: 2
05-17 16:39:38.377 D/PowerManagerService(  214): Animating curIntValue=20: 2
05-17 16:39:38.377 D/PowerManagerService(  214): Animating curIntValue=13: 2
05-17 16:39:38.407 D/PowerManagerService(  214): Animating curIntValue=6: 2
05-17 16:39:38.427 D/PowerManagerService(  214): Animating curIntValue=0: 2
05-17 16:39:38.437 I/Flex    (  214): <!>com.lge.provider.Andy_Flex 109<!> getString FLEX_OPERATOR_CODE TMO
05-17 16:39:38.437 I/Flex    (  214): <!>com.lge.provider.Andy_Flex 109<!> getString FLEX_COUNTRY_CODE US
05-17 16:39:38.437 D/PowerManagerService(  214): acquireWakeLock flags=0x1 tag=sleep_broadcast
05-17 16:39:38.437 D/PowerManagerService(  214): acquireWakeLock flags=0x1 tag=ActivityManager-Sleep
05-17 16:39:38.447 E/ActivityThread(  214): Failed to find provider info for com.tmobile.driving.settingsprovider
05-17 16:39:38.447 D/PowerManagerService(  214): releaseWakeLock flags=0x1 tag=ActivityManager-Sleep
05-17 16:39:38.457 V/MiniApplicationManagerService(  214): <!>com.lge.subdisplay.framework.server.MiniApplicationManagerService$ScreenStateReceiver 2929<!> onReceive(): Intent { act=android.intent.action.SCREEN_OFF flg=0x40000000 }
05-17 16:39:38.457 D/MiniApplicationManagerService(  214): <!>com.lge.subdisplay.framework.server.MiniApplicationManagerService$MiniAppServiceInfo 515<!> setTargetState: State: STATE_RESUMED New target: STATE_PAUSED Service: ComponentInfo{com.lge.subdisplay.app.subdisplayhome/com.lge.subdisplay.app.subdisplayhome.SubDisplayHome}
05-17 16:39:38.457 D/MiniApplicationManagerService(  214): <!>com.lge.subdisplay.framework.server.MiniApplicationManagerService 1287<!> handleTransitionState: State: STATE_RESUMED Target: STATE_PAUSED Service: ComponentInfo{com.lge.subdisplay.app.subdisplayhome/com.lge.subdisplay.app.subdisplayhome.SubDisplayHome}
05-17 16:39:38.467 V/SubDisplayService(  291): <!>com.lge.subdisplay.framework.SubDisplayService$1 212<!> New state requested: STATE_PAUSED
05-17 16:39:38.467 V/SubDisplayService(  291): <!>com.lge.subdisplay.framework.SubDisplayService 633<!> Set new state: STATE_PAUSED
05-17 16:39:38.467 V/MiniApplication(  291): <!>com.lge.subdisplay.framework.MiniApplication 882<!> onSaveInstanceState(Bundle[{}] )
05-17 16:39:38.467 V/SubDisplayService(  291): <!>com.lge.subdisplay.framework.SubDisplayService 595<!> onSaveInstanceState(Bundle[{}] )
05-17 16:39:38.467 V/MiniApplication(  291): <!>com.lge.subdisplay.framework.MiniApplication 761<!> onPause()
05-17 16:39:38.467 D/MiniApplicationManagerService(  214): <!>com.lge.subdisplay.framework.server.MiniApplicationManagerService$MiniAppServiceInfo 462<!> Setting timeout for ComponentInfo{com.lge.subdisplay.app.subdisplayhome/com.lge.subdisplay.app.subdisplayhome.SubDisplayHome}
05-17 16:39:38.467 D/PowerManagerService(  214): acquireWakeLock flags=0x1 tag=RILJ
05-17 16:39:38.477 D/MiniApplicationManagerService(  214): <!>com.lge.subdisplay.framework.server.MiniApplicationManagerService 1730<!> Hide the subdisplay
05-17 16:39:38.477 V/SubDisplayService(  291): <!>com.lge.subdisplay.framework.SubDisplayService$1 235<!> hideMiniApplication() - Send message
05-17 16:39:38.477 D/PowerManagerService(  214): setScreenBrightnessOverride -1
05-17 16:39:38.477 D/PowerManagerService(  214): setButtonBrightnessOverride -1
05-17 16:39:38.487 D/PowerManagerService(  214): releaseWakeLock flags=0x1 tag=RILJ
05-17 16:39:38.497 V/DATA    (  296): <!>com.android.internal.telephony.MMDataConnectionTracker 2002<!> [DCT] intent received :android.intent.action.SCREEN_OFF
05-17 16:39:38.497 D/LGE_data(  296): <!>com.android.internal.telephony.MMDataConnectionTracker$1 302<!> ACTION_SCREEN_OFF received. mIsScreenOn= false
05-17 16:39:38.517 D/MiniApplication(  291): <!>com.lge.subdisplay.framework.MiniApplication 1349<!> Hide mini application
05-17 16:39:38.517 W/MiniApplicationManagerService(  214): <!>com.lge.subdisplay.framework.server.MiniApplicationManagerService 1588<!> handleMiniAppStateChanged(STATE_PAUSED) ComponentInfo{com.lge.subdisplay.app.subdisplayhome/com.lge.subdisplay.app.subdisplayhome.SubDisplayHome}
