--------- beginning of /dev/log/system
04-26 16:38:56.320 D/PowerManagerService(  209): acquireWakeLock flags=0x1 tag=StartingAlertService
04-26 16:38:56.360 I/ActivityManager(  209): process name to start: com.google.android.apps.maps:FriendService
04-26 16:38:56.360 E/ActivityManager(  209): heap conf. property name string trimmed: hs.com.google.android.apps.maps
04-26 16:38:56.370 I/ActivityManager(  209): Start proc com.google.android.apps.maps:FriendService for broadcast com.google.android.apps.maps/com.google.googlenav.friend.android.ServiceReceiver: pid=595 uid=10046 gids={3003, 1015}
04-26 16:38:56.530 D/PowerManagerService(  209): acquireWakeLock flags=0x1 tag=MediaScannerService
04-26 16:38:56.620 W/MountService(  209): Multiple volumes not currently supported
04-26 16:38:56.950 D/PowerManagerService(  209): user activity timeout timed out nextState=3
04-26 16:38:56.950 D/PowerManagerService(  209): setPowerState: mPowerState=0x7 newState=0x3 noChangeLights=false reason=3
04-26 16:38:56.950 D/PowerManagerService(  209): setPowerState: mPowerState=7 newState=3 noChangeLights=false
04-26 16:38:56.950 D/PowerManagerService(  209):   oldKeyboardBright=false newKeyboardBright=false
04-26 16:38:56.950 D/PowerManagerService(  209):   oldScreenBright=true newScreenBright=true
04-26 16:38:56.950 D/PowerManagerService(  209):   oldButtonBright=true newButtonBright=false
04-26 16:38:56.950 D/PowerManagerService(  209):   oldScreenOn=true newScreenOn=true
04-26 16:38:56.950 D/PowerManagerService(  209):   oldBatteryLow=false newBatteryLow=false
04-26 16:38:56.950 D/PowerManagerService(  209): offMask=0x4 dimMask=0x0 onMask=0x0 difference=0x4 realDifference=0x4 forceState=0x0
04-26 16:38:56.950 I/PowerManagerService(  209): Setting brightess off: 4
04-26 16:38:56.950 D/PowerManagerService(  209): setTimeoutLocked now=37311 timeoutOverride=-1 nextState=1 when=84311
04-26 16:38:56.960 I/ActivityManager(  209): process name to start: com.voxmobili.sync.MobileBackup2
04-26 16:38:56.960 E/ActivityManager(  209): heap conf. property name string trimmed: hs.com.voxmobili.sync.MobileBac
04-26 16:38:56.960 I/ActivityManager(  209): Start proc com.voxmobili.sync.MobileBackup2 for content provider com.voxmobili.sync.MobileBackup2/com.voxmobili.MobileBackup.provider.MobileBackupCoreDatabaseProvider: pid=607 uid=10040 gids={3003}
04-26 16:38:57.380 I/ActivityManager(  209): process name to start: com.lge.osp
04-26 16:38:57.390 I/ActivityManager(  209): Start proc com.lge.osp for broadcast com.lge.osp/.OSPInitReceiver: pid=619 uid=10052 gids={1000, 1003, 1002, 1001, 3002, 3001, 1015, 3003}
04-26 16:38:57.590 D/PowerManagerService(  209): releaseWakeLock flags=0x1 tag=StartingAlertService
04-26 16:38:57.620 I/ActivityManager(  209): process name to start: com.lge.android.atservice
04-26 16:38:57.620 I/ActivityManager(  209): Start proc com.lge.android.atservice for broadcast com.lge.android.atservice/.LGATCMDInitReceiver: pid=627 uid=10055 gids={3003}
04-26 16:38:57.710 I/InputManager-Callbacks(  209): No input device calibration properties found for device osp-input.
04-26 16:38:57.710 I/InputManager-Callbacks(  209): No virtual keys found for device osp-input.
04-26 16:38:57.710 I/InputManager-Callbacks(  209): No virtual keys found for device qt602240_ts_input.
04-26 16:38:57.720 D/PowerManagerService(  209): setKeyboardVisibility: false
04-26 16:38:57.720 D/PowerManagerService(  209): setScreenBrightnessOverride -1
04-26 16:38:57.720 D/PowerManagerService(  209): setButtonBrightnessOverride -1
04-26 16:38:57.870 D/PowerManagerService(  209): acquireWakeLock flags=0x1 tag=RILJ
04-26 16:38:57.880 D/PowerManagerService(  209): acquireWakeLock flags=0x1 tag=Checkin Handoff
04-26 16:38:57.880 D/PowerManagerService(  209): acquireWakeLock flags=0x1 tag=Checkin Service
04-26 16:38:57.880 D/PowerManagerService(  209): releaseWakeLock flags=0x1 tag=Checkin Handoff
04-26 16:38:57.890 D/PowerManagerService(  209): acquireWakeLock flags=0x1 tag=RILJ
04-26 16:38:57.900 D/PowerManagerService(  209): acquireWakeLock flags=0x1 tag=RILJ
04-26 16:38:57.900 D/PowerManagerService(  209): acquireWakeLock flags=0x1 tag=RILJ
04-26 16:38:57.920 D/PowerManagerService(  209): acquireWakeLock flags=0x1 tag=RILJ
04-26 16:38:57.930 D/PowerManagerService(  209): acquireWakeLock flags=0x1 tag=RILJ
04-26 16:38:57.940 D/PowerManagerService(  209): acquireWakeLock flags=0x1 tag=RILJ
04-26 16:38:57.950 D/PowerManagerService(  209): acquireWakeLock flags=0x1 tag=RILJ
04-26 16:38:57.970 D/PowerManagerService(  209): acquireWakeLock flags=0x1 tag=RILJ
04-26 16:38:57.970 D/PowerManagerService(  209): acquireWakeLock flags=0x1 tag=RILJ
04-26 16:38:58.120 D/PowerManagerService(  209): acquireWakeLock flags=0x1 tag=RILJ
04-26 16:38:58.130 D/PowerManagerService(  209): acquireWakeLock flags=0x1 tag=RILJ
04-26 16:38:58.140 D/PowerManagerService(  209): acquireWakeLock flags=0x1 tag=RILJ
04-26 16:38:58.150 D/PowerManagerService(  209): acquireWakeLock flags=0x1 tag=RILJ
04-26 16:38:58.150 D/PowerManagerService(  209): acquireWakeLock flags=0x1 tag=RILJ
04-26 16:38:58.180 D/PowerManagerService(  209): acquireWakeLock flags=0x1 tag=RILJ
04-26 16:38:58.220 I/TelephonyRegistry(  209): notifyServiceState: 0 home Testcard LGE 45000  EDGE CSS not supported -1 -1RoamInd: -1DefRoamInd: -1EmergOnly: false
04-26 16:38:58.240 I/TelephonyRegistry(  209): notifyServiceState: 0 home Testcard LGE 45000  EDGE CSS not supported -1 -1RoamInd: -1DefRoamInd: -1EmergOnly: false
04-26 16:38:58.260 D/PowerManagerService(  209): acquireWakeLock flags=0x1 tag=*network-location-cell-update*
04-26 16:38:58.290 D/StatusBarPolicy(  274): [BRIGHTHY] 0. mDataNetType: 2
04-26 16:38:58.290 D/StatusBarPolicy(  274): [BRIGHTHY] curNetwork=45000 curHPLMN=45000
04-26 16:38:58.310 I/TelephonyRegistry(  209): notifyServiceState: 0 home Testcard LGE 45000  EDGE CSS not supported -1 -1RoamInd: -1DefRoamInd: -1EmergOnly: false
04-26 16:38:58.360 I/TelephonyRegistry(  209): notifyDataConnection: state=0 isDataConnectivityPossible=false reason=radioTechnologyChanged interfaceName=null networkType=2
04-26 16:38:58.370 D/StatusBarPolicy(  274): [BRIGHTHY] 0. mDataNetType: 2
04-26 16:38:58.370 D/StatusBarPolicy(  274): [BRIGHTHY] curNetwork=45000 curHPLMN=45000
04-26 16:38:58.380 D/StatusBarPolicy(  274): [BRIGHTHY] 0. mDataNetType: 2
04-26 16:38:58.380 D/StatusBarPolicy(  274): [BRIGHTHY] curNetwork=45000 curHPLMN=45000
04-26 16:38:58.400 I/TelephonyRegistry(  209): notifyDataConnection: state=0 isDataConnectivityPossible=false reason=radioTechnologyChanged interfaceName=null networkType=2
04-26 16:38:58.400 I/TelephonyRegistry(  209): notifyDataConnection: state=0 isDataConnectivityPossible=false reason=radioTechnologyChanged interfaceName=null networkType=2
04-26 16:38:58.420 I/TelephonyRegistry(  209): notifyDataConnection: state=0 isDataConnectivityPossible=false reason=radioTechnologyChanged interfaceName=null networkType=2
04-26 16:38:58.480 I/TelephonyRegistry(  209): notifyDataConnection: state=0 isDataConnectivityPossible=false reason=radioTechnologyChanged interfaceName=null networkType=2
04-26 16:38:58.490 I/TelephonyRegistry(  209): notifyDataConnection: state=0 isDataConnectivityPossible=false reason=radioTechnologyChanged interfaceName=null networkType=2
04-26 16:38:58.500 I/TelephonyRegistry(  209): notifyDataConnection: state=0 isDataConnectivityPossible=false reason=radioTechnologyChanged interfaceName=null networkType=2
04-26 16:38:58.510 I/TelephonyRegistry(  209): notifyDataConnection: state=0 isDataConnectivityPossible=false reason=radioTechnologyChanged interfaceName=null networkType=2
04-26 16:38:58.540 I/TelephonyRegistry(  209): notifyDataConnection: state=0 isDataConnectivityPossible=false reason=radioTechnologyChanged interfaceName=null networkType=2
04-26 16:38:58.540 I/TelephonyRegistry(  209): notifyDataConnection: state=0 isDataConnectivityPossible=false reason=radioTechnologyChanged interfaceName=null networkType=2
04-26 16:38:58.580 D/PowerManagerService(  209): acquireWakeLock flags=0x1 tag=RILJ
04-26 16:38:58.650 I/ActivityManager(  209): Starting: Intent { flg=0x10000000 cmp=com.google.android.gsf/.update.SystemUpdateInstallDialog } from pid 360
04-26 16:38:58.660 D/PowerManagerService(  209): acquireWakeLock flags=0x1 tag=ActivityManager-Launch
04-26 16:38:58.670 D/PowerManagerService(  209): setKeyboardVisibility: false
04-26 16:38:58.690 D/PowerManagerService(  209): setScreenBrightnessOverride -1
04-26 16:38:58.690 D/PowerManagerService(  209): setButtonBrightnessOverride -1
04-26 16:38:58.750 I/ActivityManager(  209): process name to start: com.google.android.partnersetup
04-26 16:38:58.750 E/ActivityManager(  209): heap conf. property name string trimmed: hs.com.google.android.partnerse
04-26 16:38:58.770 I/ActivityManager(  209): Start proc com.google.android.partnersetup for broadcast com.google.android.partnersetup/.GooglePartnerSetup: pid=651 uid=10059 gids={}
04-26 16:38:58.840 D/PowerManagerService(  209): releaseWakeLock flags=0x1 tag=*network-location-cell-update*
04-26 16:38:58.920 D/PowerManagerService(  209): acquireWakeLock flags=0x1 tag=ActivityManager-Launch
04-26 16:38:58.930 D/PowerManagerService(  209): releaseWakeLock flags=0x1 tag=Checkin Service
04-26 16:38:58.960 D/PowerManagerService(  209): setKeyboardVisibility: false
04-26 16:38:58.970 D/PowerManagerService(  209): setScreenBrightnessOverride -1
04-26 16:38:58.970 D/PowerManagerService(  209): setButtonBrightnessOverride -1
04-26 16:38:59.040 D/PowerManagerService(  209): setScreenBrightnessOverride -1
04-26 16:38:59.040 D/PowerManagerService(  209): setButtonBrightnessOverride -1
04-26 16:38:59.050 D/PowerManagerService(  209): releaseWakeLock flags=0x1 tag=ActivityManager-Launch
04-26 16:38:59.080 D/PowerManagerService(  209): acquireWakeLock flags=0x1 tag=*network-location-cell-update*
04-26 16:38:59.110 D/PowerManagerService(  209): acquireWakeLock flags=0x1 tag=RILJ
04-26 16:38:59.110 D/PowerManagerService(  209): releaseWakeLock flags=0x1 tag=*network-location-cell-update*
04-26 16:38:59.130 I/ActivityManager(  209): process name to start: com.google.android.gm
04-26 16:38:59.130 I/ActivityManager(  209): Start proc com.google.android.gm for broadcast com.google.android.gm/.MailIntentReceiver: pid=659 uid=10060 gids={3003, 1015}
04-26 16:38:59.190 I/ActivityManager(  209): process name to start: com.telenav.app.android.telenav
04-26 16:38:59.190 E/ActivityManager(  209): heap conf. property name string trimmed: hs.com.telenav.app.android.tele
04-26 16:38:59.190 I/ActivityManager(  209): Start proc com.telenav.app.android.telenav for service com.telenav.app.android.telenav/.ResourcePreLoaderService: pid=664 uid=10016 gids={3003, 1015}
04-26 16:38:59.870 I/ActivityManager(  209): Process com.telenav.app.android.telenav (pid 664) has died.
04-26 16:38:59.870 W/ActivityManager(  209): Scheduling restart of crashed service com.telenav.app.android.telenav/.ResourcePreLoaderService in 20000ms
04-26 16:38:59.950 W/MountService(  209): Multiple volumes not currently supported
04-26 16:38:59.950 I/ActivityManager(  209): process name to start: com.lge.drmservice
04-26 16:38:59.950 I/ActivityManager(  209): Start proc com.lge.drmservice for broadcast com.lge.drmservice/.DrmServiceStart: pid=684 uid=10068 gids={4002, 3003}
04-26 16:38:59.960 D/PowerManagerService(  209): releaseWakeLock flags=0x1 tag=MediaScannerService
04-26 16:38:59.990 D/PowerManagerService(  209): acquireWakeLock flags=0x1 tag=AlarmManager
04-26 16:39:00.250 I/ActivityManager(  209): process name to start: com.tmobile.driving.system
04-26 16:39:00.260 I/ActivityManager(  209): Start proc com.tmobile.driving.system for broadcast com.tmobile.driving.system/.receiver.OnBootReceiver: pid=693 uid=1000 gids={3003, 3002, 3001, 4002, 1015, 1006}
04-26 16:39:00.570 I/ActivityManager(  209): process name to start: com.android.deskclock
04-26 16:39:00.580 I/ActivityManager(  209): Start proc com.android.deskclock for broadcast com.android.deskclock/.AlarmInitReceiver: pid=702 uid=10072 gids={4002}
04-26 16:39:00.750 I/ActivityManager(  209): No longer want com.lge.sizechangable.weather (pid 496): hidden #16
04-26 16:39:00.840 I/ActivityManager(  209): process name to start: com.android.camera
04-26 16:39:00.850 I/ActivityManager(  209): Start proc com.android.camera for broadcast com.android.camera/.BootCamera: pid=712 uid=10077 gids={1006, 1015}
04-26 16:39:00.850 I/ActivityManager(  209): No longer want com.android.voicedialer (pid 517): hidden #16
04-26 16:39:00.930 I/ActivityManager(  209): process name to start: com.android.providers.calendar
04-26 16:39:00.940 E/ActivityManager(  209): heap conf. property name string trimmed: hs.com.android.providers.calend
04-26 16:39:00.940 I/ActivityManager(  209): Start proc com.android.providers.calendar for broadcast com.android.providers.calendar/.CalendarReceiver: pid=720 uid=10079 gids={3003}
04-26 16:39:00.940 I/ActivityManager(  209): No longer want com.android.settings (pid 540): hidden #16
04-26 16:39:01.040 D/PowerManagerService(  209): acquireWakeLock flags=0x1 tag=RILJ
04-26 16:39:01.040 D/PowerManagerService(  209): acquireWakeLock flags=0x1 tag=RILJ
04-26 16:39:01.040 D/PowerManagerService(  209): acquireWakeLock flags=0x1 tag=RILJ
04-26 16:39:01.060 D/PowerManagerService(  209): acquireWakeLock flags=0x1 tag=RILJ
04-26 16:38:58.510 D/PowerManagerService(  209): releaseWakeLock flags=0x1 tag=ServiceStateTracker
04-26 16:38:58.530 I/TelephonyRegistry(  209): notifyServiceState: 0 home Testcard LGE 45000  EDGE CSS not supported -1 -1RoamInd: -1DefRoamInd: -1EmergOnly: false
04-26 16:38:58.530 D/StatusBarPolicy(  274): [BRIGHTHY] 0. mDataNetType: 2
04-26 16:38:58.530 D/StatusBarPolicy(  274): [BRIGHTHY] curNetwork=45000 curHPLMN=45000
04-26 16:38:58.630 I/ActivityManager(  209): process name to start: com.lge.clock
04-26 16:38:58.640 I/ActivityManager(  209): Start proc com.lge.clock for broadcast com.lge.clock/.alarmclock.ALBootInit: pid=730 uid=10087 gids={3003, 4002}
04-26 16:38:58.640 I/ActivityManager(  209): No longer want com.lge.appwidget.settings.networkusage (pid 561): hidden #16
04-26 16:38:58.650 D/PowerManagerService(  209): acquireWakeLock flags=0x1 tag=RILJ
04-26 16:38:58.650 D/PowerManagerService(  209): acquireWakeLock flags=0x1 tag=RILJ
04-26 16:38:58.650 D/PowerManagerService(  209): acquireWakeLock flags=0x1 tag=RILJ
04-26 16:38:58.660 D/PowerManagerService(  209): acquireWakeLock flags=0x1 tag=RILJ
04-26 16:38:58.680 I/TelephonyRegistry(  209): notifyServiceState: 0 home Testcard LGE 45000  EDGE CSS not supported -1 -1RoamInd: -1DefRoamInd: -1EmergOnly: false
04-26 16:38:58.680 D/StatusBarPolicy(  274): [BRIGHTHY] 0. mDataNetType: 2
04-26 16:38:58.680 D/StatusBarPolicy(  274): [BRIGHTHY] curNetwork=45000 curHPLMN=45000
04-26 16:38:59.100 I/ActivityManager(  209): process name to start: com.google.android.googlequicksearchbox
04-26 16:38:59.100 E/ActivityManager(  209): heap conf. property name string trimmed: hs.com.google.android.googlequi
04-26 16:38:59.110 I/ActivityManager(  209): Start proc com.google.android.googlequicksearchbox for broadcast com.google.android.googlequicksearchbox/.SearchWidgetProvider: pid=740 uid=10058 gids={3003}
04-26 16:38:59.110 I/ActivityManager(  209): No longer want com.voxmobili.sync.MobileBackup2:remote (pid 579): hidden #16
04-26 16:38:59.460 I/ActivityManager(  209): No longer want com.lge.sns (pid 552): hidden #16
04-26 16:38:59.520 D/PowerManagerService(  209): acquireWakeLock flags=0x1 tag=StartingAlertService
04-26 16:38:59.580 I/ActivityManager(  209): process name to start: com.cooliris.media
04-26 16:38:59.580 I/ActivityManager(  209): Start proc com.cooliris.media for broadcast com.cooliris.media/com.cooliris.cache.BootReceiver: pid=755 uid=10062 gids={1015, 3003, 4002}
04-26 16:38:59.780 D/PowerManagerService(  209): releaseWakeLock flags=0x1 tag=StartingAlertService
04-26 16:38:59.980 D/PowerManagerService(  209): acquireWakeLock flags=0x20000006 tag=ADN_CACHING_SERVICE
04-26 16:38:59.980 D/PowerManagerService(  209): here mUserState=0x3 mLocks.gatherState()=0x1 mWakeLockState=0x0
04-26 16:38:59.980 D/PowerManagerService(  209): setPowerState: mPowerState=0x3 newState=0x3 noChangeLights=false reason=3
04-26 16:38:59.980 D/ActivityThread(  439): Loading provider icc: com.android.phone.IccProvider
04-26 16:39:00.080 D/StatusBarPolicy(  274): [BRIGHTHY] 0. mDataNetType: 2
04-26 16:39:00.080 D/StatusBarPolicy(  274): [BRIGHTHY] curNetwork=45000 curHPLMN=45000
04-26 16:39:00.090 D/PowerManagerService(  209): acquireWakeLock flags=0x1 tag=RILJ
04-26 16:39:00.090 D/PowerManagerService(  209): acquireWakeLock flags=0x1 tag=RILJ
04-26 16:39:00.100 D/PowerManagerService(  209): acquireWakeLock flags=0x1 tag=RILJ
04-26 16:39:00.120 D/PowerManagerService(  209): acquireWakeLock flags=0x1 tag=RILJ
04-26 16:39:00.120 D/PowerManagerService(  209): acquireWakeLock flags=0x1 tag=RILJ
04-26 16:39:00.130 D/PowerManagerService(  209): acquireWakeLock flags=0x1 tag=RILJ
04-26 16:39:00.150 D/PowerManagerService(  209): acquireWakeLock flags=0x1 tag=RILJ
04-26 16:39:00.160 D/PowerManagerService(  209): acquireWakeLock flags=0x1 tag=RILJ
04-26 16:39:00.290 I/TelephonyRegistry(  209): notifyServiceState: 0 home Testcard LGE 45000  EDGE CSS not supported -1 -1RoamInd: -1DefRoamInd: -1EmergOnly: false
04-26 16:39:00.290 D/PowerManagerService(  209): acquireWakeLock flags=0x1 tag=Checkin Handoff
04-26 16:39:00.320 D/StatusBarPolicy(  274): [BRIGHTHY] 0. mDataNetType: 2
04-26 16:39:00.320 D/StatusBarPolicy(  274): [BRIGHTHY] curNetwork=45000 curHPLMN=45000
04-26 16:39:00.330 D/PowerManagerService(  209): acquireWakeLock flags=0x1 tag=Checkin Service
04-26 16:39:00.330 D/PowerManagerService(  209): releaseWakeLock flags=0x1 tag=Checkin Handoff
04-26 16:39:00.550 D/PowerManagerService(  209): acquireWakeLock flags=0x1 tag=RILJ
04-26 16:39:00.570 D/PowerManagerService(  209): releaseWakeLock flags=0x1 tag=Checkin Service
04-26 16:39:00.600 D/PowerManagerService(  209): acquireWakeLock flags=0x1 tag=RILJ
04-26 16:39:00.650 D/PowerManagerService(  209): releaseWakeLock flags=0x1 tag=AlarmManager
04-26 16:39:00.660 D/PowerManagerService(  209): acquireWakeLock flags=0x1 tag=RILJ
04-26 16:39:00.670 D/PowerManagerService(  209): acquireWakeLock flags=0x1 tag=StartingAlertService
04-26 16:39:00.710 D/PowerManagerService(  209): acquireWakeLock flags=0x1 tag=RILJ
04-26 16:39:00.750 I/ActivityManager(  209): No longer want com.android.music (pid 569): hidden #16
04-26 16:39:00.760 D/PowerManagerService(  209): acquireWakeLock flags=0x1 tag=RILJ
04-26 16:39:00.760 D/PowerManagerService(  209): releaseWakeLock flags=0x1 tag=StartingAlertService
04-26 16:39:00.780 D/PowerManagerService(  209): acquireWakeLock flags=0x1 tag=RILJ
04-26 16:39:00.800 D/PowerManagerService(  209): acquireWakeLock flags=0x1 tag=RILJ
04-26 16:39:00.830 D/PowerManagerService(  209): acquireWakeLock flags=0x1 tag=RILJ
04-26 16:39:00.860 D/PowerManagerService(  209): acquireWakeLock flags=0x1 tag=RILJ
04-26 16:39:00.910 D/PowerManagerService(  209): acquireWakeLock flags=0x1 tag=RILJ
04-26 16:39:00.930 D/PowerManagerService(  209): acquireWakeLock flags=0x1 tag=RILJ
04-26 16:39:00.950 D/PowerManagerService(  209): acquireWakeLock flags=0x1 tag=RILJ
04-26 16:39:00.980 D/PowerManagerService(  209): acquireWakeLock flags=0x1 tag=RILJ
04-26 16:39:01.010 D/PowerManagerService(  209): acquireWakeLock flags=0x1 tag=RILJ
04-26 16:39:01.110 D/PowerManagerService(  209): acquireWakeLock flags=0x1 tag=ServiceStateTracker
04-26 16:39:01.160 D/PowerManagerService(  209): acquireWakeLock flags=0x1 tag=RILJ
04-26 16:39:01.270 D/PowerManagerService(  209): acquireWakeLock flags=0x1 tag=RILJ
04-26 16:39:01.310 D/PowerManagerService(  209): acquireWakeLock flags=0x1 tag=RILJ
04-26 16:39:01.330 D/PowerManagerService(  209): acquireWakeLock flags=0x1 tag=RILJ
04-26 16:39:01.350 D/PowerManagerService(  209): acquireWakeLock flags=0x1 tag=RILJ
04-26 16:39:01.370 D/PowerManagerService(  209): acquireWakeLock flags=0x1 tag=RILJ
04-26 16:39:01.390 D/PowerManagerService(  209): acquireWakeLock flags=0x1 tag=RILJ
04-26 16:39:01.410 D/PowerManagerService(  209): acquireWakeLock flags=0x1 tag=RILJ
04-26 16:39:01.440 D/PowerManagerService(  209): acquireWakeLock flags=0x1 tag=RILJ
04-26 16:39:01.470 D/PowerManagerService(  209): acquireWakeLock flags=0x1 tag=RILJ
04-26 16:39:01.500 D/PowerManagerService(  209): acquireWakeLock flags=0x1 tag=RILJ
04-26 16:39:01.580 D/PowerManagerService(  209): acquireWakeLock flags=0x1 tag=RILJ
04-26 16:39:01.650 D/PowerManagerService(  209): acquireWakeLock flags=0x1 tag=RILJ
04-26 16:39:01.740 D/PowerManagerService(  209): acquireWakeLock flags=0x1 tag=RILJ
04-26 16:39:01.790 D/PowerManagerService(  209): acquireWakeLock flags=0x1 tag=RILJ
04-26 16:39:01.810 D/PowerManagerService(  209): acquireWakeLock flags=0x1 tag=RILJ
04-26 16:39:01.840 D/PowerManagerService(  209): acquireWakeLock flags=0x1 tag=RILJ
04-26 16:39:01.880 D/PowerManagerService(  209): acquireWakeLock flags=0x1 tag=RILJ
04-26 16:39:01.960 D/PowerManagerService(  209): acquireWakeLock flags=0x1 tag=RILJ
04-26 16:39:02.010 D/PowerManagerService(  209): acquireWakeLock flags=0x1 tag=RILJ
04-26 16:39:02.090 D/PowerManagerService(  209): acquireWakeLock flags=0x1 tag=RILJ
04-26 16:39:02.090 D/PowerManagerService(  209): acquireWakeLock flags=0x1 tag=RILJ
04-26 16:39:02.100 D/PowerManagerService(  209): acquireWakeLock flags=0x1 tag=RILJ
04-26 16:39:02.100 D/PowerManagerService(  209): acquireWakeLock flags=0x1 tag=RILJ
04-26 16:39:02.110 D/PowerManagerService(  209): acquireWakeLock flags=0x1 tag=RILJ
04-26 16:39:02.130 I/TelephonyRegistry(  209): notifyServiceState: 0 home Testcard LGE 45000  EDGE CSS not supported -1 -1RoamInd: -1DefRoamInd: -1EmergOnly: false
04-26 16:39:02.130 D/StatusBarPolicy(  274): [BRIGHTHY] 0. mDataNetType: 2
04-26 16:39:02.130 D/StatusBarPolicy(  274): [BRIGHTHY] curNetwork=45000 curHPLMN=45000
04-26 16:39:02.170 I/TelephonyRegistry(  209): notifyServiceState: 0 home Testcard LGE 45000  EDGE CSS not supported -1 -1RoamInd: -1DefRoamInd: -1EmergOnly: false
04-26 16:39:02.170 D/PowerManagerService(  209): acquireWakeLock flags=0x1 tag=StartingAlertService
04-26 16:39:02.180 I/TelephonyRegistry(  209): notifyServiceState: 0 home Testcard LGE 45000  EDGE CSS not supported -1 -1RoamInd: -1DefRoamInd: -1EmergOnly: false
04-26 16:39:02.200 I/TelephonyRegistry(  209): notifyServiceState: 0 home Testcard LGE 45000  EDGE CSS not supported -1 -1RoamInd: -1DefRoamInd: -1EmergOnly: false
04-26 16:39:02.210 D/PowerManagerService(  209): acquireWakeLock flags=0x1 tag=RILJ
04-26 16:39:02.220 D/StatusBarPolicy(  274): [BRIGHTHY] 0. mDataNetType: 2
04-26 16:39:02.220 D/StatusBarPolicy(  274): [BRIGHTHY] curNetwork=45000 curHPLMN=45000
04-26 16:39:02.240 D/StatusBarPolicy(  274): [BRIGHTHY] 0. mDataNetType: 2
04-26 16:39:02.240 D/StatusBarPolicy(  274): [BRIGHTHY] curNetwork=45000 curHPLMN=45000
04-26 16:39:02.240 D/PowerManagerService(  209): acquireWakeLock flags=0x1 tag=StartingAlertService
04-26 16:39:02.250 I/TelephonyRegistry(  209): notifyDataConnection: state=0 isDataConnectivityPossible=true reason=dataNetworkAttached interfaceName=null networkType=2
04-26 16:39:02.270 I/TelephonyRegistry(  209): notifyDataConnection: state=0 isDataConnectivityPossible=true reason=dataNetworkAttached interfaceName=null networkType=2
04-26 16:39:02.270 D/StatusBarPolicy(  274): [BRIGHTHY] 0. mDataNetType: 2
04-26 16:39:02.270 D/StatusBarPolicy(  274): [BRIGHTHY] curNetwork=45000 curHPLMN=45000
04-26 16:39:02.280 I/TelephonyRegistry(  209): notifyDataConnection: state=0 isDataConnectivityPossible=true reason=dataNetworkAttached interfaceName=null networkType=2
04-26 16:39:02.290 I/TelephonyRegistry(  209): notifyDataConnection: state=0 isDataConnectivityPossible=true reason=dataNetworkAttached interfaceName=null networkType=2
04-26 16:39:02.300 I/TelephonyRegistry(  209): notifyDataConnection: state=0 isDataConnectivityPossible=true reason=dataNetworkAttached interfaceName=null networkType=2
04-26 16:39:02.310 I/TelephonyRegistry(  209): notifyDataConnection: state=0 isDataConnectivityPossible=true reason=dataNetworkAttached interfaceName=null networkType=2
04-26 16:39:02.320 I/TelephonyRegistry(  209): notifyDataConnection: state=0 isDataConnectivityPossible=true reason=dataNetworkAttached interfaceName=null networkType=2
04-26 16:39:02.340 I/TelephonyRegistry(  209): notifyDataConnection: state=0 isDataConnectivityPossible=true reason=dataNetworkAttached interfaceName=null networkType=2
04-26 16:39:02.350 I/TelephonyRegistry(  209): notifyDataConnection: state=0 isDataConnectivityPossible=true reason=dataNetworkAttached interfaceName=null networkType=2
04-26 16:39:02.360 I/TelephonyRegistry(  209): notifyDataConnection: state=0 isDataConnectivityPossible=true reason=dataNetworkAttached interfaceName=null networkType=2
04-26 16:39:02.380 I/TelephonyRegistry(  209): notifyDataConnection: state=0 isDataConnectivityPossible=true reason=radioTechnologyChanged interfaceName=null networkType=2
04-26 16:39:02.400 I/TelephonyRegistry(  209): notifyDataConnection: state=0 isDataConnectivityPossible=true reason=radioTechnologyChanged interfaceName=null networkType=2
04-26 16:39:02.440 I/TelephonyRegistry(  209): notifyDataConnection: state=0 isDataConnectivityPossible=true reason=radioTechnologyChanged interfaceName=null networkType=2
04-26 16:39:02.440 I/TelephonyRegistry(  209): notifyDataConnection: state=0 isDataConnectivityPossible=true reason=radioTechnologyChanged interfaceName=null networkType=2
04-26 16:39:02.440 I/TelephonyRegistry(  209): notifyDataConnection: state=0 isDataConnectivityPossible=true reason=radioTechnologyChanged interfaceName=null networkType=2
04-26 16:39:02.460 I/TelephonyRegistry(  209): notifyDataConnection: state=0 isDataConnectivityPossible=true reason=radioTechnologyChanged interfaceName=null networkType=2
04-26 16:39:02.460 I/TelephonyRegistry(  209): notifyDataConnection: state=0 isDataConnectivityPossible=true reason=radioTechnologyChanged interfaceName=null networkType=2
04-26 16:39:02.470 I/TelephonyRegistry(  209): notifyDataConnection: state=0 isDataConnectivityPossible=true reason=radioTechnologyChanged interfaceName=null networkType=2
04-26 16:39:02.490 I/TelephonyRegistry(  209): notifyDataConnection: state=0 isDataConnectivityPossible=true reason=radioTechnologyChanged interfaceName=null networkType=2
04-26 16:39:02.490 I/TelephonyRegistry(  209): notifyDataConnection: state=0 isDataConnectivityPossible=true reason=radioTechnologyChanged interfaceName=null networkType=2
04-26 16:39:02.610 I/TelephonyRegistry(  209): notifyDataConnection: state=0 isDataConnectivityPossible=true reason=radioTechnologyChanged interfaceName=null networkType=2
04-26 16:39:02.730 D/PowerManagerService(  209): releaseWakeLock flags=0x1 tag=StartingAlertService
04-26 16:39:03.100 D/PowerManagerService(  209): releaseWakeLock flags=0x20000006 tag=ADN_CACHING_SERVICE
04-26 16:39:03.100 D/PowerManagerService(  209): userActivity mLastEventTime=31307 time=46093 mUserActivityAllowed=false mUserState=0x3 mWakeLockState=0x0 mProximitySensorActive=false timeoutOverride=-1 force=false
04-26 16:39:03.100 D/PowerManagerService(  209): setPowerState: mPowerState=0x3 newState=0x3 noChangeLights=false reason=3
04-26 16:39:06.060 D/PowerManagerService(  209): acquireWakeLock flags=0x1 tag=RILJ
04-26 16:39:12.270 D/NetdConnector(  209): SND -> {interface list} {null}
04-26 16:39:12.270 D/NetdConnector(  209): RCV <- {110 lo}
04-26 16:39:12.270 D/NetdConnector(  209): RCV <- {110 dummy0}
04-26 16:39:12.270 D/NetdConnector(  209): RCV <- {110 rmnet0}
04-26 16:39:12.270 D/NetdConnector(  209): RCV <- {110 rmnet1}
04-26 16:39:12.270 D/NetdConnector(  209): RCV <- {110 rmnet2}
04-26 16:39:12.270 D/NetdConnector(  209): RCV <- {110 rmnet3}
04-26 16:39:12.270 D/NetdConnector(  209): RCV <- {110 rmnet4}
04-26 16:39:12.270 D/NetdConnector(  209): RCV <- {110 rmnet5}
04-26 16:39:12.270 D/NetdConnector(  209): RCV <- {110 rmnet6}
04-26 16:39:12.270 D/NetdConnector(  209): RCV <- {110 rmnet7}
04-26 16:39:12.270 D/NetdConnector(  209): RCV <- {110 rmnet_sdio0}
04-26 16:39:12.270 D/NetdConnector(  209): RSP <- {110 lo}
04-26 16:39:12.270 D/NetdConnector(  209): RSP <- {110 dummy0}
04-26 16:39:12.270 D/NetdConnector(  209): RSP <- {110 rmnet0}
04-26 16:39:12.270 D/NetdConnector(  209): RSP <- {110 rmnet1}
04-26 16:39:12.270 D/NetdConnector(  209): RSP <- {110 rmnet2}
04-26 16:39:12.270 D/NetdConnector(  209): RSP <- {110 rmnet3}
04-26 16:39:12.270 D/NetdConnector(  209): RSP <- {110 rmnet4}
04-26 16:39:12.270 D/NetdConnector(  209): RSP <- {110 rmnet5}
04-26 16:39:12.270 D/NetdConnector(  209): RSP <- {110 rmnet6}
04-26 16:39:12.270 D/NetdConnector(  209): RSP <- {110 rmnet7}
04-26 16:39:12.280 D/NetdConnector(  209): RSP <- {110 rmnet_sdio0}
04-26 16:39:12.290 D/NetdConnector(  209): RCV <- {110 rmnet_sdio1}
04-26 16:39:12.290 D/NetdConnector(  209): RSP <- {110 rmnet_sdio1}
04-26 16:39:12.290 D/NetdConnector(  209): RCV <- {110 rmnet_sdio2}
04-26 16:39:12.290 D/NetdConnector(  209): RSP <- {110 rmnet_sdio2}
04-26 16:39:12.290 D/NetdConnector(  209): RCV <- {110 rmnet_sdio3}
04-26 16:39:12.290 D/NetdConnector(  209): RSP <- {110 rmnet_sdio3}
04-26 16:39:12.290 D/NetdConnector(  209): RCV <- {110 rmnet_sdio4}
04-26 16:39:12.300 D/NetdConnector(  209): RSP <- {110 rmnet_sdio4}
04-26 16:39:12.300 D/NetdConnector(  209): RCV <- {110 rmnet_sdio5}
04-26 16:39:12.300 D/NetdConnector(  209): RSP <- {110 rmnet_sdio5}
04-26 16:39:12.300 D/NetdConnector(  209): RCV <- {110 rmnet_sdio6}
04-26 16:39:12.300 D/NetdConnector(  209): RSP <- {110 rmnet_sdio6}
04-26 16:39:12.300 D/NetdConnector(  209): RCV <- {110 rmnet_sdio7}
04-26 16:39:12.300 D/NetdConnector(  209): RSP <- {110 rmnet_sdio7}
04-26 16:39:12.300 D/NetdConnector(  209): RCV <- {110 usb0}
04-26 16:39:12.300 D/NetdConnector(  209): RSP <- {110 usb0}
04-26 16:39:12.300 D/NetdConnector(  209): RCV <- {110 sit0}
04-26 16:39:12.300 D/NetdConnector(  209): RSP <- {110 sit0}
04-26 16:39:12.310 D/NetdConnector(  209): RCV <- {110 ip6tnl0}
04-26 16:39:12.310 D/NetdConnector(  209): RSP <- {110 ip6tnl0}
04-26 16:39:12.310 D/NetdConnector(  209): RCV <- {200 Interface list completed}
04-26 16:39:12.310 D/NetdConnector(  209): RSP <- {200 Interface list completed}
04-26 16:39:12.310 D/NetdConnector(  209): List terminated with {200 Interface list completed}
04-26 16:39:12.330 D/NetdConnector(  209): SND -> {interface list} {null}
04-26 16:39:12.330 D/NetdConnector(  209): RCV <- {110 lo}
04-26 16:39:12.330 D/NetdConnector(  209): RCV <- {110 dummy0}
04-26 16:39:12.330 D/NetdConnector(  209): RCV <- {110 rmnet0}
04-26 16:39:12.330 D/NetdConnector(  209): RCV <- {110 rmnet1}
04-26 16:39:12.330 D/NetdConnector(  209): RCV <- {110 rmnet2}
04-26 16:39:12.330 D/NetdConnector(  209): RCV <- {110 rmnet3}
04-26 16:39:12.330 D/NetdConnector(  209): RCV <- {110 rmnet4}
04-26 16:39:12.330 D/NetdConnector(  209): RCV <- {110 rmnet5}
04-26 16:39:12.330 D/NetdConnector(  209): RCV <- {110 rmnet6}
04-26 16:39:12.330 D/NetdConnector(  209): RCV <- {110 rmnet7}
04-26 16:39:12.330 D/NetdConnector(  209): RCV <- {110 rmnet_sdio0}
04-26 16:39:12.330 D/NetdConnector(  209): RSP <- {110 lo}
04-26 16:39:12.330 D/NetdConnector(  209): RSP <- {110 dummy0}
04-26 16:39:12.330 D/NetdConnector(  209): RSP <- {110 rmnet0}
04-26 16:39:12.330 D/NetdConnector(  209): RSP <- {110 rmnet1}
04-26 16:39:12.330 D/NetdConnector(  209): RSP <- {110 rmnet2}
04-26 16:39:12.330 D/NetdConnector(  209): RSP <- {110 rmnet3}
04-26 16:39:12.330 D/NetdConnector(  209): RSP <- {110 rmnet4}
04-26 16:39:12.330 D/NetdConnector(  209): RSP <- {110 rmnet5}
04-26 16:39:12.330 D/NetdConnector(  209): RSP <- {110 rmnet6}
04-26 16:39:12.330 D/NetdConnector(  209): RSP <- {110 rmnet7}
04-26 16:39:12.340 D/NetdConnector(  209): RSP <- {110 rmnet_sdio0}
04-26 16:39:12.340 D/NetdConnector(  209): RCV <- {110 rmnet_sdio1}
04-26 16:39:12.340 D/NetdConnector(  209): RSP <- {110 rmnet_sdio1}
04-26 16:39:12.340 D/NetdConnector(  209): RCV <- {110 rmnet_sdio2}
04-26 16:39:12.340 D/NetdConnector(  209): RSP <- {110 rmnet_sdio2}
04-26 16:39:12.340 D/NetdConnector(  209): RCV <- {110 rmnet_sdio3}
04-26 16:39:12.340 D/NetdConnector(  209): RSP <- {110 rmnet_sdio3}
04-26 16:39:12.340 D/NetdConnector(  209): RCV <- {110 rmnet_sdio4}
04-26 16:39:12.340 D/NetdConnector(  209): RSP <- {110 rmnet_sdio4}
04-26 16:39:12.350 D/NetdConnector(  209): RCV <- {110 rmnet_sdio5}
04-26 16:39:12.350 D/NetdConnector(  209): RSP <- {110 rmnet_sdio5}
04-26 16:39:12.350 D/NetdConnector(  209): RCV <- {110 rmnet_sdio6}
04-26 16:39:12.350 D/NetdConnector(  209): RSP <- {110 rmnet_sdio6}
04-26 16:39:12.350 D/NetdConnector(  209): RCV <- {110 rmnet_sdio7}
04-26 16:39:12.350 D/NetdConnector(  209): RSP <- {110 rmnet_sdio7}
04-26 16:39:12.350 D/NetdConnector(  209): RCV <- {110 usb0}
04-26 16:39:12.350 D/NetdConnector(  209): RSP <- {110 usb0}
04-26 16:39:12.350 D/NetdConnector(  209): RCV <- {110 sit0}
04-26 16:39:12.350 D/NetdConnector(  209): RSP <- {110 sit0}
04-26 16:39:12.350 D/NetdConnector(  209): RCV <- {110 ip6tnl0}
04-26 16:39:12.350 D/NetdConnector(  209): RSP <- {110 ip6tnl0}
04-26 16:39:12.350 D/NetdConnector(  209): RCV <- {200 Interface list completed}
04-26 16:39:12.350 D/NetdConnector(  209): RSP <- {200 Interface list completed}
04-26 16:39:12.360 D/NetdConnector(  209): List terminated with {200 Interface list completed}
04-26 16:39:17.250 I/ActivityManager(  209): process name to start: com.telenav.app.android.telenav
04-26 16:39:17.250 E/ActivityManager(  209): heap conf. property name string trimmed: hs.com.telenav.app.android.tele
04-26 16:39:17.270 I/ActivityManager(  209): Start proc com.telenav.app.android.telenav for service com.telenav.app.android.telenav/.ResourcePreLoaderService: pid=775 uid=10016 gids={3003, 1015}
04-26 16:39:17.470 I/ActivityManager(  209): Process com.telenav.app.android.telenav (pid 775) has died.
04-26 16:39:17.470 W/ActivityManager(  209): Scheduling restart of crashed service com.telenav.app.android.telenav/.ResourcePreLoaderService in 80000ms
04-26 16:39:36.080 D/PowerManagerService(  209): releaseWakeLock flags=0x1 tag=RILJ
04-26 16:39:41.350 D/PowerManagerService(  209): user activity timeout timed out nextState=1
04-26 16:39:41.350 D/PowerManagerService(  209): setPowerState: mPowerState=0x3 newState=0x1 noChangeLights=false reason=3
04-26 16:39:41.350 D/PowerManagerService(  209): setPowerState: mPowerState=3 newState=1 noChangeLights=false
04-26 16:39:41.350 D/PowerManagerService(  209):   oldKeyboardBright=false newKeyboardBright=false
04-26 16:39:41.350 D/PowerManagerService(  209):   oldScreenBright=true newScreenBright=false
04-26 16:39:41.350 D/PowerManagerService(  209):   oldButtonBright=false newButtonBright=false
04-26 16:39:41.350 D/PowerManagerService(  209):   oldScreenOn=true newScreenOn=true
04-26 16:39:41.350 D/PowerManagerService(  209):   oldBatteryLow=false newBatteryLow=false
04-26 16:39:41.350 I/PowerManagerService(  209): setTargetLocked mask=2 curValue=102.0 target=20 targetValue=20 delta=-4.5555553 nominalCurrentValue=102
04-26 16:39:41.350 I/PowerManagerService(  209): scheduling light animator
04-26 16:39:41.360 D/PowerManagerService(  209): offMask=0x0 dimMask=0x0 onMask=0x0 difference=0x2 realDifference=0x2 forceState=0x0
04-26 16:39:41.360 D/PowerManagerService(  209): setTimeoutLocked now=84350 timeoutOverride=-1 nextState=0 when=91350
04-26 16:39:41.360 D/PowerManagerService(  209): Animating curIntValue=97: 2
04-26 16:39:41.370 D/PowerManagerService(  209): Animating curIntValue=92: 2
04-26 16:39:41.390 D/PowerManagerService(  209): Animating curIntValue=88: 2
04-26 16:39:41.410 D/PowerManagerService(  209): Animating curIntValue=83: 2
04-26 16:39:41.420 D/PowerManagerService(  209): Animating curIntValue=79: 2
04-26 16:39:41.440 D/PowerManagerService(  209): Animating curIntValue=74: 2
04-26 16:39:41.460 D/PowerManagerService(  209): Animating curIntValue=70: 2
04-26 16:39:41.470 D/PowerManagerService(  209): Animating curIntValue=65: 2
04-26 16:39:41.490 D/PowerManagerService(  209): Animating curIntValue=60: 2
04-26 16:39:41.510 D/PowerManagerService(  209): Animating curIntValue=56: 2
04-26 16:39:41.520 D/PowerManagerService(  209): Animating curIntValue=51: 2
04-26 16:39:41.540 D/PowerManagerService(  209): Animating curIntValue=47: 2
04-26 16:39:41.550 D/PowerManagerService(  209): Animating curIntValue=42: 2
04-26 16:39:41.570 D/PowerManagerService(  209): Animating curIntValue=38: 2
04-26 16:39:41.590 D/PowerManagerService(  209): Animating curIntValue=33: 2
04-26 16:39:41.600 D/PowerManagerService(  209): Animating curIntValue=29: 2
04-26 16:39:41.620 D/PowerManagerService(  209): Animating curIntValue=24: 2
04-26 16:39:41.640 D/PowerManagerService(  209): Animating curIntValue=20: 2
04-26 16:39:48.360 D/PowerManagerService(  209): user activity timeout timed out nextState=0
04-26 16:39:48.360 D/PowerManagerService(  209): setPowerState: mPowerState=0x1 newState=0x0 noChangeLights=false reason=3
04-26 16:39:48.360 D/PowerManagerService(  209): setPowerState: mPowerState=1 newState=0 noChangeLights=false
04-26 16:39:48.360 D/PowerManagerService(  209):   oldKeyboardBright=false newKeyboardBright=false
04-26 16:39:48.360 D/PowerManagerService(  209):   oldScreenBright=false newScreenBright=false
04-26 16:39:48.360 D/PowerManagerService(  209):   oldButtonBright=false newButtonBright=false
04-26 16:39:48.360 D/PowerManagerService(  209):   oldScreenOn=true newScreenOn=false
04-26 16:39:48.360 D/PowerManagerService(  209):   oldBatteryLow=false newBatteryLow=false
04-26 16:39:48.360 I/PowerManagerService(  209): setTargetLocked mask=2 curValue=20.0 target=0 targetValue=0 delta=-5.0 nominalCurrentValue=20
04-26 16:39:48.360 I/PowerManagerService(  209): scheduling light animator
04-26 16:39:48.360 D/PowerManagerService(  209): offMask=0x0 dimMask=0x0 onMask=0x0 difference=0x1 realDifference=0x1 forceState=0x0
04-26 16:39:48.360 D/PowerManagerService(  209): Animating curIntValue=15: 2
04-26 16:39:48.390 D/PowerManagerService(  209): Animating curIntValue=10: 2
04-26 16:39:48.400 D/PowerManagerService(  209): Animating curIntValue=5: 2
04-26 16:39:48.420 D/PowerManagerService(  209): Animating curIntValue=0: 2
04-26 16:39:48.420 D/PowerManagerService(  209): acquireWakeLock flags=0x1 tag=sleep_broadcast
04-26 16:39:48.500 D/PowerManagerService(  209): setScreenBrightnessOverride -1
04-26 16:39:48.500 D/PowerManagerService(  209): setButtonBrightnessOverride -1
04-26 16:39:48.500 D/PowerManagerService(  209): acquireWakeLock flags=0x1 tag=ActivityManager-Sleep
04-26 16:39:48.530 D/PowerManagerService(  209): releaseWakeLock flags=0x1 tag=ActivityManager-Sleep
04-26 16:39:48.540 D/PowerManagerService(  209): acquireWakeLock flags=0x1 tag=RILJ
04-26 16:39:48.550 D/PowerManagerService(  209): releaseWakeLock flags=0x1 tag=RILJ
04-26 16:39:48.560 D/PowerManagerService(  209): releaseWakeLock flags=0x1 tag=sleep_broadcast
04-26 16:40:00.010 D/PowerManagerService(  209): acquireWakeLock flags=0x1 tag=AlarmManager
04-26 16:40:00.070 D/PowerManagerService(  209): releaseWakeLock flags=0x1 tag=AlarmManager
04-26 16:40:09.820 D/NetdConnector(  209): SND -> {interface readrxcounter rmnet0} {null}
04-26 16:40:09.830 D/NetdConnector(  209): RCV <- {216 0}
04-26 16:40:09.840 D/NetdConnector(  209): RSP <- {216 0}
04-26 16:40:09.840 D/NetdConnector(  209): SND -> {interface readtxcounter rmnet0} {null}
04-26 16:40:09.850 D/NetdConnector(  209): RCV <- {217 0}
04-26 16:40:09.850 D/NetdConnector(  209): RSP <- {217 0}
04-26 16:40:37.510 I/ActivityManager(  209): process name to start: com.telenav.app.android.telenav
04-26 16:40:37.510 E/ActivityManager(  209): heap conf. property name string trimmed: hs.com.telenav.app.android.tele
04-26 16:40:37.530 I/ActivityManager(  209): Start proc com.telenav.app.android.telenav for service com.telenav.app.android.telenav/.ResourcePreLoaderService: pid=818 uid=10016 gids={3003, 1015}
04-26 16:40:37.750 I/ActivityManager(  209): Process com.telenav.app.android.telenav (pid 818) has died.
04-26 16:40:37.750 W/ActivityManager(  209): Scheduling restart of crashed service com.telenav.app.android.telenav/.ResourcePreLoaderService in 320000ms
04-26 16:41:00.010 D/PowerManagerService(  209): acquireWakeLock flags=0x1 tag=AlarmManager
04-26 16:41:00.070 D/PowerManagerService(  209): releaseWakeLock flags=0x1 tag=AlarmManager
04-26 16:42:00.010 D/PowerManagerService(  209): acquireWakeLock flags=0x1 tag=AlarmManager
04-26 16:42:00.060 D/PowerManagerService(  209): releaseWakeLock flags=0x1 tag=AlarmManager
04-26 16:43:00.010 D/PowerManagerService(  209): acquireWakeLock flags=0x1 tag=AlarmManager
04-26 16:43:00.050 D/PowerManagerService(  209): releaseWakeLock flags=0x1 tag=AlarmManager
04-26 16:43:59.480 D/PowerManagerService(  209): acquireWakeLock flags=0x1 tag=AlarmManager
04-26 16:43:59.530 D/PowerManagerService(  209): releaseWakeLock flags=0x1 tag=AlarmManager
04-26 16:43:59.790 D/PowerManagerService(  209): setScreenBrightnessOverride -1
04-26 16:43:59.790 D/PowerManagerService(  209): setButtonBrightnessOverride -1
04-26 16:43:59.790 D/PowerManagerService(  209): setScreenBrightnessOverride -1
04-26 16:43:59.790 D/PowerManagerService(  209): setButtonBrightnessOverride -1
04-26 16:44:00.000 D/PowerManagerService(  209): acquireWakeLock flags=0x1 tag=AlarmManager
04-26 16:44:00.120 D/PowerManagerService(  209): releaseWakeLock flags=0x1 tag=AlarmManager
04-26 16:45:00.000 D/PowerManagerService(  209): acquireWakeLock flags=0x1 tag=AlarmManager
04-26 16:45:00.060 D/PowerManagerService(  209): releaseWakeLock flags=0x1 tag=AlarmManager
04-26 16:45:57.810 I/ActivityManager(  209): process name to start: com.telenav.app.android.telenav
04-26 16:45:57.810 E/ActivityManager(  209): heap conf. property name string trimmed: hs.com.telenav.app.android.tele
04-26 16:45:57.850 I/ActivityManager(  209): Start proc com.telenav.app.android.telenav for service com.telenav.app.android.telenav/.ResourcePreLoaderService: pid=961 uid=10016 gids={3003, 1015}
04-26 16:45:58.110 I/ActivityManager(  209): Process com.telenav.app.android.telenav (pid 961) has died.
04-26 16:45:58.110 W/ActivityManager(  209): Scheduling restart of crashed service com.telenav.app.android.telenav/.ResourcePreLoaderService in 1280000ms
04-26 16:46:00.020 D/PowerManagerService(  209): acquireWakeLock flags=0x1 tag=AlarmManager
04-26 16:46:00.070 D/PowerManagerService(  209): releaseWakeLock flags=0x1 tag=AlarmManager
04-26 16:46:46.330 D/PowerManagerService(  209): acquireWakeLock flags=0x1 tag=keyguardWakeAndHandOff
04-26 16:46:46.340 D/PowerManagerService(  209): acquireWakeLock flags=0x1000001a tag=keyguard
04-26 16:46:46.340 D/PowerManagerService(  209): reactivateScreenLocksLocked mProxIgnoredBecauseScreenTurnedOff=false
04-26 16:46:46.340 D/PowerManagerService(  209): wakeup here mUserState=0x0 mWakeLockState=0x7 previous wakeLockState=0x0
04-26 16:46:46.340 D/PowerManagerService(  209): setPowerState: mPowerState=0x0 newState=0x7 noChangeLights=false reason=3
04-26 16:46:46.340 D/PowerManagerService(  209): setPowerState: mPowerState=0 newState=7 noChangeLights=false
04-26 16:46:46.340 D/PowerManagerService(  209):   oldKeyboardBright=false newKeyboardBright=false
04-26 16:46:46.340 D/PowerManagerService(  209):   oldScreenBright=false newScreenBright=true
04-26 16:46:46.340 D/PowerManagerService(  209):   oldButtonBright=false newButtonBright=true
04-26 16:46:46.340 D/PowerManagerService(  209):   oldScreenOn=false newScreenOn=true
04-26 16:46:46.340 D/PowerManagerService(  209):   oldBatteryLow=false newBatteryLow=false
04-26 16:46:46.340 I/PowerManagerService(  209): setTargetLocked mask=2 curValue=0.0 target=102 targetValue=102 delta=6.8 nominalCurrentValue=0
04-26 16:46:46.340 I/PowerManagerService(  209): scheduling light animator
04-26 16:46:46.340 D/PowerManagerService(  209): offMask=0x0 dimMask=0x0 onMask=0x4 difference=0x7 realDifference=0x7 forceState=0x0
04-26 16:46:46.340 I/PowerManagerService(  209): Setting brightess on 102: 4
04-26 16:46:46.340 D/PowerManagerService(  209): - turning screen on...  mPreventScreenOn = false
04-26 16:46:46.340 D/PowerManagerService(  209): acquireWakeLock flags=0x1 tag=sleep_broadcast
04-26 16:46:46.340 D/PowerManagerService(  209): Animating curIntValue=6: 2
04-26 16:46:46.340 D/PowerManagerService(  209): releaseWakeLock flags=0x1 tag=keyguardWakeAndHandOff
04-26 16:46:46.350 D/PowerManagerService(  209): setKeyboardVisibility: false
04-26 16:46:46.360 D/PowerManagerService(  209): Animating curIntValue=13: 2
04-26 16:46:46.360 D/PowerManagerService(  209): setScreenBrightnessOverride -1
04-26 16:46:46.360 D/PowerManagerService(  209): setButtonBrightnessOverride -1
04-26 16:46:46.360 D/PowerManagerService(  209): mBroadcastWakeLock=UnsynchronizedWakeLock(mFlags=0x1 mCount=1 mHeld=true)
04-26 16:46:46.370 D/PowerManagerService(  209): acquireWakeLock flags=0x1 tag=RILJ
04-26 16:46:46.380 D/PowerManagerService(  209): Animating curIntValue=20: 2
04-26 16:46:46.380 D/PowerManagerService(  209): releaseWakeLock flags=0x1 tag=RILJ
04-26 16:46:46.390 D/PowerManagerService(  209): Animating curIntValue=27: 2
04-26 16:46:46.400 D/PowerManagerService(  209): releaseWakeLock flags=0x1 tag=sleep_broadcast
04-26 16:46:46.410 D/StatusBarPolicy(  274): [BRIGHTHY] 0. mDataNetType: 2
04-26 16:46:46.410 D/StatusBarPolicy(  274): [BRIGHTHY] curNetwork=45000 curHPLMN=45000
04-26 16:46:46.410 D/PowerManagerService(  209): acquireWakeLock flags=0x1 tag=RILJ
04-26 16:46:46.410 D/PowerManagerService(  209): Animating curIntValue=34: 2
04-26 16:46:46.420 D/PowerManagerService(  209): Animating curIntValue=40: 2
04-26 16:46:46.430 D/PowerManagerService(  209): acquireWakeLock flags=0x1 tag=RILJ
04-26 16:46:46.430 D/PowerManagerService(  209): acquireWakeLock flags=0x1 tag=RILJ
04-26 16:46:46.430 D/PowerManagerService(  209): acquireWakeLock flags=0x1 tag=RILJ
04-26 16:46:46.440 D/PowerManagerService(  209): Animating curIntValue=47: 2
04-26 16:46:46.440 D/PowerManagerService(  209): releaseWakeLock flags=0x1 tag=RILJ
04-26 16:46:46.460 I/TelephonyRegistry(  209): notifyServiceState: 0 home Testcard LGE 45000  EDGE CSS not supported -1 -1RoamInd: -1DefRoamInd: -1EmergOnly: false
04-26 16:46:46.460 D/PowerManagerService(  209): Animating curIntValue=54: 2
04-26 16:46:46.460 D/StatusBarPolicy(  274): [BRIGHTHY] 0. mDataNetType: 2
04-26 16:46:46.460 D/StatusBarPolicy(  274): [BRIGHTHY] curNetwork=45000 curHPLMN=45000
04-26 16:46:46.470 D/PowerManagerService(  209): Animating curIntValue=61: 2
04-26 16:46:46.480 D/PowerManagerService(  209): acquireWakeLock flags=0x1 tag=StartingAlertService
04-26 16:46:46.490 D/PowerManagerService(  209): Animating curIntValue=68: 2
04-26 16:46:46.510 D/PowerManagerService(  209): Animating curIntValue=74: 2
04-26 16:46:46.520 D/PowerManagerService(  209): Animating curIntValue=81: 2
04-26 16:46:46.540 D/PowerManagerService(  209): Animating curIntValue=88: 2
04-26 16:46:46.550 D/PowerManagerService(  209): releaseWakeLock flags=0x1 tag=StartingAlertService
04-26 16:46:46.550 D/PowerManagerService(  209): Animating curIntValue=95: 2
04-26 16:46:46.570 D/PowerManagerService(  209): Animating curIntValue=102: 2
04-26 16:46:51.350 D/PowerManagerService(  209): releaseWakeLock flags=0x1000001a tag=keyguard
04-26 16:46:51.350 D/PowerManagerService(  209): setPowerState: mPowerState=0x7 newState=0x0 noChangeLights=false reason=3
04-26 16:46:51.350 D/PowerManagerService(  209): setPowerState: mPowerState=7 newState=0 noChangeLights=false
04-26 16:46:51.350 D/PowerManagerService(  209):   oldKeyboardBright=false newKeyboardBright=false
04-26 16:46:51.350 D/PowerManagerService(  209):   oldScreenBright=true newScreenBright=false
04-26 16:46:51.350 D/PowerManagerService(  209):   oldButtonBright=true newButtonBright=false
04-26 16:46:51.350 D/PowerManagerService(  209):   oldScreenOn=true newScreenOn=false
04-26 16:46:51.350 D/PowerManagerService(  209):   oldBatteryLow=false newBatteryLow=false
04-26 16:46:51.350 I/PowerManagerService(  209): setTargetLocked mask=2 curValue=102.0 target=0 targetValue=0 delta=-6.8 nominalCurrentValue=102
04-26 16:46:51.350 I/PowerManagerService(  209): scheduling light animator
04-26 16:46:51.370 D/PowerManagerService(  209): offMask=0x4 dimMask=0x0 onMask=0x0 difference=0x7 realDifference=0x7 forceState=0x0
04-26 16:46:51.370 I/PowerManagerService(  209): Setting brightess off: 4
04-26 16:46:51.370 D/PowerManagerService(  209): Animating curIntValue=95: 2
04-26 16:46:51.390 D/PowerManagerService(  209): Animating curIntValue=88: 2
04-26 16:46:51.400 D/PowerManagerService(  209): Animating curIntValue=81: 2
04-26 16:46:51.420 D/PowerManagerService(  209): Animating curIntValue=74: 2
04-26 16:46:51.430 D/PowerManagerService(  209): Animating curIntValue=67: 2
04-26 16:46:51.450 D/PowerManagerService(  209): Animating curIntValue=61: 2
04-26 16:46:51.470 D/PowerManagerService(  209): Animating curIntValue=54: 2
04-26 16:46:51.480 D/PowerManagerService(  209): Animating curIntValue=47: 2
04-26 16:46:51.500 D/PowerManagerService(  209): Animating curIntValue=40: 2
04-26 16:46:51.530 D/PowerManagerService(  209): Animating curIntValue=33: 2
