05-17 03:23:45.438 I/dvm_gc_info(  802): [7453298398305805361,-9165522571040647126,-4006368547746117592,7349951]
05-17 03:23:50.483 I/dvm_gc_madvise_info(  802): [1478656,1060864]
05-17 03:24:35.207 I/am_create_service(  214): [1084833744,com.google.android.gsf/.checkin.EventLogService,,391]
05-17 03:24:35.217 I/aggregation(  391): 1305570275227
05-17 03:24:35.257 I/am_destroy_service(  214): [1084833744,com.google.android.gsf/.checkin.EventLogService,391]
05-17 03:26:35.694 I/binder_sample(  296): [android.os.INetStatService,2,8,com.android.phone,1]
05-17 03:28:42.018 I/binder_sample(  296): [android.os.INetStatService,2,8,com.android.phone,1]
05-17 03:30:08.612 I/binder_sample(  296): [android.os.INetStatService,1,9,com.android.phone,1]
05-17 03:30:12.696 I/binder_sample(  296): [android.os.INetStatService,1,10,com.android.phone,2]
05-17 03:31:04.657 I/binder_sample(  296): [android.os.INetStatService,1,8,com.android.phone,1]
05-17 03:32:00.101 I/binder_sample(  278): [android.app.IActivityManager,16,10,com.android.systemui,2]
05-17 03:32:49.649 I/binder_sample(  296): [android.os.INetStatService,1,9,com.android.phone,1]
05-17 03:34:04.082 I/binder_sample(  296): [android.os.INetStatService,2,8,com.android.phone,1]
05-17 03:34:27.585 I/dvm_gc_info(  296): [8099846449757492834,-8991007398117332940,-4003553797979011032,7349951]
05-17 03:34:32.640 I/dvm_gc_madvise_info(  296): [1171456,1060864]
05-17 03:34:39.767 I/binder_sample(  296): [android.os.INetStatService,2,8,com.android.phone,1]
05-17 03:35:26.622 I/binder_sample(  296): [android.os.INetStatService,2,8,com.android.phone,1]
05-17 03:35:54.149 I/binder_sample(  296): [android.os.INetStatService,2,8,com.android.phone,1]
05-17 03:36:27.762 I/binder_sample(  296): [android.os.INetStatService,1,8,com.android.phone,1]
05-17 03:37:53.366 I/binder_sample(  296): [android.os.INetStatService,1,8,com.android.phone,1]
05-17 03:38:40.401 I/am_create_service(  214): [1081618656,com.google.android.apps.maps/com.google.googlenav.prefetch.android.PrefetcherService,,1933]
05-17 03:38:45.456 I/force_gc( 1933): bg
05-17 03:38:45.486 I/dvm_gc_info( 1933): [3345437233799873784,-9066442898017388490,-4002709373048879064,7349951]
05-17 03:38:50.431 I/binder_sample(  296): [android.os.INetStatService,1,8,com.android.phone,1]
05-17 03:38:50.461 I/am_destroy_service(  214): [1081618656,com.google.android.apps.maps/com.google.googlenav.prefetch.android.PrefetcherService,1933]
05-17 03:38:50.471 I/force_gc(  802): bg
05-17 03:38:50.541 I/dvm_gc_madvise_info( 1933): [1212416,1060864]
05-17 03:38:50.551 I/dvm_gc_info(  802): [7453298398306051149,-9117108875046418390,-4006368547746117592,7349951]
05-17 03:38:55.596 I/dvm_gc_madvise_info(  802): [1495040,1060864]
05-17 03:41:45.742 I/binder_sample(  296): [android.os.INetStatService,1,9,com.android.phone,1]
05-17 03:42:10.266 I/binder_sample(  296): [android.os.INetStatService,2,7,com.android.phone,1]
05-17 03:43:28.723 I/binder_sample(  296): [android.os.INetStatService,1,10,com.android.phone,2]
05-17 03:43:48.082 I/binder_sample(  296): [android.os.INetStatService,1,9,com.android.phone,1]
05-17 03:44:08.462 I/binder_sample(  296): [android.os.INetStatService,1,10,com.android.phone,2]
05-17 03:44:34.967 I/binder_sample(  296): [android.os.INetStatService,2,8,com.android.phone,1]
05-17 03:45:33.054 I/binder_sample(  296): [android.os.INetStatService,1,8,com.android.phone,1]
05-17 03:45:36.117 I/binder_sample(  296): [android.os.INetStatService,2,7,com.android.phone,1]
05-17 03:46:06.687 I/binder_sample(  296): [android.os.INetStatService,2,8,com.android.phone,1]
05-17 03:47:06.826 I/binder_sample(  296): [android.os.INetStatService,2,8,com.android.phone,1]
05-17 03:48:43.630 I/binder_sample(  296): [android.os.INetStatService,2,8,com.android.phone,1]
05-17 03:48:59.936 I/binder_sample(  296): [android.os.INetStatService,1,9,com.android.phone,1]
05-17 03:49:42.748 I/binder_sample(  296): [android.os.INetStatService,1,10,com.android.phone,2]
05-17 03:50:41.855 I/binder_sample(  296): [android.os.INetStatService,1,8,com.android.phone,1]
05-17 03:50:50.013 I/binder_sample(  296): [android.os.INetStatService,2,8,com.android.phone,1]
05-17 03:51:26.699 I/binder_sample(  296): [android.os.INetStatService,2,8,com.android.phone,1]
05-17 03:51:27.720 I/binder_sample(  296): [android.os.INetStatService,2,8,com.android.phone,1]
05-17 03:51:58.320 I/binder_sample(  296): [android.os.INetStatService,2,8,com.android.phone,1]
05-17 03:52:25.817 I/binder_sample(  296): [android.os.INetStatService,1,9,com.android.phone,1]
05-17 03:53:45.424 I/force_gc(  802): bg
05-17 03:53:45.444 I/dvm_gc_info(  802): [7453298398305805361,-9165522571040651222,-4006368547746117592,7349951]
05-17 03:53:50.479 I/dvm_gc_madvise_info(  802): [1495040,1060864]
05-17 03:53:52.431 I/binder_sample(  296): [android.os.INetStatService,1,10,com.android.phone,2]
05-17 03:54:35.333 I/am_create_service(  214): [1084006632,com.google.android.gsf/.checkin.EventLogService,,391]
05-17 03:54:35.343 I/aggregation(  391): 1305572075351
05-17 03:54:35.393 I/am_destroy_service(  214): [1084006632,com.google.android.gsf/.checkin.EventLogService,391]
05-17 03:55:35.352 I/binder_sample(  296): [android.os.INetStatService,1,8,com.android.phone,1]
05-17 03:55:41.468 I/binder_sample(  296): [android.os.INetStatService,2,7,com.android.phone,1]
05-17 03:55:43.500 I/binder_sample(  296): [android.os.INetStatService,1,8,com.android.phone,1]
05-17 03:55:49.626 I/binder_sample(  296): [android.os.INetStatService,1,9,com.android.phone,1]
05-17 03:56:00.176 I/dvm_gc_info(  214): [8320808730291636105,-8897833819397330844,-3975406300307945432,8624173]
05-17 03:56:05.211 I/dvm_gc_madvise_info(  214): [1855488,1060864]
05-17 03:57:42.776 I/binder_sample(  296): [android.os.INetStatService,2,9,com.android.phone,1]
05-17 03:58:44.917 I/binder_sample(  296): [android.os.INetStatService,1,10,com.android.phone,2]
05-17 03:58:49.001 I/binder_sample(  296): [android.os.INetStatService,1,8,com.android.phone,1]
05-17 03:58:51.053 I/binder_sample(  296): [android.os.INetStatService,2,8,com.android.phone,1]
05-17 03:59:11.412 I/binder_sample(  296): [android.os.INetStatService,2,9,com.android.phone,1]
05-17 03:59:19.560 I/binder_sample(  296): [android.os.INetStatService,1,8,com.android.phone,1]
05-17 03:59:55.255 I/binder_sample(  296): [android.os.INetStatService,2,8,com.android.phone,1]
05-17 03:59:58.298 I/binder_sample(  296): [android.os.INetStatService,1,10,com.android.phone,2]
05-17 04:02:06.723 I/binder_sample(  296): [android.os.INetStatService,2,8,com.android.phone,1]
05-17 04:02:09.786 I/binder_sample(  296): [android.os.INetStatService,2,8,com.android.phone,1]
05-17 04:02:11.818 I/binder_sample(  296): [android.os.INetStatService,2,8,com.android.phone,1]
05-17 04:02:27.093 I/binder_sample(  296): [android.os.INetStatService,2,8,com.android.phone,1]
05-17 04:04:02.907 I/binder_sample(  296): [android.os.INetStatService,1,10,com.android.phone,2]
05-17 04:05:13.225 I/binder_sample(  296): [android.os.INetStatService,1,8,com.android.phone,1]
05-17 04:05:13.235 I/binder_sample(  296): [android.os.INetStatService,2,8,com.android.phone,1]
05-17 04:05:20.362 I/binder_sample(  296): [android.os.INetStatService,2,9,com.android.phone,1]
05-17 04:06:16.377 I/binder_sample(  296): [android.os.INetStatService,1,10,com.android.phone,2]
05-17 04:07:13.453 I/binder_sample(  296): [android.os.INetStatService,2,9,com.android.phone,1]
05-17 04:08:38.045 I/binder_sample(  296): [android.os.INetStatService,2,8,com.android.phone,1]
05-17 04:08:40.378 I/am_create_service(  214): [1083086104,com.google.android.apps.maps/com.google.googlenav.prefetch.android.PrefetcherService,,1933]
05-17 04:08:45.452 I/force_gc( 1933): bg
05-17 04:08:45.483 I/dvm_gc_info( 1933): [3345437233799894269,-9066161423040677834,-4002709373048879064,7349951]
05-17 04:08:50.467 I/am_destroy_service(  214): [1083086104,com.google.android.apps.maps/com.google.googlenav.prefetch.android.PrefetcherService,1933]
05-17 04:08:50.497 I/force_gc(  802): bg
05-17 04:08:50.527 I/dvm_gc_madvise_info( 1933): [1212416,1060864]
05-17 04:08:50.537 I/dvm_gc_info(  802): [7453298398305911857,-9165522571040651222,-4006368547746117592,7349951]
05-17 04:08:55.582 I/dvm_gc_madvise_info(  802): [1495040,1060864]
05-17 04:09:51.397 I/binder_sample(  296): [android.os.INetStatService,2,8,com.android.phone,1]
05-17 04:10:04.630 I/binder_sample(  296): [android.os.INetStatService,1,9,com.android.phone,1]
05-17 04:10:40.325 I/binder_sample(  296): [android.os.INetStatService,2,7,com.android.phone,1]
05-17 04:10:41.336 I/binder_sample(  296): [android.os.INetStatService,1,9,com.android.phone,1]
05-17 04:11:34.337 I/binder_sample(  296): [android.os.INetStatService,2,8,com.android.phone,1]
05-17 04:12:31.413 I/binder_sample(  296): [android.os.INetStatService,1,9,com.android.phone,1]
05-17 04:13:26.457 I/binder_sample(  296): [android.os.INetStatService,2,7,com.android.phone,1]
05-17 04:13:38.679 I/binder_sample(  296): [android.os.INetStatService,1,10,com.android.phone,2]
05-17 04:13:53.963 I/binder_sample(  296): [android.os.INetStatService,1,8,com.android.phone,1]
05-17 04:15:54.221 I/binder_sample(  296): [android.os.INetStatService,2,8,com.android.phone,1]
05-17 04:16:22.729 I/binder_sample(  296): [android.os.INetStatService,2,8,com.android.phone,1]
05-17 04:17:23.878 I/binder_sample(  296): [android.os.INetStatService,2,8,com.android.phone,1]
05-17 04:19:47.578 I/binder_sample(  296): [android.os.INetStatService,1,8,com.android.phone,1]
05-17 04:21:00.129 I/dvm_gc_info(  278): [8320808730291734161,-8919231347792398287,-4001583473142036440,8005441]
05-17 04:21:05.144 I/dvm_gc_madvise_info(  278): [1232896,1060864]
05-17 04:21:58.106 I/binder_sample(  296): [android.os.INetStatService,1,10,com.android.phone,2]
05-17 04:22:10.298 I/binder_sample(  296): [android.os.INetStatService,1,8,com.android.phone,1]
05-17 04:22:17.455 I/binder_sample(  296): [android.os.INetStatService,2,9,com.android.phone,1]
05-17 04:22:37.825 I/binder_sample(  296): [android.os.INetStatService,1,9,com.android.phone,1]
05-17 04:22:56.182 I/binder_sample(  296): [android.os.INetStatService,2,8,com.android.phone,1]
05-17 04:23:45.421 I/force_gc(  802): bg
05-17 04:23:45.441 I/dvm_gc_info(  802): [7453298398305801265,-9165522571040651222,-4006368547746117592,7349951]
05-17 04:23:50.485 I/dvm_gc_madvise_info(  802): [1495040,1060864]
05-17 04:23:55.260 I/binder_sample(  296): [android.os.INetStatService,1,8,com.android.phone,1]
05-17 04:24:22.777 I/binder_sample(  296): [android.os.INetStatService,1,10,com.android.phone,2]
05-17 04:24:35.449 I/am_create_service(  214): [1082269616,com.google.android.gsf/.checkin.EventLogService,,391]
05-17 04:24:35.449 I/binder_sample(  391): [android.app.IActivityManager,34,17,com.google.process.gapps,3]
05-17 04:24:35.459 I/aggregation(  391): 1305573875469
05-17 04:24:35.509 I/am_destroy_service(  214): [1082269616,com.google.android.gsf/.checkin.EventLogService,391]
05-17 04:24:58.462 I/binder_sample(  296): [android.os.INetStatService,1,10,com.android.phone,2]
05-17 04:25:42.285 I/binder_sample(  296): [android.os.INetStatService,1,9,com.android.phone,1]
05-17 04:26:13.885 I/binder_sample(  296): [android.os.INetStatService,1,8,com.android.phone,1]
05-17 04:26:43.454 I/binder_sample(  296): [android.os.INetStatService,2,8,com.android.phone,1]
05-17 04:27:26.276 I/binder_sample(  296): [android.os.INetStatService,2,7,com.android.phone,1]
05-17 04:27:56.856 I/binder_sample(  296): [android.os.INetStatService,1,10,com.android.phone,2]
05-17 04:27:58.888 I/binder_sample(  296): [android.os.INetStatService,1,10,com.android.phone,2]
05-17 04:28:16.215 I/binder_sample(  296): [android.os.INetStatService,1,8,com.android.phone,1]
05-17 04:28:23.362 I/binder_sample(  296): [android.os.INetStatService,2,8,com.android.phone,1]
05-17 04:29:19.446 I/binder_sample(  296): [android.os.INetStatService,1,8,com.android.phone,1]
05-17 04:29:36.773 I/binder_sample(  296): [android.os.INetStatService,2,7,com.android.phone,1]
05-17 04:30:22.608 I/binder_sample(  296): [android.os.INetStatService,2,8,com.android.phone,1]
05-17 04:31:08.453 I/binder_sample(  296): [android.os.INetStatService,1,10,com.android.phone,2]
05-17 04:31:29.864 I/binder_sample(  296): [android.os.INetStatService,2,8,com.android.phone,1]
05-17 04:31:31.896 I/binder_sample(  296): [android.os.INetStatService,1,8,com.android.phone,1]
05-17 04:33:00.182 I/dvm_gc_info(  214): [8320808730291816331,-8895863494560356252,-3975406300307945432,8624173]
05-17 04:33:05.207 I/dvm_gc_madvise_info(  214): [1859584,1060864]
05-17 04:34:30.240 I/binder_sample(  296): [android.os.INetStatService,1,9,com.android.phone,1]
05-17 04:35:07.976 I/binder_sample(  296): [android.os.INetStatService,2,8,com.android.phone,1]
05-17 04:37:42.888 I/binder_sample(  296): [android.os.INetStatService,1,9,com.android.phone,1]
05-17 04:38:32.826 I/binder_sample(  296): [android.os.INetStatService,1,10,com.android.phone,2]
05-17 04:38:37.921 I/binder_sample(  296): [android.os.INetStatService,1,8,com.android.phone,1]
05-17 04:38:40.384 I/am_create_service(  214): [1084690648,com.google.android.apps.maps/com.google.googlenav.prefetch.android.PrefetcherService,,1933]
05-17 04:38:40.484 I/dvm_gc_info(  391): [7449358886915556963,-9014088964834019284,-4005805597792696280,7349951]
05-17 04:38:45.459 I/force_gc( 1933): bg
05-17 04:38:45.499 I/dvm_gc_madvise_info(  391): [1294336,1060864]
05-17 04:38:45.519 I/dvm_gc_info( 1933): [3345437233800029438,-9065879948063967178,-4002709373048879064,7349951]
05-17 04:38:50.463 I/am_destroy_service(  214): [1084690648,com.google.android.apps.maps/com.google.googlenav.prefetch.android.PrefetcherService,1933]
05-17 04:38:50.484 I/force_gc(  802): bg
05-17 04:38:50.534 I/dvm_gc_madvise_info( 1933): [1212416,1060864]
05-17 04:38:50.544 I/dvm_gc_info(  802): [7453298398305993777,-9165522571040651222,-4006368547746117592,7349951]
05-17 04:38:55.578 I/dvm_gc_madvise_info(  802): [1495040,1060864]
05-17 04:39:11.514 I/binder_sample(  296): [android.os.INetStatService,1,8,com.android.phone,1]
05-17 04:39:54.336 I/binder_sample(  296): [android.os.INetStatService,2,8,com.android.phone,1]
05-17 04:39:59.431 I/binder_sample(  296): [android.os.INetStatService,2,7,com.android.phone,1]
05-17 04:42:07.826 I/binder_sample(  296): [android.os.INetStatService,1,8,com.android.phone,1]
05-17 04:42:49.607 I/binder_sample(  296): [android.os.INetStatService,1,9,com.android.phone,1]
05-17 04:43:02.860 I/binder_sample(  296): [android.os.INetStatService,1,10,com.android.phone,2]
05-17 04:43:15.092 I/binder_sample(  296): [android.os.INetStatService,1,8,com.android.phone,1]
05-17 04:43:47.693 I/binder_sample(  296): [android.os.INetStatService,1,9,com.android.phone,1]
05-17 04:45:27.591 I/binder_sample(  296): [android.os.INetStatService,2,8,com.android.phone,1]
05-17 04:47:47.157 I/binder_sample(  296): [android.os.INetStatService,1,9,com.android.phone,1]
05-17 04:48:04.494 I/binder_sample(  296): [android.os.INetStatService,2,8,com.android.phone,1]
05-17 04:48:33.042 I/binder_sample(  296): [android.os.INetStatService,2,8,com.android.phone,1]
05-17 04:49:05.654 I/binder_sample(  296): [android.os.INetStatService,2,9,com.android.phone,1]
05-17 04:49:09.728 I/binder_sample(  296): [android.os.INetStatService,2,8,com.android.phone,1]
05-17 04:50:15.982 I/binder_sample(  296): [android.os.INetStatService,2,8,com.android.phone,1]
05-17 04:51:31.396 I/binder_sample(  296): [android.os.INetStatService,2,8,com.android.phone,1]
05-17 04:52:28.472 I/binder_sample(  296): [android.os.INetStatService,1,9,com.android.phone,1]
05-17 04:52:52.935 I/binder_sample(  296): [android.os.INetStatService,1,10,com.android.phone,2]
05-17 04:53:45.417 I/force_gc(  802): bg
05-17 04:53:45.437 I/dvm_gc_info(  802): [7453298398305805361,-9165522571040651222,-4006368547746117592,7349951]
05-17 04:53:50.482 I/dvm_gc_madvise_info(  802): [1495040,1060864]
05-17 04:54:35.576 I/am_create_service(  214): [1084493480,com.google.android.gsf/.checkin.EventLogService,,391]
05-17 04:54:35.586 I/aggregation(  391): 1305575675590
05-17 04:54:35.636 I/am_destroy_service(  214): [1084493480,com.google.android.gsf/.checkin.EventLogService,391]
05-17 04:55:31.850 I/binder_sample(  296): [android.os.INetStatService,2,8,com.android.phone,1]
05-17 04:57:05.612 I/binder_sample(  296): [android.os.INetStatService,1,8,com.android.phone,1]
05-17 04:58:01.667 I/binder_sample(  296): [android.os.INetStatService,2,8,com.android.phone,1]
05-17 04:58:07.783 I/binder_sample(  296): [android.os.INetStatService,1,9,com.android.phone,1]
05-17 04:58:10.856 I/binder_sample(  296): [android.os.INetStatService,2,8,com.android.phone,1]
05-17 04:58:11.857 I/binder_sample(  296): [android.os.INetStatService,1,8,com.android.phone,1]
05-17 04:58:42.436 I/binder_sample(  296): [android.os.INetStatService,1,9,com.android.phone,1]
05-17 04:58:56.770 I/dvm_gc_info(  296): [8099846449757492834,-8991288873094043596,-4003553797979011032,7349951]
05-17 04:59:01.845 I/dvm_gc_madvise_info(  296): [1171456,1060864]
05-17 04:59:06.910 I/binder_sample(  296): [android.os.INetStatService,1,9,com.android.phone,1]
05-17 04:59:32.375 I/binder_sample(  296): [android.os.INetStatService,1,10,com.android.phone,2]
05-17 05:00:31.503 I/binder_sample(  296): [android.os.INetStatService,2,8,com.android.phone,1]
05-17 05:00:45.767 I/binder_sample(  296): [android.os.INetStatService,2,8,com.android.phone,1]
05-17 05:03:35.943 I/binder_sample(  296): [android.os.INetStatService,2,8,com.android.phone,1]
05-17 05:04:01.418 I/binder_sample(  296): [android.os.INetStatService,1,9,com.android.phone,1]
05-17 05:04:12.639 I/binder_sample(  296): [android.os.INetStatService,1,9,com.android.phone,1]
05-17 05:04:18.755 I/binder_sample(  296): [android.os.INetStatService,1,9,com.android.phone,1]
05-17 05:04:41.186 I/binder_sample(  296): [android.os.INetStatService,2,8,com.android.phone,1]
05-17 05:04:46.281 I/binder_sample(  296): [android.os.INetStatService,2,8,com.android.phone,1]
05-17 05:05:39.263 I/binder_sample(  296): [android.os.INetStatService,1,8,com.android.phone,1]
05-17 05:06:22.085 I/binder_sample(  296): [android.os.INetStatService,2,8,com.android.phone,1]
05-17 05:07:14.056 I/binder_sample(  296): [android.os.INetStatService,1,9,com.android.phone,1]
05-17 05:07:57.878 I/binder_sample(  296): [android.os.INetStatService,2,7,com.android.phone,1]
05-17 05:08:36.636 I/binder_sample(  296): [android.os.INetStatService,2,8,com.android.phone,1]
05-17 05:08:40.390 I/am_create_service(  214): [1082848992,com.google.android.apps.maps/com.google.googlenav.prefetch.android.PrefetcherService,,1933]
05-17 05:08:45.465 I/force_gc( 1933): bg
05-17 05:08:45.495 I/dvm_gc_info( 1933): [3345437233799886079,-9065879948063967178,-4002709373048879064,7349951]
05-17 05:08:50.470 I/am_destroy_service(  214): [1082848992,com.google.android.apps.maps/com.google.googlenav.prefetch.android.PrefetcherService,1933]
05-17 05:08:50.490 I/force_gc(  802): bg
05-17 05:08:50.520 I/dvm_gc_madvise_info( 1933): [1212416,1060864]
05-17 05:08:50.540 I/dvm_gc_info(  802): [7453298398305948721,-9165522571040651222,-4006368547746117592,7349951]
05-17 05:08:55.585 I/dvm_gc_madvise_info(  802): [1495040,1060864]
05-17 05:09:00.179 I/dvm_gc_info(  214): [8320808730291640202,-8896144969537066908,-3975406300307945432,8624173]
05-17 05:09:05.244 I/dvm_gc_madvise_info(  214): [1859584,1060864]
05-17 05:09:52.010 I/binder_sample(  296): [android.os.INetStatService,2,8,com.android.phone,1]
05-17 05:09:57.105 I/binder_sample(  296): [android.os.INetStatService,1,9,com.android.phone,1]
05-17 05:09:57.115 I/binder_sample(  296): [android.os.INetStatService,2,8,com.android.phone,1]
05-17 05:10:27.664 I/binder_sample(  296): [android.os.INetStatService,1,8,com.android.phone,1]
05-17 05:12:17.712 I/binder_sample(  296): [android.os.INetStatService,1,9,com.android.phone,1]
05-17 05:12:34.018 I/binder_sample(  296): [android.os.INetStatService,1,10,com.android.phone,2]
05-17 05:12:46.260 I/binder_sample(  296): [android.os.INetStatService,2,8,com.android.phone,1]
05-17 05:12:53.387 I/binder_sample(  296): [android.os.INetStatService,2,8,com.android.phone,1]
05-17 05:13:17.850 I/binder_sample(  296): [android.os.INetStatService,1,8,com.android.phone,1]
05-17 05:14:12.894 I/binder_sample(  296): [android.os.INetStatService,1,9,com.android.phone,1]
05-17 05:15:28.308 I/binder_sample(  296): [android.os.INetStatService,1,8,com.android.phone,1]
05-17 05:16:37.665 I/binder_sample(  296): [android.os.INetStatService,1,8,com.android.phone,1]
05-17 05:16:43.781 I/binder_sample(  296): [android.os.INetStatService,2,9,com.android.phone,1]
05-17 05:16:54.982 I/binder_sample(  296): [android.os.INetStatService,1,9,com.android.phone,1]
05-17 05:17:04.151 I/binder_sample(  296): [android.os.INetStatService,1,10,com.android.phone,2]
05-17 05:18:18.514 I/binder_sample(  296): [android.os.INetStatService,1,9,com.android.phone,1]
05-17 05:18:41.957 I/binder_sample(  296): [android.os.INetStatService,2,8,com.android.phone,1]
05-17 05:19:39.012 I/binder_sample(  296): [android.os.INetStatService,1,8,com.android.phone,1]
05-17 05:19:58.391 I/binder_sample(  296): [android.os.INetStatService,2,8,com.android.phone,1]
05-17 05:20:19.792 I/binder_sample(  296): [android.os.INetStatService,2,8,com.android.phone,1]
05-17 05:21:16.858 I/binder_sample(  296): [android.os.INetStatService,1,9,com.android.phone,1]
05-17 05:21:48.439 I/binder_sample(  296): [android.os.INetStatService,1,10,com.android.phone,2]
05-17 05:22:24.123 I/binder_sample(  296): [android.os.INetStatService,2,8,com.android.phone,1]
05-17 05:22:57.726 I/binder_sample(  296): [android.os.INetStatService,1,8,com.android.phone,1]
05-17 05:23:24.232 I/binder_sample(  296): [android.os.INetStatService,2,8,com.android.phone,1]
05-17 05:23:31.179 I/dvm_gc_info(  302): [4928475562231531103,-8957512288306386898,-4005242647839274968,7349951]
05-17 05:23:36.214 I/dvm_gc_madvise_info(  302): [1245184,1060864]
05-17 05:23:45.453 I/force_gc(  802): bg
05-17 05:23:45.513 I/dvm_gc_info(  802): [7453298398305985585,-9165522571040651222,-4006368547746117592,7349951]
05-17 05:23:50.548 I/dvm_gc_madvise_info(  802): [1495040,1060864]
05-17 05:24:35.692 I/am_create_service(  214): [1084137888,com.google.android.gsf/.checkin.EventLogService,,391]
05-17 05:24:35.702 I/aggregation(  391): 1305577475712
05-17 05:24:35.752 I/am_destroy_service(  214): [1084137888,com.google.android.gsf/.checkin.EventLogService,391]
05-17 05:25:04.119 I/binder_sample(  296): [android.os.INetStatService,2,9,com.android.phone,1]
05-17 05:25:43.858 I/binder_sample(  296): [android.os.INetStatService,1,8,com.android.phone,1]
05-17 05:25:47.942 I/binder_sample(  296): [android.os.INetStatService,1,8,com.android.phone,1]
05-17 05:27:27.790 I/binder_sample(  296): [android.os.INetStatService,2,8,com.android.phone,1]
05-17 05:28:40.150 I/binder_sample(  296): [android.os.INetStatService,2,8,com.android.phone,1]
05-17 05:28:41.171 I/binder_sample(  296): [android.os.INetStatService,2,8,com.android.phone,1]
05-17 05:28:45.245 I/binder_sample(  296): [android.os.INetStatService,1,8,com.android.phone,1]
05-17 05:28:54.424 I/binder_sample(  296): [android.os.INetStatService,2,8,com.android.phone,1]
05-17 05:29:00.510 I/battery_level(  214): [100,4,22]
05-17 05:29:05.505 I/battery_level(  214): [100,4,23]
05-17 05:29:38.217 I/binder_sample(  296): [android.os.INetStatService,2,8,com.android.phone,1]
05-17 05:30:00.068 I/binder_sample(  278): [android.app.IActivityManager,16,25,com.android.systemui,5]
05-17 05:30:40.388 I/binder_sample(  296): [android.os.INetStatService,2,8,com.android.phone,1]
05-17 05:30:42.420 I/binder_sample(  296): [android.os.INetStatService,1,9,com.android.phone,1]
05-17 05:31:08.925 I/binder_sample(  296): [android.os.INetStatService,1,10,com.android.phone,2]
05-17 05:31:18.094 I/binder_sample(  296): [android.os.INetStatService,1,9,com.android.phone,1]
05-17 05:31:36.452 I/binder_sample(  296): [android.os.INetStatService,2,8,com.android.phone,1]
05-17 05:31:45.031 I/battery_level(  214): [100,4,22]
05-17 05:32:45.740 I/binder_sample(  296): [android.os.INetStatService,2,8,com.android.phone,1]
05-17 05:32:51.856 I/binder_sample(  296): [android.os.INetStatService,1,8,com.android.phone,1]
05-17 05:33:00.184 I/dvm_gc_info(  214): [8320808730291677064,-8901492994094565276,-3975406300307945432,8624173]
05-17 05:33:05.249 I/dvm_gc_madvise_info(  214): [1859584,1060864]
05-17 05:33:24.728 I/battery_level(  214): [100,4,23]
05-17 05:34:01.234 I/binder_sample(  296): [android.os.INetStatService,1,9,com.android.phone,1]
05-17 05:34:23.655 I/binder_sample(  296): [android.os.INetStatService,2,8,com.android.phone,1]
05-17 05:34:59.320 I/binder_sample(  296): [android.os.INetStatService,1,9,com.android.phone,1]
05-17 05:35:55.375 I/binder_sample(  296): [android.os.INetStatService,1,8,com.android.phone,1]
05-17 05:36:19.218 I/battery_level(  214): [100,4,22]
05-17 05:36:27.967 I/binder_sample(  296): [android.os.INetStatService,1,9,com.android.phone,1]
05-17 05:37:11.809 I/binder_sample(  296): [android.os.INetStatService,2,8,com.android.phone,1]
05-17 05:38:40.406 I/am_create_service(  214): [1084833744,com.google.android.apps.maps/com.google.googlenav.prefetch.android.PrefetcherService,,1933]
05-17 05:38:45.491 I/force_gc( 1933): bg
05-17 05:38:45.561 I/dvm_gc_info( 1933): [3345437233800049917,-9066161423040677834,-4002709373048879064,7349951]
05-17 05:38:50.506 I/am_destroy_service(  214): [1084833744,com.google.android.apps.maps/com.google.googlenav.prefetch.android.PrefetcherService,1933]
05-17 05:38:50.526 I/force_gc(  802): bg
05-17 05:38:50.576 I/dvm_gc_madvise_info( 1933): [1212416,1060864]
05-17 05:38:50.586 I/dvm_gc_info(  802): [7453298398305965105,-9165522571040651222,-4006368547746117592,7349951]
05-17 05:38:55.621 I/dvm_gc_madvise_info(  802): [1495040,1060864]
05-17 05:38:59.785 I/binder_sample(  296): [android.os.INetStatService,1,9,com.android.phone,1]
05-17 05:39:00.816 I/binder_sample(  296): [android.os.INetStatService,2,8,com.android.phone,1]
05-17 05:39:28.323 I/binder_sample(  296): [android.os.INetStatService,1,9,com.android.phone,1]
05-17 05:39:39.544 I/binder_sample(  296): [android.os.INetStatService,1,8,com.android.phone,1]
05-17 05:41:07.199 I/binder_sample(  296): [android.os.INetStatService,2,9,com.android.phone,1]
05-17 05:41:23.505 I/binder_sample(  296): [android.os.INetStatService,1,9,com.android.phone,1]
05-17 05:42:00.071 I/binder_sample(  278): [android.app.IActivityManager,16,21,com.android.systemui,4]
05-17 05:42:01.202 I/binder_sample(  296): [android.os.INetStatService,1,8,com.android.phone,1]
05-17 05:44:24.872 I/binder_sample(  296): [android.os.INetStatService,1,8,com.android.phone,1]
05-17 05:46:15.970 I/binder_sample(  296): [android.os.INetStatService,2,8,com.android.phone,1]
05-17 05:47:32.395 I/binder_sample(  296): [android.os.INetStatService,1,9,com.android.phone,1]
05-17 05:48:01.954 I/binder_sample(  296): [android.os.INetStatService,1,8,com.android.phone,1]
05-17 05:48:31.533 I/binder_sample(  296): [android.os.INetStatService,1,9,com.android.phone,1]
05-17 05:48:35.607 I/binder_sample(  296): [android.os.INetStatService,1,9,com.android.phone,1]
05-17 05:49:07.197 I/binder_sample(  296): [android.os.INetStatService,2,8,com.android.phone,1]
05-17 05:49:17.387 I/binder_sample(  296): [android.os.INetStatService,2,7,com.android.phone,1]
05-17 05:49:51.020 I/binder_sample(  296): [android.os.INetStatService,1,8,com.android.phone,1]
05-17 05:49:58.167 I/binder_sample(  296): [android.os.INetStatService,2,8,com.android.phone,1]
05-17 05:50:11.400 I/binder_sample(  296): [android.os.INetStatService,2,8,com.android.phone,1]
05-17 05:50:41.980 I/binder_sample(  296): [android.os.INetStatService,2,8,com.android.phone,1]
05-17 05:51:30.868 I/binder_sample(  296): [android.os.INetStatService,1,9,com.android.phone,1]
05-17 05:51:55.331 I/binder_sample(  296): [android.os.INetStatService,1,8,com.android.phone,1]
05-17 05:53:45.469 I/force_gc(  802): bg
05-17 05:53:45.489 I/dvm_gc_info(  802): [7453298398305805361,-9165522571040651222,-4006368547746117592,7349951]
05-17 05:53:50.534 I/dvm_gc_madvise_info(  802): [1495040,1060864]
05-17 05:53:53.567 I/binder_sample(  296): [android.os.INetStatService,1,9,com.android.phone,1]
05-17 05:54:05.789 I/binder_sample(  296): [android.os.INetStatService,1,8,com.android.phone,1]
05-17 05:54:06.810 I/binder_sample(  296): [android.os.INetStatService,1,9,com.android.phone,1]
05-17 05:54:10.904 I/binder_sample(  296): [android.os.INetStatService,2,8,com.android.phone,1]
05-17 05:54:35.808 I/am_create_service(  214): [1083606120,com.google.android.gsf/.checkin.EventLogService,,391]
05-17 05:54:35.818 I/aggregation(  391): 1305579275830
05-17 05:54:35.878 I/am_destroy_service(  214): [1083606120,com.google.android.gsf/.checkin.EventLogService,391]
05-17 05:54:46.548 I/binder_sample(  296): [android.os.INetStatService,1,8,com.android.phone,1]
05-17 05:55:06.938 I/binder_sample(  296): [android.os.INetStatService,2,8,com.android.phone,1]
05-17 05:56:02.993 I/binder_sample(  296): [android.os.INetStatService,1,8,com.android.phone,1]
05-17 05:56:56.005 I/binder_sample(  296): [android.os.INetStatService,2,8,com.android.phone,1]
05-17 05:57:22.501 I/binder_sample(  296): [android.os.INetStatService,1,9,com.android.phone,1]
05-17 05:58:28.725 I/binder_sample(  296): [android.os.INetStatService,1,10,com.android.phone,2]
05-17 06:00:35.078 I/binder_sample(  296): [android.os.INetStatService,1,9,com.android.phone,1]
05-17 06:01:00.173 I/dvm_gc_info(  214): [8320808730291636104,-8899804144234301340,-3975406300307945432,8624173]
05-17 06:01:05.238 I/dvm_gc_madvise_info(  214): [1859584,1060864]
05-17 06:03:11.001 I/binder_sample(  296): [android.os.INetStatService,1,8,com.android.phone,1]
05-17 06:03:52.791 I/binder_sample(  296): [android.os.INetStatService,2,8,com.android.phone,1]
05-17 06:05:01.058 I/binder_sample(  296): [android.os.INetStatService,1,9,com.android.phone,1]
05-17 06:05:10.237 I/binder_sample(  296): [android.os.INetStatService,2,8,com.android.phone,1]
05-17 06:06:25.640 I/binder_sample(  296): [android.os.INetStatService,1,9,com.android.phone,1]
05-17 06:06:35.830 I/binder_sample(  296): [android.os.INetStatService,1,9,com.android.phone,1]
05-17 06:07:12.526 I/binder_sample(  296): [android.os.INetStatService,2,8,com.android.phone,1]
05-17 06:07:16.590 I/binder_sample(  296): [android.os.INetStatService,1,10,com.android.phone,2]
05-17 06:07:21.685 I/binder_sample(  296): [android.os.INetStatService,1,8,com.android.phone,1]
05-17 06:07:39.022 I/binder_sample(  296): [android.os.INetStatService,2,8,com.android.phone,1]
05-17 06:08:08.571 I/binder_sample(  296): [android.os.INetStatService,1,10,com.android.phone,2]
05-17 06:08:16.729 I/binder_sample(  296): [android.os.INetStatService,2,8,com.android.phone,1]
05-17 06:08:22.845 I/binder_sample(  296): [android.os.INetStatService,1,9,com.android.phone,1]
05-17 06:08:40.372 I/am_create_service(  214): [1084826480,com.google.android.apps.maps/com.google.googlenav.prefetch.android.PrefetcherService,,1933]
05-17 06:08:45.457 I/force_gc( 1933): bg
05-17 06:08:45.477 I/dvm_gc_info( 1933): [3345437233799890173,-9066161423040677834,-4002709373048879064,7349951]
05-17 06:08:50.462 I/am_destroy_service(  214): [1084826480,com.google.android.apps.maps/com.google.googlenav.prefetch.android.PrefetcherService,1933]
05-17 06:08:50.472 I/force_gc(  802): bg
05-17 06:08:50.522 I/dvm_gc_madvise_info( 1933): [1212416,1060864]
05-17 06:08:50.532 I/dvm_gc_info(  802): [7453298398305981489,-9165522571040651222,-4006368547746117592,7349951]
05-17 06:08:55.567 I/dvm_gc_madvise_info(  802): [1495040,1060864]
05-17 06:08:57.489 I/binder_sample(  296): [android.os.INetStatService,1,8,com.android.phone,1]
05-17 06:09:23.994 I/binder_sample(  296): [android.os.INetStatService,1,10,com.android.phone,2]
05-17 06:09:39.279 I/binder_sample(  296): [android.os.INetStatService,1,8,com.android.phone,1]
05-17 06:13:34.719 I/binder_sample(  296): [android.os.INetStatService,1,8,com.android.phone,1]
05-17 06:14:41.975 I/binder_sample(  296): [android.os.INetStatService,2,7,com.android.phone,1]
05-17 06:14:53.186 I/binder_sample(  296): [android.os.INetStatService,2,8,com.android.phone,1]
05-17 06:17:46.405 I/binder_sample(  296): [android.os.INetStatService,2,8,com.android.phone,1]
05-17 06:20:37.612 I/binder_sample(  296): [android.os.INetStatService,2,8,com.android.phone,1]
05-17 06:21:29.682 I/dvm_gc_info(  296): [8099846449757492834,-8989037073280358348,-4003553797979011032,7349951]
05-17 06:21:34.737 I/dvm_gc_madvise_info(  296): [1171456,1060864]
05-17 06:22:11.423 I/binder_sample(  296): [android.os.INetStatService,2,8,com.android.phone,1]
05-17 06:23:04.405 I/binder_sample(  296): [android.os.INetStatService,2,8,com.android.phone,1]
05-17 06:23:45.465 I/force_gc( 2044): bg
05-17 06:23:45.485 I/dvm_gc_info( 2044): [8534155694507647694,-9206617917640390613,-4006087072769406936,7349951]
05-17 06:23:50.470 I/force_gc(  802): bg
05-17 06:23:50.550 I/dvm_gc_madvise_info( 2044): [1536000,1060864]
05-17 06:23:50.550 I/dvm_gc_info(  802): [7453298398306031159,-9044488331055069142,-4006368547746117592,7349951]
05-17 06:23:55.585 I/dvm_gc_madvise_info(  802): [1478656,1060864]
05-17 06:24:27.976 I/binder_sample(  296): [android.os.INetStatService,1,9,com.android.phone,1]
05-17 06:24:35.944 I/am_create_service(  214): [1083745560,com.google.android.gsf/.checkin.EventLogService,,391]
05-17 06:24:35.954 I/aggregation(  391): 1305581075963
05-17 06:24:36.004 I/am_destroy_service(  214): [1083745560,com.google.android.gsf/.checkin.EventLogService,391]
05-17 06:24:49.337 I/binder_sample(  296): [android.os.INetStatService,1,8,com.android.phone,1]
05-17 06:25:19.927 I/binder_sample(  296): [android.os.INetStatService,2,7,com.android.phone,1]
05-17 06:25:45.522 I/force_gc( 2044): bg
05-17 06:25:45.542 I/dvm_gc_info( 2044): [8534155694507647693,-9206617917640390613,-4006087072769406936,7349951]
05-17 06:25:50.537 I/force_gc(  802): bg
05-17 06:25:50.587 I/dvm_gc_madvise_info( 2044): [1536000,1060864]
05-17 06:25:50.607 I/dvm_gc_info(  802): [7453298398306030636,-9161300446389987286,-4006368547746117592,7349951]
05-17 06:25:55.642 I/dvm_gc_madvise_info(  802): [1478656,1060864]
05-17 06:26:20.046 I/binder_sample(  296): [android.os.INetStatService,1,10,com.android.phone,2]
05-17 06:26:29.215 I/binder_sample(  296): [android.os.INetStatService,1,8,com.android.phone,1]
05-17 06:27:45.529 I/force_gc( 2044): bg
05-17 06:27:45.549 I/dvm_gc_info( 2044): [8534155694507647694,-9206617917640390613,-4006087072769406936,7349951]
05-17 06:27:50.544 I/force_gc(  802): bg
05-17 06:27:50.604 I/dvm_gc_madvise_info( 2044): [1536000,1060864]
05-17 06:27:50.624 I/dvm_gc_info(  802): [7453298398306022442,-9165522571040647126,-4006368547746117592,7349951]
05-17 06:27:55.649 I/dvm_gc_madvise_info(  802): [1478656,1060864]
05-17 06:27:56.830 I/binder_sample(  296): [android.os.INetStatService,2,8,com.android.phone,1]
05-17 06:28:04.978 I/binder_sample(  296): [android.os.INetStatService,2,8,com.android.phone,1]
05-17 06:29:45.556 I/force_gc( 2044): bg
05-17 06:29:45.596 I/dvm_gc_info( 2044): [8534155694507741901,-9206617917640390613,-4006087072769406936,7349951]
05-17 06:29:50.561 I/force_gc(  802): bg
05-17 06:29:50.621 I/dvm_gc_madvise_info( 2044): [1536000,1060864]
05-17 06:29:50.641 I/dvm_gc_info(  802): [7453298398306027061,-9045614230961907670,-4006368547746117592,7349951]
05-17 06:29:55.676 I/dvm_gc_madvise_info(  802): [1478656,1060864]
05-17 06:30:22.522 I/binder_sample(  296): [android.os.INetStatService,1,8,com.android.phone,1]
05-17 06:30:38.828 I/binder_sample(  296): [android.os.INetStatService,1,11,com.android.phone,2]
05-17 06:30:50.039 I/binder_sample(  296): [android.os.INetStatService,1,10,com.android.phone,2]
05-17 06:31:47.115 I/binder_sample(  296): [android.os.INetStatService,2,9,com.android.phone,1]
05-17 06:31:49.147 I/binder_sample(  296): [android.os.INetStatService,2,8,com.android.phone,1]
05-17 06:32:54.360 I/binder_sample(  296): [android.os.INetStatService,2,9,com.android.phone,1]
05-17 06:33:34.109 I/binder_sample(  296): [android.os.INetStatService,2,8,com.android.phone,1]
05-17 06:34:00.135 I/dvm_gc_info(  278): [8320808730291619454,-8921201672629376975,-4001583473142036440,8005441]
05-17 06:34:05.140 I/dvm_gc_madvise_info(  278): [1212416,1060864]
05-17 06:34:10.815 I/binder_sample(  296): [android.os.INetStatService,2,8,com.android.phone,1]
05-17 06:34:15.890 I/binder_sample(  296): [android.os.INetStatService,1,8,com.android.phone,1]
05-17 06:35:42.545 I/binder_sample(  296): [android.os.INetStatService,1,9,com.android.phone,1]
05-17 06:36:00.172 I/dvm_gc_info(  214): [8320808730291636106,-8896707919490484124,-3975406300307945432,8624173]
05-17 06:36:05.227 I/dvm_gc_madvise_info(  214): [1859584,1060864]
05-17 06:38:40.398 I/am_create_service(  214): [1084742584,com.google.android.apps.maps/com.google.googlenav.prefetch.android.PrefetcherService,,1933]
05-17 06:38:40.478 I/dvm_gc_info(  391): [7449358886915556960,-9015214864740861908,-4005805597792696280,7349951]
05-17 06:38:45.463 I/force_gc( 1933): bg
05-17 06:38:45.503 I/dvm_gc_madvise_info(  391): [1298432,1060864]
05-17 06:38:45.503 I/dvm_gc_info( 1933): [3345437233799922942,-9065879948063967178,-4002709373048879064,7349951]
05-17 06:38:50.478 I/am_destroy_service(  214): [1084742584,com.google.android.apps.maps/com.google.googlenav.prefetch.android.PrefetcherService,1933]
05-17 06:38:50.488 I/force_gc(  802): bg
05-17 06:38:50.528 I/dvm_gc_madvise_info( 1933): [1212416,1060864]
05-17 06:38:50.548 I/dvm_gc_info(  802): [7453298398305969203,-9159611596529723350,-4006368547746117592,7349951]
05-17 06:38:55.593 I/dvm_gc_madvise_info(  802): [1474560,1060864]
05-17 06:42:20.002 I/binder_sample(  296): [android.os.INetStatService,1,10,com.android.phone,2]
05-17 06:44:00.100 I/binder_sample(  278): [android.app.IActivityManager,16,11,com.android.systemui,2]
05-17 06:44:07.017 I/binder_sample(  296): [android.os.INetStatService,2,7,com.android.phone,1]
05-17 06:45:27.555 I/binder_sample(  296): [android.os.INetStatService,1,9,com.android.phone,1]
05-17 06:45:36.734 I/binder_sample(  296): [android.os.INetStatService,1,9,com.android.phone,1]
05-17 06:45:38.776 I/binder_sample(  296): [android.os.INetStatService,2,9,com.android.phone,1]
05-17 06:45:42.850 I/binder_sample(  296): [android.os.INetStatService,2,8,com.android.phone,1]
05-17 06:46:01.168 I/binder_sample(  296): [android.os.INetStatService,1,8,com.android.phone,1]
05-17 06:46:01.178 I/binder_sample(  296): [android.os.INetStatService,2,8,com.android.phone,1]
05-17 06:46:51.117 I/binder_sample(  296): [android.os.INetStatService,2,9,com.android.phone,1]
05-17 06:47:15.551 I/binder_sample(  296): [android.os.INetStatService,2,8,com.android.phone,1]
05-17 06:49:12.725 I/binder_sample(  296): [android.os.INetStatService,1,8,com.android.phone,1]
05-17 06:49:38.200 I/binder_sample(  296): [android.os.INetStatService,1,8,com.android.phone,1]
05-17 06:51:42.551 I/binder_sample(  296): [android.os.INetStatService,1,9,com.android.phone,1]
05-17 06:52:23.331 I/binder_sample(  296): [android.os.INetStatService,2,8,com.android.phone,1]
05-17 06:52:56.964 I/binder_sample(  296): [android.os.INetStatService,2,9,com.android.phone,1]
05-17 06:53:00.037 I/binder_sample(  296): [android.os.INetStatService,1,44,com.android.phone,8]
05-17 06:53:45.421 I/force_gc(  802): bg
05-17 06:53:45.441 I/dvm_gc_info(  802): [7453298398305801293,-9117108875046418390,-4006368547746117592,7349951]
05-17 06:53:50.496 I/dvm_gc_madvise_info(  802): [1490944,1060864]
05-17 06:54:02.217 I/binder_sample(  296): [android.os.INetStatService,2,8,com.android.phone,1]
05-17 06:54:12.407 I/binder_sample(  296): [android.os.INetStatService,2,8,com.android.phone,1]
05-17 06:54:36.050 I/binder_sample(  391): [android.os.IPowerManager,1,5,com.google.process.gapps,1]
05-17 06:54:36.060 I/am_create_service(  214): [1084572696,com.google.android.gsf/.checkin.EventLogService,,391]
05-17 06:54:36.070 I/aggregation(  391): 1305582876081
05-17 06:54:36.120 I/am_destroy_service(  214): [1084572696,com.google.android.gsf/.checkin.EventLogService,391]
05-17 06:54:38.903 I/binder_sample(  296): [android.os.INetStatService,1,10,com.android.phone,2]
05-17 06:54:42.977 I/binder_sample(  296): [android.os.INetStatService,1,10,com.android.phone,2]
05-17 06:55:14.548 I/binder_sample(  296): [android.os.INetStatService,1,10,com.android.phone,2]
05-17 06:55:44.117 I/binder_sample(  296): [android.os.INetStatService,2,8,com.android.phone,1]
05-17 06:55:53.286 I/binder_sample(  296): [android.os.INetStatService,1,8,com.android.phone,1]
05-17 06:56:40.161 I/binder_sample(  296): [android.os.INetStatService,2,8,com.android.phone,1]
05-17 06:59:04.883 I/binder_sample(  296): [android.os.INetStatService,2,8,com.android.phone,1]
05-17 07:00:35.631 I/binder_sample(  296): [android.os.INetStatService,2,8,com.android.phone,1]
05-17 07:00:43.779 I/binder_sample(  296): [android.os.INetStatService,1,8,com.android.phone,1]
05-17 07:00:46.842 I/binder_sample(  296): [android.os.INetStatService,1,9,com.android.phone,1]
05-17 07:00:56.021 I/binder_sample(  296): [android.os.INetStatService,2,8,com.android.phone,1]
05-17 07:03:28.810 I/binder_sample(  296): [android.os.INetStatService,1,9,com.android.phone,1]
05-17 07:03:44.105 I/binder_sample(  296): [android.os.INetStatService,2,9,com.android.phone,1]
05-17 07:04:05.486 I/binder_sample(  296): [android.os.INetStatService,1,8,com.android.phone,1]
05-17 07:04:11.602 I/binder_sample(  296): [android.os.INetStatService,1,8,com.android.phone,1]
05-17 07:05:50.458 I/binder_sample(  296): [android.os.INetStatService,1,8,com.android.phone,1]
05-17 07:05:59.647 I/binder_sample(  296): [android.os.INetStatService,2,7,com.android.phone,1]
05-17 07:06:39.406 I/binder_sample(  296): [android.os.INetStatService,2,9,com.android.phone,1]
05-17 07:07:42.588 I/binder_sample(  296): [android.os.INetStatService,1,10,com.android.phone,2]
05-17 07:08:14.189 I/binder_sample(  296): [android.os.INetStatService,2,8,com.android.phone,1]
05-17 07:08:40.384 I/am_create_service(  214): [1082287176,com.google.android.apps.maps/com.google.googlenav.prefetch.android.PrefetcherService,,1933]
05-17 07:08:40.564 I/dvm_gc_info(  214): [8320808730291636106,-8898115294374037404,-3975406300307945432,8624173]
05-17 07:08:45.479 I/force_gc( 2044): bg
05-17 07:08:45.599 I/dvm_gc_madvise_info(  214): [1859584,1060864]
05-17 07:08:45.609 I/dvm_gc_info( 2044): [8534155694508102350,-9206617917640390613,-4006087072769406936,7349951]
05-17 07:08:50.464 I/am_destroy_service(  214): [1082287176,com.google.android.apps.maps/com.google.googlenav.prefetch.android.PrefetcherService,1933]
05-17 07:08:50.504 I/force_gc( 1933): bg
05-17 07:08:50.554 I/dvm_gc_info( 1933): [3345437233799963907,-9065316998110545866,-4002709373048879064,7349951]
05-17 07:08:50.624 I/dvm_gc_madvise_info( 2044): [1536000,1060864]
05-17 07:08:55.499 I/force_gc(  802): bg
05-17 07:08:55.589 I/dvm_gc_madvise_info( 1933): [1212416,1060864]
05-17 07:08:55.599 I/dvm_gc_info(  802): [7453298398306104887,-9044488331055069142,-4006368547746117592,7349951]
05-17 07:09:00.634 I/dvm_gc_madvise_info(  802): [1470464,1060864]
05-17 07:09:35.648 I/binder_sample(  296): [android.os.INetStatService,1,8,com.android.phone,1]
05-17 07:10:45.576 I/force_gc( 2044): bg
05-17 07:10:45.606 I/dvm_gc_info( 2044): [8534155694507684557,-9206617917640390613,-4006087072769406936,7349951]
05-17 07:10:50.591 I/force_gc(  802): bg
05-17 07:10:50.651 I/dvm_gc_madvise_info( 2044): [1536000,1060864]
05-17 07:10:50.671 I/dvm_gc_info(  802): [7453298398306047027,-9149197022391433174,-4006368547746117592,7349951]
05-17 07:10:55.706 I/dvm_gc_madvise_info(  802): [1478656,1060864]
05-17 07:11:42.972 I/binder_sample(  296): [android.os.INetStatService,2,8,com.android.phone,1]
05-17 07:12:31.870 I/binder_sample(  296): [android.os.INetStatService,1,9,com.android.phone,1]
05-17 07:12:45.573 I/force_gc( 2044): bg
05-17 07:12:45.643 I/dvm_gc_info( 2044): [8534155694507844302,-9206617917640390613,-4006087072769406936,7349951]
05-17 07:12:50.588 I/force_gc(  802): bg
05-17 07:12:50.658 I/dvm_gc_madvise_info( 2044): [1536000,1060864]
05-17 07:12:50.678 I/dvm_gc_info(  802): [7453298398306059306,-9165522571040647126,-4006368547746117592,7349951]
05-17 07:12:55.713 I/dvm_gc_madvise_info(  802): [1478656,1060864]
05-17 07:13:19.747 I/binder_sample(  296): [android.os.INetStatService,2,8,com.android.phone,1]
05-17 07:14:34.139 I/binder_sample(  296): [android.os.INetStatService,1,10,com.android.phone,2]
05-17 07:14:42.297 I/binder_sample(  296): [android.os.INetStatService,2,9,com.android.phone,1]
05-17 07:14:45.530 I/force_gc( 2044): bg
05-17 07:14:45.550 I/dvm_gc_info( 2044): [8534155694507651789,-9206617917640390613,-4006087072769406936,7349951]
05-17 07:14:50.545 I/force_gc(  802): bg
05-17 07:14:50.625 I/dvm_gc_madvise_info( 2044): [1536000,1060864]
05-17 07:14:50.635 I/dvm_gc_info(  802): [7453298398306063925,-9045614230961907670,-4006368547746117592,7349951]
05-17 07:14:55.660 I/dvm_gc_madvise_info(  802): [1478656,1060864]
05-17 07:15:44.478 I/binder_sample(  296): [android.os.INetStatService,2,8,com.android.phone,1]
05-17 07:15:53.657 I/binder_sample(  296): [android.os.INetStatService,2,7,com.android.phone,1]
05-17 07:19:20.298 I/dvm_gc_info(  302): [4928475562231531104,-8950475413888616402,-4005242647839274968,7349951]
05-17 07:19:25.333 I/dvm_gc_madvise_info(  302): [1245184,1060864]
05-17 07:20:03.300 I/binder_sample(  296): [android.os.INetStatService,1,8,com.android.phone,1]
05-17 07:20:36.933 I/binder_sample(  296): [android.os.INetStatService,1,9,com.android.phone,1]
05-17 07:21:28.914 I/binder_sample(  296): [android.os.INetStatService,2,8,com.android.phone,1]
05-17 07:23:45.417 I/force_gc(  802): bg
05-17 07:23:45.437 I/dvm_gc_info(  802): [7453298398305801267,-9159611596529723350,-4006368547746117592,7349951]
05-17 07:23:50.482 I/dvm_gc_madvise_info(  802): [1482752,1060864]
05-17 07:24:06.858 I/binder_sample(  296): [android.os.INetStatService,1,9,com.android.phone,1]
05-17 07:24:36.167 I/binder_sample(  391): [android.os.IPowerManager,1,5,com.google.process.gapps,1]
05-17 07:24:36.177 I/am_create_service(  214): [1081953984,com.google.android.gsf/.checkin.EventLogService,,391]
05-17 07:24:36.187 I/aggregation(  391): 1305584676202
05-17 07:24:36.237 I/am_destroy_service(  214): [1081953984,com.google.android.gsf/.checkin.EventLogService,391]
05-17 07:24:56.777 I/binder_sample(  296): [android.os.INetStatService,1,9,com.android.phone,1]
05-17 07:25:51.810 I/binder_sample(  296): [android.os.INetStatService,1,7,com.android.phone,1]
05-17 07:26:24.452 I/binder_sample(  296): [android.os.INetStatService,1,9,com.android.phone,1]
05-17 07:26:49.927 I/binder_sample(  296): [android.os.INetStatService,1,8,com.android.phone,1]
05-17 07:27:37.804 I/binder_sample(  296): [android.os.INetStatService,1,9,com.android.phone,1]
05-17 07:27:39.856 I/binder_sample(  296): [android.os.INetStatService,2,8,com.android.phone,1]
05-17 07:28:00.106 I/binder_sample(  278): [android.app.IActivityManager,16,10,com.android.systemui,2]
05-17 07:28:48.102 I/binder_sample(  296): [android.os.INetStatService,1,9,com.android.phone,1]
05-17 07:29:38.021 I/binder_sample(  296): [android.os.INetStatService,2,8,com.android.phone,1]
05-17 07:29:56.359 I/binder_sample(  296): [android.os.INetStatService,1,8,com.android.phone,1]
05-17 07:30:13.656 I/binder_sample(  296): [android.os.INetStatService,1,9,com.android.phone,1]
05-17 07:30:53.415 I/binder_sample(  296): [android.os.INetStatService,1,8,com.android.phone,1]
05-17 07:31:08.690 I/binder_sample(  296): [android.os.INetStatService,1,9,com.android.phone,1]
05-17 07:31:31.121 I/binder_sample(  296): [android.os.INetStatService,2,8,com.android.phone,1]
05-17 07:31:36.216 I/binder_sample(  296): [android.os.INetStatService,1,9,com.android.phone,1]
05-17 07:31:43.353 I/binder_sample(  296): [android.os.INetStatService,2,8,com.android.phone,1]
05-17 07:32:28.187 I/binder_sample(  296): [android.os.INetStatService,2,9,com.android.phone,1]
05-17 07:34:24.390 I/binder_sample(  296): [android.os.INetStatService,2,8,com.android.phone,1]
05-17 07:36:02.216 I/binder_sample(  296): [android.os.INetStatService,1,8,com.android.phone,1]
05-17 07:36:58.271 I/binder_sample(  296): [android.os.INetStatService,1,9,com.android.phone,1]
05-17 07:37:32.924 I/binder_sample(  296): [android.os.INetStatService,1,9,com.android.phone,1]
05-17 07:38:30.000 I/binder_sample(  296): [android.os.INetStatService,2,8,com.android.phone,1]
05-17 07:38:40.380 I/am_create_service(  214): [1082956120,com.google.android.apps.maps/com.google.googlenav.prefetch.android.PrefetcherService,,1933]
05-17 07:38:45.455 I/force_gc( 1933): bg
05-17 07:38:45.485 I/dvm_gc_info( 1933): [3345437233799886078,-9065879948063967178,-4002709373048879064,7349951]
05-17 07:38:50.460 I/am_destroy_service(  214): [1082956120,com.google.android.apps.maps/com.google.googlenav.prefetch.android.PrefetcherService,1933]
05-17 07:38:50.480 I/force_gc(  802): bg
05-17 07:38:50.530 I/dvm_gc_madvise_info( 1933): [1212416,1060864]
