--------- beginning of /dev/log/system
04-26 13:37:11.120 D/PowerManagerService(  197): setScreenBrightnessOverride -1
04-26 13:37:11.120 D/PowerManagerService(  197): setButtonBrightnessOverride -1
04-26 13:37:12.170 D/PowerManagerService(  197): userActivity mLastEventTime=18680820 time=18682313 mUserActivityAllowed=true mUserState=0x3 mWakeLockState=0x0 mProximitySensorActive=false timeoutOverride=-1 force=false
04-26 13:37:12.170 D/PowerManagerService(  197): reactivateScreenLocksLocked mProxIgnoredBecauseScreenTurnedOff=false
04-26 13:37:12.170 D/PowerManagerService(  197): setPowerState: mPowerState=0x3 newState=0x3 noChangeLights=false reason=2
04-26 13:37:12.170 D/PowerManagerService(  197): setTimeoutLocked now=18682313 timeoutOverride=-1 nextState=3 when=18688313
04-26 13:37:12.370 D/PowerManagerService(  197): userActivity mLastEventTime=18682313 time=18682512 mUserActivityAllowed=true mUserState=0x3 mWakeLockState=0x0 mProximitySensorActive=false timeoutOverride=-1 force=false
04-26 13:37:12.370 D/PowerManagerService(  197): reactivateScreenLocksLocked mProxIgnoredBecauseScreenTurnedOff=false
04-26 13:37:12.370 D/PowerManagerService(  197): setPowerState: mPowerState=0x3 newState=0x3 noChangeLights=false reason=2
04-26 13:37:12.370 D/PowerManagerService(  197): setTimeoutLocked now=18682512 timeoutOverride=-1 nextState=3 when=18688512
04-26 13:37:13.170 D/PowerManagerService(  197): userActivity mLastEventTime=18682512 time=18683316 mUserActivityAllowed=true mUserState=0x3 mWakeLockState=0x0 mProximitySensorActive=false timeoutOverride=-1 force=false
04-26 13:37:13.170 D/PowerManagerService(  197): reactivateScreenLocksLocked mProxIgnoredBecauseScreenTurnedOff=false
04-26 13:37:13.170 D/PowerManagerService(  197): setPowerState: mPowerState=0x3 newState=0x3 noChangeLights=false reason=2
04-26 13:37:13.170 D/PowerManagerService(  197): setTimeoutLocked now=18683316 timeoutOverride=-1 nextState=3 when=18689316
04-26 13:37:13.370 D/PowerManagerService(  197): userActivity mLastEventTime=18683316 time=18683512 mUserActivityAllowed=true mUserState=0x3 mWakeLockState=0x0 mProximitySensorActive=false timeoutOverride=-1 force=false
04-26 13:37:13.370 D/PowerManagerService(  197): reactivateScreenLocksLocked mProxIgnoredBecauseScreenTurnedOff=false
04-26 13:37:13.370 D/PowerManagerService(  197): setPowerState: mPowerState=0x3 newState=0x3 noChangeLights=false reason=2
04-26 13:37:13.370 D/PowerManagerService(  197): setTimeoutLocked now=18683512 timeoutOverride=-1 nextState=3 when=18689512
04-26 13:37:14.470 D/PowerManagerService(  197): userActivity mLastEventTime=18683512 time=18684617 mUserActivityAllowed=true mUserState=0x3 mWakeLockState=0x0 mProximitySensorActive=false timeoutOverride=-1 force=false
04-26 13:37:14.470 D/PowerManagerService(  197): reactivateScreenLocksLocked mProxIgnoredBecauseScreenTurnedOff=false
04-26 13:37:14.480 D/PowerManagerService(  197): setPowerState: mPowerState=0x3 newState=0x3 noChangeLights=false reason=2
04-26 13:37:14.480 D/PowerManagerService(  197): setTimeoutLocked now=18684617 timeoutOverride=-1 nextState=3 when=18690617
04-26 13:37:14.680 D/PowerManagerService(  197): userActivity mLastEventTime=18684617 time=18684822 mUserActivityAllowed=true mUserState=0x3 mWakeLockState=0x0 mProximitySensorActive=false timeoutOverride=-1 force=false
04-26 13:37:14.680 D/PowerManagerService(  197): reactivateScreenLocksLocked mProxIgnoredBecauseScreenTurnedOff=false
04-26 13:37:14.680 D/PowerManagerService(  197): setPowerState: mPowerState=0x3 newState=0x3 noChangeLights=false reason=2
04-26 13:37:14.680 D/PowerManagerService(  197): setTimeoutLocked now=18684822 timeoutOverride=-1 nextState=3 when=18690822
04-26 13:37:20.070 D/StatusBarPolicy(  295): [BRIGHTHY] 0. mDataNetType: 2
04-26 13:37:20.070 D/StatusBarPolicy(  295): [BRIGHTHY] curNetwork=45000 curHPLMN=45000
04-26 13:37:20.690 D/PowerManagerService(  197): user activity timeout timed out nextState=3
04-26 13:37:20.690 D/PowerManagerService(  197): setPowerState: mPowerState=0x3 newState=0x3 noChangeLights=false reason=3
04-26 13:37:20.690 D/PowerManagerService(  197): setTimeoutLocked now=18690826 timeoutOverride=-1 nextState=1 when=18737826
04-26 13:37:23.070 D/StatusBarPolicy(  295): [BRIGHTHY] 0. mDataNetType: 2
04-26 13:37:23.070 D/StatusBarPolicy(  295): [BRIGHTHY] curNetwork=45000 curHPLMN=45000
04-26 13:37:26.070 D/StatusBarPolicy(  295): [BRIGHTHY] 0. mDataNetType: 2
04-26 13:37:26.070 D/StatusBarPolicy(  295): [BRIGHTHY] curNetwork=45000 curHPLMN=45000
04-26 13:37:37.140 D/PowerManagerService(  197): acquireWakeLock flags=0x1 tag=AlarmManager
04-26 13:37:37.200 D/PowerManagerService(  197): releaseWakeLock flags=0x1 tag=AlarmManager
04-26 13:37:38.060 D/StatusBarPolicy(  295): [BRIGHTHY] 0. mDataNetType: 2
04-26 13:37:38.060 D/StatusBarPolicy(  295): [BRIGHTHY] curNetwork=45000 curHPLMN=45000
04-26 13:38:00.000 D/PowerManagerService(  197): acquireWakeLock flags=0x1 tag=AlarmManager
04-26 13:38:00.050 D/PowerManagerService(  197): releaseWakeLock flags=0x1 tag=AlarmManager
04-26 13:38:07.710 D/PowerManagerService(  197): user activity timeout timed out nextState=1
04-26 13:38:07.710 D/PowerManagerService(  197): setPowerState: mPowerState=0x3 newState=0x1 noChangeLights=false reason=3
04-26 13:38:07.710 D/PowerManagerService(  197): setPowerState: mPowerState=3 newState=1 noChangeLights=false
04-26 13:38:07.710 D/PowerManagerService(  197):   oldKeyboardBright=false newKeyboardBright=false
04-26 13:38:07.710 D/PowerManagerService(  197):   oldScreenBright=true newScreenBright=false
04-26 13:38:07.710 D/PowerManagerService(  197):   oldButtonBright=false newButtonBright=false
04-26 13:38:07.710 D/PowerManagerService(  197):   oldScreenOn=true newScreenOn=true
04-26 13:38:07.710 D/PowerManagerService(  197):   oldBatteryLow=false newBatteryLow=false
04-26 13:38:07.710 I/PowerManagerService(  197): setTargetLocked mask=2 curValue=102.0 target=20 targetValue=20 delta=-4.5555553 nominalCurrentValue=102
04-26 13:38:07.710 I/PowerManagerService(  197): scheduling light animator
04-26 13:38:07.720 D/PowerManagerService(  197): offMask=0x0 dimMask=0x0 onMask=0x0 difference=0x2 realDifference=0x2 forceState=0x0
04-26 13:38:07.720 D/PowerManagerService(  197): setTimeoutLocked now=18737864 timeoutOverride=-1 nextState=0 when=18744864
04-26 13:38:07.720 D/PowerManagerService(  197): Animating curIntValue=97: 2
04-26 13:38:07.740 D/PowerManagerService(  197): Animating curIntValue=92: 2
04-26 13:38:07.750 D/PowerManagerService(  197): Animating curIntValue=88: 2
04-26 13:38:07.770 D/PowerManagerService(  197): Animating curIntValue=83: 2
04-26 13:38:07.790 D/PowerManagerService(  197): Animating curIntValue=79: 2
04-26 13:38:07.800 D/PowerManagerService(  197): Animating curIntValue=74: 2
04-26 13:38:07.820 D/PowerManagerService(  197): Animating curIntValue=70: 2
04-26 13:38:07.840 D/PowerManagerService(  197): Animating curIntValue=65: 2
04-26 13:38:07.850 D/PowerManagerService(  197): Animating curIntValue=60: 2
04-26 13:38:07.870 D/PowerManagerService(  197): Animating curIntValue=56: 2
04-26 13:38:07.880 D/PowerManagerService(  197): Animating curIntValue=51: 2
04-26 13:38:07.900 D/PowerManagerService(  197): Animating curIntValue=47: 2
04-26 13:38:07.920 D/PowerManagerService(  197): Animating curIntValue=42: 2
04-26 13:38:07.930 D/PowerManagerService(  197): Animating curIntValue=38: 2
04-26 13:38:07.950 D/PowerManagerService(  197): Animating curIntValue=33: 2
04-26 13:38:07.970 D/PowerManagerService(  197): Animating curIntValue=29: 2
04-26 13:38:07.980 D/PowerManagerService(  197): Animating curIntValue=24: 2
04-26 13:38:08.000 D/PowerManagerService(  197): Animating curIntValue=20: 2
04-26 13:38:14.730 D/PowerManagerService(  197): user activity timeout timed out nextState=0
04-26 13:38:14.730 D/PowerManagerService(  197): setPowerState: mPowerState=0x1 newState=0x0 noChangeLights=false reason=3
04-26 13:38:14.730 D/PowerManagerService(  197): setPowerState: mPowerState=1 newState=0 noChangeLights=false
04-26 13:38:14.730 D/PowerManagerService(  197):   oldKeyboardBright=false newKeyboardBright=false
04-26 13:38:14.730 D/PowerManagerService(  197):   oldScreenBright=false newScreenBright=false
04-26 13:38:14.730 D/PowerManagerService(  197):   oldButtonBright=false newButtonBright=false
04-26 13:38:14.730 D/PowerManagerService(  197):   oldScreenOn=true newScreenOn=false
04-26 13:38:14.730 D/PowerManagerService(  197):   oldBatteryLow=false newBatteryLow=false
04-26 13:38:14.730 I/PowerManagerService(  197): setTargetLocked mask=2 curValue=20.0 target=0 targetValue=0 delta=-5.0 nominalCurrentValue=20
04-26 13:38:14.730 I/PowerManagerService(  197): scheduling light animator
04-26 13:38:14.740 D/PowerManagerService(  197): offMask=0x0 dimMask=0x0 onMask=0x0 difference=0x1 realDifference=0x1 forceState=0x0
04-26 13:38:14.740 D/PowerManagerService(  197): Animating curIntValue=15: 2
04-26 13:38:14.760 D/PowerManagerService(  197): Animating curIntValue=10: 2
04-26 13:38:14.770 D/PowerManagerService(  197): Animating curIntValue=5: 2
04-26 13:38:14.790 D/PowerManagerService(  197): Animating curIntValue=0: 2
04-26 13:38:14.800 D/PowerManagerService(  197): acquireWakeLock flags=0x1 tag=sleep_broadcast
04-26 13:38:14.830 D/PowerManagerService(  197): acquireWakeLock flags=0x1 tag=ActivityManager-Sleep
04-26 13:38:14.900 D/PowerManagerService(  197): releaseWakeLock flags=0x1 tag=ActivityManager-Sleep
04-26 13:38:14.930 D/PowerManagerService(  197): acquireWakeLock flags=0x1 tag=RILJ
04-26 13:38:14.930 D/PowerManagerService(  197): releaseWakeLock flags=0x1 tag=RILJ
04-26 13:38:14.940 D/PowerManagerService(  197): releaseWakeLock flags=0x1 tag=sleep_broadcast
04-26 13:38:19.830 D/PowerManagerService(  197): acquireWakeLock flags=0x1 tag=AlarmManager
04-26 13:38:19.830 D/PowerManagerService(  197): acquireWakeLock flags=0x1 tag=show keyguard
04-26 13:38:19.850 D/PowerManagerService(  197): releaseWakeLock flags=0x1 tag=AlarmManager
04-26 13:38:20.160 D/PowerManagerService(  197): enableUserActivity false
04-26 13:38:20.160 D/PowerManagerService(  197): setTimeoutLocked now=18750304 timeoutOverride=-1 nextState=0 when=18757304
04-26 13:38:20.160 D/PowerManagerService(  197): releaseWakeLock flags=0x1 tag=show keyguard
04-26 13:38:20.260 D/PowerManagerService(  197): setScreenBrightnessOverride -1
04-26 13:38:20.260 D/PowerManagerService(  197): setButtonBrightnessOverride -1
04-26 13:38:20.290 D/PowerManagerService(  197): setScreenBrightnessOverride -1
04-26 13:38:20.290 D/PowerManagerService(  197): setButtonBrightnessOverride -1
04-26 13:38:27.170 D/PowerManagerService(  197): user activity timeout timed out nextState=0
04-26 13:38:27.170 D/PowerManagerService(  197): setPowerState: mPowerState=0x0 newState=0x0 noChangeLights=false reason=3
04-26 13:39:00.000 D/PowerManagerService(  197): acquireWakeLock flags=0x1 tag=AlarmManager
04-26 13:39:00.060 D/PowerManagerService(  197): releaseWakeLock flags=0x1 tag=AlarmManager
04-26 13:40:00.010 D/PowerManagerService(  197): acquireWakeLock flags=0x1 tag=AlarmManager
04-26 13:40:00.060 D/PowerManagerService(  197): releaseWakeLock flags=0x1 tag=AlarmManager
04-26 13:41:00.000 D/PowerManagerService(  197): acquireWakeLock flags=0x1 tag=AlarmManager
04-26 13:41:00.060 D/PowerManagerService(  197): releaseWakeLock flags=0x1 tag=AlarmManager
04-26 13:42:00.000 D/PowerManagerService(  197): acquireWakeLock flags=0x1 tag=AlarmManager
04-26 13:42:00.060 D/PowerManagerService(  197): releaseWakeLock flags=0x1 tag=AlarmManager
04-26 13:43:00.000 D/PowerManagerService(  197): acquireWakeLock flags=0x1 tag=AlarmManager
04-26 13:43:00.060 D/PowerManagerService(  197): releaseWakeLock flags=0x1 tag=AlarmManager
04-26 13:43:13.790 D/PowerManagerService(  197): acquireWakeLock flags=0x1 tag=AlarmManager
04-26 13:43:13.790 D/PowerManagerService(  197): releaseWakeLock flags=0x1 tag=AlarmManager
04-26 13:43:13.800 D/NetdConnector(  197): SND -> {interface readrxcounter rmnet0} {null}
04-26 13:43:13.810 D/NetdConnector(  197): RCV <- {216 0}
04-26 13:43:13.820 D/NetdConnector(  197): RSP <- {216 0}
04-26 13:43:13.830 D/NetdConnector(  197): SND -> {interface readtxcounter rmnet0} {null}
04-26 13:43:13.830 D/NetdConnector(  197): RCV <- {217 0}
04-26 13:43:13.830 D/NetdConnector(  197): RSP <- {217 0}
04-26 13:44:00.000 D/PowerManagerService(  197): acquireWakeLock flags=0x1 tag=AlarmManager
04-26 13:44:00.060 D/PowerManagerService(  197): releaseWakeLock flags=0x1 tag=AlarmManager
04-26 13:45:00.000 D/PowerManagerService(  197): acquireWakeLock flags=0x1 tag=AlarmManager
04-26 13:45:00.060 D/PowerManagerService(  197): releaseWakeLock flags=0x1 tag=AlarmManager
04-26 13:46:00.000 D/PowerManagerService(  197): acquireWakeLock flags=0x1 tag=AlarmManager
04-26 13:46:00.060 D/PowerManagerService(  197): releaseWakeLock flags=0x1 tag=AlarmManager
04-26 13:47:00.010 D/PowerManagerService(  197): acquireWakeLock flags=0x1 tag=AlarmManager
04-26 13:47:00.060 D/PowerManagerService(  197): releaseWakeLock flags=0x1 tag=AlarmManager
04-26 13:48:00.000 D/PowerManagerService(  197): acquireWakeLock flags=0x1 tag=AlarmManager
04-26 13:48:00.060 D/PowerManagerService(  197): releaseWakeLock flags=0x1 tag=AlarmManager
04-26 13:49:00.000 D/PowerManagerService(  197): acquireWakeLock flags=0x1 tag=AlarmManager
04-26 13:49:00.060 D/PowerManagerService(  197): releaseWakeLock flags=0x1 tag=AlarmManager
04-26 13:50:00.020 D/PowerManagerService(  197): acquireWakeLock flags=0x1 tag=AlarmManager
04-26 13:50:00.060 D/PowerManagerService(  197): releaseWakeLock flags=0x1 tag=AlarmManager
04-26 13:51:00.010 D/PowerManagerService(  197): acquireWakeLock flags=0x1 tag=AlarmManager
04-26 13:51:00.060 D/PowerManagerService(  197): releaseWakeLock flags=0x1 tag=AlarmManager
04-26 13:52:00.010 D/PowerManagerService(  197): acquireWakeLock flags=0x1 tag=AlarmManager
04-26 13:52:00.060 D/PowerManagerService(  197): releaseWakeLock flags=0x1 tag=AlarmManager
04-26 13:52:25.830 D/PowerManagerService(  197): acquireWakeLock flags=0x1 tag=keyguardWakeAndHandOff
04-26 13:52:25.830 D/PowerManagerService(  197): acquireWakeLock flags=0x1000001a tag=keyguard
04-26 13:52:25.830 D/PowerManagerService(  197): reactivateScreenLocksLocked mProxIgnoredBecauseScreenTurnedOff=false
04-26 13:52:25.830 D/PowerManagerService(  197): wakeup here mUserState=0x0 mWakeLockState=0x7 previous wakeLockState=0x0
04-26 13:52:25.830 D/PowerManagerService(  197): setPowerState: mPowerState=0x0 newState=0x7 noChangeLights=false reason=3
04-26 13:52:25.830 D/PowerManagerService(  197): setPowerState: mPowerState=0 newState=7 noChangeLights=false
04-26 13:52:25.830 D/PowerManagerService(  197):   oldKeyboardBright=false newKeyboardBright=false
04-26 13:52:25.830 D/PowerManagerService(  197):   oldScreenBright=false newScreenBright=true
04-26 13:52:25.830 D/PowerManagerService(  197):   oldButtonBright=false newButtonBright=true
04-26 13:52:25.830 D/PowerManagerService(  197):   oldScreenOn=false newScreenOn=true
04-26 13:52:25.830 D/PowerManagerService(  197):   oldBatteryLow=false newBatteryLow=false
04-26 13:52:25.830 I/PowerManagerService(  197): setTargetLocked mask=2 curValue=0.0 target=102 targetValue=102 delta=6.8 nominalCurrentValue=0
04-26 13:52:25.830 I/PowerManagerService(  197): scheduling light animator
04-26 13:52:25.830 D/PowerManagerService(  197): offMask=0x0 dimMask=0x0 onMask=0x4 difference=0x7 realDifference=0x7 forceState=0x0
04-26 13:52:25.830 I/PowerManagerService(  197): Setting brightess on 102: 4
04-26 13:52:25.840 D/PowerManagerService(  197): - turning screen on...  mPreventScreenOn = false
04-26 13:52:25.840 D/PowerManagerService(  197): acquireWakeLock flags=0x1 tag=sleep_broadcast
04-26 13:52:25.840 D/PowerManagerService(  197): Animating curIntValue=6: 2
04-26 13:52:25.840 D/PowerManagerService(  197): releaseWakeLock flags=0x1 tag=keyguardWakeAndHandOff
04-26 13:52:25.840 D/PowerManagerService(  197): setKeyboardVisibility: false
04-26 13:52:25.850 D/PowerManagerService(  197): Animating curIntValue=13: 2
04-26 13:52:25.850 D/PowerManagerService(  197): setScreenBrightnessOverride -1
04-26 13:52:25.850 D/PowerManagerService(  197): setButtonBrightnessOverride -1
04-26 13:52:25.870 D/PowerManagerService(  197): Animating curIntValue=20: 2
04-26 13:52:25.890 D/PowerManagerService(  197): setScreenBrightnessOverride -1
04-26 13:52:25.890 D/PowerManagerService(  197): setButtonBrightnessOverride -1
04-26 13:52:25.890 D/PowerManagerService(  197): Animating curIntValue=27: 2
04-26 13:52:25.890 D/PowerManagerService(  197): mBroadcastWakeLock=UnsynchronizedWakeLock(mFlags=0x1 mCount=1 mHeld=true)
04-26 13:52:25.900 D/PowerManagerService(  197): acquireWakeLock flags=0x1 tag=RILJ
04-26 13:52:25.900 D/PowerManagerService(  197): Animating curIntValue=34: 2
04-26 13:52:25.910 D/PowerManagerService(  197): releaseWakeLock flags=0x1 tag=RILJ
04-26 13:52:25.920 D/PowerManagerService(  197): Animating curIntValue=40: 2
04-26 13:52:25.920 D/PowerManagerService(  197): releaseWakeLock flags=0x1 tag=sleep_broadcast
04-26 13:52:25.930 D/StatusBarPolicy(  295): [BRIGHTHY] 0. mDataNetType: 2
04-26 13:52:25.930 D/StatusBarPolicy(  295): [BRIGHTHY] curNetwork=45000 curHPLMN=45000
04-26 13:52:25.930 D/PowerManagerService(  197): acquireWakeLock flags=0x1 tag=RILJ
04-26 13:52:25.930 D/PowerManagerService(  197): releaseWakeLock flags=0x1 tag=RILJ
04-26 13:52:25.940 D/PowerManagerService(  197): Animating curIntValue=47: 2
04-26 13:52:25.940 D/PowerManagerService(  197): acquireWakeLock flags=0x1 tag=RILJ
04-26 13:52:25.940 D/PowerManagerService(  197): releaseWakeLock flags=0x1 tag=RILJ
04-26 13:52:25.950 D/PowerManagerService(  197): acquireWakeLock flags=0x1 tag=RILJ
04-26 13:52:25.950 D/PowerManagerService(  197): releaseWakeLock flags=0x1 tag=RILJ
04-26 13:52:25.950 D/PowerManagerService(  197): Animating curIntValue=54: 2
04-26 13:52:25.960 D/PowerManagerService(  197): acquireWakeLock flags=0x1 tag=RILJ
04-26 13:52:25.960 D/PowerManagerService(  197): releaseWakeLock flags=0x1 tag=RILJ
04-26 13:52:25.970 D/PowerManagerService(  197): Animating curIntValue=61: 2
04-26 13:52:25.980 I/TelephonyRegistry(  197): notifyServiceState: 0 home Testcard LGE 45000  EDGE CSS not supported -1 -1RoamInd: -1DefRoamInd: -1EmergOnly: false
04-26 13:52:25.980 D/PowerManagerService(  197): Animating curIntValue=68: 2
04-26 13:52:25.990 D/StatusBarPolicy(  295): [BRIGHTHY] 0. mDataNetType: 2
04-26 13:52:25.990 D/StatusBarPolicy(  295): [BRIGHTHY] curNetwork=45000 curHPLMN=45000
04-26 13:52:26.000 D/PowerManagerService(  197): Animating curIntValue=74: 2
04-26 13:52:26.020 D/PowerManagerService(  197): Animating curIntValue=81: 2
04-26 13:52:26.020 D/PowerManagerService(  197): acquireWakeLock flags=0x1 tag=StartingAlertService
04-26 13:52:26.030 D/PowerManagerService(  197): Animating curIntValue=88: 2
04-26 13:52:26.050 D/PowerManagerService(  197): Animating curIntValue=95: 2
04-26 13:52:26.070 D/PowerManagerService(  197): Animating curIntValue=102: 2
04-26 13:52:26.080 D/PowerManagerService(  197): releaseWakeLock flags=0x1 tag=StartingAlertService
04-26 13:52:30.870 D/PowerManagerService(  197): releaseWakeLock flags=0x1000001a tag=keyguard
04-26 13:52:30.870 D/PowerManagerService(  197): setPowerState: mPowerState=0x7 newState=0x0 noChangeLights=false reason=3
04-26 13:52:30.870 D/PowerManagerService(  197): setPowerState: mPowerState=7 newState=0 noChangeLights=false
04-26 13:52:30.870 D/PowerManagerService(  197):   oldKeyboardBright=false newKeyboardBright=false
04-26 13:52:30.870 D/PowerManagerService(  197):   oldScreenBright=true newScreenBright=false
04-26 13:52:30.870 D/PowerManagerService(  197):   oldButtonBright=true newButtonBright=false
04-26 13:52:30.880 D/PowerManagerService(  197):   oldScreenOn=true newScreenOn=false
04-26 13:52:30.880 D/PowerManagerService(  197):   oldBatteryLow=false newBatteryLow=false
04-26 13:52:30.880 I/PowerManagerService(  197): setTargetLocked mask=2 curValue=102.0 target=0 targetValue=0 delta=-6.8 nominalCurrentValue=102
04-26 13:52:30.880 I/PowerManagerService(  197): scheduling light animator
04-26 13:52:30.880 D/PowerManagerService(  197): offMask=0x4 dimMask=0x0 onMask=0x0 difference=0x7 realDifference=0x7 forceState=0x0
04-26 13:52:30.880 I/PowerManagerService(  197): Setting brightess off: 4
04-26 13:52:30.880 D/PowerManagerService(  197): Animating curIntValue=95: 2
04-26 13:52:30.890 D/PowerManagerService(  197): Animating curIntValue=88: 2
04-26 13:52:30.910 D/PowerManagerService(  197): Animating curIntValue=81: 2
04-26 13:52:30.920 D/PowerManagerService(  197): Animating curIntValue=74: 2
04-26 13:52:30.940 D/PowerManagerService(  197): Animating curIntValue=67: 2
04-26 13:52:30.960 D/PowerManagerService(  197): Animating curIntValue=61: 2
04-26 13:52:30.970 D/PowerManagerService(  197): Animating curIntValue=54: 2
04-26 13:52:30.990 D/PowerManagerService(  197): Animating curIntValue=47: 2
04-26 13:52:31.010 D/PowerManagerService(  197): Animating curIntValue=40: 2
04-26 13:52:31.020 D/PowerManagerService(  197): Animating curIntValue=33: 2
04-26 13:52:31.040 D/PowerManagerService(  197): Animating curIntValue=27: 2
04-26 13:52:31.050 D/PowerManagerService(  197): Animating curIntValue=20: 2
04-26 13:52:31.080 D/PowerManagerService(  197): Animating curIntValue=13: 2
04-26 13:52:31.090 D/PowerManagerService(  197): Animating curIntValue=6: 2
04-26 13:52:31.110 D/PowerManagerService(  197): Animating curIntValue=0: 2
04-26 13:52:31.130 D/PowerManagerService(  197): acquireWakeLock flags=0x1 tag=sleep_broadcast
04-26 13:52:31.130 D/PowerManagerService(  197): acquireWakeLock flags=0x1 tag=ActivityManager-Sleep
04-26 13:52:31.130 D/PowerManagerService(  197): releaseWakeLock flags=0x1 tag=ActivityManager-Sleep
04-26 13:52:31.140 D/PowerManagerService(  197): acquireWakeLock flags=0x1 tag=RILJ
04-26 13:52:31.150 D/PowerManagerService(  197): releaseWakeLock flags=0x1 tag=RILJ
04-26 13:52:31.190 D/PowerManagerService(  197): setScreenBrightnessOverride -1
04-26 13:52:31.190 D/PowerManagerService(  197): setButtonBrightnessOverride -1
04-26 13:52:31.230 D/PowerManagerService(  197): releaseWakeLock flags=0x1 tag=sleep_broadcast
04-26 13:52:37.210 D/PowerManagerService(  197): acquireWakeLock flags=0x1 tag=AlarmManager
04-26 13:52:37.230 D/PowerManagerService(  197): acquireWakeLock flags=0x1 tag=PrefetcherService
04-26 13:52:37.230 D/PowerManagerService(  197): releaseWakeLock flags=0x1 tag=PrefetcherService
04-26 13:52:37.270 D/PowerManagerService(  197): releaseWakeLock flags=0x1 tag=AlarmManager
04-26 13:53:00.000 D/PowerManagerService(  197): acquireWakeLock flags=0x1 tag=AlarmManager
04-26 13:53:00.070 D/PowerManagerService(  197): releaseWakeLock flags=0x1 tag=AlarmManager
04-26 13:53:13.790 D/PowerManagerService(  197): acquireWakeLock flags=0x1 tag=AlarmManager
04-26 13:53:13.800 D/PowerManagerService(  197): releaseWakeLock flags=0x1 tag=AlarmManager
04-26 13:53:13.820 D/NetdConnector(  197): SND -> {interface readrxcounter rmnet0} {null}
04-26 13:53:13.830 D/NetdConnector(  197): RCV <- {216 0}
04-26 13:53:13.830 D/NetdConnector(  197): RSP <- {216 0}
04-26 13:53:13.840 D/NetdConnector(  197): SND -> {interface readtxcounter rmnet0} {null}
04-26 13:53:13.840 D/NetdConnector(  197): RCV <- {217 0}
04-26 13:53:13.840 D/NetdConnector(  197): RSP <- {217 0}
04-26 13:53:57.640 D/PowerManagerService(  197): acquireWakeLock flags=0x1 tag=keyguardWakeAndHandOff
04-26 13:53:57.650 D/PowerManagerService(  197): acquireWakeLock flags=0x1000001a tag=keyguard
04-26 13:53:57.650 D/PowerManagerService(  197): reactivateScreenLocksLocked mProxIgnoredBecauseScreenTurnedOff=false
04-26 13:53:57.650 D/PowerManagerService(  197): wakeup here mUserState=0x0 mWakeLockState=0x7 previous wakeLockState=0x0
04-26 13:53:57.650 D/PowerManagerService(  197): setPowerState: mPowerState=0x0 newState=0x7 noChangeLights=false reason=3
04-26 13:53:57.650 D/PowerManagerService(  197): setPowerState: mPowerState=0 newState=7 noChangeLights=false
04-26 13:53:57.650 D/PowerManagerService(  197):   oldKeyboardBright=false newKeyboardBright=false
04-26 13:53:57.650 D/PowerManagerService(  197):   oldScreenBright=false newScreenBright=true
04-26 13:53:57.650 D/PowerManagerService(  197):   oldButtonBright=false newButtonBright=true
04-26 13:53:57.650 D/PowerManagerService(  197):   oldScreenOn=false newScreenOn=true
04-26 13:53:57.650 D/PowerManagerService(  197):   oldBatteryLow=false newBatteryLow=false
04-26 13:53:57.650 I/PowerManagerService(  197): setTargetLocked mask=2 curValue=0.0 target=102 targetValue=102 delta=6.8 nominalCurrentValue=0
04-26 13:53:57.650 I/PowerManagerService(  197): scheduling light animator
04-26 13:53:57.650 D/PowerManagerService(  197): offMask=0x0 dimMask=0x0 onMask=0x4 difference=0x7 realDifference=0x7 forceState=0x0
04-26 13:53:57.650 I/PowerManagerService(  197): Setting brightess on 102: 4
04-26 13:53:57.650 D/PowerManagerService(  197): - turning screen on...  mPreventScreenOn = false
04-26 13:53:57.650 D/PowerManagerService(  197): acquireWakeLock flags=0x1 tag=sleep_broadcast
04-26 13:53:57.650 D/PowerManagerService(  197): Animating curIntValue=6: 2
04-26 13:53:57.650 D/PowerManagerService(  197): releaseWakeLock flags=0x1 tag=keyguardWakeAndHandOff
04-26 13:53:57.660 D/PowerManagerService(  197): setKeyboardVisibility: false
04-26 13:53:57.670 D/PowerManagerService(  197): Animating curIntValue=13: 2
04-26 13:53:57.690 D/PowerManagerService(  197): Animating curIntValue=20: 2
04-26 13:53:57.700 D/PowerManagerService(  197): setScreenBrightnessOverride -1
04-26 13:53:57.700 D/PowerManagerService(  197): Animating curIntValue=27: 2
04-26 13:53:57.700 D/PowerManagerService(  197): setButtonBrightnessOverride -1
04-26 13:53:57.700 D/PowerManagerService(  197): mBroadcastWakeLock=UnsynchronizedWakeLock(mFlags=0x1 mCount=1 mHeld=true)
04-26 13:53:57.720 D/PowerManagerService(  197): acquireWakeLock flags=0x1 tag=RILJ
04-26 13:53:57.720 D/PowerManagerService(  197): Animating curIntValue=34: 2
04-26 13:53:57.720 D/PowerManagerService(  197): releaseWakeLock flags=0x1 tag=RILJ
04-26 13:53:57.740 D/PowerManagerService(  197): Animating curIntValue=40: 2
04-26 13:53:57.740 D/StatusBarPolicy(  295): [BRIGHTHY] 0. mDataNetType: 2
04-26 13:53:57.740 D/StatusBarPolicy(  295): [BRIGHTHY] curNetwork=45000 curHPLMN=45000
04-26 13:53:57.740 D/PowerManagerService(  197): releaseWakeLock flags=0x1 tag=sleep_broadcast
04-26 13:53:57.750 D/PowerManagerService(  197): acquireWakeLock flags=0x1 tag=RILJ
04-26 13:53:57.750 D/PowerManagerService(  197): releaseWakeLock flags=0x1 tag=RILJ
04-26 13:53:57.750 D/PowerManagerService(  197): acquireWakeLock flags=0x1 tag=RILJ
04-26 13:53:57.750 D/PowerManagerService(  197): Animating curIntValue=47: 2
04-26 13:53:57.760 D/PowerManagerService(  197): releaseWakeLock flags=0x1 tag=RILJ
04-26 13:53:57.760 D/PowerManagerService(  197): acquireWakeLock flags=0x1 tag=RILJ
04-26 13:53:57.770 D/PowerManagerService(  197): releaseWakeLock flags=0x1 tag=RILJ
04-26 13:53:57.770 D/PowerManagerService(  197): Animating curIntValue=54: 2
04-26 13:53:57.780 D/PowerManagerService(  197): acquireWakeLock flags=0x1 tag=RILJ
04-26 13:53:57.780 D/PowerManagerService(  197): releaseWakeLock flags=0x1 tag=RILJ
04-26 13:53:57.790 D/PowerManagerService(  197): Animating curIntValue=61: 2
04-26 13:53:57.800 I/TelephonyRegistry(  197): notifyServiceState: 0 home Testcard LGE 45000  EDGE CSS not supported -1 -1RoamInd: -1DefRoamInd: -1EmergOnly: false
04-26 13:53:57.800 D/PowerManagerService(  197): Animating curIntValue=68: 2
04-26 13:53:57.810 D/StatusBarPolicy(  295): [BRIGHTHY] 0. mDataNetType: 2
04-26 13:53:57.810 D/StatusBarPolicy(  295): [BRIGHTHY] curNetwork=45000 curHPLMN=45000
04-26 13:53:57.820 D/PowerManagerService(  197): Animating curIntValue=74: 2
04-26 13:53:57.830 D/PowerManagerService(  197): Animating curIntValue=81: 2
04-26 13:53:57.840 D/PowerManagerService(  197): acquireWakeLock flags=0x1 tag=StartingAlertService
04-26 13:53:57.850 D/PowerManagerService(  197): Animating curIntValue=88: 2
04-26 13:53:57.870 D/PowerManagerService(  197): Animating curIntValue=95: 2
04-26 13:53:57.880 D/PowerManagerService(  197): Animating curIntValue=102: 2
04-26 13:53:57.900 D/PowerManagerService(  197): releaseWakeLock flags=0x1 tag=StartingAlertService
04-26 13:53:59.990 D/PowerManagerService(  197): acquireWakeLock flags=0x1 tag=AlarmManager
04-26 13:54:00.020 D/PowerManagerService(  197): releaseWakeLock flags=0x1 tag=AlarmManager
04-26 13:54:02.660 D/PowerManagerService(  197): releaseWakeLock flags=0x1000001a tag=keyguard
04-26 13:54:02.660 D/PowerManagerService(  197): setPowerState: mPowerState=0x7 newState=0x0 noChangeLights=false reason=3
04-26 13:54:02.660 D/PowerManagerService(  197): setPowerState: mPowerState=7 newState=0 noChangeLights=false
04-26 13:54:02.670 D/PowerManagerService(  197):   oldKeyboardBright=false newKeyboardBright=false
04-26 13:54:02.670 D/PowerManagerService(  197):   oldScreenBright=true newScreenBright=false
04-26 13:54:02.670 D/PowerManagerService(  197):   oldButtonBright=true newButtonBright=false
04-26 13:54:02.670 D/PowerManagerService(  197):   oldScreenOn=true newScreenOn=false
04-26 13:54:02.670 D/PowerManagerService(  197):   oldBatteryLow=false newBatteryLow=false
04-26 13:54:02.670 I/PowerManagerService(  197): setTargetLocked mask=2 curValue=102.0 target=0 targetValue=0 delta=-6.8 nominalCurrentValue=102
04-26 13:54:02.670 I/PowerManagerService(  197): scheduling light animator
04-26 13:54:02.680 D/PowerManagerService(  197): offMask=0x4 dimMask=0x0 onMask=0x0 difference=0x7 realDifference=0x7 forceState=0x0
04-26 13:54:02.680 I/PowerManagerService(  197): Setting brightess off: 4
04-26 13:54:02.690 D/PowerManagerService(  197): Animating curIntValue=95: 2
04-26 13:54:02.700 D/PowerManagerService(  197): Animating curIntValue=88: 2
04-26 13:54:02.720 D/PowerManagerService(  197): Animating curIntValue=81: 2
04-26 13:54:02.730 D/PowerManagerService(  197): Animating curIntValue=74: 2
04-26 13:54:02.750 D/PowerManagerService(  197): Animating curIntValue=67: 2
04-26 13:54:02.750 D/PowerManagerService(  197): acquireWakeLock flags=0x1 tag=AlarmManager
04-26 13:54:02.770 D/PowerManagerService(  197): Animating curIntValue=61: 2
04-26 13:54:02.770 D/PowerManagerService(  197): acquireWakeLock flags=0x1 tag=Event Log Handoff
04-26 13:54:02.780 D/PowerManagerService(  197): Animating curIntValue=54: 2
04-26 13:54:02.790 D/PowerManagerService(  197): acquireWakeLock flags=0x1 tag=Event Log Service
04-26 13:54:02.790 D/PowerManagerService(  197): releaseWakeLock flags=0x1 tag=AlarmManager
04-26 13:54:02.790 D/PowerManagerService(  197): releaseWakeLock flags=0x1 tag=Event Log Handoff
04-26 13:54:02.800 D/PowerManagerService(  197): Animating curIntValue=47: 2
04-26 13:54:02.810 D/PowerManagerService(  197): Animating curIntValue=40: 2
04-26 13:54:02.830 D/PowerManagerService(  197): Animating curIntValue=33: 2
04-26 13:54:02.850 D/PowerManagerService(  197): Animating curIntValue=27: 2
04-26 13:54:02.850 D/PowerManagerService(  197): releaseWakeLock flags=0x1 tag=Event Log Service
04-26 13:54:02.860 D/PowerManagerService(  197): Animating curIntValue=20: 2
04-26 13:54:02.880 D/PowerManagerService(  197): Animating curIntValue=13: 2
04-26 13:54:02.890 D/PowerManagerService(  197): Animating curIntValue=6: 2
04-26 13:54:02.910 D/PowerManagerService(  197): Animating curIntValue=0: 2
04-26 13:54:02.930 D/PowerManagerService(  197): acquireWakeLock flags=0x1 tag=sleep_broadcast
04-26 13:54:03.000 D/PowerManagerService(  197): setScreenBrightnessOverride -1
04-26 13:54:03.000 D/PowerManagerService(  197): setButtonBrightnessOverride -1
04-26 13:54:03.010 D/PowerManagerService(  197): acquireWakeLock flags=0x1 tag=ActivityManager-Sleep
04-26 13:54:03.010 D/PowerManagerService(  197): releaseWakeLock flags=0x1 tag=ActivityManager-Sleep
04-26 13:54:03.020 D/PowerManagerService(  197): acquireWakeLock flags=0x1 tag=RILJ
04-26 13:54:03.030 D/PowerManagerService(  197): releaseWakeLock flags=0x1 tag=RILJ
04-26 13:54:03.040 D/PowerManagerService(  197): releaseWakeLock flags=0x1 tag=sleep_broadcast
04-26 13:54:25.710 D/PowerManagerService(  197): acquireWakeLock flags=0x1 tag=keyguardWakeAndHandOff
04-26 13:54:25.720 D/PowerManagerService(  197): acquireWakeLock flags=0x1000001a tag=keyguard
04-26 13:54:25.720 D/PowerManagerService(  197): reactivateScreenLocksLocked mProxIgnoredBecauseScreenTurnedOff=false
04-26 13:54:25.720 D/PowerManagerService(  197): wakeup here mUserState=0x0 mWakeLockState=0x7 previous wakeLockState=0x0
04-26 13:54:25.720 D/PowerManagerService(  197): setPowerState: mPowerState=0x0 newState=0x7 noChangeLights=false reason=3
04-26 13:54:25.720 D/PowerManagerService(  197): setPowerState: mPowerState=0 newState=7 noChangeLights=false
04-26 13:54:25.720 D/PowerManagerService(  197):   oldKeyboardBright=false newKeyboardBright=false
04-26 13:54:25.720 D/PowerManagerService(  197):   oldScreenBright=false newScreenBright=true
04-26 13:54:25.720 D/PowerManagerService(  197):   oldButtonBright=false newButtonBright=true
04-26 13:54:25.720 D/PowerManagerService(  197):   oldScreenOn=false newScreenOn=true
04-26 13:54:25.720 D/PowerManagerService(  197):   oldBatteryLow=false newBatteryLow=false
04-26 13:54:25.720 I/PowerManagerService(  197): setTargetLocked mask=2 curValue=0.0 target=102 targetValue=102 delta=6.8 nominalCurrentValue=0
04-26 13:54:25.720 I/PowerManagerService(  197): scheduling light animator
04-26 13:54:25.720 D/PowerManagerService(  197): offMask=0x0 dimMask=0x0 onMask=0x4 difference=0x7 realDifference=0x7 forceState=0x0
04-26 13:54:25.720 I/PowerManagerService(  197): Setting brightess on 102: 4
04-26 13:54:25.720 D/PowerManagerService(  197): - turning screen on...  mPreventScreenOn = false
04-26 13:54:25.720 D/PowerManagerService(  197): acquireWakeLock flags=0x1 tag=sleep_broadcast
04-26 13:54:25.720 D/PowerManagerService(  197): Animating curIntValue=6: 2
04-26 13:54:25.720 D/PowerManagerService(  197): releaseWakeLock flags=0x1 tag=keyguardWakeAndHandOff
04-26 13:54:25.730 D/PowerManagerService(  197): setKeyboardVisibility: false
04-26 13:54:25.740 D/PowerManagerService(  197): Animating curIntValue=13: 2
04-26 13:54:25.750 D/PowerManagerService(  197): Animating curIntValue=20: 2
04-26 13:54:25.760 D/PowerManagerService(  197): setScreenBrightnessOverride -1
04-26 13:54:25.760 D/PowerManagerService(  197): setButtonBrightnessOverride -1
04-26 13:54:25.760 D/PowerManagerService(  197): mBroadcastWakeLock=UnsynchronizedWakeLock(mFlags=0x1 mCount=1 mHeld=true)
04-26 13:54:25.770 D/PowerManagerService(  197): Animating curIntValue=27: 2
04-26 13:54:25.780 D/PowerManagerService(  197): acquireWakeLock flags=0x1 tag=RILJ
04-26 13:54:25.780 D/PowerManagerService(  197): releaseWakeLock flags=0x1 tag=RILJ
04-26 13:54:25.790 D/PowerManagerService(  197): Animating curIntValue=34: 2
04-26 13:54:25.800 D/StatusBarPolicy(  295): [BRIGHTHY] 0. mDataNetType: 2
04-26 13:54:25.800 D/StatusBarPolicy(  295): [BRIGHTHY] curNetwork=45000 curHPLMN=45000
04-26 13:54:25.800 D/PowerManagerService(  197): Animating curIntValue=40: 2
04-26 13:54:25.810 D/PowerManagerService(  197): releaseWakeLock flags=0x1 tag=sleep_broadcast
04-26 13:54:25.810 D/PowerManagerService(  197): acquireWakeLock flags=0x1 tag=RILJ
04-26 13:54:25.810 D/PowerManagerService(  197): releaseWakeLock flags=0x1 tag=RILJ
04-26 13:54:25.820 D/PowerManagerService(  197): acquireWakeLock flags=0x1 tag=RILJ
04-26 13:54:25.820 D/PowerManagerService(  197): releaseWakeLock flags=0x1 tag=RILJ
04-26 13:54:25.820 D/PowerManagerService(  197): Animating curIntValue=47: 2
04-26 13:54:25.820 D/PowerManagerService(  197): acquireWakeLock flags=0x1 tag=RILJ
04-26 13:54:25.830 D/PowerManagerService(  197): releaseWakeLock flags=0x1 tag=RILJ
04-26 13:54:25.830 D/PowerManagerService(  197): acquireWakeLock flags=0x1 tag=RILJ
04-26 13:54:25.840 D/PowerManagerService(  197): Animating curIntValue=54: 2
04-26 13:54:25.840 D/PowerManagerService(  197): releaseWakeLock flags=0x1 tag=RILJ
04-26 13:54:25.850 D/PowerManagerService(  197): Animating curIntValue=61: 2
04-26 13:54:25.860 I/TelephonyRegistry(  197): notifyServiceState: 0 home Testcard LGE 45000  EDGE CSS not supported -1 -1RoamInd: -1DefRoamInd: -1EmergOnly: false
04-26 13:54:25.860 D/StatusBarPolicy(  295): [BRIGHTHY] 0. mDataNetType: 2
04-26 13:54:25.860 D/StatusBarPolicy(  295): [BRIGHTHY] curNetwork=45000 curHPLMN=45000
04-26 13:54:25.870 D/PowerManagerService(  197): Animating curIntValue=68: 2
04-26 13:54:25.890 D/PowerManagerService(  197): Animating curIntValue=74: 2
04-26 13:54:25.890 D/PowerManagerService(  197): acquireWakeLock flags=0x1 tag=StartingAlertService
04-26 13:54:25.900 D/PowerManagerService(  197): Animating curIntValue=81: 2
04-26 13:54:25.920 D/PowerManagerService(  197): Animating curIntValue=88: 2
04-26 13:54:25.940 D/PowerManagerService(  197): Animating curIntValue=95: 2
04-26 13:54:25.950 D/PowerManagerService(  197): Animating curIntValue=102: 2
04-26 13:54:26.000 D/PowerManagerService(  197): releaseWakeLock flags=0x1 tag=StartingAlertService
04-26 13:54:28.180 D/StatusBarPolicy(  295): [BRIGHTHY] 0. mDataNetType: 2
04-26 13:54:28.180 D/StatusBarPolicy(  295): [BRIGHTHY] curNetwork=45000 curHPLMN=45000
04-26 13:54:30.730 D/PowerManagerService(  197): releaseWakeLock flags=0x1000001a tag=keyguard
04-26 13:54:30.730 D/PowerManagerService(  197): setPowerState: mPowerState=0x7 newState=0x0 noChangeLights=false reason=3
04-26 13:54:30.730 D/PowerManagerService(  197): setPowerState: mPowerState=7 newState=0 noChangeLights=false
04-26 13:54:30.730 D/PowerManagerService(  197):   oldKeyboardBright=false newKeyboardBright=false
04-26 13:54:30.730 D/PowerManagerService(  197):   oldScreenBright=true newScreenBright=false
04-26 13:54:30.730 D/PowerManagerService(  197):   oldButtonBright=true newButtonBright=false
04-26 13:54:30.730 D/PowerManagerService(  197):   oldScreenOn=true newScreenOn=false
04-26 13:54:30.740 D/PowerManagerService(  197):   oldBatteryLow=false newBatteryLow=false
04-26 13:54:30.740 I/PowerManagerService(  197): setTargetLocked mask=2 curValue=102.0 target=0 targetValue=0 delta=-6.8 nominalCurrentValue=102
04-26 13:54:30.740 I/PowerManagerService(  197): scheduling light animator
04-26 13:54:30.740 D/PowerManagerService(  197): offMask=0x4 dimMask=0x0 onMask=0x0 difference=0x7 realDifference=0x7 forceState=0x0
04-26 13:54:30.750 I/PowerManagerService(  197): Setting brightess off: 4
04-26 13:54:30.750 D/PowerManagerService(  197): Animating curIntValue=95: 2
04-26 13:54:30.770 D/PowerManagerService(  197): Animating curIntValue=88: 2
04-26 13:54:30.780 D/PowerManagerService(  197): Animating curIntValue=81: 2
04-26 13:54:30.800 D/PowerManagerService(  197): Animating curIntValue=74: 2
04-26 13:54:30.820 D/PowerManagerService(  197): Animating curIntValue=67: 2
04-26 13:54:30.830 D/PowerManagerService(  197): Animating curIntValue=61: 2
04-26 13:54:30.850 D/PowerManagerService(  197): Animating curIntValue=54: 2
04-26 13:54:30.870 D/PowerManagerService(  197): Animating curIntValue=47: 2
04-26 13:54:30.880 D/PowerManagerService(  197): Animating curIntValue=40: 2
04-26 13:54:30.900 D/PowerManagerService(  197): Animating curIntValue=33: 2
04-26 13:54:30.920 D/PowerManagerService(  197): Animating curIntValue=27: 2
04-26 13:54:30.930 D/PowerManagerService(  197): Animating curIntValue=20: 2
04-26 13:54:30.950 D/PowerManagerService(  197): Animating curIntValue=13: 2
04-26 13:54:30.960 D/PowerManagerService(  197): Animating curIntValue=6: 2
04-26 13:54:30.980 D/PowerManagerService(  197): Animating curIntValue=0: 2
04-26 13:54:31.000 D/PowerManagerService(  197): acquireWakeLock flags=0x1 tag=sleep_broadcast
04-26 13:54:31.070 D/PowerManagerService(  197): setScreenBrightnessOverride -1
04-26 13:54:31.070 D/PowerManagerService(  197): setButtonBrightnessOverride -1
04-26 13:54:31.070 D/PowerManagerService(  197): acquireWakeLock flags=0x1 tag=ActivityManager-Sleep
04-26 13:54:31.080 D/PowerManagerService(  197): releaseWakeLock flags=0x1 tag=ActivityManager-Sleep
04-26 13:54:31.110 D/PowerManagerService(  197): acquireWakeLock flags=0x1 tag=RILJ
04-26 13:54:31.110 D/PowerManagerService(  197): releaseWakeLock flags=0x1 tag=RILJ
04-26 13:54:31.120 D/PowerManagerService(  197): releaseWakeLock flags=0x1 tag=sleep_broadcast
04-26 13:54:37.270 D/PowerManagerService(  197): acquireWakeLock flags=0x1 tag=AlarmManager
04-26 13:54:37.320 D/PowerManagerService(  197): releaseWakeLock flags=0x1 tag=AlarmManager
04-26 13:55:00.000 D/PowerManagerService(  197): acquireWakeLock flags=0x1 tag=AlarmManager
04-26 13:55:00.060 D/PowerManagerService(  197): releaseWakeLock flags=0x1 tag=AlarmManager
04-26 13:55:34.450 D/PowerManagerService(  197): acquireWakeLock flags=0x1 tag=keyguardWakeAndHandOff
04-26 13:55:34.460 D/PowerManagerService(  197): acquireWakeLock flags=0x1000001a tag=keyguard
04-26 13:55:34.460 D/PowerManagerService(  197): reactivateScreenLocksLocked mProxIgnoredBecauseScreenTurnedOff=false
04-26 13:55:34.460 D/PowerManagerService(  197): wakeup here mUserState=0x0 mWakeLockState=0x7 previous wakeLockState=0x0
04-26 13:55:34.460 D/PowerManagerService(  197): setPowerState: mPowerState=0x0 newState=0x7 noChangeLights=false reason=3
04-26 13:55:34.460 D/PowerManagerService(  197): setPowerState: mPowerState=0 newState=7 noChangeLights=false
04-26 13:55:34.460 D/PowerManagerService(  197):   oldKeyboardBright=false newKeyboardBright=false
04-26 13:55:34.460 D/PowerManagerService(  197):   oldScreenBright=false newScreenBright=true
04-26 13:55:34.460 D/PowerManagerService(  197):   oldButtonBright=false newButtonBright=true
04-26 13:55:34.460 D/PowerManagerService(  197):   oldScreenOn=false newScreenOn=true
04-26 13:55:34.460 D/PowerManagerService(  197):   oldBatteryLow=false newBatteryLow=false
04-26 13:55:34.460 I/PowerManagerService(  197): setTargetLocked mask=2 curValue=0.0 target=102 targetValue=102 delta=6.8 nominalCurrentValue=0
04-26 13:55:34.460 I/PowerManagerService(  197): scheduling light animator
04-26 13:55:34.460 D/PowerManagerService(  197): offMask=0x0 dimMask=0x0 onMask=0x4 difference=0x7 realDifference=0x7 forceState=0x0
04-26 13:55:34.460 I/PowerManagerService(  197): Setting brightess on 102: 4
04-26 13:55:34.460 D/PowerManagerService(  197): - turning screen on...  mPreventScreenOn = false
04-26 13:55:34.460 D/PowerManagerService(  197): acquireWakeLock flags=0x1 tag=sleep_broadcast
04-26 13:55:34.460 D/PowerManagerService(  197): Animating curIntValue=6: 2
04-26 13:55:34.460 D/PowerManagerService(  197): releaseWakeLock flags=0x1 tag=keyguardWakeAndHandOff
04-26 13:55:34.470 D/PowerManagerService(  197): setKeyboardVisibility: false
04-26 13:55:34.480 D/PowerManagerService(  197): Animating curIntValue=13: 2
04-26 13:55:34.490 D/PowerManagerService(  197): Animating curIntValue=20: 2
04-26 13:55:34.500 D/PowerManagerService(  197): setScreenBrightnessOverride -1
04-26 13:55:34.500 D/PowerManagerService(  197): setButtonBrightnessOverride -1
04-26 13:55:34.500 D/PowerManagerService(  197): mBroadcastWakeLock=UnsynchronizedWakeLock(mFlags=0x1 mCount=1 mHeld=true)
04-26 13:55:34.510 D/PowerManagerService(  197): Animating curIntValue=27: 2
04-26 13:55:34.520 D/PowerManagerService(  197): acquireWakeLock flags=0x1 tag=RILJ
04-26 13:55:34.520 D/PowerManagerService(  197): releaseWakeLock flags=0x1 tag=RILJ
04-26 13:55:34.520 D/PowerManagerService(  197): Animating curIntValue=34: 2
04-26 13:55:34.540 D/PowerManagerService(  197): Animating curIntValue=40: 2
04-26 13:55:34.540 D/StatusBarPolicy(  295): [BRIGHTHY] 0. mDataNetType: 2
04-26 13:55:34.540 D/StatusBarPolicy(  295): [BRIGHTHY] curNetwork=45000 curHPLMN=45000
04-26 13:55:34.540 D/PowerManagerService(  197): releaseWakeLock flags=0x1 tag=sleep_broadcast
04-26 13:55:34.540 D/PowerManagerService(  197): acquireWakeLock flags=0x1 tag=RILJ
04-26 13:55:34.550 D/PowerManagerService(  197): releaseWakeLock flags=0x1 tag=RILJ
04-26 13:55:34.550 D/PowerManagerService(  197): acquireWakeLock flags=0x1 tag=RILJ
04-26 13:55:34.560 D/PowerManagerService(  197): releaseWakeLock flags=0x1 tag=RILJ
04-26 13:55:34.560 D/PowerManagerService(  197): Animating curIntValue=47: 2
04-26 13:55:34.560 D/PowerManagerService(  197): acquireWakeLock flags=0x1 tag=RILJ
04-26 13:55:34.570 D/PowerManagerService(  197): releaseWakeLock flags=0x1 tag=RILJ
04-26 13:55:34.570 D/PowerManagerService(  197): Animating curIntValue=54: 2
04-26 13:55:34.570 D/PowerManagerService(  197): acquireWakeLock flags=0x1 tag=RILJ
04-26 13:55:34.580 D/PowerManagerService(  197): releaseWakeLock flags=0x1 tag=RILJ
04-26 13:55:34.590 D/PowerManagerService(  197): Animating curIntValue=61: 2
04-26 13:55:34.600 I/TelephonyRegistry(  197): notifyServiceState: 0 home Testcard LGE 45000  EDGE CSS not supported -1 -1RoamInd: -1DefRoamInd: -1EmergOnly: false
04-26 13:55:34.610 D/PowerManagerService(  197): Animating curIntValue=68: 2
04-26 13:55:34.610 D/StatusBarPolicy(  295): [BRIGHTHY] 0. mDataNetType: 2
04-26 13:55:34.610 D/StatusBarPolicy(  295): [BRIGHTHY] curNetwork=45000 curHPLMN=45000
04-26 13:55:34.620 D/PowerManagerService(  197): Animating curIntValue=74: 2
04-26 13:55:34.640 D/PowerManagerService(  197): Animating curIntValue=81: 2
04-26 13:55:34.650 D/PowerManagerService(  197): acquireWakeLock flags=0x1 tag=StartingAlertService
04-26 13:55:34.660 D/PowerManagerService(  197): Animating curIntValue=88: 2
04-26 13:55:34.700 D/PowerManagerService(  197): Animating curIntValue=95: 2
04-26 13:55:34.710 D/PowerManagerService(  197): Animating curIntValue=102: 2
04-26 13:55:34.800 D/PowerManagerService(  197): releaseWakeLock flags=0x1 tag=StartingAlertService
04-26 13:55:39.460 D/PowerManagerService(  197): releaseWakeLock flags=0x1000001a tag=keyguard
04-26 13:55:39.470 D/PowerManagerService(  197): setPowerState: mPowerState=0x7 newState=0x0 noChangeLights=false reason=3
04-26 13:55:39.470 D/PowerManagerService(  197): setPowerState: mPowerState=7 newState=0 noChangeLights=false
04-26 13:55:39.470 D/PowerManagerService(  197):   oldKeyboardBright=false newKeyboardBright=false
04-26 13:55:39.470 D/PowerManagerService(  197):   oldScreenBright=true newScreenBright=false
04-26 13:55:39.470 D/PowerManagerService(  197):   oldButtonBright=true newButtonBright=false
04-26 13:55:39.480 D/PowerManagerService(  197):   oldScreenOn=true newScreenOn=false
04-26 13:55:39.480 D/PowerManagerService(  197):   oldBatteryLow=false newBatteryLow=false
04-26 13:55:39.480 I/PowerManagerService(  197): setTargetLocked mask=2 curValue=102.0 target=0 targetValue=0 delta=-6.8 nominalCurrentValue=102
04-26 13:55:39.480 I/PowerManagerService(  197): scheduling light animator
04-26 13:55:39.490 D/PowerManagerService(  197): offMask=0x4 dimMask=0x0 onMask=0x0 difference=0x7 realDifference=0x7 forceState=0x0
04-26 13:55:39.490 I/PowerManagerService(  197): Setting brightess off: 4
04-26 13:55:39.500 D/PowerManagerService(  197): Animating curIntValue=95: 2
04-26 13:55:39.510 D/PowerManagerService(  197): Animating curIntValue=88: 2
04-26 13:55:39.530 D/PowerManagerService(  197): Animating curIntValue=81: 2
04-26 13:55:39.550 D/PowerManagerService(  197): Animating curIntValue=74: 2
04-26 13:55:39.560 D/PowerManagerService(  197): Animating curIntValue=67: 2
04-26 13:55:39.580 D/PowerManagerService(  197): Animating curIntValue=61: 2
04-26 13:55:39.590 D/PowerManagerService(  197): Animating curIntValue=54: 2
04-26 13:55:39.610 D/PowerManagerService(  197): Animating curIntValue=47: 2
04-26 13:55:39.630 D/PowerManagerService(  197): Animating curIntValue=40: 2
04-26 13:55:39.650 D/PowerManagerService(  197): Animating curIntValue=33: 2
04-26 13:55:39.660 D/PowerManagerService(  197): Animating curIntValue=27: 2
04-26 13:55:39.680 D/PowerManagerService(  197): Animating curIntValue=20: 2
04-26 13:55:39.690 D/PowerManagerService(  197): Animating curIntValue=13: 2
04-26 13:55:39.710 D/PowerManagerService(  197): Animating curIntValue=6: 2
04-26 13:55:39.730 D/PowerManagerService(  197): Animating curIntValue=0: 2
04-26 13:55:39.760 D/PowerManagerService(  197): acquireWakeLock flags=0x1 tag=sleep_broadcast
04-26 13:55:39.810 D/PowerManagerService(  197): setScreenBrightnessOverride -1
04-26 13:55:39.810 D/PowerManagerService(  197): setButtonBrightnessOverride -1
04-26 13:55:39.820 D/PowerManagerService(  197): acquireWakeLock flags=0x1 tag=ActivityManager-Sleep
04-26 13:55:39.870 D/PowerManagerService(  197): releaseWakeLock flags=0x1 tag=ActivityManager-Sleep
04-26 13:55:39.880 D/PowerManagerService(  197): acquireWakeLock flags=0x1 tag=RILJ
04-26 13:55:39.880 D/PowerManagerService(  197): releaseWakeLock flags=0x1 tag=RILJ
04-26 13:55:39.930 D/PowerManagerService(  197): releaseWakeLock flags=0x1 tag=sleep_broadcast
04-26 13:55:58.190 D/PowerManagerService(  197): acquireWakeLock flags=0x1 tag=keyguardWakeAndHandOff
04-26 13:55:58.190 D/PowerManagerService(  197): acquireWakeLock flags=0x1000001a tag=keyguard
04-26 13:55:58.200 D/PowerManagerService(  197): reactivateScreenLocksLocked mProxIgnoredBecauseScreenTurnedOff=false
04-26 13:55:58.200 D/PowerManagerService(  197): wakeup here mUserState=0x0 mWakeLockState=0x7 previous wakeLockState=0x0
