04-26 14:00:43.630 V/LockPatternKeyguardView(  197): <!>com.android.internal.policy.impl.LockPatternKeyguardView 428<!> *** dispatchDraw() time: 58152611
04-26 14:00:43.770 V/LockPatternKeyguardView(  197): <!>com.android.internal.policy.impl.LockPatternKeyguardView 428<!> *** dispatchDraw() time: 58152752
04-26 14:00:43.910 V/LockPatternKeyguardView(  197): <!>com.android.internal.policy.impl.LockPatternKeyguardView 428<!> *** dispatchDraw() time: 58152892
04-26 14:00:44.050 V/LockPatternKeyguardView(  197): <!>com.android.internal.policy.impl.LockPatternKeyguardView 428<!> *** dispatchDraw() time: 58153033
04-26 14:00:44.190 V/LockPatternKeyguardView(  197): <!>com.android.internal.policy.impl.LockPatternKeyguardView 428<!> *** dispatchDraw() time: 58153173
04-26 14:00:44.330 V/LockPatternKeyguardView(  197): <!>com.android.internal.policy.impl.LockPatternKeyguardView 428<!> *** dispatchDraw() time: 58153313
04-26 14:00:44.470 V/LockPatternKeyguardView(  197): <!>com.android.internal.policy.impl.LockPatternKeyguardView 428<!> *** dispatchDraw() time: 58153455
04-26 14:00:44.610 V/LockPatternKeyguardView(  197): <!>com.android.internal.policy.impl.LockPatternKeyguardView 428<!> *** dispatchDraw() time: 58153595
04-26 14:00:44.750 V/LockPatternKeyguardView(  197): <!>com.android.internal.policy.impl.LockPatternKeyguardView 428<!> *** dispatchDraw() time: 58153735
04-26 14:00:44.890 V/LockPatternKeyguardView(  197): <!>com.android.internal.policy.impl.LockPatternKeyguardView 428<!> *** dispatchDraw() time: 58153876
04-26 14:00:45.690 V/LockPatternKeyguardView(  197): <!>com.android.internal.policy.impl.LockPatternKeyguardView 428<!> *** dispatchDraw() time: 58154677
04-26 14:00:45.840 V/LockPatternKeyguardView(  197): <!>com.android.internal.policy.impl.LockPatternKeyguardView 428<!> *** dispatchDraw() time: 58154817
04-26 14:00:45.980 V/LockPatternKeyguardView(  197): <!>com.android.internal.policy.impl.LockPatternKeyguardView 428<!> *** dispatchDraw() time: 58154958
04-26 14:00:46.120 V/LockPatternKeyguardView(  197): <!>com.android.internal.policy.impl.LockPatternKeyguardView 428<!> *** dispatchDraw() time: 58155100
04-26 14:00:46.260 V/LockPatternKeyguardView(  197): <!>com.android.internal.policy.impl.LockPatternKeyguardView 428<!> *** dispatchDraw() time: 58155241
04-26 14:00:46.400 V/LockPatternKeyguardView(  197): <!>com.android.internal.policy.impl.LockPatternKeyguardView 428<!> *** dispatchDraw() time: 58155381
04-26 14:00:46.540 V/LockPatternKeyguardView(  197): <!>com.android.internal.policy.impl.LockPatternKeyguardView 428<!> *** dispatchDraw() time: 58155521
04-26 14:00:46.680 V/LockPatternKeyguardView(  197): <!>com.android.internal.policy.impl.LockPatternKeyguardView 428<!> *** dispatchDraw() time: 58155662
04-26 14:00:46.820 V/LockPatternKeyguardView(  197): <!>com.android.internal.policy.impl.LockPatternKeyguardView 428<!> *** dispatchDraw() time: 58155803
04-26 14:00:46.960 V/LockPatternKeyguardView(  197): <!>com.android.internal.policy.impl.LockPatternKeyguardView 428<!> *** dispatchDraw() time: 58155943
04-26 14:00:47.100 V/LockPatternKeyguardView(  197): <!>com.android.internal.policy.impl.LockPatternKeyguardView 428<!> *** dispatchDraw() time: 58156084
04-26 14:00:47.900 V/LockPatternKeyguardView(  197): <!>com.android.internal.policy.impl.LockPatternKeyguardView 428<!> *** dispatchDraw() time: 58156885
04-26 14:00:48.040 V/LockPatternKeyguardView(  197): <!>com.android.internal.policy.impl.LockPatternKeyguardView 428<!> *** dispatchDraw() time: 58157025
04-26 14:00:48.180 V/LockPatternKeyguardView(  197): <!>com.android.internal.policy.impl.LockPatternKeyguardView 428<!> *** dispatchDraw() time: 58157166
04-26 14:00:48.320 V/LockPatternKeyguardView(  197): <!>com.android.internal.policy.impl.LockPatternKeyguardView 428<!> *** dispatchDraw() time: 58157306
04-26 14:00:48.470 V/LockPatternKeyguardView(  197): <!>com.android.internal.policy.impl.LockPatternKeyguardView 428<!> *** dispatchDraw() time: 58157447
04-26 14:00:48.610 V/LockPatternKeyguardView(  197): <!>com.android.internal.policy.impl.LockPatternKeyguardView 428<!> *** dispatchDraw() time: 58157588
04-26 14:00:48.750 V/LockPatternKeyguardView(  197): <!>com.android.internal.policy.impl.LockPatternKeyguardView 428<!> *** dispatchDraw() time: 58157730
04-26 14:00:48.890 V/LockPatternKeyguardView(  197): <!>com.android.internal.policy.impl.LockPatternKeyguardView 428<!> *** dispatchDraw() time: 58157870
04-26 14:00:49.030 V/LockPatternKeyguardView(  197): <!>com.android.internal.policy.impl.LockPatternKeyguardView 428<!> *** dispatchDraw() time: 58158010
04-26 14:00:49.170 V/LockPatternKeyguardView(  197): <!>com.android.internal.policy.impl.LockPatternKeyguardView 428<!> *** dispatchDraw() time: 58158150
04-26 14:00:49.310 V/LockPatternKeyguardView(  197): <!>com.android.internal.policy.impl.LockPatternKeyguardView 428<!> *** dispatchDraw() time: 58158290
04-26 14:00:50.110 V/LockPatternKeyguardView(  197): <!>com.android.internal.policy.impl.LockPatternKeyguardView 428<!> *** dispatchDraw() time: 58159093
04-26 14:00:50.250 V/LockPatternKeyguardView(  197): <!>com.android.internal.policy.impl.LockPatternKeyguardView 428<!> *** dispatchDraw() time: 58159233
04-26 14:00:50.390 V/LockPatternKeyguardView(  197): <!>com.android.internal.policy.impl.LockPatternKeyguardView 428<!> *** dispatchDraw() time: 58159374
04-26 14:00:50.530 V/LockPatternKeyguardView(  197): <!>com.android.internal.policy.impl.LockPatternKeyguardView 428<!> *** dispatchDraw() time: 58159514
04-26 14:00:50.670 V/LockPatternKeyguardView(  197): <!>com.android.internal.policy.impl.LockPatternKeyguardView 428<!> *** dispatchDraw() time: 58159654
04-26 14:00:50.810 V/LockPatternKeyguardView(  197): <!>com.android.internal.policy.impl.LockPatternKeyguardView 428<!> *** dispatchDraw() time: 58159795
04-26 14:00:50.950 V/LockPatternKeyguardView(  197): <!>com.android.internal.policy.impl.LockPatternKeyguardView 428<!> *** dispatchDraw() time: 58159936
04-26 14:00:51.100 V/LockPatternKeyguardView(  197): <!>com.android.internal.policy.impl.LockPatternKeyguardView 428<!> *** dispatchDraw() time: 58160077
04-26 14:00:51.240 V/LockPatternKeyguardView(  197): <!>com.android.internal.policy.impl.LockPatternKeyguardView 428<!> *** dispatchDraw() time: 58160218
04-26 14:00:51.380 V/LockPatternKeyguardView(  197): <!>com.android.internal.policy.impl.LockPatternKeyguardView 428<!> *** dispatchDraw() time: 58160358
04-26 14:00:51.520 V/LockPatternKeyguardView(  197): <!>com.android.internal.policy.impl.LockPatternKeyguardView 428<!> *** dispatchDraw() time: 58160499
04-26 14:00:52.320 V/LockPatternKeyguardView(  197): <!>com.android.internal.policy.impl.LockPatternKeyguardView 428<!> *** dispatchDraw() time: 58161301
04-26 14:00:52.460 V/LockPatternKeyguardView(  197): <!>com.android.internal.policy.impl.LockPatternKeyguardView 428<!> *** dispatchDraw() time: 58161442
04-26 14:00:52.600 V/LockPatternKeyguardView(  197): <!>com.android.internal.policy.impl.LockPatternKeyguardView 428<!> *** dispatchDraw() time: 58161583
04-26 14:00:52.740 V/LockPatternKeyguardView(  197): <!>com.android.internal.policy.impl.LockPatternKeyguardView 428<!> *** dispatchDraw() time: 58161723
04-26 14:00:52.880 V/LockPatternKeyguardView(  197): <!>com.android.internal.policy.impl.LockPatternKeyguardView 428<!> *** dispatchDraw() time: 58161861
04-26 14:00:53.020 V/LockPatternKeyguardView(  197): <!>com.android.internal.policy.impl.LockPatternKeyguardView 428<!> *** dispatchDraw() time: 58162003
04-26 14:00:53.160 V/LockPatternKeyguardView(  197): <!>com.android.internal.policy.impl.LockPatternKeyguardView 428<!> *** dispatchDraw() time: 58162143
04-26 14:00:53.300 V/LockPatternKeyguardView(  197): <!>com.android.internal.policy.impl.LockPatternKeyguardView 428<!> *** dispatchDraw() time: 58162284
04-26 14:00:53.440 V/LockPatternKeyguardView(  197): <!>com.android.internal.policy.impl.LockPatternKeyguardView 428<!> *** dispatchDraw() time: 58162424
04-26 14:00:53.580 V/LockPatternKeyguardView(  197): <!>com.android.internal.policy.impl.LockPatternKeyguardView 428<!> *** dispatchDraw() time: 58162564
04-26 14:00:53.720 V/LockPatternKeyguardView(  197): <!>com.android.internal.policy.impl.LockPatternKeyguardView 428<!> *** dispatchDraw() time: 58162704
04-26 14:00:54.520 V/LockPatternKeyguardView(  197): <!>com.android.internal.policy.impl.LockPatternKeyguardView 428<!> *** dispatchDraw() time: 58163506
04-26 14:00:54.670 V/LockPatternKeyguardView(  197): <!>com.android.internal.policy.impl.LockPatternKeyguardView 428<!> *** dispatchDraw() time: 58163647
04-26 14:00:54.810 V/LockPatternKeyguardView(  197): <!>com.android.internal.policy.impl.LockPatternKeyguardView 428<!> *** dispatchDraw() time: 58163788
04-26 14:00:54.950 V/LockPatternKeyguardView(  197): <!>com.android.internal.policy.impl.LockPatternKeyguardView 428<!> *** dispatchDraw() time: 58163929
04-26 14:00:55.090 V/LockPatternKeyguardView(  197): <!>com.android.internal.policy.impl.LockPatternKeyguardView 428<!> *** dispatchDraw() time: 58164070
04-26 14:00:55.230 V/LockPatternKeyguardView(  197): <!>com.android.internal.policy.impl.LockPatternKeyguardView 428<!> *** dispatchDraw() time: 58164211
04-26 14:00:55.370 V/LockPatternKeyguardView(  197): <!>com.android.internal.policy.impl.LockPatternKeyguardView 428<!> *** dispatchDraw() time: 58164352
04-26 14:00:55.510 V/LockPatternKeyguardView(  197): <!>com.android.internal.policy.impl.LockPatternKeyguardView 428<!> *** dispatchDraw() time: 58164493
04-26 14:00:55.650 V/LockPatternKeyguardView(  197): <!>com.android.internal.policy.impl.LockPatternKeyguardView 428<!> *** dispatchDraw() time: 58164633
04-26 14:00:55.790 V/LockPatternKeyguardView(  197): <!>com.android.internal.policy.impl.LockPatternKeyguardView 428<!> *** dispatchDraw() time: 58164773
04-26 14:00:55.930 V/LockPatternKeyguardView(  197): <!>com.android.internal.policy.impl.LockPatternKeyguardView 428<!> *** dispatchDraw() time: 58164915
04-26 14:00:56.730 V/LockPatternKeyguardView(  197): <!>com.android.internal.policy.impl.LockPatternKeyguardView 428<!> *** dispatchDraw() time: 58165716
04-26 14:00:56.870 V/LockPatternKeyguardView(  197): <!>com.android.internal.policy.impl.LockPatternKeyguardView 428<!> *** dispatchDraw() time: 58165856
04-26 14:00:57.010 V/LockPatternKeyguardView(  197): <!>com.android.internal.policy.impl.LockPatternKeyguardView 428<!> *** dispatchDraw() time: 58165996
04-26 14:00:57.150 V/LockPatternKeyguardView(  197): <!>com.android.internal.policy.impl.LockPatternKeyguardView 428<!> *** dispatchDraw() time: 58166137
04-26 14:00:57.300 V/LockPatternKeyguardView(  197): <!>com.android.internal.policy.impl.LockPatternKeyguardView 428<!> *** dispatchDraw() time: 58166277
04-26 14:00:57.440 V/LockPatternKeyguardView(  197): <!>com.android.internal.policy.impl.LockPatternKeyguardView 428<!> *** dispatchDraw() time: 58166418
04-26 14:00:57.580 V/LockPatternKeyguardView(  197): <!>com.android.internal.policy.impl.LockPatternKeyguardView 428<!> *** dispatchDraw() time: 58166558
04-26 14:00:57.720 V/LockPatternKeyguardView(  197): <!>com.android.internal.policy.impl.LockPatternKeyguardView 428<!> *** dispatchDraw() time: 58166700
04-26 14:00:57.850 V/LockPatternKeyguardView(  197): <!>com.android.internal.policy.impl.LockPatternKeyguardView 428<!> *** dispatchDraw() time: 58166838
04-26 14:00:58.000 V/LockPatternKeyguardView(  197): <!>com.android.internal.policy.impl.LockPatternKeyguardView 428<!> *** dispatchDraw() time: 58166980
04-26 14:00:58.140 V/LockPatternKeyguardView(  197): <!>com.android.internal.policy.impl.LockPatternKeyguardView 428<!> *** dispatchDraw() time: 58167120
04-26 14:00:58.940 V/LockPatternKeyguardView(  197): <!>com.android.internal.policy.impl.LockPatternKeyguardView 428<!> *** dispatchDraw() time: 58167920
04-26 14:00:59.080 V/LockPatternKeyguardView(  197): <!>com.android.internal.policy.impl.LockPatternKeyguardView 428<!> *** dispatchDraw() time: 58168061
04-26 14:00:59.090 D/KeyguardViewMediator(  197): <!>com.android.internal.policy.impl.KeyguardViewMediator 746<!> onWakeKeyWhenKeyguardShowing(26)
04-26 14:00:59.090 D/KeyguardViewMediator(  197): <!>com.android.internal.policy.impl.KeyguardViewMediator 608<!> wakeWhenReadyLocked(26)
04-26 14:00:59.090 D/KeyguardViewMediator(  197): <!>com.android.internal.policy.impl.KeyguardViewMediator 1087<!> handleWakeWhenReady(26)
04-26 14:00:59.090 D/LockPatternKeyguardView(  197): <!>com.android.internal.policy.impl.LockPatternKeyguardView 494<!> onWakeKey
04-26 14:00:59.090 I/LockPatternKeyguardView(  197): <!>com.android.internal.policy.impl.LockPatternKeyguardView 495<!> wakeWhenReadyTq simState=READY
04-26 14:00:59.090 D/LockPatternKeyguardView(  197): <!>com.android.internal.policy.impl.LockPatternKeyguardView 502<!> poking wake lock immediately
04-26 14:00:59.090 D/KeyguardViewMediator(  197): <!>com.android.internal.policy.impl.KeyguardViewMediator 790<!> pokeWakelock(5000)
04-26 14:00:59.090 D/PowerManagerService(  197): acquireWakeLock flags=0x1 tag=keyguardWakeAndHandOff
04-26 14:00:59.090 D/PowerManagerService(  197): acquireWakeLock flags=0x1000001a tag=keyguard
04-26 14:00:59.090 D/PowerManagerService(  197): reactivateScreenLocksLocked mProxIgnoredBecauseScreenTurnedOff=false
04-26 14:00:59.090 D/PowerManagerService(  197): wakeup here mUserState=0x0 mWakeLockState=0x7 previous wakeLockState=0x0
04-26 14:00:59.090 D/PowerManagerService(  197): setPowerState: mPowerState=0x0 newState=0x7 noChangeLights=false reason=3
04-26 14:00:59.090 D/PowerManagerService(  197): setPowerState: mPowerState=0 newState=7 noChangeLights=false
04-26 14:00:59.090 D/PowerManagerService(  197):   oldKeyboardBright=false newKeyboardBright=false
04-26 14:00:59.090 D/PowerManagerService(  197):   oldScreenBright=false newScreenBright=true
04-26 14:00:59.090 D/PowerManagerService(  197):   oldButtonBright=false newButtonBright=true
04-26 14:00:59.090 D/PowerManagerService(  197):   oldScreenOn=false newScreenOn=true
04-26 14:00:59.090 D/PowerManagerService(  197):   oldBatteryLow=false newBatteryLow=false
04-26 14:00:59.090 I/PowerManagerService(  197): setTargetLocked mask=2 curValue=0.0 target=102 targetValue=102 delta=6.8 nominalCurrentValue=0
04-26 14:00:59.090 I/PowerManagerService(  197): scheduling light animator
04-26 14:00:59.090 D/PowerManagerService(  197): offMask=0x0 dimMask=0x0 onMask=0x4 difference=0x7 realDifference=0x7 forceState=0x0
04-26 14:00:59.090 I/PowerManagerService(  197): Setting brightess on 102: 4
04-26 14:00:59.090 D/PowerManagerService(  197): - turning screen on...  mPreventScreenOn = false
04-26 14:00:59.100 D/KeyguardViewMediator(  197): <!>com.android.internal.policy.impl.KeyguardViewMediator 353<!> onScreenTurnedOn, seq = 36
04-26 14:00:59.100 D/KeyguardViewMediator(  197): <!>com.android.internal.policy.impl.KeyguardViewMediator 596<!> notifyScreenOnLocked
04-26 14:00:59.100 D/PowerManagerService(  197): acquireWakeLock flags=0x1 tag=sleep_broadcast
04-26 14:00:59.100 D/PowerManagerService(  197): Animating curIntValue=6: 2
04-26 14:00:59.100 D/PowerManagerService(  197): releaseWakeLock flags=0x1 tag=keyguardWakeAndHandOff
04-26 14:00:59.100 D/PowerManagerService(  197): setKeyboardVisibility: false
04-26 14:00:59.110 D/KeyguardViewMediator(  197): <!>com.android.internal.policy.impl.KeyguardViewMediator 1149<!> handleNotifyScreenOn
04-26 14:00:59.110 D/Andy_LockScreen2(  197): <!>com.android.internal.policy.impl.Andy_LockScreen2 1131<!> simState(READY)
04-26 14:00:59.110 D/Andy_LockScreen2(  197): <!>com.android.internal.policy.impl.Andy_LockScreen2 1166<!> updateLayout: status=Normal
04-26 14:00:59.110 D/PowerManagerService(  197): Animating curIntValue=13: 2
04-26 14:00:59.120 D/KeyguardViewMediator(  197): <!>com.android.internal.policy.impl.KeyguardViewMediator 460<!> setHidden false
04-26 14:00:59.120 D/Andy_LockScreen2(  197): <!>com.android.internal.policy.impl.Andy_LockScreen2 1670<!> >> refreshMusicPlayerDisplay() ----------------------
04-26 14:00:59.120 D/Andy_LockScreen2(  197): <!>com.android.internal.policy.impl.Andy_LockScreen2 1685<!>    music play info = null
04-26 14:00:59.120 D/Andy_LockScreen2(  197): <!>com.android.internal.policy.impl.Andy_LockScreen2 1686<!>    has music play info = false
04-26 14:00:59.120 D/Andy_LockScreen2(  197): <!>com.android.internal.policy.impl.Andy_LockScreen2 1687<!>    has music play status = stoped
04-26 14:00:59.120 D/KeyguardViewMediator(  197): <!>com.android.internal.policy.impl.KeyguardViewMediator 460<!> setHidden false
04-26 14:00:59.120 I/Lockscreen(  197): <!>com.android.internal.policy.impl.Andy_LockScreen2 1425<!> onResume isScreenOn true
04-26 14:00:59.130 D/PowerManagerService(  197): Animating curIntValue=20: 2
04-26 14:00:59.130 D/PowerManagerService(  197): setScreenBrightnessOverride -1
04-26 14:00:59.130 D/PowerManagerService(  197): setButtonBrightnessOverride -1
04-26 14:00:59.130 D/PowerManagerService(  197): mBroadcastWakeLock=UnsynchronizedWakeLock(mFlags=0x1 mCount=1 mHeld=true)
04-26 14:00:59.140 V/DATA    (  313): <!>com.android.internal.telephony.MMDataConnectionTracker 1982<!> [DCT] intent received :android.intent.action.SCREEN_ON
04-26 14:00:59.140 D/LGE_data(  313): <!>com.android.internal.telephony.MMDataConnectionTracker$1 296<!> ACTION_SCREEN_ON received. mIsScreenOn= true
04-26 14:00:59.140 D/PowerManagerService(  197): acquireWakeLock flags=0x1 tag=RILJ
04-26 14:00:59.150 D/PowerManagerService(  197): Animating curIntValue=27: 2
04-26 14:00:59.150 D/PowerManagerService(  197): releaseWakeLock flags=0x1 tag=RILJ
04-26 14:00:59.160 D/MOBILEBACKUP_SRV( 1456): <!>com.voxmobili.service.impl.ScreenSaverManager 95<!> ScreenSaverManager - onReceive Intent { act=android.intent.action.SCREEN_ON flg=0x40000000 }
04-26 14:00:59.160 I/Flex    (  295): <!>com.lge.provider.Andy_Flex 109<!> getString FLEX_COUNTRY_CODE US
04-26 14:00:59.160 I/Flex    (  295): <!>com.lge.provider.Andy_Flex 109<!> getString FLEX_OPERATOR_CODE TMO
04-26 14:00:59.160 I/Flex    (  295): <!>com.lge.provider.Andy_Flex 109<!> getString FLEX_COUNTRY_CODE US
04-26 14:00:59.160 I/Flex    (  295): <!>com.lge.provider.Andy_Flex 109<!> getString FLEX_OPERATOR_CODE TMO
04-26 14:00:59.160 D/PowerManagerService(  197): Animating curIntValue=34: 2
04-26 14:00:59.160 D/StatusBarPolicy(  295): [BRIGHTHY] 0. mDataNetType: 2
04-26 14:00:59.160 D/StatusBarPolicy(  295): [BRIGHTHY] curNetwork=45000 curHPLMN=45000
04-26 14:00:59.170 D/PowerManagerService(  197): acquireWakeLock flags=0x1 tag=RILJ
04-26 14:00:59.170 D/PowerManagerService(  197): releaseWakeLock flags=0x1 tag=RILJ
04-26 14:00:59.180 V/LockPatternKeyguardView(  197): <!>com.android.internal.policy.impl.LockPatternKeyguardView 428<!> *** dispatchDraw() time: 58168169
04-26 14:00:59.180 D/PowerManagerService(  197): Animating curIntValue=40: 2
04-26 14:00:59.180 D/PowerManagerService(  197): acquireWakeLock flags=0x1 tag=RILJ
04-26 14:00:59.190 D/PowerManagerService(  197): releaseWakeLock flags=0x1 tag=sleep_broadcast
04-26 14:00:59.190 D/PowerManagerService(  197): Animating curIntValue=47: 2
04-26 14:00:59.200 D/DATA    (  313): <!>com.android.internal.telephony.DataServiceStateTracker 994<!> [DSST] pollstate() : reason = data network state changed
04-26 14:00:59.200 D/PowerManagerService(  197): releaseWakeLock flags=0x1 tag=RILJ
04-26 14:00:59.200 D/PowerManagerService(  197): acquireWakeLock flags=0x1 tag=RILJ
04-26 14:00:59.210 D/PowerManagerService(  197): acquireWakeLock flags=0x1 tag=RILJ
04-26 14:00:59.210 D/PowerManagerService(  197): Animating curIntValue=54: 2
04-26 14:00:59.220 D/PowerManagerService(  197): releaseWakeLock flags=0x1 tag=RILJ
04-26 14:00:59.230 D/Andy_LockScreen2(  197): <!>com.android.internal.policy.impl.Andy_LockScreen2 1652<!>     ### music artist = null
04-26 14:00:59.230 D/Andy_LockScreen2(  197): <!>com.android.internal.policy.impl.Andy_LockScreen2 1653<!>     ### music track = null
04-26 14:00:59.230 D/Andy_LockScreen2(  197): <!>com.android.internal.policy.impl.Andy_LockScreen2 1654<!>     ### music state = stop
04-26 14:00:59.230 D/Andy_LockScreen2(  197): <!>com.android.internal.policy.impl.Andy_LockScreen2 1652<!>     ### music artist = null
04-26 14:00:59.230 D/Andy_LockScreen2(  197): <!>com.android.internal.policy.impl.Andy_LockScreen2 1653<!>     ### music track = null
04-26 14:00:59.230 D/Andy_LockScreen2(  197): <!>com.android.internal.policy.impl.Andy_LockScreen2 1654<!>     ### music state = stop
04-26 14:00:59.230 D/PowerManagerService(  197): Animating curIntValue=61: 2
04-26 14:00:59.230 I/TelephonyRegistry(  197): notifyServiceState: 0 home Testcard LGE 45000  EDGE CSS not supported -1 -1RoamInd: -1DefRoamInd: -1EmergOnly: false
04-26 14:00:59.240 I/Flex    (  295): <!>com.lge.provider.Andy_Flex 109<!> getString FLEX_COUNTRY_CODE US
04-26 14:00:59.240 I/Flex    (  295): <!>com.lge.provider.Andy_Flex 109<!> getString FLEX_OPERATOR_CODE TMO
04-26 14:00:59.240 D/StatusBarPolicy(  295): [BRIGHTHY] 0. mDataNetType: 2
04-26 14:00:59.240 D/StatusBarPolicy(  295): [BRIGHTHY] curNetwork=45000 curHPLMN=45000
04-26 14:00:59.240 D/PowerManagerService(  197): Animating curIntValue=68: 2
04-26 14:00:59.250 D/QuickSettings(  295): <!>com.android.systemui.statusbar.QuickSettings$15 286<!> mPhoneStateHandler:handleMessage)
04-26 14:00:59.250 D/QuickSettings(  295): <!>com.android.systemui.statusbar.QuickSettings 884<!> onAirplaneModeChanged:: !!!Disable
04-26 14:00:59.260 V/LockPatternKeyguardView(  197): <!>com.android.internal.policy.impl.LockPatternKeyguardView 428<!> *** dispatchDraw() time: 58168247
04-26 14:00:59.260 D/PowerManagerService(  197): Animating curIntValue=74: 2
04-26 14:00:59.270 D/PowerManagerService(  197): acquireWakeLock flags=0x1 tag=StartingAlertService
04-26 14:00:59.280 D/DATA    (  313): <!>com.android.internal.telephony.DataServiceStateTracker 994<!> [DSST] Poll ServiceState done: oldSS=[0 home null null null  EDGE CSS not supported -1 -1RoamInd: -1DefRoamInd: -1EmergOnly: false] newSS=[0 home null null null  EDGE CSS not supported -1 -1RoamInd: -1DefRoamInd: -1EmergOnly: false]
04-26 14:00:59.280 D/NotificationMgr(  313): <!>com.android.phone.NotificationMgr 1154<!> updateNetworkSelection()...state = 0 new network 
04-26 14:00:59.280 V/QuickSettings(  295): <!>com.android.systemui.statusbar.QuickSettings 649<!> setBTButton: BT Set DISABLED
04-26 14:00:59.280 D/QuickSettings(  295): <!>com.android.systemui.statusbar.QuickSettings 605<!> WifiManager.WIFI_STATE_CHANGED_ACTION
04-26 14:00:59.280 D/PowerManagerService(  197): Animating curIntValue=81: 2
04-26 14:00:59.290 D/PowerManagerService(  197): Animating curIntValue=88: 2
04-26 14:00:59.310 D/PowerManagerService(  197): Animating curIntValue=95: 2
04-26 14:00:59.320 D/PowerManagerService(  197): Animating curIntValue=102: 2
04-26 14:00:59.360 D/PowerManagerService(  197): releaseWakeLock flags=0x1 tag=StartingAlertService
04-26 14:00:59.400 V/LockPatternKeyguardView(  197): <!>com.android.internal.policy.impl.LockPatternKeyguardView 428<!> *** dispatchDraw() time: 58168386
04-26 14:00:59.550 V/LockPatternKeyguardView(  197): <!>com.android.internal.policy.impl.LockPatternKeyguardView 428<!> *** dispatchDraw() time: 58168527
04-26 14:00:59.680 V/LockPatternKeyguardView(  197): <!>com.android.internal.policy.impl.LockPatternKeyguardView 428<!> *** dispatchDraw() time: 58168665
04-26 14:00:59.820 V/LockPatternKeyguardView(  197): <!>com.android.internal.policy.impl.LockPatternKeyguardView 428<!> *** dispatchDraw() time: 58168806
04-26 14:00:59.960 V/LockPatternKeyguardView(  197): <!>com.android.internal.policy.impl.LockPatternKeyguardView 428<!> *** dispatchDraw() time: 58168946
04-26 14:00:59.990 D/PowerManagerService(  197): acquireWakeLock flags=0x1 tag=AlarmManager
04-26 14:01:00.010 V/LockPatternKeyguardView(  197): <!>com.android.internal.policy.impl.LockPatternKeyguardView 428<!> *** dispatchDraw() time: 58169001
04-26 14:01:00.010 D/PowerManagerService(  197): releaseWakeLock flags=0x1 tag=AlarmManager
04-26 14:01:00.030 V/LockPatternKeyguardView(  197): <!>com.android.internal.policy.impl.LockPatternKeyguardView 428<!> *** dispatchDraw() time: 58169016
04-26 14:01:00.100 V/LockPatternKeyguardView(  197): <!>com.android.internal.policy.impl.LockPatternKeyguardView 428<!> *** dispatchDraw() time: 58169087
04-26 14:01:00.240 V/LockPatternKeyguardView(  197): <!>com.android.internal.policy.impl.LockPatternKeyguardView 428<!> *** dispatchDraw() time: 58169227
04-26 14:01:00.380 V/LockPatternKeyguardView(  197): <!>com.android.internal.policy.impl.LockPatternKeyguardView 428<!> *** dispatchDraw() time: 58169368
04-26 14:01:01.180 V/LockPatternKeyguardView(  197): <!>com.android.internal.policy.impl.LockPatternKeyguardView 428<!> *** dispatchDraw() time: 58170169
04-26 14:01:01.320 V/LockPatternKeyguardView(  197): <!>com.android.internal.policy.impl.LockPatternKeyguardView 428<!> *** dispatchDraw() time: 58170309
04-26 14:01:01.460 V/LockPatternKeyguardView(  197): <!>com.android.internal.policy.impl.LockPatternKeyguardView 428<!> *** dispatchDraw() time: 58170449
04-26 14:01:01.600 V/LockPatternKeyguardView(  197): <!>com.android.internal.policy.impl.LockPatternKeyguardView 428<!> *** dispatchDraw() time: 58170590
04-26 14:01:01.740 V/LockPatternKeyguardView(  197): <!>com.android.internal.policy.impl.LockPatternKeyguardView 428<!> *** dispatchDraw() time: 58170730
04-26 14:01:01.880 V/LockPatternKeyguardView(  197): <!>com.android.internal.policy.impl.LockPatternKeyguardView 428<!> *** dispatchDraw() time: 58170870
04-26 14:01:02.030 V/LockPatternKeyguardView(  197): <!>com.android.internal.policy.impl.LockPatternKeyguardView 428<!> *** dispatchDraw() time: 58171011
04-26 14:01:02.170 V/LockPatternKeyguardView(  197): <!>com.android.internal.policy.impl.LockPatternKeyguardView 428<!> *** dispatchDraw() time: 58171151
04-26 14:01:02.180 D/PowerManagerService(  197): userActivity mLastEventTime=18684822 time=20112326 mUserActivityAllowed=false mUserState=0x0 mWakeLockState=0x7 mProximitySensorActive=false timeoutOverride=-1 force=false
04-26 14:01:02.180 D/PowerManagerService(  197): acquireWakeLock flags=0x1000001a tag=keyguard
04-26 14:01:02.180 D/PowerManagerService(  197): reactivateScreenLocksLocked mProxIgnoredBecauseScreenTurnedOff=false
04-26 14:01:02.180 D/PowerManagerService(  197): wakeup here mUserState=0x0 mWakeLockState=0x7 previous wakeLockState=0x7
04-26 14:01:02.180 D/PowerManagerService(  197): setPowerState: mPowerState=0x7 newState=0x7 noChangeLights=false reason=3
04-26 14:01:02.200 V/LockPatternKeyguardView(  197): <!>com.android.internal.policy.impl.LockPatternKeyguardView 428<!> *** dispatchDraw() time: 58171177
04-26 14:01:02.240 V/LockPatternKeyguardView(  197): <!>com.android.internal.policy.impl.LockPatternKeyguardView 428<!> *** dispatchDraw() time: 58171227
04-26 14:01:02.290 V/LockPatternKeyguardView(  197): <!>com.android.internal.policy.impl.LockPatternKeyguardView 428<!> *** dispatchDraw() time: 58171275
04-26 14:01:02.340 D/DSKIM   (  197): <!>com.android.internal.policy.impl.Andy_LockScreen2 918<!> scrollAnimation, fromY = 260, toY = 0
04-26 14:01:02.340 D/KeyguardViewMediator(  197): <!>com.android.internal.policy.impl.KeyguardViewMediator 790<!> pokeWakelock(5000)
04-26 14:01:02.340 V/LockPatternKeyguardView(  197): <!>com.android.internal.policy.impl.LockPatternKeyguardView 428<!> *** dispatchDraw() time: 58171327
04-26 14:01:02.340 D/PowerManagerService(  197): userActivity mLastEventTime=20112326 time=20112482 mUserActivityAllowed=false mUserState=0x0 mWakeLockState=0x7 mProximitySensorActive=false timeoutOverride=-1 force=false
04-26 14:01:02.340 D/PowerManagerService(  197): acquireWakeLock flags=0x1000001a tag=keyguard
04-26 14:01:02.340 D/PowerManagerService(  197): reactivateScreenLocksLocked mProxIgnoredBecauseScreenTurnedOff=false
04-26 14:01:02.340 D/PowerManagerService(  197): wakeup here mUserState=0x0 mWakeLockState=0x7 previous wakeLockState=0x7
04-26 14:01:02.340 D/PowerManagerService(  197): setPowerState: mPowerState=0x7 newState=0x7 noChangeLights=false reason=3
04-26 14:01:02.340 D/PowerManagerService(  197): releaseWakeLock flags=0x1000001a tag=keyguard
04-26 14:01:02.340 D/PowerManagerService(  197): setPowerState: mPowerState=0x7 newState=0x7 noChangeLights=false reason=3
04-26 14:01:02.380 V/LockPatternKeyguardView(  197): <!>com.android.internal.policy.impl.LockPatternKeyguardView 428<!> *** dispatchDraw() time: 58171361
04-26 14:01:02.390 V/LockPatternKeyguardView(  197): <!>com.android.internal.policy.impl.LockPatternKeyguardView 428<!> *** dispatchDraw() time: 58171374
04-26 14:01:02.410 V/LockPatternKeyguardView(  197): <!>com.android.internal.policy.impl.LockPatternKeyguardView 428<!> *** dispatchDraw() time: 58171389
04-26 14:01:02.420 V/LockPatternKeyguardView(  197): <!>com.android.internal.policy.impl.LockPatternKeyguardView 428<!> *** dispatchDraw() time: 58171406
04-26 14:01:02.430 V/LockPatternKeyguardView(  197): <!>com.android.internal.policy.impl.LockPatternKeyguardView 428<!> *** dispatchDraw() time: 58171420
04-26 14:01:02.470 V/LockPatternKeyguardView(  197): <!>com.android.internal.policy.impl.LockPatternKeyguardView 428<!> *** dispatchDraw() time: 58171452
04-26 14:01:02.500 V/LockPatternKeyguardView(  197): <!>com.android.internal.policy.impl.LockPatternKeyguardView 428<!> *** dispatchDraw() time: 58171485
04-26 14:01:02.530 V/LockPatternKeyguardView(  197): <!>com.android.internal.policy.impl.LockPatternKeyguardView 428<!> *** dispatchDraw() time: 58171518
04-26 14:01:02.570 V/LockPatternKeyguardView(  197): <!>com.android.internal.policy.impl.LockPatternKeyguardView 428<!> *** dispatchDraw() time: 58171550
04-26 14:01:02.600 V/LockPatternKeyguardView(  197): <!>com.android.internal.policy.impl.LockPatternKeyguardView 428<!> *** dispatchDraw() time: 58171583
04-26 14:01:02.630 V/LockPatternKeyguardView(  197): <!>com.android.internal.policy.impl.LockPatternKeyguardView 428<!> *** dispatchDraw() time: 58171616
04-26 14:01:02.630 D/KeyguardViewMediator(  197): <!>com.android.internal.policy.impl.KeyguardViewMediator 811<!> keyguardDone(true)
04-26 14:01:02.660 V/LockPatternKeyguardView(  197): <!>com.android.internal.policy.impl.LockPatternKeyguardView 428<!> *** dispatchDraw() time: 58171649
04-26 14:01:02.670 D/KeyguardViewMediator(  197): <!>com.android.internal.policy.impl.KeyguardViewMediator 902<!> handleKeyguardDone
04-26 14:01:02.670 D/KeyguardViewMediator(  197): <!>com.android.internal.policy.impl.KeyguardViewMediator 1017<!> handleHide
04-26 14:01:02.670 D/KeyguardViewMediator(  197): <!>com.android.internal.policy.impl.KeyguardViewMediator 955<!> DISMISS_KEYGUARD = false
04-26 14:01:02.670 D/KeyguardViewMediator(  197): <!>com.android.internal.policy.impl.KeyguardViewMediator 1038<!> adjustUserActivityLocked mShowing: false mHidden: false
04-26 14:01:02.670 D/PowerManagerService(  197): enableUserActivity true
04-26 14:01:02.670 D/PowerManagerService(  197): userActivity mLastEventTime=20112482 time=20112812 mUserActivityAllowed=true mUserState=0x0 mWakeLockState=0x7 mProximitySensorActive=false timeoutOverride=-1 force=false
04-26 14:01:02.670 D/PowerManagerService(  197): reactivateScreenLocksLocked mProxIgnoredBecauseScreenTurnedOff=false
04-26 14:01:02.670 D/PowerManagerService(  197): setPowerState: mPowerState=0x7 newState=0x7 noChangeLights=true reason=2
04-26 14:01:02.670 D/PowerManagerService(  197): setTimeoutLocked now=20112812 timeoutOverride=-1 nextState=3 when=20118812
04-26 14:01:02.670 D/PowerManagerService(  197): releaseWakeLock flags=0x1000001a tag=keyguard
04-26 14:01:02.670 D/PowerManagerService(  197): setPowerState: mPowerState=0x7 newState=0x3 noChangeLights=false reason=3
04-26 14:01:02.670 D/PowerManagerService(  197): setPowerState: mPowerState=7 newState=3 noChangeLights=false
04-26 14:01:02.670 D/PowerManagerService(  197):   oldKeyboardBright=false newKeyboardBright=false
04-26 14:01:02.670 D/PowerManagerService(  197):   oldScreenBright=true newScreenBright=true
04-26 14:01:02.670 D/PowerManagerService(  197):   oldButtonBright=true newButtonBright=false
04-26 14:01:02.670 D/PowerManagerService(  197):   oldScreenOn=true newScreenOn=true
04-26 14:01:02.670 D/PowerManagerService(  197):   oldBatteryLow=false newBatteryLow=false
04-26 14:01:02.670 D/PowerManagerService(  197): offMask=0x4 dimMask=0x0 onMask=0x0 difference=0x4 realDifference=0x4 forceState=0x0
04-26 14:01:02.670 I/PowerManagerService(  197): Setting brightess off: 4
04-26 14:01:02.680 D/KeyguardViewMediator(  197): <!>com.android.internal.policy.impl.KeyguardViewMediator 460<!> setHidden false
04-26 14:01:02.680 D/KeyguardViewMediator(  197): <!>com.android.internal.policy.impl.KeyguardViewMediator 460<!> setHidden false
04-26 14:01:02.690 D/PowerManagerService(  197): setScreenBrightnessOverride -1
04-26 14:01:02.690 D/PowerManagerService(  197): setButtonBrightnessOverride -1
04-26 14:01:02.700 D/KeyguardViewMediator(  197): <!>com.android.internal.policy.impl.KeyguardViewMediator 460<!> setHidden false
04-26 14:01:02.700 D/PowerManagerService(  197): setScreenBrightnessOverride -1
04-26 14:01:02.700 D/PowerManagerService(  197): setButtonBrightnessOverride -1
04-26 14:01:02.710 V/LockPatternKeyguardView(  197): <!>com.android.internal.policy.impl.LockPatternKeyguardView 428<!> *** dispatchDraw() time: 58171691
04-26 14:01:02.710 D/KeyguardViewMediator(  197): <!>com.android.internal.policy.impl.KeyguardViewMediator 460<!> setHidden false
04-26 14:01:02.710 D/PowerManagerService(  197): setScreenBrightnessOverride -1
04-26 14:01:02.710 D/PowerManagerService(  197): setButtonBrightnessOverride -1
04-26 14:01:02.720 W/InputManagerService(  197): Window already focused, ignoring focus gain of: com.android.internal.view.IInputMethodClient$Stub$Proxy@40a354f0
04-26 14:01:02.730 D/KeyguardViewMediator(  197): <!>com.android.internal.policy.impl.KeyguardViewMediator 460<!> setHidden false
04-26 14:01:02.730 D/PowerManagerService(  197): setScreenBrightnessOverride -1
04-26 14:01:02.730 D/PowerManagerService(  197): setButtonBrightnessOverride -1
04-26 14:01:02.740 D/KeyguardViewMediator(  197): <!>com.android.internal.policy.impl.KeyguardViewMediator 460<!> setHidden false
04-26 14:01:02.750 D/PowerManagerService(  197): setScreenBrightnessOverride -1
04-26 14:01:02.750 D/PowerManagerService(  197): setButtonBrightnessOverride -1
04-26 14:01:02.760 D/KeyguardViewMediator(  197): <!>com.android.internal.policy.impl.KeyguardViewMediator 460<!> setHidden false
04-26 14:01:02.760 D/PowerManagerService(  197): setScreenBrightnessOverride -1
04-26 14:01:02.760 D/PowerManagerService(  197): setButtonBrightnessOverride -1
04-26 14:01:02.780 D/KeyguardViewMediator(  197): <!>com.android.internal.policy.impl.KeyguardViewMediator 460<!> setHidden false
04-26 14:01:02.780 D/PowerManagerService(  197): setScreenBrightnessOverride -1
04-26 14:01:02.780 D/PowerManagerService(  197): setButtonBrightnessOverride -1
04-26 14:01:02.790 D/KeyguardViewMediator(  197): <!>com.android.internal.policy.impl.KeyguardViewMediator 460<!> setHidden false
04-26 14:01:02.800 D/PowerManagerService(  197): setScreenBrightnessOverride -1
04-26 14:01:02.800 D/PowerManagerService(  197): setButtonBrightnessOverride -1
04-26 14:01:02.810 D/KeyguardViewMediator(  197): <!>com.android.internal.policy.impl.KeyguardViewMediator 460<!> setHidden false
04-26 14:01:02.810 D/PowerManagerService(  197): setScreenBrightnessOverride -1
04-26 14:01:02.810 D/PowerManagerService(  197): setButtonBrightnessOverride -1
04-26 14:01:02.830 D/KeyguardViewMediator(  197): <!>com.android.internal.policy.impl.KeyguardViewMediator 460<!> setHidden false
04-26 14:01:02.830 D/PowerManagerService(  197): setScreenBrightnessOverride -1
04-26 14:01:02.830 D/PowerManagerService(  197): setButtonBrightnessOverride -1
04-26 14:01:02.840 D/KeyguardViewMediator(  197): <!>com.android.internal.policy.impl.KeyguardViewMediator 460<!> setHidden false
04-26 14:01:02.840 D/PowerManagerService(  197): setScreenBrightnessOverride -1
04-26 14:01:02.840 D/PowerManagerService(  197): setButtonBrightnessOverride -1
04-26 14:01:02.860 D/KeyguardViewMediator(  197): <!>com.android.internal.policy.impl.KeyguardViewMediator 460<!> setHidden false
04-26 14:01:02.870 D/PowerManagerService(  197): setScreenBrightnessOverride -1
04-26 14:01:02.870 D/PowerManagerService(  197): setButtonBrightnessOverride -1
04-26 14:01:02.880 D/KeyguardViewMediator(  197): <!>com.android.internal.policy.impl.KeyguardViewMediator 460<!> setHidden false
04-26 14:01:02.880 D/PowerManagerService(  197): setScreenBrightnessOverride -1
04-26 14:01:02.880 D/PowerManagerService(  197): setButtonBrightnessOverride -1
04-26 14:01:02.890 D/KeyguardViewMediator(  197): <!>com.android.internal.policy.impl.KeyguardViewMediator 460<!> setHidden false
04-26 14:01:02.900 D/PowerManagerService(  197): setScreenBrightnessOverride -1
04-26 14:01:02.900 D/PowerManagerService(  197): setButtonBrightnessOverride -1
04-26 14:01:02.910 D/KeyguardViewMediator(  197): <!>com.android.internal.policy.impl.KeyguardViewMediator 460<!> setHidden false
04-26 14:01:02.910 D/PowerManagerService(  197): setScreenBrightnessOverride -1
04-26 14:01:02.920 D/PowerManagerService(  197): setButtonBrightnessOverride -1
04-26 14:01:02.930 D/KeyguardViewMediator(  197): <!>com.android.internal.policy.impl.KeyguardViewMediator 460<!> setHidden false
04-26 14:01:02.930 D/PowerManagerService(  197): setScreenBrightnessOverride -1
04-26 14:01:02.930 D/PowerManagerService(  197): setButtonBrightnessOverride -1
04-26 14:01:02.940 D/KeyguardViewMediator(  197): <!>com.android.internal.policy.impl.KeyguardViewMediator 460<!> setHidden false
04-26 14:01:02.950 D/PowerManagerService(  197): setScreenBrightnessOverride -1
04-26 14:01:02.950 D/PowerManagerService(  197): setButtonBrightnessOverride -1
04-26 14:01:02.960 D/KeyguardViewMediator(  197): <!>com.android.internal.policy.impl.KeyguardViewMediator 460<!> setHidden false
04-26 14:01:02.970 D/KeyguardViewMediator(  197): <!>com.android.internal.policy.impl.KeyguardViewMediator 460<!> setHidden false
04-26 14:01:02.970 D/PowerManagerService(  197): setScreenBrightnessOverride -1
04-26 14:01:02.970 D/PowerManagerService(  197): setButtonBrightnessOverride -1
04-26 14:01:02.980 D/PowerManagerService(  197): setScreenBrightnessOverride -1
04-26 14:01:02.980 D/PowerManagerService(  197): setButtonBrightnessOverride -1
04-26 14:01:02.990 D/KeyguardViewMediator(  197): <!>com.android.internal.policy.impl.KeyguardViewMediator 460<!> setHidden false
04-26 14:01:03.000 D/PowerManagerService(  197): setScreenBrightnessOverride -1
04-26 14:01:03.000 D/PowerManagerService(  197): setButtonBrightnessOverride -1
04-26 14:01:03.010 D/KeyguardViewMediator(  197): <!>com.android.internal.policy.impl.KeyguardViewMediator 460<!> setHidden false
04-26 14:01:03.010 D/PowerManagerService(  197): setScreenBrightnessOverride -1
04-26 14:01:03.010 D/PowerManagerService(  197): setButtonBrightnessOverride -1
04-26 14:01:03.030 D/KeyguardViewMediator(  197): <!>com.android.internal.policy.impl.KeyguardViewMediator 460<!> setHidden false
04-26 14:01:03.030 D/PowerManagerService(  197): setScreenBrightnessOverride -1
04-26 14:01:03.030 D/PowerManagerService(  197): setButtonBrightnessOverride -1
04-26 14:01:03.040 D/KeyguardViewMediator(  197): <!>com.android.internal.policy.impl.KeyguardViewMediator 460<!> setHidden false
04-26 14:01:03.050 D/PowerManagerService(  197): setScreenBrightnessOverride -1
04-26 14:01:03.050 D/PowerManagerService(  197): setButtonBrightnessOverride -1
04-26 14:01:03.060 D/KeyguardViewMediator(  197): <!>com.android.internal.policy.impl.KeyguardViewMediator 460<!> setHidden false
04-26 14:01:03.060 D/PowerManagerService(  197): setScreenBrightnessOverride -1
04-26 14:01:03.060 D/PowerManagerService(  197): setButtonBrightnessOverride -1
04-26 14:01:03.070 D/KeyguardViewMediator(  197): <!>com.android.internal.policy.impl.KeyguardViewMediator 460<!> setHidden false
04-26 14:01:03.080 D/PowerManagerService(  197): setScreenBrightnessOverride -1
04-26 14:01:03.080 D/PowerManagerService(  197): setButtonBrightnessOverride -1
04-26 14:01:03.090 D/KeyguardViewMediator(  197): <!>com.android.internal.policy.impl.KeyguardViewMediator 460<!> setHidden false
04-26 14:01:03.100 D/PowerManagerService(  197): setScreenBrightnessOverride -1
04-26 14:01:03.100 D/PowerManagerService(  197): setButtonBrightnessOverride -1
04-26 14:01:03.110 D/KeyguardViewMediator(  197): <!>com.android.internal.policy.impl.KeyguardViewMediator 460<!> setHidden false
04-26 14:01:03.110 D/PowerManagerService(  197): setScreenBrightnessOverride -1
04-26 14:01:03.110 D/PowerManagerService(  197): setButtonBrightnessOverride -1
04-26 14:01:03.120 D/KeyguardViewMediator(  197): <!>com.android.internal.policy.impl.KeyguardViewMediator 460<!> setHidden false
04-26 14:01:03.130 D/PowerManagerService(  197): setScreenBrightnessOverride -1
04-26 14:01:03.130 D/PowerManagerService(  197): setButtonBrightnessOverride -1
04-26 14:01:03.170 E/Andy_LockScreen2(  197): <!>com.android.internal.policy.impl.Andy_LockScreen2 1728<!> [BTUI] ### LockScreen2 : isOpen(false)
04-26 14:01:07.350 D/KeyguardViewMediator(  197): <!>com.android.internal.policy.impl.KeyguardViewMediator 940<!> handleTimeout
04-26 14:01:08.670 D/PowerManagerService(  197): user activity timeout timed out nextState=3
04-26 14:01:08.670 D/PowerManagerService(  197): setPowerState: mPowerState=0x3 newState=0x3 noChangeLights=false reason=3
04-26 14:01:08.670 D/PowerManagerService(  197): setTimeoutLocked now=20118815 timeoutOverride=-1 nextState=1 when=20165815
