05-17 16:39:38.517 D/MiniApplicationManagerService(  214): <!>com.lge.subdisplay.framework.server.MiniApplicationManagerService$MiniAppServiceInfo 502<!> setState: New state: STATE_PAUSED Target: STATE_PAUSED Service: ComponentInfo{com.lge.subdisplay.app.subdisplayhome/com.lge.subdisplay.app.subdisplayhome.SubDisplayHome}
05-17 16:39:38.517 D/MiniApplicationManagerService(  214): <!>com.lge.subdisplay.framework.server.MiniApplicationManagerService 1287<!> handleTransitionState: State: STATE_PAUSED Target: STATE_PAUSED Service: ComponentInfo{com.lge.subdisplay.app.subdisplayhome/com.lge.subdisplay.app.subdisplayhome.SubDisplayHome}
05-17 16:39:38.527 D/PowerManagerService(  214): releaseWakeLock flags=0x1 tag=sleep_broadcast
05-17 16:39:38.577 W/IInputConnectionWrapper(  322): <!>com.android.internal.view.IInputConnectionWrapper 267<!> getExtractedText on inactive InputConnection
05-17 16:39:38.647 W/IInputConnectionWrapper(  322): <!>com.android.internal.view.IInputConnectionWrapper 267<!> getExtractedText on inactive InputConnection
05-17 16:39:44.563 I/dun_service(  122): The value returned from dun_getusbmodemstate_fromsys is 2 
05-17 16:39:44.563 W/Vold    (  108): Ignoring unknown switch 'usb_mass_storage'
05-17 16:39:44.583 D/Vold    (  108): USB disconnected
05-17 16:39:44.583 D/Vold    (  108): Share method ums now unavailable
05-17 16:39:44.583 D/VoldConnector(  214): RCV <- {620 Share method ums now unavailable}
05-17 16:39:44.593 I/StorageNotification(  278): UMS connection changed to false (media state removed)
05-17 16:39:44.623 I/dun_service(  122): The value returned from dun_getusbmodemstate_fromsys is 2 
05-17 16:39:44.623 D/PowerManagerService(  214): setScreenBrightnessOverride -1
05-17 16:39:44.623 D/PowerManagerService(  214): setButtonBrightnessOverride -1
05-17 16:39:44.623 D/PowerManagerService(  214): setScreenBrightnessOverride -1
05-17 16:39:44.623 D/PowerManagerService(  214): setButtonBrightnessOverride -1
05-17 16:39:44.673 E/dun_service(  122): TIOCMGET for external port failed - I/O error 
05-17 16:39:44.673 E/dun_service(  122): Error in dun_monitor_ports 
05-17 16:39:44.993 I/dun_service(  122): The value returned from dun_getusbmodemstate_fromsys is 2 
05-17 16:39:44.993 I/dun_service(  122): got usb offline event 
05-17 16:39:44.993 I/dun_service(  122):  ustate is DUN_USBSTATE_UNPLUG
05-17 16:39:44.993 I/dun_service(  122): Post event 1
05-17 16:39:44.993 I/dun_service(  122): The value returned from dun_getusbmodemstate_fromsys is 2 
05-17 16:39:44.993 I/dun_service(  122): got usb online event 
05-17 16:39:44.993 I/dun_service(  122):  ustate is DUN_USBSTATE_PLUG
05-17 16:39:44.993 I/dun_service(  122): Post event 2
05-17 16:39:44.993 I/dun_service(  122): The value returned from dun_getusbmodemstate_fromsys is 2 
05-17 16:39:44.993 I/dun_service(  122): received event: DUN_EVENT_USB_UNPLUG 
05-17 16:39:44.993 I/dun_service(  122): received event(DUN_EVENT_USB_UNPLUG) in state(DUN_STATE_IDLE)
05-17 16:39:44.993 I/dun_service(  122): The value returned from dun_getusbmodemstate_fromsys is 2 
05-17 16:39:44.993 W/Vold    (  108): Ignoring unknown switch 'MSM72K_UDC'
05-17 16:39:44.993 W/Vold    (  108): Ignoring unknown switch 'MSM72K_UDC'
05-17 16:39:44.993 W/Vold    (  108): Ignoring unknown switch 'usb_mass_storage'
05-17 16:39:44.993 D/Vold    (  108): USB connected
05-17 16:39:44.993 D/Vold    (  108): Share method ums now available
05-17 16:39:44.993 D/VoldConnector(  214): RCV <- {620 Share method ums now available}
05-17 16:39:44.993 I/StorageNotification(  278): UMS connection changed to true (media state removed)
05-17 16:39:45.093 D/PowerManagerService(  214): setScreenBrightnessOverride -1
05-17 16:39:45.093 D/PowerManagerService(  214): setButtonBrightnessOverride -1
05-17 16:39:45.093 D/PowerManagerService(  214): setScreenBrightnessOverride -1
05-17 16:39:45.093 D/PowerManagerService(  214): setButtonBrightnessOverride -1
05-17 16:39:45.494 E/dun_service(  122): Error cancelling thread 61792, error = 3 (No such process)
05-17 16:39:45.494 I/dun_service(  122): Joined port monitor thread 
05-17 16:39:45.494 I/dun_service(  122): Joined the port read thread 
05-17 16:39:45.494 I/dun_service(  122): Joined the port read thread 
05-17 16:39:45.494 I/dun_service(  122): Moved to state(DUN_STATE_USB_UNPLUG)
05-17 16:39:45.494 I/dun_service(  122): received event: DUN_EVENT_USB_PLUG 
05-17 16:39:45.494 I/dun_service(  122): received event(DUN_EVENT_USB_PLUG) in state(DUN_STATE_USB_UNPLUG)
05-17 16:39:45.494 I/dun_service(  122): Successfully opened SMD port: b, ext port: 10
05-17 16:39:45.494 I/dun_service(  122): Configured external host port in RAW mode
05-17 16:39:45.494 I/dun_service(  122): Moved to state(DUN_STATE_IDLE)
05-17 16:39:45.694 I/dun_service(  122): modem_bits0, prev_mdm_bits 0, init = 1,
05-17 16:39:45.694 I/dun_service(  122): smdtoextctrl: ext port bits 0, smdoldstatus 0, init = 1
05-17 16:39:46.374 D/KeyguardViewMediator(  214): <!>com.android.internal.policy.impl.KeyguardViewMediator 608<!> wakeWhenReadyLocked(26)
05-17 16:39:46.374 I/LockPatternKeyguardView(  214): <!>com.android.internal.policy.impl.LockPatternKeyguardView 518<!> wakeWhenReadyTq simState=READY
05-17 16:39:46.374 D/PowerManagerService(  214): acquireWakeLock flags=0x1 tag=keyguardWakeAndHandOff
05-17 16:39:46.374 D/PowerManagerService(  214): acquireWakeLock flags=0x1000001a tag=keyguard
05-17 16:39:46.374 D/PowerManagerService(  214): reactivateScreenLocksLocked mProxIgnoredBecauseScreenTurnedOff=false
05-17 16:39:46.374 D/PowerManagerService(  214): wakeup here mUserState=0x0 mWakeLockState=0x7 previous wakeLockState=0x0
05-17 16:39:46.374 D/PowerManagerService(  214): setPowerState: mPowerState=0x0 newState=0x7 noChangeLights=false reason=3
05-17 16:39:46.374 D/PowerManagerService(  214): setPowerState: mPowerState=0 newState=7 noChangeLights=false
05-17 16:39:46.374 D/PowerManagerService(  214):   oldKeyboardBright=false newKeyboardBright=false
05-17 16:39:46.374 D/PowerManagerService(  214):   oldScreenBright=false newScreenBright=true
05-17 16:39:46.374 D/PowerManagerService(  214):   oldButtonBright=false newButtonBright=true
05-17 16:39:46.374 D/PowerManagerService(  214):   oldScreenOn=false newScreenOn=true
05-17 16:39:46.374 D/PowerManagerService(  214):   oldBatteryLow=false newBatteryLow=false
05-17 16:39:46.374 I/PowerManagerService(  214): setTargetLocked mask=2 curValue=0.0 target=102 targetValue=102 delta=6.8 nominalCurrentValue=0
05-17 16:39:46.374 I/PowerManagerService(  214): scheduling light animator
05-17 16:39:46.374 D/PowerManagerService(  214): offMask=0x0 dimMask=0x0 onMask=0x4 difference=0x7 realDifference=0x7 forceState=0x0
05-17 16:39:46.374 I/PowerManagerService(  214): Setting brightess on 102: 4
05-17 16:39:46.374 D/PowerManagerService(  214): - turning screen on...  mPreventScreenOn = false
05-17 16:39:46.374 D/PowerManagerService(  214): acquireWakeLock flags=0x1 tag=sleep_broadcast
05-17 16:39:46.374 D/PowerManagerService(  214): Animating curIntValue=6: 2
05-17 16:39:46.384 V/MiniApplicationManagerService(  214): <!>com.lge.subdisplay.framework.server.MiniApplicationManagerService 2516<!> ******ACTIVITY RESUMING*****
05-17 16:39:46.384 V/MiniApplicationManagerService(  214): Intent=Intent { act=android.intent.action.MAIN cat=[android.intent.category.HOME] flg=0x10000000 cmp=com.lge.launcher/.Launcher }
05-17 16:39:46.384 V/MiniApplicationManagerService(  214): pkg=com.lge.launcher
05-17 16:39:46.384 D/PowerManagerService(  214): releaseWakeLock flags=0x1 tag=keyguardWakeAndHandOff
05-17 16:39:46.384 D/PowerManagerService(  214): setKeyboardVisibility: false
05-17 16:39:46.394 D/Andy_LockScreen2(  214): <!>com.android.internal.policy.impl.Andy_LockScreen2 1177<!> updateLayout: status=Airplane
05-17 16:39:46.394 D/Andy_LockScreen2(  214): <!>com.android.internal.policy.impl.Andy_LockScreen2 1681<!> >> refreshMusicPlayerDisplay() ----------------------
05-17 16:39:46.394 D/Andy_LockScreen2(  214): <!>com.android.internal.policy.impl.Andy_LockScreen2 1696<!>    music play info = null
05-17 16:39:46.394 D/Andy_LockScreen2(  214): <!>com.android.internal.policy.impl.Andy_LockScreen2 1697<!>    has music play info = false
05-17 16:39:46.394 D/Andy_LockScreen2(  214): <!>com.android.internal.policy.impl.Andy_LockScreen2 1698<!>    has music play status = stoped
05-17 16:39:46.394 I/Lockscreen(  214): <!>com.android.internal.policy.impl.Andy_LockScreen2 1436<!> onResume isScreenOn true
05-17 16:39:46.394 D/PowerManagerService(  214): Animating curIntValue=13: 2
05-17 16:39:46.414 D/MiniApplicationManagerService(  214): <!>com.lge.subdisplay.framework.server.MiniApplicationManagerService 2586<!> Current Task ID: 2
05-17 16:39:46.414 D/MiniApplicationManagerService(  214): <!>com.lge.subdisplay.framework.server.MiniApplicationManagerService 2587<!>    BaseActivity: ComponentInfo{com.lge.launcher/com.lge.launcher.Launcher}
05-17 16:39:46.414 D/MiniApplicationManagerService(  214): <!>com.lge.subdisplay.framework.server.MiniApplicationManagerService 2588<!>    Top Activity: ComponentInfo{com.lge.launcher/com.lge.launcher.Launcher}
05-17 16:39:46.414 V/MiniApplicationManagerService(  214): <!>com.lge.subdisplay.framework.server.MiniApplicationManagerService 2282<!> Check if application has add-on: Intent { act=android.intent.action.MAIN cat=[android.intent.category.HOME] flg=0x10000000 cmp=com.lge.launcher/.Launcher }
05-17 16:39:46.414 D/PowerManagerService(  214): Animating curIntValue=20: 2
05-17 16:39:46.414 D/PowerManagerService(  214): setScreenBrightnessOverride -1
05-17 16:39:46.414 D/PowerManagerService(  214): setButtonBrightnessOverride -1
05-17 16:39:46.414 D/PowerManagerService(  214): mBroadcastWakeLock=UnsynchronizedWakeLock(mFlags=0x1 mCount=1 mHeld=true)
05-17 16:39:46.424 V/MiniApplicationManagerService(  214): <!>com.lge.subdisplay.framework.server.MiniApplicationManagerService$ScreenStateReceiver 2929<!> onReceive(): Intent { act=android.intent.action.SCREEN_ON flg=0x40000000 }
05-17 16:39:46.424 D/MiniApplicationManagerService(  214): <!>com.lge.subdisplay.framework.server.MiniApplicationManagerService$MiniAppServiceInfo 515<!> setTargetState: State: STATE_PAUSED New target: STATE_RESUMED Service: ComponentInfo{com.lge.subdisplay.app.subdisplayhome/com.lge.subdisplay.app.subdisplayhome.SubDisplayHome}
05-17 16:39:46.424 D/PowerManagerService(  214): acquireWakeLock flags=0x1 tag=RILJ
05-17 16:39:46.424 D/PowerManagerService(  214): Animating curIntValue=27: 2
05-17 16:39:46.434 V/DATA    (  296): <!>com.android.internal.telephony.MMDataConnectionTracker 2002<!> [DCT] intent received :android.intent.action.SCREEN_ON
05-17 16:39:46.434 D/LGE_data(  296): <!>com.android.internal.telephony.MMDataConnectionTracker$1 296<!> ACTION_SCREEN_ON received. mIsScreenOn= true
05-17 16:39:46.444 V/MiniApplicationManagerService(  214): <!>com.lge.subdisplay.framework.server.MiniApplicationManagerService 2351<!> No add-on found
05-17 16:39:46.444 D/MiniApplicationManagerService(  214): <!>com.lge.subdisplay.framework.server.MiniApplicationManagerService 2536<!> Not starting mini app while slider is closed
05-17 16:39:46.444 D/MiniApplicationManagerService(  214): <!>com.lge.subdisplay.framework.server.MiniApplicationManagerService 1287<!> handleTransitionState: State: STATE_PAUSED Target: STATE_RESUMED Service: ComponentInfo{com.lge.subdisplay.app.subdisplayhome/com.lge.subdisplay.app.subdisplayhome.SubDisplayHome}
05-17 16:39:46.444 V/SubDisplayService(  291): <!>com.lge.subdisplay.framework.SubDisplayService$1 212<!> New state requested: STATE_RESUMED
05-17 16:39:46.444 V/SubDisplayService(  291): <!>com.lge.subdisplay.framework.SubDisplayService 633<!> Set new state: STATE_RESUMED
05-17 16:39:46.444 V/MiniApplication(  291): <!>com.lge.subdisplay.framework.MiniApplication 743<!> onResume()
05-17 16:39:46.444 D/PowerManagerService(  214): releaseWakeLock flags=0x1 tag=RILJ
05-17 16:39:46.444 D/PowerManagerService(  214): Animating curIntValue=34: 2
05-17 16:39:46.464 I/Flex    (  278): <!>com.lge.provider.Andy_Flex 109<!> getString FLEX_COUNTRY_CODE US
05-17 16:39:46.464 I/Flex    (  278): <!>com.lge.provider.Andy_Flex 109<!> getString FLEX_OPERATOR_CODE TMO
05-17 16:39:46.464 I/Flex    (  278): <!>com.lge.provider.Andy_Flex 109<!> getString FLEX_COUNTRY_CODE US
05-17 16:39:46.464 D/PowerManagerService(  214): Animating curIntValue=40: 2
05-17 16:39:46.474 I/Flex    (  278): <!>com.lge.provider.Andy_Flex 109<!> getString FLEX_OPERATOR_CODE TMO
05-17 16:39:46.474 I/Flex    (  278): <!>com.lge.provider.Andy_Flex 109<!> getString FLEX_OPERATOR_CODE TMO
05-17 16:39:46.474 I/Flex    (  278): <!>com.lge.provider.Andy_Flex 109<!> getString FLEX_COUNTRY_CODE US
05-17 16:39:46.484 D/DATA    (  296): <!>com.android.internal.telephony.DataServiceStateTracker 994<!> [DSST] pollstate() : reason = data network state changed
05-17 16:39:46.484 D/DATA    (  296): <!>com.android.internal.telephony.DataServiceStateTracker 994<!> [DSST] Poll ServiceState done: oldSS=[3 home null null null  Unknown CSS not supported -1 -1RoamInd: -1DefRoamInd: -1EmergOnly: false] newSS=[3 home null null null  Unknown CSS not supported -1 -1RoamInd: -1DefRoamInd: -1EmergOnly: false]
05-17 16:39:46.484 D/PowerManagerService(  214): Animating curIntValue=47: 2
05-17 16:39:46.494 D/PowerManagerService(  214): releaseWakeLock flags=0x1 tag=sleep_broadcast
05-17 16:39:46.505 D/MiniApplicationManagerService(  214): <!>com.lge.subdisplay.framework.server.MiniApplicationManagerService$MiniAppServiceInfo 462<!> Setting timeout for ComponentInfo{com.lge.subdisplay.app.subdisplayhome/com.lge.subdisplay.app.subdisplayhome.SubDisplayHome}
05-17 16:39:46.505 W/MiniApplicationManagerService(  214): <!>com.lge.subdisplay.framework.server.MiniApplicationManagerService 1588<!> handleMiniAppStateChanged(STATE_RESUMED) ComponentInfo{com.lge.subdisplay.app.subdisplayhome/com.lge.subdisplay.app.subdisplayhome.SubDisplayHome}
05-17 16:39:46.505 D/MiniApplicationManagerService(  214): <!>com.lge.subdisplay.framework.server.MiniApplicationManagerService$MiniAppServiceInfo 502<!> setState: New state: STATE_RESUMED Target: STATE_RESUMED Service: ComponentInfo{com.lge.subdisplay.app.subdisplayhome/com.lge.subdisplay.app.subdisplayhome.SubDisplayHome}
05-17 16:39:46.505 D/PowerManagerService(  214): Animating curIntValue=54: 2
05-17 16:39:46.515 D/MiniApplicationManagerService(  214): <!>com.lge.subdisplay.framework.server.MiniApplicationManagerService 1287<!> handleTransitionState: State: STATE_RESUMED Target: STATE_RESUMED Service: ComponentInfo{com.lge.subdisplay.app.subdisplayhome/com.lge.subdisplay.app.subdisplayhome.SubDisplayHome}
05-17 16:39:46.515 D/Andy_LockScreen2(  214): <!>com.android.internal.policy.impl.Andy_LockScreen2 1663<!>     ### music artist = null
05-17 16:39:46.515 D/Andy_LockScreen2(  214): <!>com.android.internal.policy.impl.Andy_LockScreen2 1664<!>     ### music track = null
05-17 16:39:46.515 D/Andy_LockScreen2(  214): <!>com.android.internal.policy.impl.Andy_LockScreen2 1665<!>     ### music state = stop
05-17 16:39:46.515 D/Andy_LockScreen2(  214): <!>com.android.internal.policy.impl.Andy_LockScreen2 1663<!>     ### music artist = null
05-17 16:39:46.515 D/Andy_LockScreen2(  214): <!>com.android.internal.policy.impl.Andy_LockScreen2 1664<!>     ### music track = null
05-17 16:39:46.515 D/Andy_LockScreen2(  214): <!>com.android.internal.policy.impl.Andy_LockScreen2 1665<!>     ### music state = stop
05-17 16:39:46.525 D/PowerManagerService(  214): Animating curIntValue=61: 2
05-17 16:39:46.545 D/PowerManagerService(  214): Animating curIntValue=68: 2
05-17 16:39:46.565 D/PowerManagerService(  214): Animating curIntValue=74: 2
05-17 16:39:46.585 D/PowerManagerService(  214): Animating curIntValue=81: 2
05-17 16:39:46.605 D/PowerManagerService(  214): Animating curIntValue=88: 2
05-17 16:39:46.625 D/PowerManagerService(  214): Animating curIntValue=95: 2
05-17 16:39:46.645 D/PowerManagerService(  214): Animating curIntValue=102: 2
05-17 16:39:49.407 D/PowerManagerService(  214): userActivity mLastEventTime=82596784 time=89630438 mUserActivityAllowed=false mUserState=0x0 mWakeLockState=0x7 mProximitySensorActive=false timeoutOverride=-1 force=false
05-17 16:39:49.417 D/PowerManagerService(  214): acquireWakeLock flags=0x1000001a tag=keyguard
05-17 16:39:49.417 D/PowerManagerService(  214): reactivateScreenLocksLocked mProxIgnoredBecauseScreenTurnedOff=false
05-17 16:39:49.417 D/PowerManagerService(  214): wakeup here mUserState=0x0 mWakeLockState=0x7 previous wakeLockState=0x7
05-17 16:39:49.417 D/PowerManagerService(  214): setPowerState: mPowerState=0x7 newState=0x7 noChangeLights=false reason=3
05-17 16:39:49.748 D/PowerManagerService(  214): userActivity mLastEventTime=89630438 time=89630772 mUserActivityAllowed=false mUserState=0x0 mWakeLockState=0x7 mProximitySensorActive=false timeoutOverride=-1 force=false
05-17 16:39:50.248 D/PowerManagerService(  214): userActivity mLastEventTime=89630772 time=89631277 mUserActivityAllowed=false mUserState=0x0 mWakeLockState=0x7 mProximitySensorActive=false timeoutOverride=-1 force=false
05-17 16:39:50.809 D/PowerManagerService(  214): userActivity mLastEventTime=89631277 time=89631834 mUserActivityAllowed=false mUserState=0x0 mWakeLockState=0x7 mProximitySensorActive=false timeoutOverride=-1 force=false
05-17 16:39:51.329 D/PowerManagerService(  214): userActivity mLastEventTime=89631834 time=89632352 mUserActivityAllowed=false mUserState=0x0 mWakeLockState=0x7 mProximitySensorActive=false timeoutOverride=-1 force=false
05-17 16:39:51.389 D/PowerManagerService(  214): releaseWakeLock flags=0x1000001a tag=keyguard
05-17 16:39:51.389 D/PowerManagerService(  214): setPowerState: mPowerState=0x7 newState=0x7 noChangeLights=false reason=3
05-17 16:39:51.509 D/PowerManagerService(  214): userActivity mLastEventTime=89632352 time=89632538 mUserActivityAllowed=false mUserState=0x0 mWakeLockState=0x7 mProximitySensorActive=false timeoutOverride=-1 force=false
05-17 16:39:51.519 D/DSKIM   (  214): <!>com.android.internal.policy.impl.Andy_LockScreen2 922<!> scrollAnimation, fromY = 162, toY = 0
05-17 16:39:51.519 D/PowerManagerService(  214): acquireWakeLock flags=0x1000001a tag=keyguard
05-17 16:39:51.519 D/PowerManagerService(  214): reactivateScreenLocksLocked mProxIgnoredBecauseScreenTurnedOff=false
05-17 16:39:51.519 D/PowerManagerService(  214): wakeup here mUserState=0x0 mWakeLockState=0x7 previous wakeLockState=0x7
05-17 16:39:51.519 D/PowerManagerService(  214): setPowerState: mPowerState=0x7 newState=0x7 noChangeLights=false reason=3
05-17 16:39:51.519 D/PowerManagerService(  214): releaseWakeLock flags=0x1000001a tag=keyguard
05-17 16:39:51.519 D/PowerManagerService(  214): setPowerState: mPowerState=0x7 newState=0x7 noChangeLights=false reason=3
05-17 16:39:51.810 I/Flex    (  214): <!>com.lge.provider.Andy_Flex 109<!> getString FLEX_OPERATOR_CODE TMO
05-17 16:39:51.820 I/Flex    (  214): <!>com.lge.provider.Andy_Flex 109<!> getString FLEX_COUNTRY_CODE US
05-17 16:39:51.830 E/ActivityThread(  214): Failed to find provider info for com.tmobile.driving.settingsprovider
05-17 16:39:51.850 D/PowerManagerService(  214): enableUserActivity true
05-17 16:39:51.860 D/PowerManagerService(  214): userActivity mLastEventTime=89632538 time=89632885 mUserActivityAllowed=true mUserState=0x0 mWakeLockState=0x7 mProximitySensorActive=false timeoutOverride=-1 force=false
05-17 16:39:51.860 D/PowerManagerService(  214): reactivateScreenLocksLocked mProxIgnoredBecauseScreenTurnedOff=false
05-17 16:39:51.860 D/PowerManagerService(  214): setPowerState: mPowerState=0x7 newState=0x7 noChangeLights=true reason=2
05-17 16:39:51.860 D/PowerManagerService(  214): setTimeoutLocked now=89632885 timeoutOverride=-1 nextState=3 when=89638885
05-17 16:39:51.860 D/PowerManagerService(  214): releaseWakeLock flags=0x1000001a tag=keyguard
05-17 16:39:51.860 D/PowerManagerService(  214): setPowerState: mPowerState=0x7 newState=0x3 noChangeLights=false reason=3
05-17 16:39:51.870 D/PowerManagerService(  214): setPowerState: mPowerState=7 newState=3 noChangeLights=false
05-17 16:39:51.870 D/PowerManagerService(  214):   oldKeyboardBright=false newKeyboardBright=false
05-17 16:39:51.870 D/PowerManagerService(  214):   oldScreenBright=true newScreenBright=true
05-17 16:39:51.870 D/PowerManagerService(  214):   oldButtonBright=true newButtonBright=false
05-17 16:39:51.870 D/PowerManagerService(  214):   oldScreenOn=true newScreenOn=true
05-17 16:39:51.870 D/PowerManagerService(  214):   oldBatteryLow=false newBatteryLow=false
05-17 16:39:51.870 D/PowerManagerService(  214): offMask=0x4 dimMask=0x0 onMask=0x0 difference=0x4 realDifference=0x4 forceState=0x0
05-17 16:39:51.870 I/PowerManagerService(  214): Setting brightess off: 4
05-17 16:39:51.880 V/MiniApplicationManagerService(  214): <!>com.lge.subdisplay.framework.server.MiniApplicationManagerService$ScreenStateReceiver 2929<!> onReceive(): Intent { act=android.intent.action.USER_PRESENT flg=0x20000000 }
05-17 16:39:51.880 D/MiniApplicationManagerService(  214): <!>com.lge.subdisplay.framework.server.MiniApplicationManagerService$MiniAppServiceInfo 515<!> setTargetState: State: STATE_RESUMED New target: STATE_RESUMED Service: ComponentInfo{com.lge.subdisplay.app.subdisplayhome/com.lge.subdisplay.app.subdisplayhome.SubDisplayHome}
05-17 16:39:51.880 D/MiniApplicationManagerService(  214): <!>com.lge.subdisplay.framework.server.MiniApplicationManagerService 1287<!> handleTransitionState: State: STATE_RESUMED Target: STATE_RESUMED Service: ComponentInfo{com.lge.subdisplay.app.subdisplayhome/com.lge.subdisplay.app.subdisplayhome.SubDisplayHome}
05-17 16:39:51.880 D/MiniApplicationManagerService(  214): <!>com.lge.subdisplay.framework.server.MiniApplicationManagerService 1678<!> Unhide the subdisplay
05-17 16:39:51.880 V/SubDisplayService(  291): <!>com.lge.subdisplay.framework.SubDisplayService$1 253<!> unhideMiniApplication() - Send message
05-17 16:39:51.880 D/MiniApplication(  291): <!>com.lge.subdisplay.framework.MiniApplication 1358<!> Unhide mini application
05-17 16:39:51.890 D/PowerManagerService(  214): setScreenBrightnessOverride -1
05-17 16:39:51.890 D/PowerManagerService(  214): setButtonBrightnessOverride -1
05-17 16:39:51.910 D/PowerManagerService(  214): setScreenBrightnessOverride -1
05-17 16:39:51.920 D/PowerManagerService(  214): setButtonBrightnessOverride -1
05-17 16:39:51.930 D/PowerManagerService(  214): setScreenBrightnessOverride -1
05-17 16:39:51.930 D/PowerManagerService(  214): setButtonBrightnessOverride -1
05-17 16:39:51.930 W/InputManagerService(  214): Window already focused, ignoring focus gain of: com.android.internal.view.IInputMethodClient$Stub$Proxy@40922010
05-17 16:39:51.940 D/PowerManagerService(  214): setScreenBrightnessOverride -1
05-17 16:39:51.940 D/PowerManagerService(  214): setButtonBrightnessOverride -1
05-17 16:39:51.950 D/PowerManagerService(  214): setScreenBrightnessOverride -1
05-17 16:39:51.950 D/PowerManagerService(  214): setButtonBrightnessOverride -1
05-17 16:39:51.960 D/PowerManagerService(  214): setScreenBrightnessOverride -1
05-17 16:39:51.960 D/PowerManagerService(  214): setButtonBrightnessOverride -1
05-17 16:39:51.980 D/PowerManagerService(  214): setScreenBrightnessOverride -1
05-17 16:39:51.980 D/PowerManagerService(  214): setButtonBrightnessOverride -1
05-17 16:39:52.000 D/PowerManagerService(  214): setScreenBrightnessOverride -1
05-17 16:39:52.000 D/PowerManagerService(  214): setButtonBrightnessOverride -1
05-17 16:39:52.010 D/PowerManagerService(  214): setScreenBrightnessOverride -1
05-17 16:39:52.010 D/PowerManagerService(  214): setButtonBrightnessOverride -1
05-17 16:39:52.030 D/PowerManagerService(  214): setScreenBrightnessOverride -1
05-17 16:39:52.030 D/PowerManagerService(  214): setButtonBrightnessOverride -1
05-17 16:39:52.050 D/PowerManagerService(  214): setScreenBrightnessOverride -1
05-17 16:39:52.050 D/PowerManagerService(  214): setButtonBrightnessOverride -1
05-17 16:39:52.060 D/PowerManagerService(  214): setScreenBrightnessOverride -1
05-17 16:39:52.060 D/PowerManagerService(  214): setButtonBrightnessOverride -1
05-17 16:39:52.080 D/PowerManagerService(  214): setScreenBrightnessOverride -1
05-17 16:39:52.080 D/PowerManagerService(  214): setButtonBrightnessOverride -1
05-17 16:39:52.090 D/PowerManagerService(  214): setScreenBrightnessOverride -1
05-17 16:39:52.090 D/PowerManagerService(  214): setButtonBrightnessOverride -1
05-17 16:39:52.110 D/PowerManagerService(  214): setScreenBrightnessOverride -1
05-17 16:39:52.110 D/PowerManagerService(  214): setButtonBrightnessOverride -1
05-17 16:39:52.130 D/PowerManagerService(  214): setScreenBrightnessOverride -1
05-17 16:39:52.130 D/PowerManagerService(  214): setButtonBrightnessOverride -1
05-17 16:39:52.150 D/PowerManagerService(  214): setScreenBrightnessOverride -1
05-17 16:39:52.150 D/PowerManagerService(  214): setButtonBrightnessOverride -1
05-17 16:39:52.160 D/PowerManagerService(  214): setScreenBrightnessOverride -1
05-17 16:39:52.160 D/PowerManagerService(  214): setButtonBrightnessOverride -1
05-17 16:39:52.180 D/PowerManagerService(  214): setScreenBrightnessOverride -1
05-17 16:39:52.180 D/PowerManagerService(  214): setButtonBrightnessOverride -1
05-17 16:39:52.200 D/PowerManagerService(  214): setScreenBrightnessOverride -1
05-17 16:39:52.200 D/PowerManagerService(  214): setButtonBrightnessOverride -1
05-17 16:39:52.210 D/PowerManagerService(  214): setScreenBrightnessOverride -1
05-17 16:39:52.210 D/PowerManagerService(  214): setButtonBrightnessOverride -1
05-17 16:39:52.230 D/PowerManagerService(  214): setScreenBrightnessOverride -1
05-17 16:39:52.230 D/PowerManagerService(  214): setButtonBrightnessOverride -1
05-17 16:39:52.250 D/PowerManagerService(  214): setScreenBrightnessOverride -1
05-17 16:39:52.250 D/PowerManagerService(  214): setButtonBrightnessOverride -1
05-17 16:39:52.260 D/PowerManagerService(  214): setScreenBrightnessOverride -1
05-17 16:39:52.260 D/PowerManagerService(  214): setButtonBrightnessOverride -1
05-17 16:39:52.280 D/PowerManagerService(  214): setScreenBrightnessOverride -1
05-17 16:39:52.280 D/PowerManagerService(  214): setButtonBrightnessOverride -1
05-17 16:39:52.290 D/PowerManagerService(  214): setScreenBrightnessOverride -1
05-17 16:39:52.300 D/PowerManagerService(  214): setButtonBrightnessOverride -1
05-17 16:39:52.310 D/PowerManagerService(  214): setScreenBrightnessOverride -1
05-17 16:39:52.310 D/PowerManagerService(  214): setButtonBrightnessOverride -1
05-17 16:39:52.330 D/PowerManagerService(  214): setScreenBrightnessOverride -1
05-17 16:39:52.330 D/PowerManagerService(  214): setButtonBrightnessOverride -1
05-17 16:39:52.340 D/PowerManagerService(  214): setScreenBrightnessOverride -1
05-17 16:39:52.340 D/PowerManagerService(  214): setButtonBrightnessOverride -1
05-17 16:39:52.360 E/Andy_LockScreen2(  214): <!>com.android.internal.policy.impl.Andy_LockScreen2 1739<!> [BTUI] ### LockScreen2 : isOpen(false)
05-17 16:39:52.360 D/PowerManagerService(  214): setScreenBrightnessOverride -1
05-17 16:39:52.360 D/PowerManagerService(  214): setButtonBrightnessOverride -1
05-17 16:39:52.400 W/Vold    (  108): Ignoring unknown switch 'usb_mass_storage'
05-17 16:39:52.410 I/dun_service(  122): The value returned from dun_getusbmodemstate_fromsys is 2 
05-17 16:39:52.410 I/dun_service(  122): The value returned from dun_getusbmodemstate_fromsys is 2 
05-17 16:39:52.410 D/Vold    (  108): USB disconnected
05-17 16:39:52.410 D/Vold    (  108): Share method ums now unavailable
05-17 16:39:52.410 D/VoldConnector(  214): RCV <- {620 Share method ums now unavailable}
05-17 16:39:52.410 I/StorageNotification(  278): UMS connection changed to false (media state removed)
05-17 16:39:52.460 D/PowerManagerService(  214): setScreenBrightnessOverride -1
05-17 16:39:52.460 D/PowerManagerService(  214): setButtonBrightnessOverride -1
05-17 16:39:52.480 D/PowerManagerService(  214): setScreenBrightnessOverride -1
05-17 16:39:52.480 D/PowerManagerService(  214): setButtonBrightnessOverride -1
05-17 16:39:52.570 E/dun_service(  122): TIOCMGET for external port failed - I/O error 
05-17 16:39:52.570 E/dun_service(  122): Error in dun_monitor_ports 
05-17 16:39:52.781 I/dun_service(  122): The value returned from dun_getusbmodemstate_fromsys is 2 
05-17 16:39:52.781 I/dun_service(  122): got usb offline event 
05-17 16:39:52.781 I/dun_service(  122):  ustate is DUN_USBSTATE_UNPLUG
05-17 16:39:52.781 I/dun_service(  122): Post event 1
05-17 16:39:52.781 I/dun_service(  122): The value returned from dun_getusbmodemstate_fromsys is 2 
05-17 16:39:52.781 I/dun_service(  122): got usb online event 
05-17 16:39:52.781 I/dun_service(  122):  ustate is DUN_USBSTATE_PLUG
05-17 16:39:52.781 I/dun_service(  122): Post event 2
05-17 16:39:52.781 I/dun_service(  122): The value returned from dun_getusbmodemstate_fromsys is 2 
05-17 16:39:52.781 I/dun_service(  122): received event: DUN_EVENT_USB_UNPLUG 
05-17 16:39:52.781 I/dun_service(  122): received event(DUN_EVENT_USB_UNPLUG) in state(DUN_STATE_IDLE)
05-17 16:39:52.781 W/Vold    (  108): Ignoring unknown switch 'MSM72K_UDC'
05-17 16:39:52.781 W/Vold    (  108): Ignoring unknown switch 'MSM72K_UDC'
05-17 16:39:52.781 W/Vold    (  108): Ignoring unknown switch 'usb_mass_storage'
05-17 16:39:52.781 D/Vold    (  108): USB connected
05-17 16:39:52.781 D/Vold    (  108): Share method ums now available
05-17 16:39:52.781 D/VoldConnector(  214): RCV <- {620 Share method ums now available}
05-17 16:39:52.781 I/StorageNotification(  278): UMS connection changed to true (media state removed)
05-17 16:39:52.791 I/dun_service(  122): The value returned from dun_getusbmodemstate_fromsys is 2 
05-17 16:39:52.841 D/PowerManagerService(  214): setScreenBrightnessOverride -1
05-17 16:39:52.841 D/PowerManagerService(  214): setButtonBrightnessOverride -1
05-17 16:39:52.841 D/PowerManagerService(  214): setScreenBrightnessOverride -1
05-17 16:39:52.841 D/PowerManagerService(  214): setButtonBrightnessOverride -1
05-17 16:39:53.281 E/dun_service(  122): Error cancelling thread 61792, error = 3 (No such process)
05-17 16:39:53.281 I/dun_service(  122): Joined port monitor thread 
05-17 16:39:53.281 I/dun_service(  122): Joined the port read thread 
05-17 16:39:53.281 I/dun_service(  122): Joined the port read thread 
05-17 16:39:53.281 I/dun_service(  122): Moved to state(DUN_STATE_USB_UNPLUG)
05-17 16:39:53.281 I/dun_service(  122): received event: DUN_EVENT_USB_PLUG 
05-17 16:39:53.281 I/dun_service(  122): received event(DUN_EVENT_USB_PLUG) in state(DUN_STATE_USB_UNPLUG)
05-17 16:39:53.281 I/dun_service(  122): Successfully opened SMD port: b, ext port: 10
05-17 16:39:53.281 I/dun_service(  122): Configured external host port in RAW mode
05-17 16:39:53.281 I/dun_service(  122): Moved to state(DUN_STATE_IDLE)
05-17 16:39:53.491 I/dun_service(  122): modem_bits0, prev_mdm_bits 0, init = 1,
05-17 16:39:53.491 I/dun_service(  122): smdtoextctrl: ext port bits 0, smdoldstatus 0, init = 1
05-17 16:39:56.084 D/PowerManagerService(  214): acquireWakeLock flags=0x1 tag=*vibrator*
05-17 16:39:56.084 D/PowerManagerService(  214): userActivity mLastEventTime=89632885 time=89637101 mUserActivityAllowed=true mUserState=0x3 mWakeLockState=0x0 mProximitySensorActive=false timeoutOverride=-1 force=false
05-17 16:39:56.084 D/PowerManagerService(  214): reactivateScreenLocksLocked mProxIgnoredBecauseScreenTurnedOff=false
05-17 16:39:56.084 D/PowerManagerService(  214): setPowerState: mPowerState=0x3 newState=0x7 noChangeLights=false reason=2
05-17 16:39:56.084 D/PowerManagerService(  214): setPowerState: mPowerState=3 newState=7 noChangeLights=false
05-17 16:39:56.084 D/PowerManagerService(  214):   oldKeyboardBright=false newKeyboardBright=false
05-17 16:39:56.084 D/PowerManagerService(  214):   oldScreenBright=true newScreenBright=true
05-17 16:39:56.084 D/PowerManagerService(  214):   oldButtonBright=false newButtonBright=true
05-17 16:39:56.084 D/PowerManagerService(  214):   oldScreenOn=true newScreenOn=true
05-17 16:39:56.084 D/PowerManagerService(  214):   oldBatteryLow=false newBatteryLow=false
05-17 16:39:56.084 D/PowerManagerService(  214): offMask=0x0 dimMask=0x0 onMask=0x4 difference=0x4 realDifference=0x4 forceState=0x0
05-17 16:39:56.084 I/PowerManagerService(  214): Setting brightess on 102: 4
05-17 16:39:56.084 D/PowerManagerService(  214): setTimeoutLocked now=89637101 timeoutOverride=-1 nextState=3 when=89643101
05-17 16:39:56.094 D/LGEHome onKeyDown(  322): <!>com.lge.launcher.HLog 21<!> [Launcher.java:5745:onKeyDown()] key = 4
05-17 16:39:56.154 D/PowerManagerService(  214): releaseWakeLock flags=0x1 tag=*vibrator*
05-17 16:39:56.214 D/LGEHome onKeyUp(  322): <!>com.lge.launcher.HLog 21<!> [Launcher.java:5791:onKeyUp()] key = 4
05-17 16:39:56.354 I/dun_service(  122): The value returned from dun_getusbmodemstate_fromsys is 2 
05-17 16:39:58.766 D/PowerManagerService(  214): userActivity mLastEventTime=89637101 time=89639781 mUserActivityAllowed=true mUserState=0x7 mWakeLockState=0x0 mProximitySensorActive=false timeoutOverride=-1 force=false
05-17 16:39:58.766 D/PowerManagerService(  214): reactivateScreenLocksLocked mProxIgnoredBecauseScreenTurnedOff=false
05-17 16:39:58.766 D/PowerManagerService(  214): setPowerState: mPowerState=0x7 newState=0x7 noChangeLights=false reason=2
05-17 16:39:58.766 D/PowerManagerService(  214): setTimeoutLocked now=89639781 timeoutOverride=-1 nextState=3 when=89645781
05-17 16:39:58.786 D/PowerManagerService(  214): userActivity mLastEventTime=89639781 time=89639804 mUserActivityAllowed=true mUserState=0x7 mWakeLockState=0x0 mProximitySensorActive=false timeoutOverride=-1 force=false
05-17 16:39:58.786 D/PowerManagerService(  214): reactivateScreenLocksLocked mProxIgnoredBecauseScreenTurnedOff=false
05-17 16:39:58.786 D/PowerManagerService(  214): setPowerState: mPowerState=0x7 newState=0x7 noChangeLights=false reason=2
05-17 16:39:58.786 D/PowerManagerService(  214): setTimeoutLocked now=89639804 timeoutOverride=-1 nextState=3 when=89645804
05-17 16:39:59.727 I/dun_service(  122): The value returned from dun_getusbmodemstate_fromsys is 2 
05-17 16:39:59.727 W/Vold    (  108): Ignoring unknown switch 'usb_mass_storage'
05-17 16:39:59.737 D/Vold    (  108): USB disconnected
05-17 16:39:59.737 D/Vold    (  108): Share method ums now unavailable
05-17 16:39:59.747 I/dun_service(  122): The value returned from dun_getusbmodemstate_fromsys is 2 
05-17 16:39:59.767 D/VoldConnector(  214): RCV <- {620 Share method ums now unavailable}
05-17 16:39:59.777 I/StorageNotification(  278): UMS connection changed to false (media state removed)
05-17 16:39:59.807 D/PowerManagerService(  214): setScreenBrightnessOverride -1
05-17 16:39:59.807 D/PowerManagerService(  214): setButtonBrightnessOverride -1
05-17 16:39:59.817 D/PowerManagerService(  214): setScreenBrightnessOverride -1
05-17 16:39:59.817 D/PowerManagerService(  214): setButtonBrightnessOverride -1
05-17 16:39:59.898 E/dun_service(  122): TIOCMGET for external port failed - I/O error 
05-17 16:39:59.898 E/dun_service(  122): Error in dun_monitor_ports 
05-17 16:39:59.988 D/PowerManagerService(  214): acquireWakeLock flags=0x1 tag=AlarmManager
05-17 16:40:00.008 D/PowerManagerService(  214): releaseWakeLock flags=0x1 tag=AlarmManager
05-17 16:40:00.238 I/dun_service(  122): The value returned from dun_getusbmodemstate_fromsys is 2 
05-17 16:40:00.238 I/dun_service(  122): got usb offline event 
05-17 16:40:00.238 I/dun_service(  122):  ustate is DUN_USBSTATE_UNPLUG
05-17 16:40:00.238 I/dun_service(  122): Post event 1
05-17 16:40:00.238 I/dun_service(  122): The value returned from dun_getusbmodemstate_fromsys is 2 
05-17 16:40:00.238 I/dun_service(  122): got usb online event 
05-17 16:40:00.238 I/dun_service(  122):  ustate is DUN_USBSTATE_PLUG
05-17 16:40:00.238 I/dun_service(  122): Post event 2
05-17 16:40:00.238 I/dun_service(  122): The value returned from dun_getusbmodemstate_fromsys is 2 
05-17 16:40:00.238 I/dun_service(  122): received event: DUN_EVENT_USB_UNPLUG 
05-17 16:40:00.238 I/dun_service(  122): received event(DUN_EVENT_USB_UNPLUG) in state(DUN_STATE_IDLE)
05-17 16:40:00.238 W/Vold    (  108): Ignoring unknown switch 'MSM72K_UDC'
05-17 16:40:00.238 W/Vold    (  108): Ignoring unknown switch 'MSM72K_UDC'
05-17 16:40:00.238 W/Vold    (  108): Ignoring unknown switch 'usb_mass_storage'
05-17 16:40:00.238 D/Vold    (  108): USB connected
05-17 16:40:00.238 D/Vold    (  108): Share method ums now available
05-17 16:40:00.248 I/dun_service(  122): The value returned from dun_getusbmodemstate_fromsys is 2 
05-17 16:40:00.248 D/VoldConnector(  214): RCV <- {620 Share method ums now available}
05-17 16:40:00.248 I/StorageNotification(  278): UMS connection changed to true (media state removed)
05-17 16:40:00.288 D/PowerManagerService(  214): setScreenBrightnessOverride -1
05-17 16:40:00.288 D/PowerManagerService(  214): setButtonBrightnessOverride -1
05-17 16:40:00.308 D/PowerManagerService(  214): setScreenBrightnessOverride -1
05-17 16:40:00.308 D/PowerManagerService(  214): setButtonBrightnessOverride -1
05-17 16:40:00.738 E/dun_service(  122): Error cancelling thread 61792, error = 3 (No such process)
05-17 16:40:00.738 I/dun_service(  122): Joined port monitor thread 
05-17 16:40:00.738 I/dun_service(  122): Joined the port read thread 
05-17 16:40:00.738 I/dun_service(  122): Joined the port read thread 
05-17 16:40:00.748 I/dun_service(  122): Moved to state(DUN_STATE_USB_UNPLUG)
05-17 16:40:00.748 I/dun_service(  122): received event: DUN_EVENT_USB_PLUG 
05-17 16:40:00.748 I/dun_service(  122): received event(DUN_EVENT_USB_PLUG) in state(DUN_STATE_USB_UNPLUG)
05-17 16:40:00.748 I/dun_service(  122): Successfully opened SMD port: b, ext port: 10
05-17 16:40:00.748 I/dun_service(  122): Configured external host port in RAW mode
05-17 16:40:00.748 I/dun_service(  122): Moved to state(DUN_STATE_IDLE)
05-17 16:40:00.949 I/dun_service(  122): modem_bits0, prev_mdm_bits 0, init = 1,
05-17 16:40:00.949 I/dun_service(  122): smdtoextctrl: ext port bits 0, smdoldstatus 0, init = 1
05-17 16:40:01.229 D/PowerManagerService(  214): acquireWakeLock flags=0x1 tag=*vibrator*
05-17 16:40:01.229 D/PowerManagerService(  214): userActivity mLastEventTime=89639804 time=89642251 mUserActivityAllowed=true mUserState=0x7 mWakeLockState=0x0 mProximitySensorActive=false timeoutOverride=-1 force=false
05-17 16:40:01.239 D/PowerManagerService(  214): reactivateScreenLocksLocked mProxIgnoredBecauseScreenTurnedOff=false
05-17 16:40:01.239 D/PowerManagerService(  214): setPowerState: mPowerState=0x7 newState=0x7 noChangeLights=false reason=2
05-17 16:40:01.239 D/PowerManagerService(  214): setTimeoutLocked now=89642251 timeoutOverride=-1 nextState=3 when=89648251
05-17 16:40:01.249 D/LGEHome onKeyDown(  322): <!>com.lge.launcher.HLog 21<!> [Launcher.java:5745:onKeyDown()] key = 4
05-17 16:40:01.309 D/PowerManagerService(  214): releaseWakeLock flags=0x1 tag=*vibrator*
05-17 16:40:01.389 D/LGEHome onKeyUp(  322): <!>com.lge.launcher.HLog 21<!> [Launcher.java:5791:onKeyUp()] key = 4
05-17 16:40:07.235 D/PowerManagerService(  214): user activity timeout timed out nextState=3
05-17 16:40:07.235 D/PowerManagerService(  214): setPowerState: mPowerState=0x7 newState=0x3 noChangeLights=false reason=3
05-17 16:40:07.235 D/PowerManagerService(  214): setPowerState: mPowerState=7 newState=3 noChangeLights=false
05-17 16:40:07.235 D/PowerManagerService(  214):   oldKeyboardBright=false newKeyboardBright=false
05-17 16:40:07.235 D/PowerManagerService(  214):   oldScreenBright=true newScreenBright=true
05-17 16:40:07.235 D/PowerManagerService(  214):   oldButtonBright=true newButtonBright=false
05-17 16:40:07.235 D/PowerManagerService(  214):   oldScreenOn=true newScreenOn=true
05-17 16:40:07.245 D/PowerManagerService(  214):   oldBatteryLow=false newBatteryLow=false
05-17 16:40:07.255 D/PowerManagerService(  214): offMask=0x4 dimMask=0x0 onMask=0x0 difference=0x4 realDifference=0x4 forceState=0x0
05-17 16:40:07.255 I/PowerManagerService(  214): Setting brightess off: 4
05-17 16:40:07.255 D/PowerManagerService(  214): setTimeoutLocked now=89648276 timeoutOverride=-1 nextState=1 when=90235276
05-17 16:40:11.309 I/dun_service(  122): The value returned from dun_getusbmodemstate_fromsys is 2 
05-17 16:40:11.369 D/NetdConnector(  214): SND -> {interface list} {null}
05-17 16:40:11.369 D/NetdConnector(  214): RCV <- {110 lo}
05-17 16:40:11.369 D/NetdConnector(  214): RCV <- {110 dummy0}
05-17 16:40:11.369 D/NetdConnector(  214): RCV <- {110 rmnet0}
05-17 16:40:11.369 D/NetdConnector(  214): RCV <- {110 rmnet1}
05-17 16:40:11.369 D/NetdConnector(  214): RCV <- {110 rmnet2}
05-17 16:40:11.369 D/NetdConnector(  214): RCV <- {110 rmnet3}
05-17 16:40:11.369 D/NetdConnector(  214): RCV <- {110 rmnet4}
05-17 16:40:11.369 D/NetdConnector(  214): RCV <- {110 rmnet5}
05-17 16:40:11.369 D/NetdConnector(  214): RCV <- {110 rmnet6}
05-17 16:40:11.379 D/NetdConnector(  214): RSP <- {110 lo}
05-17 16:40:11.379 D/NetdConnector(  214): RSP <- {110 dummy0}
05-17 16:40:11.379 D/NetdConnector(  214): RSP <- {110 rmnet0}
05-17 16:40:11.379 D/NetdConnector(  214): RSP <- {110 rmnet1}
05-17 16:40:11.379 D/NetdConnector(  214): RSP <- {110 rmnet2}
05-17 16:40:11.379 D/NetdConnector(  214): RSP <- {110 rmnet3}
05-17 16:40:11.379 D/NetdConnector(  214): RSP <- {110 rmnet4}
05-17 16:40:11.379 D/NetdConnector(  214): RSP <- {110 rmnet5}
05-17 16:40:11.379 D/NetdConnector(  214): RSP <- {110 rmnet6}
05-17 16:40:11.379 D/NetdConnector(  214): RCV <- {110 rmnet7}
05-17 16:40:11.379 D/NetdConnector(  214): RSP <- {110 rmnet7}
05-17 16:40:11.379 D/NetdConnector(  214): RCV <- {110 rmnet_sdio0}
05-17 16:40:11.379 D/NetdConnector(  214): RSP <- {110 rmnet_sdio0}
05-17 16:40:11.389 D/NetdConnector(  214): RCV <- {110 rmnet_sdio1}
05-17 16:40:11.389 D/NetdConnector(  214): RCV <- {110 rmnet_sdio2}
05-17 16:40:11.389 D/NetdConnector(  214): RCV <- {110 rmnet_sdio3}
05-17 16:40:11.389 D/NetdConnector(  214): RCV <- {110 rmnet_sdio4}
05-17 16:40:11.389 D/NetdConnector(  214): RCV <- {110 rmnet_sdio5}
05-17 16:40:11.389 D/NetdConnector(  214): RCV <- {110 rmnet_sdio6}
05-17 16:40:11.389 D/NetdConnector(  214): RCV <- {110 rmnet_sdio7}
05-17 16:40:11.389 D/NetdConnector(  214): RCV <- {110 usb0}
05-17 16:40:11.389 D/NetdConnector(  214): RCV <- {110 sit0}
05-17 16:40:11.389 D/NetdConnector(  214): RCV <- {110 ip6tnl0}
05-17 16:40:11.389 D/NetdConnector(  214): RCV <- {200 Interface list completed}
05-17 16:40:11.389 D/NetdConnector(  214): RSP <- {110 rmnet_sdio1}
05-17 16:40:11.389 D/NetdConnector(  214): RSP <- {110 rmnet_sdio2}
05-17 16:40:11.389 D/NetdConnector(  214): RSP <- {110 rmnet_sdio3}
05-17 16:40:11.389 D/NetdConnector(  214): RSP <- {110 rmnet_sdio4}
05-17 16:40:11.389 D/NetdConnector(  214): RSP <- {110 rmnet_sdio5}
05-17 16:40:11.389 D/NetdConnector(  214): RSP <- {110 rmnet_sdio6}
05-17 16:40:11.399 E/Tethering(  214): <!>com.android.server.connectivity.Tethering 314<!> active iface (usb0) reported as added, ignoring
05-17 16:40:11.399 D/NetdConnector(  214): RSP <- {110 rmnet_sdio7}
05-17 16:40:11.399 D/NetdConnector(  214): RSP <- {110 usb0}
05-17 16:40:11.399 D/NetdConnector(  214): RSP <- {110 sit0}
05-17 16:40:11.399 D/NetdConnector(  214): RSP <- {110 ip6tnl0}
05-17 16:40:11.399 D/NetdConnector(  214): RSP <- {200 Interface list completed}
05-17 16:40:11.399 D/NetdConnector(  214): List terminated with {200 Interface list completed}
05-17 16:40:17.665 I/dun_service(  122): The value returned from dun_getusbmodemstate_fromsys is 2 
05-17 16:40:17.665 W/Vold    (  108): Ignoring unknown switch 'usb_mass_storage'
05-17 16:40:17.685 D/Vold    (  108): USB disconnected
05-17 16:40:17.685 D/Vold    (  108): Share method ums now unavailable
05-17 16:40:17.685 D/VoldConnector(  214): RCV <- {620 Share method ums now unavailable}
05-17 16:40:17.705 I/dun_service(  122): The value returned from dun_getusbmodemstate_fromsys is 2 
05-17 16:40:17.705 I/StorageNotification(  278): UMS connection changed to false (media state removed)
05-17 16:40:17.735 D/PowerManagerService(  214): setScreenBrightnessOverride -1
05-17 16:40:17.735 D/PowerManagerService(  214): setButtonBrightnessOverride -1
05-17 16:40:17.735 D/PowerManagerService(  214): setScreenBrightnessOverride -1
05-17 16:40:17.735 D/PowerManagerService(  214): setButtonBrightnessOverride -1
05-17 16:40:17.785 E/dun_service(  122): TIOCMGET for external port failed - I/O error 
05-17 16:40:17.785 E/dun_service(  122): Error in dun_monitor_ports 
05-17 16:40:18.065 I/dun_service(  122): The value returned from dun_getusbmodemstate_fromsys is 2 
05-17 16:40:18.065 I/dun_service(  122): got usb offline event 
05-17 16:40:18.065 I/dun_service(  122):  ustate is DUN_USBSTATE_UNPLUG
05-17 16:40:18.065 I/dun_service(  122): Post event 1
05-17 16:40:18.065 I/dun_service(  122): The value returned from dun_getusbmodemstate_fromsys is 2 
05-17 16:40:18.065 I/dun_service(  122): got usb online event 
05-17 16:40:18.065 I/dun_service(  122):  ustate is DUN_USBSTATE_PLUG
05-17 16:40:18.065 I/dun_service(  122): Post event 2
05-17 16:40:18.065 I/dun_service(  122): The value returned from dun_getusbmodemstate_fromsys is 2 
05-17 16:40:18.065 I/dun_service(  122): received event: DUN_EVENT_USB_UNPLUG 
05-17 16:40:18.065 I/dun_service(  122): received event(DUN_EVENT_USB_UNPLUG) in state(DUN_STATE_IDLE)
05-17 16:40:18.065 I/dun_service(  122): The value returned from dun_getusbmodemstate_fromsys is 2 
05-17 16:40:18.065 W/Vold    (  108): Ignoring unknown switch 'MSM72K_UDC'
05-17 16:40:18.065 W/Vold    (  108): Ignoring unknown switch 'MSM72K_UDC'
05-17 16:40:18.065 W/Vold    (  108): Ignoring unknown switch 'usb_mass_storage'
05-17 16:40:18.065 D/Vold    (  108): USB connected
05-17 16:40:18.065 D/Vold    (  108): Share method ums now available
05-17 16:40:18.065 D/VoldConnector(  214): RCV <- {620 Share method ums now available}
05-17 16:40:18.065 I/StorageNotification(  278): UMS connection changed to true (media state removed)
05-17 16:40:18.135 D/PowerManagerService(  214): setScreenBrightnessOverride -1
05-17 16:40:18.135 D/PowerManagerService(  214): setButtonBrightnessOverride -1
05-17 16:40:18.135 D/PowerManagerService(  214): setScreenBrightnessOverride -1
05-17 16:40:18.135 D/PowerManagerService(  214): setButtonBrightnessOverride -1
05-17 16:40:18.566 E/dun_service(  122): Error cancelling thread 61792, error = 3 (No such process)
05-17 16:40:18.566 I/dun_service(  122): Joined port monitor thread 
05-17 16:40:18.566 I/dun_service(  122): Joined the port read thread 
05-17 16:40:18.566 I/dun_service(  122): Joined the port read thread 
05-17 16:40:18.566 I/dun_service(  122): Moved to state(DUN_STATE_USB_UNPLUG)
05-17 16:40:18.566 I/dun_service(  122): received event: DUN_EVENT_USB_PLUG 
05-17 16:40:18.566 I/dun_service(  122): received event(DUN_EVENT_USB_PLUG) in state(DUN_STATE_USB_UNPLUG)
05-17 16:40:18.566 I/dun_service(  122): Successfully opened SMD port: b, ext port: 10
05-17 16:40:18.566 I/dun_service(  122): Configured external host port in RAW mode
05-17 16:40:18.566 I/dun_service(  122): Moved to state(DUN_STATE_IDLE)
05-17 16:40:18.766 I/dun_service(  122): modem_bits0, prev_mdm_bits 0, init = 1,
05-17 16:40:18.766 I/dun_service(  122): smdtoextctrl: ext port bits 0, smdoldstatus 0, init = 1
05-17 16:40:21.278 I/dun_service(  122): The value returned from dun_getusbmodemstate_fromsys is 2 
05-17 16:40:51.188 I/dun_service(  122): The value returned from dun_getusbmodemstate_fromsys is 2 
05-17 16:41:00.006 D/PowerManagerService(  214): acquireWakeLock flags=0x1 tag=AlarmManager
05-17 16:41:00.086 D/PowerManagerService(  214): releaseWakeLock flags=0x1 tag=AlarmManager
05-17 16:41:01.157 I/dun_service(  122): The value returned from dun_getusbmodemstate_fromsys is 2 
05-17 16:41:41.046 I/dun_service(  122): The value returned from dun_getusbmodemstate_fromsys is 2 
05-17 16:42:00.005 D/PowerManagerService(  214): acquireWakeLock flags=0x1 tag=AlarmManager
05-17 16:42:00.085 D/PowerManagerService(  214): releaseWakeLock flags=0x1 tag=AlarmManager
05-17 16:42:30.895 I/dun_service(  122): The value returned from dun_getusbmodemstate_fromsys is 2 
05-17 16:42:35.880 I/dun_service(  122): The value returned from dun_getusbmodemstate_fromsys is 2 
05-17 16:43:00.003 D/PowerManagerService(  214): acquireWakeLock flags=0x1 tag=AlarmManager
05-17 16:43:00.093 D/PowerManagerService(  214): releaseWakeLock flags=0x1 tag=AlarmManager
05-17 16:43:05.789 I/dun_service(  122): The value returned from dun_getusbmodemstate_fromsys is 2 
05-17 16:43:15.769 I/dun_service(  122): The value returned from dun_getusbmodemstate_fromsys is 2 
05-17 16:43:50.663 I/dun_service(  122): The value returned from dun_getusbmodemstate_fromsys is 2 
05-17 16:43:55.638 I/dun_service(  122): The value returned from dun_getusbmodemstate_fromsys is 2 
05-17 16:44:00.002 D/PowerManagerService(  214): acquireWakeLock flags=0x1 tag=AlarmManager
05-17 16:44:00.082 D/PowerManagerService(  214): releaseWakeLock flags=0x1 tag=AlarmManager
05-17 16:44:05.607 I/dun_service(  122): The value returned from dun_getusbmodemstate_fromsys is 2 
