05-16 23:40:47.797 I/binder_sample(  296): [android.os.INetStatService,2,7,com.android.phone,1]
05-16 23:40:52.381 I/battery_level(  214): [84,4,29]
05-16 23:40:57.366 I/battery_level(  214): [83,4,29]
05-16 23:41:00.039 I/binder_sample(  296): [android.os.INetStatService,1,49,com.android.phone,9]
05-16 23:41:05.154 I/am_create_service(  214): [1084175080,com.android.mms/.transaction.SmsReceiverService,act=android.intent.action.SERVICE_STATE,444]
05-16 23:41:05.364 I/dvm_gc_info(  296): [8099846449757472384,-8923171997466310603,-4003272323002300376,7349951]
05-16 23:41:05.444 I/dvm_gc_info(  278): [8320808730291619461,-8922327572536244176,-4001020523188615128,8312685]
05-16 23:41:05.474 I/dvm_gc_info(  302): [4928475562231576186,-8925987090914801618,-4005242647839274968,7349951]
05-16 23:41:05.564 I/content_query_sample(  444): [content://sms/queued,_id/thread_id/address/body/status,,date ASC,266,,54]
05-16 23:41:05.664 I/content_query_sample(  302): [content://telephony/carriers,apn,current=1,,30,sys.DeviceHealth,7]
05-16 23:41:05.744 I/dvm_gc_info(  296): [8099846449757439617,-8924860847309793227,-4003272323002300376,7349951]
05-16 23:41:05.835 I/notification_cancel(  214): [com.android.phone,7,0]
05-16 23:41:05.845 I/notification_cancel(  214): [com.android.phone,7,0]
05-16 23:41:05.845 I/notification_cancel(  214): [com.android.phone,7,0]
05-16 23:41:05.845 I/notification_cancel(  214): [com.android.phone,7,0]
05-16 23:41:05.845 I/notification_cancel(  214): [com.android.phone,7,0]
05-16 23:41:05.845 I/notification_cancel(  214): [com.android.phone,7,0]
05-16 23:41:05.845 I/notification_cancel(  214): [com.android.phone,7,0]
05-16 23:41:05.845 I/notification_cancel(  214): [com.android.phone,7,0]
05-16 23:41:05.845 I/notification_cancel(  214): [com.android.phone,7,0]
05-16 23:41:05.855 I/notification_cancel(  214): [com.android.phone,7,0]
05-16 23:41:05.855 I/notification_cancel(  214): [com.android.phone,7,0]
05-16 23:41:05.865 I/dvm_gc_info(  302): [4928475562231563912,-8945690339284576211,-4005524122815985624,7349951]
05-16 23:41:05.865 I/notification_cancel(  214): [com.android.phone,7,0]
05-16 23:41:05.875 I/notification_cancel(  214): [com.android.phone,7,0]
05-16 23:41:05.875 I/am_destroy_service(  214): [1084175080,com.android.mms/.transaction.SmsReceiverService,444]
05-16 23:41:05.885 I/notification_cancel(  214): [com.android.phone,7,0]
05-16 23:41:05.895 I/notification_cancel(  214): [com.android.phone,7,0]
05-16 23:41:05.895 I/notification_cancel(  214): [com.android.phone,7,0]
05-16 23:41:05.895 I/notification_cancel(  214): [com.android.phone,7,0]
05-16 23:41:05.895 I/notification_cancel(  214): [com.android.phone,7,0]
05-16 23:41:05.895 I/notification_cancel(  214): [com.android.phone,7,0]
05-16 23:41:05.955 I/content_query_sample(  302): [content://telephony/carriers,apn,current=1,,9,sys.DeviceHealth,2]
05-16 23:41:06.105 I/dvm_gc_info(  296): [8099846449757562488,-8925705272239925195,-4003272323002300376,7349951]
05-16 23:41:06.105 I/dvm_gc_info(  302): [4928475562231522935,-8979467336489875412,-4005805597792696280,7349951]
05-16 23:41:06.115 I/dvm_gc_info(  214): [8320808730291636151,-8902056081520465814,-3970902700680574936,8652852]
05-16 23:41:07.336 I/battery_level(  214): [82,4,29]
05-16 23:41:10.469 I/dvm_gc_madvise_info(  278): [1372160,1060864]
05-16 23:41:11.160 I/dvm_gc_madvise_info(  296): [1089536,1060864]
05-16 23:41:11.160 I/dvm_gc_madvise_info(  302): [1253376,1060864]
05-16 23:41:11.180 I/dvm_gc_madvise_info(  214): [1388544,1060864]
05-16 23:41:12.311 I/battery_level(  214): [81,4,29]
05-16 23:41:17.306 I/battery_level(  214): [83,4,29]
05-16 23:41:22.281 I/battery_level(  214): [81,4,29]
05-16 23:41:27.275 I/battery_level(  214): [83,4,29]
05-16 23:41:32.340 I/force_gc(  444): bg
05-16 23:41:32.400 I/dvm_gc_info(  444): [7218827569569989802,-9062502660828260308,-4005805597792696280,7349951]
05-16 23:41:37.245 I/battery_level(  214): [84,4,29]
05-16 23:41:37.415 I/dvm_gc_madvise_info(  444): [1343488,1060864]
05-16 23:41:42.220 I/battery_level(  214): [83,4,29]
05-16 23:42:07.154 I/battery_level(  214): [84,4,29]
05-16 23:42:07.194 I/binder_sample(  278): [com.android.internal.statusbar.IStatusBarService,4,12,com.android.systemui,2]
05-16 23:42:12.129 I/battery_level(  214): [83,4,29]
05-16 23:42:22.099 I/battery_level(  214): [84,4,29]
05-16 23:42:22.299 I/dvm_gc_info(  214): [8320808730291677125,-8904026406357444502,-3971184175657285592,8652852]
05-16 23:42:27.094 I/battery_level(  214): [83,4,29]
05-16 23:42:27.344 I/dvm_gc_madvise_info(  214): [1372160,1060864]
05-16 23:42:37.064 I/battery_level(  214): [84,4,29]
05-16 23:42:42.038 I/battery_level(  214): [83,4,29]
05-16 23:42:52.018 I/battery_level(  214): [84,4,29]
05-16 23:42:57.003 I/battery_level(  214): [83,4,29]
05-16 23:42:57.173 I/dvm_gc_info(  302): [4928475562231535157,-8999170584859551698,-4004961172862564312,7349951]
05-16 23:43:01.978 I/battery_level(  214): [84,4,29]
05-16 23:43:02.178 I/dvm_gc_madvise_info(  302): [1302528,1060864]
05-16 23:43:06.973 I/battery_level(  214): [83,4,29]
05-16 23:43:10.336 I/binder_sample(  296): [android.os.INetStatService,1,7,com.android.phone,1]
05-16 23:43:16.942 I/battery_level(  214): [85,4,29]
05-16 23:43:21.927 I/battery_level(  214): [84,4,29]
05-16 23:43:26.922 I/battery_level(  214): [83,4,29]
05-16 23:43:27.102 I/dvm_gc_info(  214): [8320808730291677123,-8904307881334151062,-3970902700680574936,8652852]
05-16 23:43:31.897 I/battery_level(  214): [84,4,29]
05-16 23:43:32.167 I/dvm_gc_madvise_info(  214): [1376256,1060864]
05-16 23:43:36.882 I/battery_level(  214): [83,4,29]
05-16 23:43:46.852 I/battery_level(  214): [84,4,29]
05-16 23:43:51.837 I/battery_level(  214): [83,4,29]
05-16 23:44:01.816 I/battery_level(  214): [85,4,29]
05-16 23:44:06.791 I/battery_level(  214): [83,4,29]
05-16 23:44:16.761 I/battery_level(  214): [84,4,29]
05-16 23:44:26.731 I/battery_level(  214): [85,4,29]
05-16 23:44:31.725 I/battery_level(  214): [83,4,29]
05-16 23:44:41.695 I/battery_level(  214): [85,4,29]
05-16 23:44:41.865 I/dvm_gc_info(  302): [4928475562231486052,-8925142665984649170,-4004961172862564312,7349951]
05-16 23:44:41.925 I/dvm_gc_info(  214): [8320808730291693508,-8904307881334151062,-3970902700680574936,8652852]
05-16 23:44:46.680 I/battery_level(  214): [83,4,29]
05-16 23:44:46.870 I/dvm_gc_madvise_info(  302): [1245184,1060864]
05-16 23:44:46.980 I/dvm_gc_madvise_info(  214): [1380352,1060864]
05-16 23:44:51.675 I/battery_level(  214): [84,4,29]
05-16 23:44:56.640 I/battery_level(  214): [83,4,29]
05-16 23:45:01.635 I/battery_level(  214): [84,4,29]
05-16 23:45:06.609 I/battery_level(  214): [83,4,29]
05-16 23:45:16.579 I/battery_level(  214): [84,4,29]
05-16 23:45:21.574 I/battery_level(  214): [83,4,29]
05-16 23:45:23.466 I/binder_sample(  296): [android.os.INetStatService,2,7,com.android.phone,1]
05-16 23:45:26.549 I/battery_level(  214): [84,4,29]
05-16 23:45:36.519 I/battery_level(  214): [85,4,29]
05-16 23:45:41.514 I/battery_level(  214): [83,4,29]
05-16 23:45:41.694 I/dvm_gc_info(  214): [8320808730291677124,-8904307881334151062,-3970902700680574936,8652852]
05-16 23:45:46.488 I/battery_level(  214): [84,4,29]
05-16 23:45:46.709 I/dvm_gc_madvise_info(  214): [1384448,1060864]
05-16 23:45:52.935 I/binder_sample(  296): [android.os.INetStatService,2,7,com.android.phone,1]
05-16 23:45:56.458 I/battery_level(  214): [85,4,29]
05-16 23:46:20.982 I/dvm_gc_info(  214): [8320808730291820147,-8941462578259982231,-3971465650633996248,8652852]
05-16 23:46:21.042 I/dvm_gc_info(  214): [8320808730291844167,-9114288076487825302,-3970902700680574936,8652852]
05-16 23:46:26.097 I/dvm_gc_madvise_info(  214): [1441792,1060864]
05-16 23:47:21.211 I/battery_level(  214): [86,4,29]
05-16 23:47:26.206 I/battery_level(  214): [85,4,29]
05-16 23:47:31.181 I/battery_level(  214): [84,4,29]
05-16 23:47:31.301 I/dvm_gc_info(  302): [4928475562231486052,-8925424140961359826,-4004961172862564312,7349951]
05-16 23:47:34.594 I/binder_sample(  296): [android.os.INetStatService,1,8,com.android.phone,1]
05-16 23:47:36.165 I/battery_level(  214): [85,4,29]
05-16 23:47:36.316 I/dvm_gc_madvise_info(  302): [1249280,1060864]
05-16 23:47:46.145 I/battery_level(  214): [86,4,29]
05-16 23:47:46.175 I/binder_sample(  278): [com.android.internal.statusbar.IStatusBarService,4,12,com.android.systemui,2]
05-16 23:47:51.120 I/battery_level(  214): [84,4,29]
05-16 23:47:56.115 I/battery_level(  214): [85,4,29]
05-16 23:48:11.059 I/battery_level(  214): [86,4,29]
05-16 23:48:16.044 I/battery_level(  214): [84,4,29]
05-16 23:48:21.029 I/battery_level(  214): [85,4,29]
05-16 23:48:21.209 I/dvm_gc_info(  214): [8320808730291640271,-8905433643768485782,-3970902700680574936,8652852]
05-16 23:48:26.274 I/dvm_gc_madvise_info(  214): [1540096,1060864]
05-16 23:48:30.999 I/battery_level(  214): [86,4,29]
05-16 23:48:31.039 I/binder_sample(  278): [com.android.internal.statusbar.IStatusBarService,4,9,com.android.systemui,1]
05-16 23:48:35.994 I/battery_level(  214): [85,4,29]
05-16 23:48:38.626 I/binder_sample(  296): [android.os.INetStatService,2,7,com.android.phone,1]
05-16 23:48:45.963 I/battery_level(  214): [86,4,29]
05-16 23:48:50.938 I/battery_level(  214): [85,4,29]
05-16 23:48:51.008 I/binder_sample(  278): [com.android.internal.statusbar.IStatusBarService,4,44,com.android.systemui,8]
05-16 23:48:55.933 I/battery_level(  214): [84,4,29]
05-16 23:49:00.908 I/battery_level(  214): [85,4,29]
05-16 23:49:05.062 I/binder_sample(  296): [android.os.INetStatService,2,7,com.android.phone,1]
05-16 23:49:10.878 I/battery_level(  214): [87,4,29]
05-16 23:49:15.873 I/battery_level(  214): [85,4,29]
05-16 23:49:15.993 I/dvm_gc_info(  302): [4928475562231490149,-8925424140961359826,-4004961172862564312,7349951]
05-16 23:49:21.028 I/dvm_gc_madvise_info(  302): [1236992,1060864]
05-16 23:49:25.842 I/battery_level(  214): [86,4,29]
05-16 23:49:30.817 I/battery_level(  214): [85,4,29]
05-16 23:49:30.997 I/dvm_gc_info(  214): [8320808730291636170,-8903744793908221846,-3970902700680574936,8652852]
05-16 23:49:36.062 I/dvm_gc_madvise_info(  214): [1523712,1060864]
05-16 23:49:40.787 I/battery_level(  214): [87,4,29]
05-16 23:49:43.660 I/binder_sample(  296): [android.os.INetStatService,1,7,com.android.phone,1]
05-16 23:49:45.782 I/battery_level(  214): [85,4,29]
05-16 23:49:55.752 I/battery_level(  214): [87,4,29]
05-16 23:50:00.736 I/battery_level(  214): [85,4,29]
05-16 23:50:10.706 I/battery_level(  214): [87,4,29]
05-16 23:50:15.691 I/battery_level(  214): [85,4,29]
05-16 23:50:25.661 I/battery_level(  214): [87,4,29]
05-16 23:50:30.425 I/binder_sample(  296): [android.os.INetStatService,2,7,com.android.phone,1]
05-16 23:50:30.656 I/battery_level(  214): [85,4,29]
05-16 23:50:40.625 I/battery_level(  214): [87,4,29]
05-16 23:50:50.595 I/battery_level(  214): [88,4,29]
05-16 23:50:50.775 I/dvm_gc_info(  214): [8320808730291681220,-8904307743861643158,-3970902700680574936,8652852]
05-16 23:50:55.570 I/battery_level(  214): [85,4,29]
05-16 23:50:55.830 I/dvm_gc_madvise_info(  214): [1515520,1060864]
05-16 23:51:05.540 I/battery_level(  214): [87,4,29]
05-16 23:51:10.525 I/battery_level(  214): [85,4,29]
05-16 23:51:10.655 I/dvm_gc_info(  302): [4928475562231527012,-8925424140961359825,-4004961172862564312,7349951]
05-16 23:51:15.509 I/battery_level(  214): [87,4,29]
05-16 23:51:15.670 I/dvm_gc_madvise_info(  302): [1236992,1060864]
05-16 23:51:30.474 I/battery_level(  214): [88,4,29]
05-16 23:51:35.449 I/battery_level(  214): [85,4,29]
05-16 23:51:40.444 I/battery_level(  214): [86,4,29]
05-16 23:51:45.419 I/battery_level(  214): [85,4,29]
05-16 23:51:50.413 I/battery_level(  214): [87,4,29]
05-16 23:51:55.388 I/battery_level(  214): [85,4,29]
05-16 23:51:55.558 I/dvm_gc_info(  214): [8320808730291636163,-8904307743861643158,-3970902700680574936,8652852]
05-16 23:51:58.842 I/binder_sample(  296): [android.os.INetStatService,1,8,com.android.phone,1]
05-16 23:52:00.063 I/binder_sample(  278): [android.app.IActivityManager,16,26,com.android.systemui,5]
05-16 23:52:00.623 I/dvm_gc_madvise_info(  214): [1531904,1060864]
05-16 23:52:05.348 I/battery_level(  214): [87,4,29]
05-16 23:52:11.044 I/binder_sample(  296): [android.os.INetStatService,2,7,com.android.phone,1]
05-16 23:52:50.232 I/battery_level(  214): [88,4,29]
05-16 23:52:55.207 I/battery_level(  214): [87,4,29]
05-16 23:53:00.182 I/battery_level(  214): [86,4,29]
05-16 23:53:05.186 I/battery_level(  214): [87,4,29]
05-16 23:53:07.168 I/am_create_service(  214): [1083009992,com.android.mms/.transaction.SmsReceiverService,act=android.intent.action.SERVICE_STATE,444]
05-16 23:53:07.389 I/dvm_gc_info(  302): [4928475562231834227,-8924861191007934417,-4004961172862564312,7349951]
05-16 23:53:07.469 I/content_query_sample(  444): [content://sms/queued,_id/thread_id/address/body/status,,date ASC,173,,35]
05-16 23:53:07.559 I/content_query_sample(  302): [content://telephony/carriers,apn,current=1,,47,sys.DeviceHealth,10]
05-16 23:53:07.609 I/dvm_gc_info(  296): [8099846449757439632,-8922327503799916491,-4003272323002300376,7349951]
05-16 23:53:07.829 I/dvm_gc_info(  302): [4928475562231531152,-8925424140961417172,-4005524122815985624,7349951]
05-16 23:53:07.859 I/dvm_gc_info(  296): [8099846449757566599,-8923453403706763211,-4003272323002300376,7349951]
05-16 23:53:07.869 I/notification_cancel(  214): [com.android.phone,7,0]
05-16 23:53:07.869 I/notification_cancel(  214): [com.android.phone,7,0]
05-16 23:53:07.869 I/notification_cancel(  214): [com.android.phone,7,0]
05-16 23:53:07.869 I/notification_cancel(  214): [com.android.phone,7,0]
05-16 23:53:07.869 I/binder_sample(  302): [android.content.IContentProvider,1,64,sys.DeviceHealth,12]
05-16 23:53:07.879 I/notification_cancel(  214): [com.android.phone,7,0]
05-16 23:53:07.889 I/notification_cancel(  214): [com.android.phone,7,0]
05-16 23:53:07.889 I/notification_cancel(  214): [com.android.phone,7,0]
05-16 23:53:07.889 I/notification_cancel(  214): [com.android.phone,7,0]
05-16 23:53:07.899 I/notification_cancel(  214): [com.android.phone,7,0]
05-16 23:53:07.899 I/notification_cancel(  214): [com.android.phone,7,0]
05-16 23:53:07.899 I/notification_cancel(  214): [com.android.phone,7,0]
05-16 23:53:07.899 I/notification_cancel(  214): [com.android.phone,7,0]
05-16 23:53:07.909 I/notification_cancel(  214): [com.android.phone,7,0]
05-16 23:53:07.909 I/notification_cancel(  214): [com.android.phone,7,0]
05-16 23:53:07.919 I/notification_cancel(  214): [com.android.phone,7,0]
05-16 23:53:07.919 I/notification_cancel(  214): [com.android.phone,7,0]
05-16 23:53:07.919 I/notification_cancel(  214): [com.android.phone,7,0]
05-16 23:53:07.929 I/notification_cancel(  214): [com.android.phone,7,0]
05-16 23:53:07.929 I/notification_cancel(  214): [com.android.phone,7,0]
05-16 23:53:07.929 I/notification_cancel(  214): [com.android.phone,7,0]
05-16 23:53:07.929 I/notification_cancel(  214): [com.android.phone,7,0]
05-16 23:53:07.949 I/am_destroy_service(  214): [1083009992,com.android.mms/.transaction.SmsReceiverService,444]
05-16 23:53:08.049 I/dvm_gc_info(  302): [4928475562231522955,-8964549162724206548,-4005805597792696280,7349951]
05-16 23:53:08.149 I/dvm_gc_info(  296): [8099846449757480545,-8977778074211915723,-4003272323002300376,7349951]
05-16 23:53:10.181 I/battery_level(  214): [86,4,29]
05-16 23:53:13.094 I/dvm_gc_madvise_info(  302): [1200128,1060864]
05-16 23:53:13.184 I/dvm_gc_madvise_info(  296): [1134592,1060864]
05-16 23:53:15.156 I/battery_level(  214): [85,4,29]
05-16 23:53:20.141 I/battery_level(  214): [87,4,29]
05-16 23:53:20.321 I/dvm_gc_info(  214): [8320808730291681218,-8900367094187685781,-3970902700680574936,8652852]
05-16 23:53:25.196 I/force_gc(  444): bg
05-16 23:53:25.266 I/dvm_gc_info(  444): [7218827569570030819,-9056873161294047188,-4005805597792696280,7349951]
05-16 23:53:25.346 I/dvm_gc_madvise_info(  214): [1466368,1060864]
05-16 23:53:30.111 I/battery_level(  214): [88,4,29]
05-16 23:53:30.271 I/dvm_gc_madvise_info(  444): [1347584,1060864]
05-16 23:53:35.096 I/battery_level(  214): [87,4,29]
05-16 23:53:35.426 I/binder_sample(  296): [android.os.INetStatService,2,8,com.android.phone,1]
05-16 23:53:45.065 I/battery_level(  214): [88,4,30]
05-16 23:53:50.050 I/battery_level(  214): [87,4,30]
05-16 23:53:50.180 I/dvm_gc_info(  302): [4928475562231526999,-8994948460208928724,-4005805597792696280,7349951]
05-16 23:53:55.035 I/battery_level(  214): [88,4,30]
05-16 23:53:55.195 I/dvm_gc_madvise_info(  302): [1290240,1060864]
05-16 23:54:00.020 I/battery_level(  214): [87,4,30]
05-16 23:54:05.155 I/force_gc(  802): bg
05-16 23:54:05.205 I/dvm_gc_info(  802): [7453298398305944625,-9165522571040651222,-4006368547746117592,7349951]
05-16 23:54:10.000 I/battery_level(  214): [88,4,30]
05-16 23:54:10.230 I/dvm_gc_madvise_info(  802): [1486848,1060864]
05-16 23:54:14.984 I/battery_level(  214): [87,4,30]
05-16 23:54:19.959 I/battery_level(  214): [88,4,30]
05-16 23:54:24.954 I/battery_level(  214): [87,4,30]
05-16 23:54:25.144 I/dvm_gc_info(  214): [8320808730291681234,-8903463318931511190,-3970902700680574936,8652852]
05-16 23:54:26.235 I/binder_sample(  296): [android.os.INetStatService,2,8,com.android.phone,1]
05-16 23:54:29.929 I/battery_level(  214): [88,4,30]
05-16 23:54:30.159 I/dvm_gc_madvise_info(  214): [1490944,1060864]
05-16 23:54:34.133 I/am_create_service(  214): [1084742584,com.google.android.gsf/.checkin.EventLogService,,391]
05-16 23:54:34.143 I/aggregation(  391): 1305557674149
05-16 23:54:34.223 I/am_destroy_service(  214): [1084742584,com.google.android.gsf/.checkin.EventLogService,391]
05-16 23:54:34.243 I/dvm_gc_info(  391): [7449358886915602024,-8925424347170166740,-4005805597792696280,7349951]
05-16 23:54:34.924 I/battery_level(  214): [87,4,30]
05-16 23:54:39.238 I/dvm_gc_madvise_info(  391): [1286144,1060864]
05-16 23:54:44.513 I/binder_sample(  296): [android.os.INetStatService,2,7,com.android.phone,1]
05-16 23:54:44.894 I/battery_level(  214): [89,4,30]
05-16 23:54:49.869 I/battery_level(  214): [88,4,30]
05-16 23:54:54.863 I/battery_level(  214): [87,4,30]
05-16 23:55:04.833 I/battery_level(  214): [88,4,30]
05-16 23:55:09.808 I/battery_level(  214): [87,4,30]
05-16 23:55:19.778 I/battery_level(  214): [88,4,30]
05-16 23:55:19.838 I/binder_sample(  278): [com.android.internal.statusbar.IStatusBarService,4,26,com.android.systemui,5]
05-16 23:55:24.773 I/battery_level(  214): [87,4,30]
05-16 23:55:24.893 I/dvm_gc_info(  302): [4928475562231490115,-8965393587654272978,-4004961172862564312,7349951]
05-16 23:55:29.918 I/dvm_gc_madvise_info(  302): [1302528,1060864]
05-16 23:55:31.269 I/binder_sample(  296): [android.os.INetStatService,1,7,com.android.phone,1]
05-16 23:55:34.742 I/battery_level(  214): [88,4,30]
05-16 23:55:34.912 I/dvm_gc_info(  214): [8320808730291636173,-8903463318931511190,-3970902700680574936,8652852]
05-16 23:55:39.717 I/battery_level(  214): [87,4,30]
05-16 23:55:39.927 I/dvm_gc_madvise_info(  214): [1486848,1060864]
05-16 23:55:49.687 I/battery_level(  214): [89,4,30]
05-16 23:55:49.727 I/binder_sample(  278): [com.android.internal.statusbar.IStatusBarService,4,16,com.android.systemui,3]
05-16 23:55:54.702 I/battery_level(  214): [87,4,30]
05-16 23:55:59.667 I/battery_level(  214): [88,4,30]
05-16 23:56:09.636 I/battery_level(  214): [89,4,30]
05-16 23:56:14.621 I/battery_level(  214): [87,4,30]
05-16 23:56:19.606 I/battery_level(  214): [88,4,30]
05-16 23:56:24.591 I/battery_level(  214): [87,4,30]
05-16 23:56:29.576 I/battery_level(  214): [88,4,30]
05-16 23:56:43.479 I/binder_sample(  296): [android.os.INetStatService,1,8,com.android.phone,1]
05-16 23:56:44.530 I/battery_level(  214): [89,4,30]
05-16 23:56:44.731 I/dvm_gc_info(  214): [8320808730291677124,-8904307743861643158,-3970902700680574936,8652852]
05-16 23:56:49.525 I/battery_level(  214): [88,4,30]
05-16 23:56:49.765 I/dvm_gc_madvise_info(  214): [1499136,1060864]
05-16 23:56:59.485 I/battery_level(  214): [89,4,30]
05-16 23:57:04.470 I/battery_level(  214): [88,4,30]
05-16 23:57:14.440 I/battery_level(  214): [89,4,30]
05-16 23:57:14.560 I/dvm_gc_info(  302): [4928475562231490148,-8925142665984649170,-4004961172862564312,7349951]
05-16 23:57:19.434 I/battery_level(  214): [88,4,30]
05-16 23:57:19.595 I/dvm_gc_madvise_info(  302): [1241088,1060864]
05-16 23:57:29.404 I/battery_level(  214): [89,4,30]
05-16 23:57:34.379 I/battery_level(  214): [88,4,30]
05-16 23:57:37.252 I/power_screen_state(  214): [1,3,0,0]
05-16 23:57:37.252 I/power_screen_broadcast_send(  214): 1
05-16 23:57:37.252 I/screen_toggled(  214): 1
05-16 23:57:37.262 I/am_resume_activity(  214): [1082119576,2,com.lge.launcher/.Launcher]
05-16 23:57:37.282 I/am_on_resume_called(  322): com.lge.launcher.Launcher
05-16 23:57:37.422 I/power_screen_broadcast_done(  214): [1,168,1]
05-16 23:57:37.462 I/am_create_service(  214): [1084155240,com.android.mms/.transaction.SmsReceiverService,act=android.intent.action.SERVICE_STATE,444]
05-16 23:57:37.622 I/dvm_gc_info(  278): [8320808730291676809,-8920075772722558928,-4002709373048879064,8005410]
05-16 23:57:37.672 I/dvm_gc_info(  214): [8320808730292189061,-8907403968605468566,-3970902700680574936,8652863]
05-16 23:57:37.752 I/am_destroy_service(  214): [1084155240,com.android.mms/.transaction.SmsReceiverService,444]
05-16 23:57:38.833 I/notification_cancel(  214): [com.android.systemui,17302218,0]
05-16 23:57:38.833 I/notification_cancel(  214): [android,17040230,0]
05-16 23:57:39.214 I/notification_cancel(  214): [com.android.systemui,17302218,0]
05-16 23:57:39.224 I/notification_enqueue(  214): [android,17040230,Notification(vibrate=null,sound=null,defaults=0x0,flags=0x2)]
05-16 23:57:42.277 I/dvm_gc_info(  214): [8320808730291856937,-9018305109429487511,-3970902700680574936,8722509]
05-16 23:57:42.487 I/screen_toggled(  214): 2
05-16 23:57:42.667 I/dvm_gc_madvise_info(  278): [1347584,1060864]
05-16 23:57:42.737 I/dvm_gc_info(  302): [4928475562231506528,-8949068039005063121,-4004961172862564312,7349951]
05-16 23:57:44.259 I/dvm_gc_info(  288): [7597133271180556328,-8991850310850037717,-4004961172862564312,7350015]
05-16 23:57:44.339 I/battery_level(  214): [86,4,30]
05-16 23:57:47.342 I/dvm_gc_madvise_info(  214): [1339392,1060864]
05-16 23:57:47.782 I/dvm_gc_madvise_info(  302): [1249280,1060864]
05-16 23:57:49.304 I/dvm_gc_madvise_info(  288): [3538944,1060864]
05-16 23:57:49.344 I/battery_level(  214): [85,4,30]
05-16 23:57:54.318 I/battery_level(  214): [87,4,30]
05-16 23:58:04.288 I/battery_level(  214): [88,4,30]
05-16 23:58:09.363 I/force_gc( 1244): bg
05-16 23:58:09.423 I/dvm_gc_info( 1244): [5579786668258623744,-9221536091406067670,-4006368547746117592,7349955]
05-16 23:58:14.358 I/force_gc(  444): bg
05-16 23:58:14.428 I/dvm_gc_madvise_info( 1244): [1449984,1060864]
05-16 23:58:14.438 I/dvm_gc_info(  444): [7218827569570034775,-9082768859151427540,-4005805597792696280,7349951]
05-16 23:58:19.473 I/dvm_gc_madvise_info(  444): [1347584,1060864]
05-16 23:58:55.488 I/binder_sample(  296): [android.os.INetStatService,1,8,com.android.phone,1]
05-16 23:59:14.817 I/binder_sample(  296): [android.os.INetStatService,1,19,com.android.phone,3]
05-16 23:59:48.330 I/dvm_gc_info(  302): [4928475562231486043,-8957230813329659857,-4004961172862564312,7349951]
05-16 23:59:48.970 I/battery_level(  214): [89,4,30]
05-16 23:59:53.365 I/dvm_gc_madvise_info(  302): [1241088,1060864]
05-16 23:59:53.965 I/battery_level(  214): [88,4,30]
05-17 00:00:00.131 I/am_proc_start(  214): [1978,10004,com.lge.sizechangable.weather,broadcast,com.lge.sizechangable.weather/.service.WeatherIntentReceiver]
05-17 00:00:00.141 I/am_create_service(  214): [1083139776,com.lge.subdisplay.framework.providers.miniappregistry/com.lge.subdisplay.framework.BadgeService,act=com.lge.subdisplay.intent.ACTION_BADGE_SET,369]
05-17 00:00:00.171 I/dvm_gc_madvise_info( 1978): [1294336,1060864]
05-17 00:00:00.221 I/am_proc_bound(  214): [1978,com.lge.sizechangable.weather]
05-17 00:00:00.311 I/db_sample(  369): [/data/data/com.lge.subdisplay.framework.providers.miniappregistry/databases/miniappregistry.db,UPDATE mini_app_infos SET badge_value=? WHERE name=?,118,,24]
05-17 00:00:00.311 I/am_destroy_service(  214): [1083139776,com.lge.subdisplay.framework.providers.miniappregistry/com.lge.subdisplay.framework.BadgeService,369]
05-17 00:00:00.381 I/dvm_gc_info(  214): [8320808730291636259,-8908248393535596443,-3975124825331234776,8624173]
05-17 00:00:00.381 I/content_query_sample(  530): [content://sms,person/address/body/date/read/_id,date > 1304953200137 AND type = 1 ,date DESC LIMIT 20,130,,27]
05-17 00:00:00.381 I/db_sample(  530): [/data/data/com.android.whatsnew/databases/whatsnew.db,select count(unread) as unread from whatsnew where unread = 1   ,92,,19]
05-17 00:00:00.391 I/binder_sample(  322): [android.content.IContentProvider,1,109,android.process.lghome,21]
05-17 00:00:00.411 I/content_query_sample(  530): [content://call_log/calls,name/name/number/date/new/_id/type,date > 1304953200136 AND type in( 3,7),date DESC LIMIT 20,156,,32]
05-17 00:00:00.502 I/dvm_gc_info(  530): [8604234240864826979,-8990726610503313365,-4006087072769406936,7349951]
05-17 00:00:00.572 I/am_create_service(  214): [1084833744,com.lge.email/.service.EmailService,act=com.lge.email.action.DATE_CHANGED,520]
05-17 00:00:00.652 I/binder_sample( 1978): [android.app.IActivityManager,98,102,com.lge.sizechangable.weather,20]
05-17 00:00:00.682 I/db_sample(  530): [/data/data/com.android.whatsnew/databases/whatsnew.db,INSERT INTO whatsnew(DATA1, DATE, UNREAD, APP_TYPE, DATA2) VALUE,77,com.android.whatsnew,16]
05-17 00:00:00.692 I/binder_sample(  322): [android.content.IBulkCursor,12,84,android.process.lghome,16]
05-17 00:00:00.782 I/content_query_sample(  322): [content://com.android.whatsnew/home_screen,unread,,,88,android.process.lghome,18]
05-17 00:00:00.802 I/am_destroy_service(  214): [1084833744,com.lge.email/.service.EmailService,520]
05-17 00:00:00.802 I/binder_sample(  520): [android.app.IActivityManager,48,9,com.lge.email,1]
05-17 00:00:00.882 I/binder_sample(  322): [android.content.pm.IPackageManager,75,17,android.process.lghome,3]
05-17 00:00:00.942 I/dvm_gc_info( 1978): [8603389815750268554,-8954697813484353493,-4006087072769402840,7349951]
05-17 00:00:00.982 I/dvm_gc_info(  322): [7811326906476861412,-8903748230688249796,-3972591550540838872,8841306]
05-17 00:00:05.426 I/dvm_gc_madvise_info(  214): [1818624,1060864]
05-17 00:00:05.536 I/dvm_gc_madvise_info(  530): [1290240,1060864]
05-17 00:00:05.967 I/dvm_gc_madvise_info( 1978): [1519616,1060864]
05-17 00:00:06.027 I/dvm_gc_madvise_info(  322): [1617920,1060864]
05-17 00:00:08.279 I/force_gc(  838): bg
05-17 00:00:08.359 I/dvm_gc_info(  838): [7017575181485122291,-9198173255770380234,-3997642823468087256,8521634]
05-17 00:00:08.920 I/battery_level(  214): [89,4,30]
05-17 00:00:13.404 I/dvm_gc_madvise_info(  838): [1179648,1060864]
05-17 00:00:13.915 I/battery_level(  214): [88,4,30]
05-17 00:00:18.890 I/battery_level(  214): [87,4,30]
05-17 00:00:23.874 I/battery_level(  214): [88,4,30]
05-17 00:00:28.929 I/force_gc(  520): bg
05-17 00:00:29.019 I/dvm_gc_info(  520): [7308604875703965236,-9002830034501859284,-4003553797979011032,8165193]
05-17 00:00:33.934 I/force_gc(  530): bg
05-17 00:00:34.054 I/dvm_gc_madvise_info(  520): [1335296,1060864]
05-17 00:00:34.064 I/dvm_gc_info(  530): [8604234240865322563,-9026473932545562581,-4006087072769406936,7349951]
05-17 00:00:38.829 I/battery_level(  214): [89,4,30]
05-17 00:00:39.089 I/dvm_gc_madvise_info(  530): [1331200,1060864]
05-17 00:00:43.814 I/battery_level(  214): [87,4,30]
05-17 00:00:48.799 I/battery_level(  214): [88,4,30]
05-17 00:00:53.784 I/battery_level(  214): [87,4,30]
05-17 00:00:58.768 I/battery_level(  214): [88,4,30]
05-17 00:01:08.738 I/battery_level(  214): [89,4,30]
05-17 00:01:08.908 I/dvm_gc_info(  302): [4928475562231486065,-8924861191007946706,-4005242647839274968,7349951]
05-17 00:01:08.968 I/dvm_gc_info(  214): [8320808730291742626,-8907685443582171035,-3974843350354524120,8624173]
05-17 00:01:13.943 I/dvm_gc_madvise_info(  302): [1228800,1060864]
05-17 00:01:14.033 I/dvm_gc_madvise_info(  214): [1818624,1060864]
05-17 00:01:18.708 I/battery_level(  214): [88,4,30]
05-17 00:01:28.678 I/battery_level(  214): [89,4,30]
05-17 00:01:33.662 I/battery_level(  214): [88,4,30]
05-17 00:01:43.632 I/battery_level(  214): [89,4,30]
05-17 00:01:48.617 I/battery_level(  214): [88,4,30]
05-17 00:01:58.587 I/battery_level(  214): [89,4,30]
05-17 00:02:03.582 I/battery_level(  214): [88,4,30]
05-17 00:02:18.536 I/battery_level(  214): [89,4,30]
05-17 00:02:23.511 I/battery_level(  214): [88,4,30]
05-17 00:02:33.481 I/battery_level(  214): [90,4,30]
05-17 00:02:33.651 I/dvm_gc_info(  214): [8320808730291677078,-8908811343489013659,-3975124825331234776,8624173]
05-17 00:02:38.476 I/battery_level(  214): [88,4,30]
05-17 00:02:38.716 I/dvm_gc_madvise_info(  214): [1810432,1060864]
05-17 00:02:40.087 I/binder_sample(  296): [android.os.INetStatService,2,7,com.android.phone,1]
05-17 00:02:53.420 I/battery_level(  214): [89,4,30]
05-17 00:02:58.415 I/battery_level(  214): [88,4,30]
05-17 00:02:58.505 I/dvm_gc_info(  278): [8320808730291660379,-8944001145742940111,-4002146423095457752,8005411]
05-17 00:03:03.540 I/dvm_gc_madvise_info(  278): [1359872,1060864]
05-17 00:03:08.385 I/battery_level(  214): [90,4,30]
05-17 00:03:08.495 I/dvm_gc_info(  302): [4928475562231490144,-8925705615938070482,-4005242647839274968,7349951]
05-17 00:03:13.360 I/battery_level(  214): [88,4,30]
05-17 00:03:13.500 I/dvm_gc_madvise_info(  302): [1232896,1060864]
05-17 00:03:23.339 I/battery_level(  214): [90,4,30]
05-17 00:03:28.324 I/battery_level(  214): [89,4,30]
05-17 00:03:48.264 I/battery_level(  214): [90,4,30]
05-17 00:03:53.249 I/battery_level(  214): [88,4,30]
05-17 00:04:03.218 I/battery_level(  214): [90,4,30]
05-17 00:04:03.369 I/dvm_gc_info(  214): [8320808730291640216,-8908529868512307099,-3975124825331234776,8624173]
05-17 00:04:08.203 I/battery_level(  214): [89,4,30]
05-17 00:04:08.393 I/dvm_gc_madvise_info(  214): [1814528,1060864]
05-17 00:04:13.188 I/battery_level(  214): [88,4,30]
05-17 00:04:18.173 I/battery_level(  214): [89,4,30]
05-17 00:04:23.158 I/battery_level(  214): [88,4,30]
05-17 00:04:33.128 I/battery_level(  214): [90,4,30]
05-17 00:04:38.102 I/battery_level(  214): [89,4,30]
05-17 00:04:48.082 I/battery_level(  214): [90,4,30]
05-17 00:04:48.202 I/dvm_gc_info(  302): [4928475562231527010,-8925424140961363922,-4005242647839274968,7349951]
05-17 00:04:49.143 I/binder_sample(  296): [android.os.INetStatService,1,9,com.android.phone,1]
05-17 00:04:53.067 I/battery_level(  214): [88,4,30]
05-17 00:04:53.217 I/dvm_gc_madvise_info(  302): [1232896,1060864]
05-17 00:05:03.037 I/battery_level(  214): [90,4,30]
05-17 00:05:07.441 I/binder_sample(  296): [android.os.INetStatService,2,7,com.android.phone,1]
05-17 00:05:08.022 I/battery_level(  214): [89,4,30]
05-17 00:05:08.192 I/dvm_gc_info(  214): [8320808730291677073,-8909374293442439067,-3975124825331234776,8624173]
05-17 00:05:13.247 I/dvm_gc_madvise_info(  214): [1835008,1060864]
05-17 00:05:17.991 I/battery_level(  214): [90,4,30]
05-17 00:05:22.986 I/battery_level(  214): [89,4,30]
05-17 00:05:26.700 I/binder_sample(  296): [android.os.INetStatService,1,8,com.android.phone,1]
05-17 00:05:32.956 I/battery_level(  214): [90,4,30]
05-17 00:05:37.931 I/battery_level(  214): [89,4,30]
05-17 00:05:40.934 I/binder_sample(  296): [android.os.INetStatService,2,8,com.android.phone,1]
05-17 00:05:47.900 I/battery_level(  214): [90,4,30]
05-17 00:05:52.895 I/battery_level(  214): [89,4,30]
05-17 00:06:02.865 I/battery_level(  214): [90,4,30]
05-17 00:06:13.455 I/binder_sample(  296): [android.os.INetStatService,2,7,com.android.phone,1]
05-17 00:06:22.805 I/battery_level(  214): [91,4,30]
05-17 00:06:22.925 I/dvm_gc_info(  302): [4928475562231490144,-8925987090914777041,-4004961172862564312,7349951]
05-17 00:06:27.779 I/battery_level(  214): [90,4,30]
05-17 00:06:27.930 I/dvm_gc_madvise_info(  302): [1232896,1060864]
05-17 00:06:47.719 I/battery_level(  214): [91,4,30]
05-17 00:06:47.869 I/dvm_gc_info(  214): [8320808730291640208,-8909092818465724315,-3975124825331234776,8624173]
05-17 00:06:52.714 I/battery_level(  214): [89,4,30]
05-17 00:06:52.934 I/dvm_gc_madvise_info(  214): [1814528,1060864]
05-17 00:06:57.689 I/battery_level(  214): [90,4,30]
05-17 00:06:57.729 I/binder_sample(  278): [com.android.internal.statusbar.IStatusBarService,4,15,com.android.systemui,3]
05-17 00:07:02.213 I/binder_sample(  296): [android.os.INetStatService,2,7,com.android.phone,1]
05-17 00:07:12.653 I/battery_level(  214): [91,4,30]
05-17 00:07:15.896 I/backup_data_changed(  214): com.android.providers.settings
05-17 00:07:15.966 I/binder_sample(  838): [android.content.IContentProvider,21,25,android.process.acore,5]
05-17 00:07:15.986 I/am_proc_start(  214): [1988,10081,com.tmobile.driving,broadcast,com.tmobile.driving/.receiver.AirplaneModeReceiver]
05-17 00:07:16.077 I/binder_sample(  322): [com.android.internal.view.IInputMethodManager,9,49,android.process.lghome,9]
05-17 00:07:16.117 I/dvm_gc_madvise_info( 1988): [1294336,1060864]
05-17 00:07:16.157 I/dvm_gc_info(  296): [8099846449757619841,-8923171928730052555,-4003272323002300376,7349951]
05-17 00:07:16.157 I/content_query_sample(  530): [content://com.lge.providers.lgemail/account,accountID/userName/mailAddress/accountName/InboxID,,,189,,38]
05-17 00:07:16.177 I/am_proc_bound(  214): [1988,com.tmobile.driving]
05-17 00:07:17.638 I/battery_level(  214): [89,4,30]
05-17 00:07:17.788 I/gsm_service_state_change(  296): [0,3]
05-17 00:07:17.798 I/am_create_service(  214): [1082677056,com.android.mms/.transaction.SmsReceiverService,act=android.intent.action.SERVICE_STATE,444]
05-17 00:07:17.888 I/binder_sample(  278): [com.android.internal.statusbar.IStatusBarService,4,40,com.android.systemui,8]
05-17 00:07:18.068 I/binder_sample(  296): [com.android.internal.telephony.ITelephonyRegistry,8,9,com.android.phone,1]
05-17 00:07:18.098 I/dvm_gc_info(  302): [4928475562231531140,-8924298241054525394,-4005242647839274968,7349951]
05-17 00:07:18.209 I/dvm_gc_info(  278): [8320808730291689077,-8923453472443062223,-4001864948118747096,8005423]
05-17 00:07:18.219 I/dvm_gc_info(  296): [8099846449757566598,-8923453403706767307,-4003272323002300376,7349951]
05-17 00:07:18.229 I/content_query_sample(  444): [content://sms/queued,_id/thread_id/address/body/status,,date ASC,287,,58]
05-17 00:07:18.229 I/notification_cancel(  214): [com.android.phone,7,0]
05-17 00:07:18.229 I/notification_cancel(  214): [com.android.phone,7,0]
05-17 00:07:18.239 I/notification_cancel(  214): [com.android.phone,7,0]
05-17 00:07:18.239 I/notification_cancel(  214): [com.android.phone,7,0]
05-17 00:07:18.239 I/notification_cancel(  214): [com.android.phone,7,0]
05-17 00:07:18.259 I/notification_cancel(  214): [com.android.phone,7,0]
05-17 00:07:18.269 I/notification_cancel(  214): [com.android.phone,7,0]
05-17 00:07:18.269 I/notification_cancel(  214): [com.android.phone,7,0]
05-17 00:07:18.279 I/binder_sample(  302): [android.content.IContentProvider,1,26,sys.DeviceHealth,5]
05-17 00:07:18.279 I/content_query_sample(  302): [content://telephony/carriers,apn,current=1,,28,sys.DeviceHealth,6]
05-17 00:07:18.289 I/notification_cancel(  214): [com.android.phone,7,0]
05-17 00:07:18.289 I/notification_cancel(  214): [com.android.phone,7,0]
05-17 00:07:18.319 I/binder_sample(  302): [android.content.pm.IPackageManager,75,42,sys.DeviceHealth,8]
05-17 00:07:18.419 I/am_destroy_service(  214): [1082677056,com.android.mms/.transaction.SmsReceiverService,444]
05-17 00:07:18.479 I/dvm_gc_info(  302): [4928475562231522969,-8925424140961408979,-4005524122815985624,7349951]
05-17 00:07:23.223 I/dvm_gc_madvise_info(  278): [1339392,1060864]
05-17 00:07:23.254 I/dvm_gc_madvise_info(  296): [1142784,1060864]
05-17 00:07:23.364 I/force_gc( 1289): bg
05-17 00:07:23.374 I/binder_sample(  278): [android.view.IWindowSession,4,12,com.android.systemui,2]
05-17 00:07:23.394 I/dvm_gc_info( 1289): [8316298460747903769,-9196485230846040024,-4006931497699538904,7349951]
05-17 00:07:23.494 I/dvm_gc_madvise_info(  302): [1171456,1060864]
05-17 00:07:24.535 I/binder_sample(  296): [android.os.INetStatService,2,6,com.android.phone,1]
05-17 00:07:27.618 I/battery_level(  214): [91,4,30]
05-17 00:07:28.419 I/dvm_gc_madvise_info( 1289): [1384448,1060864]
05-17 00:07:32.603 I/battery_level(  214): [90,4,30]
05-17 00:07:37.658 I/force_gc(  444): bg
05-17 00:07:37.728 I/dvm_gc_info(  444): [7218827569570030823,-9056591686317336532,-4005805597792696280,7349951]
05-17 00:07:42.572 I/battery_level(  214): [91,4,30]
05-17 00:07:42.743 I/dvm_gc_madvise_info(  444): [1347584,1060864]
05-17 00:07:42.773 I/dvm_gc_info(  214): [8320808730291746720,-8904589218838353818,-3974843350354524120,8624173]
05-17 00:07:45.846 I/binder_sample(  296): [android.os.INetStatService,2,7,com.android.phone,1]
05-17 00:07:47.557 I/battery_level(  214): [90,4,30]
05-17 00:07:47.797 I/dvm_gc_madvise_info(  214): [1810432,1060864]
05-17 00:07:52.622 I/force_gc(  838): bg
05-17 00:07:52.702 I/dvm_gc_info(  838): [7017575181485138698,-9194232606096431050,-3997642823468087256,8521634]
05-17 00:07:57.527 I/battery_level(  214): [91,4,30]
05-17 00:07:57.707 I/dvm_gc_madvise_info(  838): [1179648,1060864]
05-17 00:08:02.522 I/battery_level(  214): [90,4,30]
05-17 00:08:07.577 I/force_gc(  520): bg
05-17 00:08:07.647 I/dvm_gc_info(  520): [7308604875703911532,-9069821078958991316,-4003272323002300376,8165193]
05-17 00:08:12.572 I/force_gc(  530): bg
05-17 00:08:12.662 I/dvm_gc_madvise_info(  520): [1331200,1060864]
05-17 00:08:12.662 I/dvm_gc_info(  530): [8604234240865158535,-9041110631334524886,-4006368547746117592,7349951]
05-17 00:08:17.476 I/battery_level(  214): [91,4,30]
05-17 00:08:17.667 I/dvm_gc_madvise_info(  530): [1368064,1060864]
05-17 00:08:22.461 I/battery_level(  214): [90,4,30]
05-17 00:08:32.431 I/battery_level(  214): [91,4,30]
05-17 00:08:32.541 I/dvm_gc_info(  302): [4928475562231526993,-8983126511187056594,-4005242647839274968,7349951]
05-17 00:08:37.416 I/battery_level(  214): [90,4,30]
05-17 00:08:37.546 I/dvm_gc_madvise_info(  302): [1232896,1060864]
05-17 00:08:40.399 I/am_create_service(  214): [1084049800,com.google.android.apps.maps/com.google.googlenav.prefetch.android.PrefetcherService,,1933]
05-17 00:08:42.401 I/battery_level(  214): [91,4,30]
05-17 00:08:47.386 I/battery_level(  214): [90,4,30]
05-17 00:08:50.449 I/am_destroy_service(  214): [1084049800,com.google.android.apps.maps/com.google.googlenav.prefetch.android.PrefetcherService,1933]
05-17 00:08:52.451 I/force_gc( 1933): bg
05-17 00:08:52.521 I/dvm_gc_info( 1933): [3345437233800054313,-9050117349368170442,-4002709373048879064,7349951]
05-17 00:08:57.355 I/battery_level(  214): [91,4,30]
05-17 00:08:57.505 I/dvm_gc_info(  214): [8320808730291636126,-8908529868512307099,-3975124825331234776,8624173]
05-17 00:08:57.536 I/dvm_gc_madvise_info( 1933): [1204224,1060864]
05-17 00:09:02.340 I/battery_level(  214): [90,4,30]
05-17 00:09:02.540 I/dvm_gc_madvise_info(  214): [1835008,1060864]
05-17 00:09:07.325 I/battery_level(  214): [91,4,30]
05-17 00:09:12.380 I/force_gc( 1954): bg
05-17 00:09:12.450 I/dvm_gc_info( 1954): [7237967893521274449,-9013807970960824280,-4006931497699534808,7349951]
05-17 00:09:17.385 I/force_gc(  802): bg
05-17 00:09:17.465 I/dvm_gc_madvise_info( 1954): [1368064,1060864]
05-17 00:09:17.465 I/dvm_gc_info(  802): [7453298398306018353,-9165522571040651222,-4006368547746117592,7349951]
05-17 00:09:22.280 I/battery_level(  214): [92,4,30]
05-17 00:09:22.460 I/dvm_gc_madvise_info(  802): [1486848,1060864]
05-17 00:09:27.265 I/battery_level(  214): [90,4,30]
05-17 00:09:37.234 I/battery_level(  214): [91,4,30]
05-17 00:09:37.344 I/dvm_gc_info(  296): [8099846449757632098,-8967363500073625547,-4003272323002300376,7349951]
05-17 00:09:42.219 I/battery_level(  214): [90,4,30]
05-17 00:09:42.349 I/dvm_gc_madvise_info(  296): [1159168,1060864]
05-17 00:09:47.214 I/battery_level(  214): [91,4,30]
05-17 00:09:49.706 I/binder_sample(  296): [android.os.INetStatService,2,7,com.android.phone,1]
05-17 00:09:57.184 I/battery_level(  214): [92,4,30]
05-17 00:10:02.159 I/battery_level(  214): [91,4,30]
05-17 00:10:17.133 I/battery_level(  214): [92,4,30]
05-17 00:10:17.283 I/dvm_gc_info(  214): [8320808730291677080,-8908529868512307099,-3975124825331234776,8624173]
05-17 00:10:22.098 I/battery_level(  214): [90,4,30]
05-17 00:10:22.288 I/dvm_gc_madvise_info(  214): [1835008,1060864]
05-17 00:10:27.093 I/battery_level(  214): [91,4,30]
05-17 00:10:27.193 I/dvm_gc_info(  302): [4928475562231486046,-8925705615938070482,-4005242647839274968,7349951]
05-17 00:10:32.068 I/battery_level(  214): [90,4,30]
05-17 00:10:32.198 I/dvm_gc_madvise_info(  302): [1232896,1060864]
05-17 00:10:37.063 I/battery_level(  214): [91,4,30]
05-17 00:10:52.007 I/battery_level(  214): [92,4,30]
05-17 00:10:57.002 I/battery_level(  214): [91,4,30]
05-17 00:11:06.972 I/battery_level(  214): [92,4,30]
05-17 00:11:07.012 I/binder_sample(  278): [com.android.internal.statusbar.IStatusBarService,4,19,com.android.systemui,3]
05-17 00:11:11.957 I/binder_sample(  296): [android.os.INetStatService,2,20,com.android.phone,4]
05-17 00:11:11.957 I/battery_level(  214): [91,4,30]
05-17 00:11:21.926 I/battery_level(  214): [92,4,30]
05-17 00:11:26.911 I/battery_level(  214): [91,4,30]
05-17 00:11:27.071 I/dvm_gc_info(  214): [8320808730291677068,-8909655768419149723,-3975124825331234776,8624173]
05-17 00:11:32.136 I/dvm_gc_madvise_info(  214): [1847296,1060864]
05-17 00:11:34.278 I/binder_sample(  296): [android.os.INetStatService,2,8,com.android.phone,1]
05-17 00:11:36.310 I/binder_sample(  296): [android.os.INetStatService,1,7,com.android.phone,1]
05-17 00:11:36.881 I/battery_level(  214): [93,4,30]
05-17 00:11:41.866 I/battery_level(  214): [91,4,30]
05-17 00:11:44.438 I/binder_sample(  296): [android.os.INetStatService,2,8,com.android.phone,1]
05-17 00:11:51.836 I/battery_level(  214): [92,4,30]
05-17 00:12:01.815 I/battery_level(  214): [93,4,30]
05-17 00:12:06.810 I/battery_level(  214): [91,4,30]
05-17 00:12:11.785 I/battery_level(  214): [92,4,30]
05-17 00:12:16.760 I/battery_level(  214): [91,4,30]
05-17 00:12:26.730 I/battery_level(  214): [93,4,30]
05-17 00:12:26.840 I/dvm_gc_info(  302): [4928475562231539301,-8924861191007938514,-4005242647839274968,7349951]
05-17 00:12:31.724 I/battery_level(  214): [91,4,30]
05-17 00:12:31.855 I/dvm_gc_madvise_info(  302): [1224704,1060864]
05-17 00:12:36.709 I/battery_level(  214): [92,4,30]
05-17 00:12:36.869 I/dvm_gc_info(  214): [8320808730291681164,-8909655768419149723,-3975124825331234776,8624173]
05-17 00:12:41.694 I/battery_level(  214): [91,4,30]
05-17 00:12:41.904 I/dvm_gc_madvise_info(  214): [1839104,1060864]
05-17 00:12:51.664 I/battery_level(  214): [93,4,30]
05-17 00:12:56.639 I/battery_level(  214): [91,4,30]
05-17 00:13:06.619 I/battery_level(  214): [93,4,30]
05-17 00:13:46.377 I/binder_sample(  296): [android.os.INetStatService,1,8,com.android.phone,1]
05-17 00:13:56.467 I/battery_level(  214): [94,4,30]
05-17 00:14:01.452 I/battery_level(  214): [93,4,30]
05-17 00:14:21.391 I/battery_level(  214): [94,4,30]
05-17 00:14:26.386 I/battery_level(  214): [92,4,30]
05-17 00:14:29.059 I/binder_sample(  296): [android.os.INetStatService,1,8,com.android.phone,1]
05-17 00:14:36.356 I/battery_level(  214): [94,4,30]
05-17 00:14:41.331 I/battery_level(  214): [93,4,30]
05-17 00:14:41.491 I/dvm_gc_info(  214): [8320808730291677074,-8909092818465728411,-3975124825331234776,8624173]
05-17 00:14:46.556 I/dvm_gc_madvise_info(  214): [1855488,1060864]
05-17 00:15:01.280 I/battery_level(  214): [94,4,30]
05-17 00:15:06.265 I/battery_level(  214): [93,4,30]
05-17 00:15:16.235 I/battery_level(  214): [94,4,30]
05-17 00:15:21.210 I/battery_level(  214): [93,4,30]
05-17 00:15:21.320 I/dvm_gc_info(  302): [4928475562231490149,-8925142665984649170,-4005242647839274968,7349951]
05-17 00:15:26.355 I/dvm_gc_madvise_info(  302): [1241088,1060864]
05-17 00:15:31.190 I/battery_level(  214): [94,4,30]
05-17 00:15:36.174 I/battery_level(  214): [93,4,30]
05-17 00:15:46.144 I/battery_level(  214): [94,4,30]
05-17 00:15:51.119 I/battery_level(  214): [93,4,30]
05-17 00:16:01.099 I/battery_level(  214): [94,4,30]
05-17 00:16:06.084 I/battery_level(  214): [93,4,30]
05-17 00:16:06.234 I/dvm_gc_info(  214): [8320808730291636113,-8909092818465728411,-3975124825331234776,8624173]
05-17 00:16:11.289 I/dvm_gc_madvise_info(  214): [1855488,1060864]
05-17 00:16:16.053 I/battery_level(  214): [94,4,30]
05-17 00:16:21.028 I/battery_level(  214): [93,4,30]
05-17 00:16:31.008 I/battery_level(  214): [94,4,30]
05-17 00:16:35.993 I/battery_level(  214): [93,4,30]
05-17 00:16:40.978 I/battery_level(  214): [94,4,30]
05-17 00:16:42.129 I/binder_sample(  296): [android.os.INetStatService,2,7,com.android.phone,1]
05-17 00:16:45.963 I/battery_level(  214): [93,4,30]
05-17 00:16:50.947 I/battery_level(  214): [94,4,30]
05-17 00:16:55.932 I/battery_level(  214): [93,4,30]
05-17 00:17:00.917 I/battery_level(  214): [94,4,30]
05-17 00:17:05.902 I/battery_level(  214): [93,4,30]
05-17 00:17:06.092 I/dvm_gc_info(  302): [4928475562231481956,-8925142665984649170,-4005242647839274968,7349951]
05-17 00:17:06.142 I/dvm_gc_info(  214): [8320808730291746721,-8909374293442434971,-3974843350354524120,8624173]
05-17 00:17:10.887 I/battery_level(  214): [94,4,30]
05-17 00:17:11.097 I/dvm_gc_madvise_info(  302): [1241088,1060864]
05-17 00:17:11.167 I/dvm_gc_madvise_info(  214): [1818624,1060864]
05-17 00:17:13.589 I/binder_sample(  296): [android.os.INetStatService,2,8,com.android.phone,1]
05-17 00:17:15.872 I/battery_level(  214): [93,4,30]
05-17 00:17:15.912 I/binder_sample(  278): [com.android.internal.statusbar.IStatusBarService,4,12,com.android.systemui,2]
05-17 00:17:22.738 I/binder_sample(  296): [android.os.INetStatService,1,9,com.android.phone,1]
05-17 00:17:23.529 I/power_screen_state(  214): [0,3,0,0]
05-17 00:17:23.529 I/power_screen_broadcast_send(  214): 1
05-17 00:17:23.529 I/screen_toggled(  214): 0
05-17 00:17:23.539 I/am_pause_activity(  214): [1082119576,com.lge.launcher/.Launcher]
05-17 00:17:23.549 I/am_on_paused_called(  322): com.lge.launcher.Launcher
05-17 00:17:23.699 I/power_screen_broadcast_done(  214): [0,168,1]
05-17 00:17:25.851 I/battery_level(  214): [95,4,30]
05-17 00:17:28.734 I/dvm_gc_info(  214): [8320808730291861183,-8922322142371149724,-3974843350354524120,8624183]
05-17 00:17:28.874 I/dvm_gc_info(  214): [8320808730291844485,-9044482282263586716,-3974843350354524120,8669252]
05-17 00:17:33.919 I/force_gc( 1244): bg
05-17 00:17:33.939 I/dvm_gc_madvise_info(  214): [1859584,1060864]
05-17 00:17:33.959 I/dvm_gc_info( 1244): [5579786668258513152,-9221536091406067670,-4006368547746117592,7349955]
05-17 00:17:35.821 I/battery_level(  214): [96,4,31]
05-17 00:17:38.994 I/dvm_gc_madvise_info( 1244): [1449984,1060864]
05-17 00:17:40.816 I/battery_level(  214): [95,4,31]
05-17 00:17:45.791 I/battery_level(  214): [96,4,31]
05-17 00:17:50.776 I/battery_level(  214): [95,4,31]
05-17 00:18:00.745 I/battery_level(  214): [96,4,31]
05-17 00:18:15.710 I/battery_level(  214): [97,4,31]
05-17 00:18:20.695 I/battery_level(  214): [95,4,31]
05-17 00:18:30.665 I/battery_level(  214): [97,4,31]
05-17 00:18:35.640 I/battery_level(  214): [95,4,31]
05-17 00:18:35.800 I/dvm_gc_info(  302): [4928475562231486046,-8925987090914785234,-4004961172862564312,7349951]
05-17 00:18:35.860 I/dvm_gc_info(  214): [8320808730291636129,-8906559543675332507,-3966399101053204440,8738887]
05-17 00:18:40.634 I/battery_level(  214): [96,4,30]
05-17 00:18:40.815 I/dvm_gc_madvise_info(  302): [1245184,1060864]
05-17 00:18:40.925 I/dvm_gc_madvise_info(  214): [1843200,1060864]
05-17 00:18:50.604 I/battery_level(  214): [97,4,30]
05-17 00:18:55.589 I/battery_level(  214): [96,4,30]
05-17 00:19:15.518 I/battery_level(  214): [98,4,30]
05-17 00:19:20.493 I/battery_level(  214): [96,4,30]
05-17 00:19:30.483 I/battery_level(  214): [98,4,30]
05-17 00:19:35.468 I/battery_level(  214): [96,4,30]
05-17 00:19:45.428 I/battery_level(  214): [98,4,30]
05-17 00:19:50.422 I/battery_level(  214): [96,4,30]
05-17 00:19:54.256 I/binder_sample(  296): [android.os.INetStatService,2,8,com.android.phone,1]
05-17 00:19:56.278 I/binder_sample(  296): [android.os.INetStatService,1,10,com.android.phone,2]
05-17 00:20:00.382 I/battery_level(  214): [98,4,30]
05-17 00:20:05.367 I/battery_level(  214): [97,4,30]
05-17 00:20:05.587 I/dvm_gc_info(  214): [8320808730291746802,-8900367094187689882,-3974843350354524120,8624173]
05-17 00:20:10.652 I/dvm_gc_madvise_info(  214): [1728512,1060864]
05-17 00:20:15.347 I/battery_level(  214): [98,4,30]
05-17 00:20:20.332 I/battery_level(  214): [96,4,30]
05-17 00:20:25.317 I/battery_level(  214): [98,4,30]
05-17 00:20:30.301 I/battery_level(  214): [96,4,30]
05-17 00:20:30.421 I/dvm_gc_info(  302): [4928475562231490148,-8925424140961359825,-4004961172862564312,7349951]
05-17 00:20:35.466 I/dvm_gc_madvise_info(  302): [1236992,1060864]
05-17 00:20:40.271 I/battery_level(  214): [98,4,30]
