05-16 23:24:49.732 I/dvm_gc_info(  291): [8319664070034777752,-8924016559869056978,-4001864948118747096,8263521]
05-16 23:24:49.822 I/dvm_gc_info(  291): [8319664070034777752,-8924298034845767634,-4001864948118747096,8263521]
05-16 23:24:49.902 I/dvm_gc_info(  291): [8319664070034777752,-8924579509822478290,-4001864948118747096,8263521]
05-16 23:24:49.993 I/dvm_gc_info(  291): [8319664070034777752,-8924016559869056978,-4001864948118747096,8263521]
05-16 23:24:50.083 I/dvm_gc_info(  291): [8319664070034777752,-8924579509822478290,-4001864948118747096,8263521]
05-16 23:24:50.173 I/dvm_gc_info(  291): [8319664070034777752,-8924298034845767634,-4001864948118747096,8263521]
05-16 23:24:50.243 I/battery_level(  214): [72,3,27]
05-16 23:24:50.323 I/dvm_gc_info(  291): [8319664070034773656,-8924016559869056978,-4001864948118747096,8263521]
05-16 23:24:50.343 I/dvm_gc_info(  302): [4928475562231543384,-8951601313795450833,-4004961172862564312,7349951]
05-16 23:24:50.413 I/dvm_gc_madvise_info( 1244): [1449984,1060864]
05-16 23:24:50.443 I/dvm_gc_info(  291): [8319664070034777752,-8924579509822478290,-4001864948118747096,8263521]
05-16 23:24:50.533 I/dvm_gc_info(  291): [8319664070034777752,-8924298034845767634,-4001864948118747096,8263521]
05-16 23:24:50.623 I/dvm_gc_info(  291): [8319664070034777752,-8924016559869056978,-4001864948118747096,8263521]
05-16 23:24:50.713 I/dvm_gc_info(  291): [8319664070034777752,-8924016559869056978,-4001864948118747096,8263521]
05-16 23:24:50.803 I/dvm_gc_info(  291): [8319664070034777752,-8924016559869056978,-4001864948118747096,8263521]
05-16 23:24:50.893 I/dvm_gc_info(  291): [8319664070034781848,-8924579509822478290,-4001864948118747096,8263521]
05-16 23:24:50.973 I/dvm_gc_info(  291): [8319664070034777752,-8924016559869056978,-4001864948118747096,8263521]
05-16 23:24:51.064 I/dvm_gc_info(  291): [8319664070034777752,-8924016559869056978,-4001864948118747096,8263521]
05-16 23:24:51.154 I/dvm_gc_info(  291): [8319664070034777752,-8924579509822478290,-4001864948118747096,8263521]
05-16 23:24:51.244 I/dvm_gc_info(  291): [8319664070034777752,-8924016559869056978,-4001864948118747096,8263521]
05-16 23:24:51.334 I/dvm_gc_info(  291): [8319664070034777752,-8924016559869056978,-4001864948118747096,8263521]
05-16 23:24:51.434 I/dvm_gc_info(  291): [8319664070034777752,-8924298034845767634,-4001864948118747096,8263521]
05-16 23:24:51.514 I/dvm_gc_info(  291): [8319664070034777752,-8924579509822478290,-4001864948118747096,8263521]
05-16 23:24:51.604 I/dvm_gc_info(  291): [8319664070034777752,-8924016559869056978,-4001864948118747096,8263521]
05-16 23:24:51.694 I/dvm_gc_info(  291): [8319664070034777752,-8924579509822478290,-4001864948118747096,8263521]
05-16 23:24:51.784 I/dvm_gc_info(  291): [8319664070034777752,-8924298034845767634,-4001864948118747096,8263521]
05-16 23:24:51.874 I/dvm_gc_info(  291): [8319664070034777752,-8924016559869056978,-4001864948118747096,8263521]
05-16 23:24:51.964 I/dvm_gc_info(  291): [8319664070034777752,-8924016559869056978,-4001864948118747096,8263521]
05-16 23:24:52.045 I/dvm_gc_info(  291): [8319664070034777752,-8924579509822478290,-4001864948118747096,8263521]
05-16 23:24:52.135 I/dvm_gc_info(  291): [8319664070034777751,-8924016559869056978,-4001864948118747096,8263521]
05-16 23:24:52.225 I/dvm_gc_info(  291): [8319664070034777752,-8924016559869056978,-4001864948118747096,8263521]
05-16 23:24:52.305 I/dvm_gc_info(  291): [8319664070034777752,-8924016559869056978,-4001864948118747096,8263521]
05-16 23:24:52.395 I/dvm_gc_info(  291): [8319664070034777752,-8924298034845767634,-4001864948118747096,8263521]
05-16 23:24:52.465 I/dvm_gc_info(  291): [8319664070034798232,-8924298034845767634,-4001864948118747096,8263521]
05-16 23:24:52.555 I/dvm_gc_info(  291): [8319664070034826819,-9007614627952089040,-4001020523188615128,8263521]
05-16 23:24:52.645 I/dvm_gc_info(  291): [8319664070034777796,-8920920335125239762,-4001864948118747096,8263521]
05-16 23:24:52.735 I/dvm_gc_info(  291): [8319664070034777752,-8924016559869056978,-4001864948118747096,8263521]
05-16 23:24:52.815 I/dvm_gc_info(  291): [8319664070034777752,-8924579509822478290,-4001864948118747096,8263521]
05-16 23:24:52.905 I/dvm_gc_info(  291): [8319664070034777752,-8924016559869056978,-4001864948118747096,8263521]
05-16 23:24:52.995 I/dvm_gc_info(  291): [8319664070034777752,-8924016559869056978,-4001864948118747096,8263521]
05-16 23:24:53.086 I/dvm_gc_info(  291): [8319664070034777752,-8924016559869056978,-4001864948118747096,8263521]
05-16 23:24:53.176 I/dvm_gc_info(  291): [8319664070034777752,-8924016559869056978,-4001864948118747096,8263521]
05-16 23:24:53.256 I/dvm_gc_info(  291): [8319664070034777752,-8924579509822478290,-4001864948118747096,8263521]
05-16 23:24:53.356 I/dvm_gc_info(  291): [8319664070034777752,-8924016559869056978,-4001864948118747096,8263521]
05-16 23:24:53.436 I/dvm_gc_info(  291): [8319664070034781848,-8924016559869056978,-4001864948118747096,8263521]
05-16 23:24:53.526 I/dvm_gc_info(  291): [8319664070034777752,-8924579509822478290,-4001864948118747096,8263521]
05-16 23:24:53.616 I/dvm_gc_info(  291): [8319664070034777751,-8924016559869056978,-4001864948118747096,8263521]
05-16 23:24:53.706 I/dvm_gc_info(  291): [8319664070034777752,-8924298034845767634,-4001864948118747096,8263521]
05-16 23:24:53.786 I/dvm_gc_info(  291): [8319664070034781848,-8924298034845767634,-4001864948118747096,8263521]
05-16 23:24:53.876 I/dvm_gc_info(  291): [8319664070034777752,-8924298034845767634,-4001864948118747096,8263521]
05-16 23:24:53.966 I/dvm_gc_info(  291): [8319664070034777752,-8924016559869056978,-4001864948118747096,8263521]
05-16 23:24:54.036 I/dvm_gc_info(  291): [8319664070034777752,-8924579509822478290,-4001864948118747096,8263521]
05-16 23:24:54.137 I/dvm_gc_info(  291): [8319664070034773656,-8924016559869056978,-4001864948118747096,8263521]
05-16 23:24:54.217 I/dvm_gc_info(  291): [8319664070034777752,-8924016559869056978,-4001864948118747096,8263521]
05-16 23:24:54.307 I/dvm_gc_info(  291): [8319664070034777752,-8924860984799188946,-4001864948118747096,8263521]
05-16 23:24:54.397 I/dvm_gc_info(  291): [8319664070034777752,-8924016559869056978,-4001864948118747096,8263521]
05-16 23:24:54.487 I/dvm_gc_info(  291): [8319664070034777752,-8924016559869056978,-4001864948118747096,8263521]
05-16 23:24:54.577 I/dvm_gc_info(  291): [8319664070034777752,-8924016559869056978,-4001864948118747096,8263521]
05-16 23:24:54.667 I/dvm_gc_info(  291): [8319664070034777752,-8924016559869056978,-4001864948118747096,8263521]
05-16 23:24:54.747 I/dvm_gc_info(  291): [8319664070034777752,-8924579509822478290,-4001864948118747096,8263521]
05-16 23:24:54.837 I/dvm_gc_info(  291): [8319664070034777752,-8924016559869056978,-4001864948118747096,8263521]
05-16 23:24:54.927 I/dvm_gc_info(  291): [8319664070034781848,-8924016559869056978,-4001864948118747096,8263521]
05-16 23:24:55.017 I/dvm_gc_info(  291): [8319664070034777751,-8924016559869056978,-4001864948118747096,8263521]
05-16 23:24:55.108 I/dvm_gc_info(  291): [8319664070034777752,-8924016559869056978,-4001864948118747096,8263521]
05-16 23:24:55.198 I/dvm_gc_info(  291): [8319664070034777752,-8924016559869056978,-4001864948118747096,8263521]
05-16 23:24:55.218 I/battery_level(  214): [69,3,27]
05-16 23:24:55.318 I/dvm_gc_info(  291): [8319664070034777752,-8924579509822478290,-4001864948118747096,8263521]
05-16 23:24:55.358 I/dvm_gc_madvise_info(  302): [1216512,1060864]
05-16 23:24:55.418 I/dvm_gc_info(  291): [8319664070034773656,-8924016559869056978,-4001864948118747096,8263521]
05-16 23:24:55.508 I/dvm_gc_info(  291): [8319664070034777752,-8924016559869056978,-4001864948118747096,8263521]
05-16 23:24:55.608 I/dvm_gc_info(  291): [8319664070034777752,-8924298034845767634,-4001864948118747096,8263521]
05-16 23:24:55.688 I/dvm_gc_info(  291): [8319664070034777752,-8924298034845767634,-4001864948118747096,8263521]
05-16 23:24:55.778 I/dvm_gc_info(  291): [8319664070034777752,-8924016559869056978,-4001864948118747096,8263521]
05-16 23:24:55.868 I/dvm_gc_info(  291): [8319664070034777752,-8924579509822478290,-4001864948118747096,8263521]
05-16 23:24:55.948 I/dvm_gc_info(  291): [8319664070034777752,-8924860984799188946,-4001864948118747096,8263521]
05-16 23:24:56.038 I/dvm_gc_info(  291): [8319664070034777752,-8924579509822478290,-4001864948118747096,8263521]
05-16 23:24:56.129 I/dvm_gc_info(  291): [8319664070034777752,-8924579509822474194,-4001864948118747096,8263521]
05-16 23:24:56.209 I/dvm_gc_info(  291): [8319664070034777752,-8924298034845763538,-4001864948118747096,8263521]
05-16 23:24:56.299 I/dvm_gc_info(  291): [8319664070034777752,-8924298034845763538,-4001864948118747096,8263521]
05-16 23:24:56.389 I/dvm_gc_info(  291): [8319664070034777752,-8924298034845767634,-4001864948118747096,8263521]
05-16 23:24:56.479 I/dvm_gc_info(  291): [8319664070034773656,-8924298034845763538,-4001864948118747096,8263521]
05-16 23:24:56.569 I/dvm_gc_info(  291): [8319664070034777752,-8924016559869052882,-4001864948118747096,8263521]
05-16 23:24:56.679 I/dvm_gc_info(  291): [8319664070034773642,-8935557033914189777,-4001864948118747096,8263521]
05-16 23:24:56.779 I/dvm_gc_info(  291): [8319664070034818086,-9208306286346815442,-4001864948118747096,8263596]
05-16 23:24:56.859 I/dvm_gc_info(  291): [8319664070034813580,-9202958261789312978,-4001864948118747096,8534007]
05-16 23:24:56.899 I/dvm_gc_info(  291): [8319664070034817655,-9205773011556419538,-4001864948118747096,8534007]
05-16 23:24:56.929 I/dvm_gc_info(  291): [8319664070034817655,-9205773011556419538,-4001864948118747096,8534007]
05-16 23:24:56.959 I/dvm_gc_info(  291): [8319664070034817720,-9196202862348257234,-4001864948118747096,8534007]
05-16 23:24:56.989 I/dvm_gc_info(  291): [8319664070034817645,-9206898911463262162,-4001864948118747096,8534007]
05-16 23:24:57.019 I/dvm_gc_info(  291): [8319664070034821751,-9205773011556419538,-4001864948118747096,8534007]
05-16 23:24:57.049 I/dvm_gc_info(  291): [8319664070034817720,-9196202862348257234,-4001864948118747096,8534007]
05-16 23:24:57.079 I/dvm_gc_info(  291): [8319664070034817645,-9206898911463262162,-4001864948118747096,8534007]
05-16 23:24:57.109 I/dvm_gc_info(  291): [8319664070034817655,-9205773011556419538,-4001864948118747096,8534007]
05-16 23:24:57.140 I/dvm_gc_info(  291): [8319664070034817715,-9196765812301678546,-4001864948118747096,8534007]
05-16 23:24:57.170 I/dvm_gc_info(  291): [8319664070034817650,-9206335961509840850,-4001864948118747096,8534007]
05-16 23:24:57.210 I/dvm_gc_info(  291): [8319664070034817655,-9205773011556419538,-4001864948118747096,8534007]
05-16 23:24:57.240 I/dvm_gc_info(  291): [8319664070034817715,-9196765812301678546,-4001864948118747096,8534007]
05-16 23:24:57.270 I/dvm_gc_info(  291): [8319664070034817645,-9206898911463262162,-4001864948118747096,8534007]
05-16 23:24:57.300 I/dvm_gc_info(  291): [8319664070034817655,-9205773011556419538,-4001864948118747096,8534007]
05-16 23:24:57.330 I/dvm_gc_info(  291): [8319664070034817655,-9205773011556419538,-4001864948118747096,8534007]
05-16 23:24:57.370 I/dvm_gc_info(  291): [8319664070034817710,-9197328762255099858,-4001864948118747096,8534007]
05-16 23:24:57.400 I/dvm_gc_info(  291): [8319664070034817650,-9206335961509840850,-4001864948118747096,8534007]
05-16 23:24:57.430 I/dvm_gc_info(  291): [8319664070034817655,-9205773011556419538,-4001864948118747096,8534007]
05-16 23:24:57.460 I/dvm_gc_info(  291): [8319664070034817715,-9196765812301678546,-4001864948118747096,8534007]
05-16 23:24:57.490 I/dvm_gc_info(  291): [8319664070034817650,-9206335961509840850,-4001864948118747096,8534007]
05-16 23:24:57.520 I/dvm_gc_info(  291): [8319664070034821751,-9205773011556419538,-4001864948118747096,8534007]
05-16 23:24:57.550 I/dvm_gc_info(  291): [8319664070034817710,-9197328762255099858,-4001864948118747096,8534007]
05-16 23:24:57.580 I/dvm_gc_info(  291): [8319664070034817650,-9206335961509840850,-4001864948118747096,8534007]
05-16 23:24:57.610 I/dvm_gc_info(  291): [8319664070034817655,-9205773011556419538,-4001864948118747096,8534007]
05-16 23:24:57.640 I/dvm_gc_info(  291): [8319664070034817715,-9196765812301678546,-4001864948118747096,8534007]
05-16 23:24:57.680 I/dvm_gc_info(  291): [8319664070034821966,-9176499613978511314,-4001864948118747096,8534007]
05-16 23:24:57.710 I/dvm_gc_info(  291): [8319664070034817622,-9210839561137211346,-4001864948118747096,8534007]
05-16 23:24:57.730 I/dvm_gc_info(  291): [8319664070034817587,-9215906110718003154,-4001864948118747096,8534007]
05-16 23:24:57.760 I/dvm_gc_info(  291): [8319664070034817586,-9215906110718003154,-4001864948118747096,8534007]
05-16 23:24:58.271 I/dvm_gc_info(  278): [8320808730291713603,-8978622911542892497,-4002990848025589720,7857955]
05-16 23:24:58.301 I/dvm_gc_info(  278): [8320808730291713243,-9056591342636034000,-4002990848025589720,7857955]
05-16 23:24:58.431 I/dvm_gc_info(  278): [8320808730291664495,-8925705478448760783,-4002146423095457752,7857954]
05-16 23:24:58.561 I/dvm_gc_info(  278): [8320808730291664525,-8922609184968665038,-4001864948118747096,7857954]
05-16 23:24:58.661 I/dvm_gc_info(  278): [8320808730291664539,-8923735016156026830,-4001864948118747096,7857954]
05-16 23:24:58.761 I/dvm_gc_info(  278): [8320808730291660460,-8922327641272502223,-4002427898072168408,7857954]
05-16 23:24:58.861 I/dvm_gc_info(  278): [8320808730291664531,-8924297966109476815,-4002427898072168408,7857954]
05-16 23:24:58.951 I/dvm_gc_info(  278): [8320808730291660431,-8924579441086183375,-4002427898072168408,7857954]
05-16 23:24:59.041 I/dvm_gc_info(  278): [8320808730291660436,-8924860916062898127,-4002427898072168408,7857954]
05-16 23:24:59.131 I/dvm_gc_info(  278): [8320808730291660431,-8925142391039608783,-4002427898072168408,7857954]
05-16 23:24:59.222 I/dvm_gc_info(  278): [8320808730291660435,-8924860916062902223,-4002427898072168408,7857954]
05-16 23:24:59.312 I/dvm_gc_info(  278): [8320808730291660432,-8925142391039612879,-4002427898072168408,7857954]
05-16 23:24:59.392 I/dvm_gc_info(  278): [8320808730291660432,-8925423866016323535,-4002427898072168408,7857954]
05-16 23:24:59.482 I/dvm_gc_info(  278): [8320808730291660432,-8925423866016323535,-4002427898072168408,7857954]
05-16 23:24:59.562 I/dvm_gc_info(  278): [8320808730291660432,-8925142391039612879,-4002427898072168408,7857954]
05-16 23:24:59.652 I/dvm_gc_info(  278): [8320808730291660432,-8925142391039612879,-4002427898072168408,7857954]
05-16 23:24:59.742 I/dvm_gc_info(  278): [8320808730291660432,-8925423866016323535,-4002427898072168408,7857954]
05-16 23:24:59.822 I/dvm_gc_info(  278): [8320808730291660432,-8925423866016323535,-4002427898072168408,7857954]
05-16 23:24:59.912 I/dvm_gc_info(  278): [8320808730291660432,-8925423866016323535,-4002427898072168408,7857954]
05-16 23:25:00.002 I/dvm_gc_info(  278): [8320808730291660432,-8925423866016323535,-4002427898072168408,7857954]
05-16 23:25:00.102 I/dvm_gc_info(  278): [8320808730291660432,-8925423866016323535,-4002427898072168408,7857954]
05-16 23:25:00.192 I/dvm_gc_info(  278): [8320808730291656336,-8925142391039612879,-4002427898072168408,7857954]
05-16 23:25:00.283 I/dvm_gc_info(  278): [8320808730291660432,-8924579441086191567,-4002427898072168408,7857954]
05-16 23:25:00.373 I/dvm_gc_info(  278): [8320808730291660431,-8925142391039612879,-4002427898072168408,7857954]
05-16 23:25:00.463 I/dvm_gc_info(  278): [8320808730291660431,-8924016491132770255,-4002427898072168408,7857954]
05-16 23:25:00.543 I/dvm_gc_info(  278): [8320808730291660432,-8925423866016323535,-4002427898072168408,7857954]
05-16 23:25:00.633 I/dvm_gc_info(  278): [8320808730291660432,-8925142391039612879,-4002427898072168408,7857954]
05-16 23:25:00.713 I/dvm_gc_info(  278): [8320808730291660432,-8925423866016323535,-4002427898072168408,7857954]
05-16 23:25:00.803 I/dvm_gc_info(  278): [8320808730291660432,-8925142391039612879,-4002427898072168408,7857954]
05-16 23:25:00.863 I/dvm_gc_info(  278): [8320808730291685008,-8925142391039612879,-4002427898072168408,7857954]
05-16 23:25:00.953 I/dvm_gc_info(  278): [8320808730291705406,-9013244058733234125,-4001583473142036440,7857954]
05-16 23:25:01.043 I/dvm_gc_info(  278): [8320808730291660482,-8922046097559541711,-4002427898072168408,7857954]
05-16 23:25:01.123 I/dvm_gc_info(  278): [8320808730291660432,-8925423797280069583,-4002427898072168408,7857954]
05-16 23:25:01.213 I/dvm_gc_info(  278): [8320808730291664528,-8925423797280069583,-4002427898072168408,7857954]
05-16 23:25:01.304 I/dvm_gc_info(  278): [8320808730291660432,-8925142322303358927,-4002427898072168408,7857954]
05-16 23:25:01.394 I/dvm_gc_info(  278): [8320808730291660432,-8925142322303358927,-4002427898072168408,7857954]
05-16 23:25:01.484 I/dvm_gc_info(  278): [8320808730291660432,-8925423797280069583,-4002427898072168408,7857954]
05-16 23:25:01.564 I/dvm_gc_info(  278): [8320808730291660432,-8925142322303358927,-4002427898072168408,7857954]
05-16 23:25:01.654 I/dvm_gc_info(  278): [8320808730291660432,-8925423797280065487,-4002427898072168408,7857954]
05-16 23:25:01.744 I/dvm_gc_info(  278): [8320808730291660432,-8925142322303354831,-4002427898072168408,7857954]
05-16 23:25:01.824 I/dvm_gc_info(  278): [8320808730291660432,-8925142322303354831,-4002427898072168408,7857954]
05-16 23:25:01.914 I/dvm_gc_info(  278): [8320808730291660432,-8925142322303354831,-4002427898072168408,7857954]
05-16 23:25:01.994 I/dvm_gc_info(  278): [8320808730291660432,-8925142322303354831,-4002427898072168408,7857954]
05-16 23:25:02.084 I/dvm_gc_info(  278): [8320808730291660432,-8925142322303354831,-4002427898072168408,7857954]
05-16 23:25:02.174 I/dvm_gc_info(  278): [8320808730291660432,-8924579372349933519,-4002427898072168408,7857954]
05-16 23:25:02.255 I/dvm_gc_info(  278): [8320808730291660432,-8925142322303354831,-4002427898072168408,7857954]
05-16 23:25:02.345 I/dvm_gc_info(  278): [8320808730291660432,-8925423797280065487,-4002427898072168408,7857954]
05-16 23:25:02.425 I/dvm_gc_info(  278): [8320808730291660432,-8925142322303354831,-4002427898072168408,7857954]
05-16 23:25:02.515 I/dvm_gc_info(  278): [8320808730291660432,-8925423797280065487,-4002427898072168408,7857954]
05-16 23:25:02.595 I/dvm_gc_info(  278): [8320808730291660431,-8925423797280065487,-4002427898072168408,7857954]
05-16 23:25:02.695 I/dvm_gc_info(  278): [8320808730291660433,-8924579372349933519,-4002427898072168408,7857954]
05-16 23:25:02.775 I/dvm_gc_madvise_info(  291): [1376256,1060864]
05-16 23:25:02.785 I/dvm_gc_info(  278): [8320808730291660433,-8925142322303354831,-4002427898072168408,7857954]
05-16 23:25:02.865 I/dvm_gc_info(  278): [8320808730291660432,-8925142322303354831,-4002427898072168408,7857954]
05-16 23:25:02.955 I/dvm_gc_info(  278): [8320808730291660432,-8925142322303354831,-4002427898072168408,7857954]
05-16 23:25:03.045 I/dvm_gc_info(  278): [8320808730291660432,-8924579372349933519,-4002427898072168408,7857954]
05-16 23:25:03.105 I/dvm_gc_info(  278): [8320808730291685008,-8925142322303354831,-4002427898072168408,7857954]
05-16 23:25:03.195 I/dvm_gc_info(  278): [8320808730291705411,-9007051540526122957,-4001583473142036440,7857954]
05-16 23:25:03.286 I/dvm_gc_info(  278): [8320808730291664573,-8922327572536248271,-4002427898072168408,7857954]
05-16 23:25:03.376 I/dvm_gc_info(  278): [8320808730291672720,-8925142322303354831,-4002427898072168408,7857954]
05-16 23:25:03.456 I/dvm_gc_info(  278): [8320808730291660432,-8925142322303354831,-4002427898072168408,7857954]
05-16 23:25:03.546 I/dvm_gc_info(  278): [8320808730291660433,-8925142322303354831,-4002427898072168408,7857954]
05-16 23:25:03.626 I/dvm_gc_info(  278): [8320808730291660432,-8924579372349933519,-4002427898072168408,7857954]
05-16 23:25:03.716 I/dvm_gc_info(  278): [8320808730291660432,-8925142322303354831,-4002427898072168408,7857954]
05-16 23:25:03.796 I/dvm_gc_info(  278): [8320808730291660433,-8925142322303354831,-4002427898072168408,7857954]
05-16 23:25:03.886 I/dvm_gc_info(  278): [8320808730291660432,-8925142322303354831,-4002427898072168408,7857954]
05-16 23:25:03.966 I/dvm_gc_info(  278): [8320808730291660433,-8925142322303354831,-4002427898072168408,7857954]
05-16 23:25:04.066 I/dvm_gc_info(  278): [8320808730291660432,-8924579372349933519,-4002427898072168408,7857954]
05-16 23:25:04.146 I/dvm_gc_info(  278): [8320808730291660432,-8925142322303354831,-4002427898072168408,7857954]
05-16 23:25:04.236 I/dvm_gc_info(  278): [8320808730291660433,-8925142322303354831,-4002427898072168408,7857954]
05-16 23:25:04.307 I/dvm_gc_info(  278): [8320808730291660432,-8925142322303354831,-4002427898072168408,7857954]
05-16 23:25:04.397 I/dvm_gc_info(  278): [8320808730291664529,-8925142322303354831,-4002427898072168408,7857954]
05-16 23:25:04.487 I/dvm_gc_info(  278): [8320808730291660433,-8925142322303354831,-4002427898072168408,7857954]
05-16 23:25:04.567 I/dvm_gc_info(  278): [8320808730291660433,-8925142322303354831,-4002427898072168408,7857954]
05-16 23:25:04.657 I/dvm_gc_info(  278): [8320808730291660432,-8924579372349933519,-4002427898072168408,7857954]
05-16 23:25:04.737 I/dvm_gc_info(  278): [8320808730291660432,-8925142322303354831,-4002427898072168408,7857954]
05-16 23:25:04.797 I/dvm_gc_info(  278): [8320808730291709489,-9045613612335515599,-4002427898072168408,7858029]
05-16 23:25:04.827 I/dvm_gc_info(  278): [8320808730291704390,-9213091223478355919,-4002427898072168408,8312760]
05-16 23:25:04.857 I/dvm_gc_info(  278): [8320808730291704370,-9215905973245462479,-4002427898072168408,8312760]
05-16 23:25:04.877 I/dvm_gc_info(  278): [8320808730291704370,-9215905973245462479,-4002427898072168408,8312760]
05-16 23:25:04.907 I/dvm_gc_info(  278): [8320808730291704370,-9215905973245462479,-4002427898072168408,8312760]
05-16 23:25:04.937 I/dvm_gc_info(  278): [8320808730291704365,-9216468923198883791,-4002427898072168408,8312760]
05-16 23:25:04.967 I/dvm_gc_info(  278): [8320808730291704370,-9215905973245462479,-4002427898072168408,8312760]
05-16 23:25:05.007 I/dvm_gc_info(  278): [8320808730291753512,-9217031873152305103,-4002427898072168408,8312760]
05-16 23:25:05.027 I/force_gc(  802): bg
05-16 23:25:05.057 I/dvm_gc_info(  278): [8320808730291778119,-9214217123385198543,-4002427898072168408,8312760]
05-16 23:25:05.077 I/dvm_gc_info(  802): [7453298398305911857,-9164959621087229910,-4006368547746117592,7349951]
05-16 23:25:05.087 I/dvm_gc_info(  278): [8320808730291712597,-9213091223478355919,-4002427898072168408,8312760]
05-16 23:25:05.117 I/dvm_gc_info(  278): [8320808730291704434,-9211965323571513295,-4002427898072168408,8312760]
05-16 23:25:05.147 I/dvm_gc_info(  278): [8320808730291704370,-9215905973245462479,-4002427898072168408,8312760]
05-16 23:25:05.177 I/dvm_gc_info(  278): [8320808730291704370,-9215905973245462479,-4002427898072168408,8312760]
05-16 23:25:05.207 I/dvm_gc_info(  278): [8320808730291704395,-9214217123385198543,-4002427898072168408,8312760]
05-16 23:25:05.237 I/dvm_gc_info(  278): [8320808730291708487,-9214217123385198543,-4002427898072168408,8312760]
05-16 23:25:05.267 I/dvm_gc_info(  278): [8320808730291704422,-9213654173431777231,-4002427898072168408,8312760]
05-16 23:25:05.297 I/dvm_gc_info(  278): [8320808730291708491,-9214217123385198543,-4002427898072168408,8312760]
05-16 23:25:05.327 I/dvm_gc_info(  278): [8320808730291708468,-9215624498268751823,-4002427898072168408,8312760]
05-16 23:25:05.358 I/dvm_gc_info(  278): [8320808730291704370,-9215905973245462479,-4002427898072168408,8312760]
05-16 23:25:05.388 I/dvm_gc_info(  278): [8320808730291720754,-9215905973245462479,-4002427898072168408,8312760]
05-16 23:25:05.418 I/dvm_gc_info(  278): [8320808730291708466,-9215905973245462479,-4002427898072168408,8312760]
05-16 23:25:05.448 I/dvm_gc_info(  278): [8320808730291704370,-9215905973245462479,-4002427898072168408,8312760]
05-16 23:25:05.478 I/dvm_gc_info(  278): [8320808730291708466,-9215905973245462479,-4002427898072168408,8312760]
05-16 23:25:05.508 I/dvm_gc_info(  278): [8320808730291704370,-9215905973245462479,-4002427898072168408,8312760]
05-16 23:25:05.538 I/dvm_gc_info(  278): [8320808730291704370,-9215905973245462479,-4002427898072168408,8312760]
05-16 23:25:05.568 I/dvm_gc_info(  278): [8320808730291704370,-9215905973245462479,-4002427898072168408,8312760]
05-16 23:25:05.588 I/dvm_gc_info(  278): [8320808730291704370,-9215905973245462479,-4002427898072168408,8312760]
05-16 23:25:05.618 I/dvm_gc_info(  278): [8320808730291704370,-9215905973245462479,-4002427898072168408,8312760]
05-16 23:25:05.648 I/dvm_gc_info(  278): [8320808730291704370,-9215905973245462479,-4002427898072168408,8312760]
05-16 23:25:05.678 I/dvm_gc_info(  278): [8320808730291708510,-9213654173431777231,-4002427898072168408,8312760]
05-16 23:25:05.708 I/dvm_gc_info(  278): [8320808730291704370,-9215905973245462479,-4002427898072168408,8312760]
05-16 23:25:05.738 I/dvm_gc_info(  278): [8320808730291704370,-9215905973245462479,-4002427898072168408,8312760]
05-16 23:25:05.768 I/dvm_gc_info(  278): [8320808730291708466,-9215905973245462479,-4002427898072168408,8312760]
05-16 23:25:05.798 I/dvm_gc_info(  278): [8320808730291704386,-9214780073338619855,-4002427898072168408,8312760]
05-16 23:25:05.828 I/dvm_gc_info(  278): [8320808730291704396,-9214780073338619855,-4002427898072168408,8312760]
05-16 23:25:05.858 I/dvm_gc_info(  278): [8320808730291704370,-9215905973245462479,-4002427898072168408,8312760]
05-16 23:25:06.479 I/dvm_gc_info(  214): [8320808730291685255,-8906841293597050776,-3971747125610706904,8652852]
05-16 23:25:06.749 I/dvm_gc_info(  214): [8320808730291673068,-8898959994249189274,-3972591550540838872,8652852]
05-16 23:25:06.999 I/dvm_gc_info(  214): [8320808730291677128,-8902900643923142554,-3972591550540838872,8652852]
05-16 23:25:07.249 I/dvm_gc_info(  214): [8320808730291681200,-8904026543829948313,-3972028600587417560,8652852]
05-16 23:25:07.460 I/dvm_gc_info(  214): [8320808730291845077,-8901211794062854041,-3972310075564128216,8652852]
05-16 23:25:07.630 I/dvm_gc_info(  214): [8320808730291734187,-8922885367269549975,-3971747125610706904,8652852]
05-16 23:25:07.870 I/dvm_gc_info(  214): [8320808730291673120,-8898115569319069595,-3972591550540838872,8652852]
05-16 23:25:08.100 I/dvm_gc_info(  214): [8320808730291673029,-8902900643923150747,-3972591550540838872,8652852]
05-16 23:25:08.330 I/dvm_gc_info(  214): [8320808730291677125,-8903745068853282715,-3972591550540838872,8652852]
05-16 23:25:08.561 I/dvm_gc_info(  214): [8320808730291677125,-8904308018806704027,-3972591550540838872,8652852]
05-16 23:25:08.781 I/dvm_gc_info(  214): [8320808730291881774,-8916411442805262234,-3972591550540838872,8652861]
05-16 23:25:08.851 I/dvm_gc_info(  214): [8320808730291839693,-9194508719795390363,-3972591550540838872,8677442]
05-16 23:25:08.931 I/dvm_gc_info(  214): [8320808730291843729,-9202108544166578075,-3972591550540838872,8677442]
05-16 23:25:09.011 I/dvm_gc_info(  214): [8320808730291843776,-9195071669748811675,-3972591550540838872,8677442]
05-16 23:25:09.071 I/dvm_gc_info(  214): [8320808730291839653,-9198167894492628891,-3972591550540838872,8677442]
05-16 23:25:09.141 I/dvm_gc_info(  214): [8320808730291839656,-9197886419515918235,-3972591550540838872,8677442]
05-16 23:25:09.201 I/dvm_gc_info(  214): [8320808730291839651,-9198449369469339547,-3972591550540838872,8677442]
05-16 23:25:09.261 I/dvm_gc_info(  214): [8320808730291835494,-9208019518677501851,-3972591550540838872,8677442]
05-16 23:25:09.882 I/dvm_gc_info(  214): [8320808730291668932,-8905996868666967962,-3969495325797021656,8677437]
05-16 23:25:10.082 I/dvm_gc_madvise_info(  802): [1486848,1060864]
05-16 23:25:10.122 I/dvm_gc_info(  214): [8320808730291673067,-8901774744016308122,-3972591550540838872,8652852]
05-16 23:25:10.352 I/dvm_gc_info(  214): [8320808730291677125,-8904308018806704026,-3972591550540838872,8652852]
05-16 23:25:10.583 I/dvm_gc_info(  214): [8320808730291673030,-8902337693969729434,-3972591550540838872,8652852]
05-16 23:25:10.813 I/dvm_gc_info(  214): [8320808730291673029,-8903182118899861402,-3972591550540838872,8652852]
05-16 23:25:10.883 I/dvm_gc_madvise_info(  278): [1302528,1060864]
05-16 23:25:11.063 I/dvm_gc_info(  214): [8320808730291673030,-8902900643923150746,-3972591550540838872,8652852]
05-16 23:25:11.283 I/dvm_gc_info(  214): [8320808730291677125,-8903182118899861402,-3972591550540838872,8652852]
05-16 23:25:11.514 I/dvm_gc_info(  214): [8320808730291677125,-8904308018806704026,-3972591550540838872,8652852]
05-16 23:25:11.744 I/dvm_gc_info(  214): [8320808730291673030,-8904308018806704026,-3972591550540838872,8652852]
05-16 23:25:11.874 I/dvm_gc_info(  214): [8320808730291856960,-9037445682790844314,-3972591550540838872,8652861]
05-16 23:25:11.944 I/dvm_gc_info(  214): [8320808730291839693,-9194508719795390362,-3972591550540838872,8677442]
05-16 23:25:12.014 I/dvm_gc_info(  214): [8320808730291847830,-9201545594213156762,-3972591550540838872,8677442]
05-16 23:25:12.094 I/dvm_gc_info(  214): [8320808730291839680,-9195071669748811674,-3972591550540838872,8677442]
05-16 23:25:12.164 I/dvm_gc_info(  214): [8320808730291839653,-9198167894492628890,-3972591550540838872,8677442]
05-16 23:25:12.224 I/dvm_gc_info(  214): [8320808730291839651,-9198449369469339546,-3972591550540838872,8677442]
05-16 23:25:12.294 I/dvm_gc_info(  214): [8320808730291839656,-9197886419515918234,-3972591550540838872,8677442]
05-16 23:25:12.354 I/dvm_gc_info(  214): [8320808730291851888,-9206893618770659226,-3972591550540838872,8677442]
05-16 23:25:12.595 I/dvm_gc_info(  291): [8319664070034867494,-9211402511090632659,-4001864948118747096,8534007]
05-16 23:25:13.045 I/dvm_gc_info(  214): [8320808730291673029,-8906559818620389274,-3969495325797021656,8677437]
05-16 23:25:13.285 I/dvm_gc_info(  214): [8320808730291673067,-8901774744016308122,-3972591550540838872,8652852]
05-16 23:25:13.515 I/dvm_gc_info(  214): [8320808730291677125,-8904308018806704026,-3972591550540838872,8652852]
05-16 23:25:13.746 I/dvm_gc_info(  214): [8320808730291673029,-8902337693969729434,-3972591550540838872,8652852]
05-16 23:25:13.976 I/dvm_gc_info(  214): [8320808730291673030,-8902900643923150746,-3972591550540838872,8652852]
05-16 23:25:14.206 I/dvm_gc_info(  214): [8320808730291673030,-8902900643923150746,-3972591550540838872,8652852]
05-16 23:25:14.436 I/dvm_gc_info(  214): [8320808730291673029,-8902900643923150746,-3972591550540838872,8652852]
05-16 23:25:14.657 I/dvm_gc_info(  214): [8320808730291673029,-8904308018806704026,-3972591550540838872,8652852]
05-16 23:25:14.877 I/dvm_gc_info(  214): [8320808730291673021,-8904870968760125338,-3972591550540838872,8652852]
05-16 23:25:15.027 I/dvm_gc_info(  214): [8320808730291861073,-9019994234234783642,-3972591550540838872,8652861]
05-16 23:25:15.087 I/dvm_gc_info(  214): [8320808730291839693,-9194508719795390362,-3972591550540838872,8677442]
05-16 23:25:15.167 I/dvm_gc_info(  214): [8320808730291847825,-9202108544166578074,-3972591550540838872,8677442]
05-16 23:25:15.237 I/dvm_gc_info(  214): [8320808730291839680,-9195071669748811674,-3972591550540838872,8677442]
05-16 23:25:15.307 I/dvm_gc_info(  214): [8320808730291839648,-9198730844446050202,-3972591550540838872,8677442]
05-16 23:25:15.377 I/dvm_gc_info(  214): [8320808730291851939,-9198449369469339546,-3972591550540838872,8677442]
05-16 23:25:15.447 I/dvm_gc_info(  214): [8320808730291839651,-9198449369469339546,-3972591550540838872,8677442]
05-16 23:25:15.507 I/dvm_gc_info(  214): [8320808730291835504,-9206893618770659226,-3972591550540838872,8677442]
05-16 23:25:17.309 I/dvm_gc_info(  214): [8320808730291992136,-9149472723521681307,-3972591550540838872,8677442]
05-16 23:25:17.619 I/dvm_gc_madvise_info(  291): [1413120,1060864]
05-16 23:25:22.374 I/dvm_gc_madvise_info(  214): [1445888,1060864]
05-16 23:25:25.147 I/battery_level(  214): [72,3,27]
05-16 23:25:30.132 I/battery_level(  214): [71,3,27]
05-16 23:25:40.101 I/battery_level(  214): [72,3,27]
05-16 23:25:45.086 I/battery_level(  214): [71,3,27]
05-16 23:25:55.066 I/battery_level(  214): [72,3,27]
05-16 23:26:00.061 I/battery_level(  214): [71,3,27]
05-16 23:26:09.420 I/binder_sample(  296): [android.os.INetStatService,1,8,com.android.phone,1]
05-16 23:26:10.011 I/battery_level(  214): [72,3,27]
05-16 23:26:19.590 I/binder_sample(  296): [android.os.INetStatService,2,7,com.android.phone,1]
05-16 23:26:29.950 I/battery_level(  214): [73,3,27]
05-16 23:26:34.755 I/dvm_gc_info(  214): [8320808730292004726,-8915848492851812249,-3970902700680574936,8673336]
05-16 23:26:34.945 I/battery_level(  214): [72,3,27]
05-16 23:26:39.810 I/dvm_gc_madvise_info(  214): [1470464,1060864]
05-16 23:26:44.915 I/battery_level(  214): [73,3,27]
05-16 23:26:49.890 I/battery_level(  214): [72,3,27]
05-16 23:26:59.539 I/dvm_gc_info(  302): [4928475562231572067,-8925705615938070482,-4004961172862564312,7349951]
05-16 23:26:59.849 I/battery_level(  214): [73,3,27]
05-16 23:26:59.869 I/binder_sample(  278): [com.android.internal.statusbar.IStatusBarService,4,7,com.android.systemui,1]
05-16 23:27:04.584 I/dvm_gc_madvise_info(  302): [1220608,1060864]
05-16 23:27:04.854 I/battery_level(  214): [72,3,27]
05-16 23:27:09.829 I/battery_level(  214): [74,3,28]
05-16 23:27:14.824 I/battery_level(  214): [72,3,28]
05-16 23:27:19.799 I/battery_level(  214): [73,3,28]
05-16 23:27:24.794 I/battery_level(  214): [72,3,28]
05-16 23:27:34.763 I/battery_level(  214): [74,3,28]
05-16 23:27:37.866 I/binder_sample(  296): [android.os.INetStatService,2,7,com.android.phone,1]
05-16 23:27:39.738 I/battery_level(  214): [72,3,28]
05-16 23:27:39.898 I/dvm_gc_info(  214): [8320808730291640236,-8907685718527195032,-3970339750727153624,8673336]
05-16 23:27:44.963 I/dvm_gc_madvise_info(  214): [1449984,1060864]
05-16 23:27:49.708 I/battery_level(  214): [74,3,28]
05-16 23:28:14.642 I/battery_level(  214): [76,3,28]
05-16 23:28:19.617 I/battery_level(  214): [72,3,28]
05-16 23:28:23.000 I/dvm_gc_info(  214): [8320808730291677138,-8902900643923138455,-3970058275750442968,8673336]
05-16 23:28:23.231 I/dvm_gc_info(  214): [8320808730291673065,-8901774744016304024,-3970339750727153624,8673336]
05-16 23:28:23.471 I/dvm_gc_info(  214): [8320808730291677153,-8902619168946435992,-3970339750727153624,8673336]
05-16 23:28:23.711 I/dvm_gc_info(  214): [8320808730291677153,-8900367369132750744,-3970339750727153624,8673336]
05-16 23:28:23.951 I/dvm_gc_info(  214): [8320808730291673057,-8901211794062882712,-3970339750727153624,8673336]
05-16 23:28:24.192 I/dvm_gc_info(  214): [8320808730291673057,-8901211794062882712,-3970339750727153624,8673336]
05-16 23:28:24.432 I/dvm_gc_info(  214): [8320808730291673057,-8901211794062882712,-3970339750727153624,8673336]
05-16 23:28:24.602 I/battery_level(  214): [73,3,28]
05-16 23:28:24.672 I/dvm_gc_info(  214): [8320808730291677144,-8903182118899853207,-3970058275750442968,8673336]
05-16 23:28:24.942 I/dvm_gc_info(  214): [8320808730291673078,-8902900643923142552,-3970621225703864280,8673336]
05-16 23:28:25.042 I/dvm_gc_info(  214): [8320808730291852375,-9130895375058778008,-3970621225703864280,8673345]
05-16 23:28:25.112 I/dvm_gc_info(  214): [8320808730291843799,-9190568070121437080,-3970621225703864280,8697930]
05-16 23:28:25.192 I/dvm_gc_info(  214): [8320808730291852012,-9189723645191305112,-3970621225703864280,8697930]
05-16 23:28:25.263 I/dvm_gc_info(  214): [8320808730291839709,-9189723645191305112,-3970621225703864280,8697930]
05-16 23:28:25.333 I/dvm_gc_info(  214): [8320808730291843803,-9190005120168015768,-3970621225703864280,8697930]
05-16 23:28:25.403 I/dvm_gc_info(  214): [8320808730291843775,-9194508719795386264,-3970621225703864280,8697930]
05-16 23:28:29.266 I/dvm_gc_info(  214): [8320808730292172333,-9179872021006432153,-3970621225703864280,8697927]
05-16 23:28:29.587 I/battery_level(  214): [71,3,28]
05-16 23:28:34.331 I/dvm_gc_madvise_info(  214): [1318912,1060864]
05-16 23:28:34.582 I/battery_level(  214): [73,3,28]
05-16 23:28:35.733 I/binder_sample(  296): [android.os.INetStatService,1,8,com.android.phone,1]
05-16 23:28:39.567 I/battery_level(  214): [74,3,28]
05-16 23:28:39.667 I/dvm_gc_info(  302): [4928475562231490150,-8925142665984649170,-4005242647839274968,7349951]
05-16 23:28:44.702 I/dvm_gc_madvise_info(  302): [1220608,1060864]
05-16 23:28:49.536 I/battery_level(  214): [76,3,28]
05-16 23:28:54.521 I/battery_level(  214): [74,3,28]
05-16 23:29:04.491 I/battery_level(  214): [76,3,28]
05-16 23:29:09.476 I/battery_level(  214): [74,3,28]
05-16 23:29:09.576 I/dvm_gc_info(  214): [8320808730291865357,-8920352092479186839,-3970339750727153624,8673335]
05-16 23:29:14.631 I/dvm_gc_madvise_info(  214): [1343488,1060864]
05-16 23:29:17.433 I/binder_sample(  296): [android.os.INetStatService,2,8,com.android.phone,1]
05-16 23:29:24.430 I/battery_level(  214): [76,3,28]
05-16 23:29:29.425 I/battery_level(  214): [74,3,28]
05-16 23:29:39.395 I/battery_level(  214): [77,3,28]
05-16 23:29:44.370 I/battery_level(  214): [76,3,28]
05-16 23:29:55.040 I/binder_sample(  296): [android.os.INetStatService,2,8,com.android.phone,1]
05-16 23:29:59.334 I/battery_level(  214): [77,3,28]
05-16 23:30:04.309 I/battery_level(  214): [76,3,28]
05-16 23:30:09.294 I/battery_level(  214): [74,3,28]
05-16 23:30:16.561 I/battery_level(  214): [77,3,28]
05-16 23:30:18.463 I/dvm_gc_info(  302): [4928475562231576160,-8925705615938070482,-4005242647839274968,7349951]
05-16 23:30:19.264 I/battery_level(  214): [74,3,28]
05-16 23:30:19.374 I/dvm_gc_info(  214): [8320808730291836774,-8912189318137792406,-3969776800773732312,8673335]
05-16 23:30:23.508 I/dvm_gc_madvise_info(  302): [1220608,1060864]
05-16 23:30:24.249 I/battery_level(  214): [76,3,28]
05-16 23:30:24.389 I/dvm_gc_madvise_info(  214): [1282048,1060864]
05-16 23:30:34.218 I/battery_level(  214): [77,3,28]
05-16 23:30:39.213 I/battery_level(  214): [76,3,28]
05-16 23:30:49.183 I/battery_level(  214): [77,3,28]
05-16 23:30:54.158 I/battery_level(  214): [76,3,28]
05-16 23:31:03.127 I/binder_sample(  296): [android.os.INetStatService,1,7,com.android.phone,1]
05-16 23:31:04.128 I/battery_level(  214): [77,3,28]
05-16 23:31:09.122 I/battery_level(  214): [76,3,28]
05-16 23:31:19.092 I/battery_level(  214): [77,3,28]
05-16 23:31:29.062 I/battery_level(  214): [78,3,28]
05-16 23:31:34.037 I/battery_level(  214): [77,3,28]
05-16 23:31:44.016 I/battery_level(  214): [78,3,28]
05-16 23:31:44.177 I/dvm_gc_info(  214): [8320808730291677133,-8905715324953962390,-3969776800773732312,8673335]
05-16 23:31:49.001 I/battery_level(  214): [77,3,28]
05-16 23:31:49.202 I/dvm_gc_madvise_info(  214): [1355776,1060864]
05-16 23:31:53.986 I/battery_level(  214): [78,3,28]
05-16 23:31:58.971 I/battery_level(  214): [77,3,28]
05-16 23:31:59.081 I/dvm_gc_info(  391): [7449358886915556962,-8924861397216745428,-4005805597792696280,7349951]
05-16 23:31:59.101 I/dvm_gc_info(  302): [4928475562231486052,-8925424140961363922,-4005242647839274968,7349951]
05-16 23:32:04.156 I/dvm_gc_madvise_info(  391): [1294336,1060864]
05-16 23:32:04.156 I/dvm_gc_madvise_info(  302): [1220608,1060864]
05-16 23:32:05.087 I/force_gc(  838): bg
05-16 23:32:05.107 I/dvm_gc_info(  838): [7017575181484929264,-9220691253907232715,-3997642823468087256,8521634]
05-16 23:32:08.941 I/battery_level(  214): [79,3,28]
05-16 23:32:10.152 I/dvm_gc_madvise_info(  838): [1179648,1060864]
05-16 23:32:13.926 I/battery_level(  214): [77,3,28]
05-16 23:32:18.981 I/force_gc(  520): bg
05-16 23:32:19.041 I/dvm_gc_info(  520): [7308604875703845410,-9217595441732089812,-4003553797979011032,8165193]
05-16 23:32:23.895 I/battery_level(  214): [79,3,28]
05-16 23:32:24.056 I/dvm_gc_madvise_info(  520): [1335296,1060864]
05-16 23:32:28.880 I/battery_level(  214): [77,3,28]
05-16 23:32:33.935 I/force_gc(  530): bg
05-16 23:32:34.015 I/dvm_gc_info(  530): [8604234240865125416,-9143004572903786454,-4006368547746117592,7349951]
05-16 23:32:39.040 I/dvm_gc_madvise_info(  530): [1372160,1060864]
05-16 23:32:43.835 I/battery_level(  214): [79,3,28]
05-16 23:32:48.830 I/battery_level(  214): [77,3,28]
05-16 23:32:53.805 I/battery_level(  214): [78,3,28]
05-16 23:32:58.789 I/battery_level(  214): [77,3,28]
05-16 23:33:08.769 I/battery_level(  214): [79,3,28]
05-16 23:33:08.919 I/dvm_gc_info(  214): [8320808730291681237,-8904307950053627797,-3969495325797021656,8673335]
05-16 23:33:13.744 I/battery_level(  214): [77,3,28]
05-16 23:33:13.944 I/dvm_gc_madvise_info(  214): [1306624,1060864]
05-16 23:33:18.729 I/battery_level(  214): [78,3,29]
05-16 23:33:23.714 I/battery_level(  214): [77,3,29]
05-16 23:33:33.693 I/battery_level(  214): [79,3,29]
05-16 23:33:38.668 I/battery_level(  214): [78,3,29]
05-16 23:33:48.638 I/battery_level(  214): [80,3,29]
05-16 23:33:48.738 I/dvm_gc_info(  302): [4928475562231531105,-8925424140961363922,-4005242647839274968,7349951]
05-16 23:33:48.978 I/power_screen_state(  214): [0,3,0,0]
05-16 23:33:48.978 I/power_screen_broadcast_send(  214): 1
05-16 23:33:48.978 I/screen_toggled(  214): 0
05-16 23:33:48.988 I/am_pause_activity(  214): [1082119576,com.lge.launcher/.Launcher]
05-16 23:33:49.008 I/am_on_paused_called(  322): com.lge.launcher.Launcher
05-16 23:33:49.098 I/binder_sample(  322): [android.view.IWindowSession,12,14,android.process.lghome,2]
05-16 23:33:49.209 I/power_screen_broadcast_done(  214): [0,224,1]
05-16 23:33:49.209 I/binder_sample(  322): [com.android.internal.view.IInputMethodManager,5,27,android.process.lghome,5]
05-16 23:33:53.623 I/battery_level(  214): [79,4,29]
05-16 23:33:53.753 I/dvm_gc_madvise_info(  302): [1224704,1060864]
05-16 23:33:54.183 I/dvm_gc_info(  214): [8320808730291877874,-8909374430914963353,-3969495325797021656,8673349]
05-16 23:33:58.247 I/binder_sample(  296): [android.os.INetStatService,1,7,com.android.phone,1]
05-16 23:33:59.238 I/dvm_gc_madvise_info(  214): [1499136,1060864]
05-16 23:33:59.288 I/force_gc( 1244): bg
05-16 23:33:59.348 I/dvm_gc_info( 1244): [5579786668258607360,-9221536091406067670,-4006368547746117592,7349955]
05-16 23:34:03.603 I/battery_level(  214): [80,4,29]
05-16 23:34:04.383 I/dvm_gc_madvise_info( 1244): [1449984,1060864]
05-16 23:34:08.577 I/battery_level(  214): [79,4,29]
05-16 23:34:13.572 I/battery_level(  214): [80,4,29]
05-16 23:34:18.547 I/battery_level(  214): [79,4,29]
05-16 23:34:28.517 I/battery_level(  214): [81,4,29]
05-16 23:34:28.747 I/binder_sample(  296): [android.os.INetStatService,2,7,com.android.phone,1]
05-16 23:34:33.512 I/battery_level(  214): [79,4,29]
05-16 23:34:37.916 I/binder_sample(  296): [android.os.INetStatService,2,6,com.android.phone,1]
05-16 23:34:43.482 I/battery_level(  214): [81,4,29]
05-16 23:34:48.466 I/battery_level(  214): [80,4,29]
05-16 23:34:48.597 I/dvm_gc_info(  302): [4928475562231490137,-8942875589517420497,-4004961172862564312,7349951]
05-16 23:34:53.631 I/dvm_gc_madvise_info(  302): [1224704,1060864]
05-16 23:34:58.436 I/battery_level(  214): [82,4,29]
05-16 23:35:03.411 I/battery_level(  214): [79,4,29]
05-16 23:35:03.581 I/dvm_gc_info(  214): [8320808730291742756,-8900085756683499418,-3964428776216229848,8722509]
05-16 23:35:04.322 I/binder_sample(  296): [android.os.INetStatService,2,7,com.android.phone,1]
05-16 23:35:06.344 I/binder_sample(  296): [android.os.INetStatService,1,8,com.android.phone,1]
05-16 23:35:08.406 I/battery_level(  214): [81,4,29]
05-16 23:35:08.616 I/dvm_gc_madvise_info(  214): [1486848,1060864]
05-16 23:35:38.315 I/battery_level(  214): [82,4,29]
05-16 23:35:43.290 I/battery_level(  214): [81,4,29]
05-16 23:35:44.992 I/binder_sample(  296): [android.os.INetStatService,1,8,com.android.phone,1]
05-16 23:35:58.255 I/battery_level(  214): [82,4,29]
05-16 23:36:03.229 I/battery_level(  214): [81,4,29]
05-16 23:36:08.224 I/battery_level(  214): [80,4,29]
05-16 23:36:13.209 I/battery_level(  214): [81,4,29]
05-16 23:36:18.194 I/battery_level(  214): [80,4,29]
05-16 23:36:23.179 I/battery_level(  214): [81,4,29]
05-16 23:36:27.643 I/binder_sample(  296): [android.os.INetStatService,2,7,com.android.phone,1]
05-16 23:36:33.149 I/battery_level(  214): [82,4,29]
05-16 23:36:33.319 I/dvm_gc_info(  214): [8320808730291677143,-8902619031473895321,-3972310075564128216,8652852]
05-16 23:36:38.133 I/battery_level(  214): [80,4,29]
05-16 23:36:38.364 I/dvm_gc_madvise_info(  214): [1511424,1060864]
05-16 23:36:43.118 I/battery_level(  214): [81,4,29]
05-16 23:36:48.103 I/battery_level(  214): [80,4,29]
05-16 23:36:48.233 I/dvm_gc_info(  302): [4928475562231486061,-8925142665984649170,-4004961172862564312,7349951]
05-16 23:36:50.025 I/binder_sample(  296): [android.os.INetStatService,2,8,com.android.phone,1]
05-16 23:36:53.078 I/binder_sample(  296): [android.os.INetStatService,2,7,com.android.phone,1]
05-16 23:36:53.268 I/dvm_gc_madvise_info(  302): [1204224,1060864]
05-16 23:36:58.073 I/battery_level(  214): [82,4,29]
05-16 23:37:03.058 I/battery_level(  214): [81,4,29]
05-16 23:37:13.027 I/battery_level(  214): [82,4,29]
05-16 23:37:18.012 I/battery_level(  214): [81,4,29]
05-16 23:37:27.982 I/battery_level(  214): [83,4,29]
05-16 23:37:32.967 I/battery_level(  214): [81,4,29]
05-16 23:37:36.751 I/binder_sample(  296): [android.os.INetStatService,1,7,com.android.phone,1]
05-16 23:37:42.947 I/battery_level(  214): [83,4,29]
05-16 23:37:43.077 I/dvm_gc_info(  214): [8320808730291701689,-8905152306264295320,-3971747125610706904,8652852]
05-16 23:37:47.921 I/battery_level(  214): [81,4,29]
05-16 23:37:48.102 I/dvm_gc_madvise_info(  214): [1515520,1060864]
05-16 23:37:52.916 I/battery_level(  214): [80,4,29]
05-16 23:37:57.901 I/battery_level(  214): [81,4,29]
05-16 23:38:07.871 I/battery_level(  214): [83,4,29]
05-16 23:38:12.846 I/battery_level(  214): [81,4,29]
05-16 23:38:22.826 I/battery_level(  214): [83,4,29]
05-16 23:38:27.800 I/battery_level(  214): [81,4,29]
05-16 23:38:37.770 I/battery_level(  214): [83,4,29]
05-16 23:38:37.920 I/dvm_gc_info(  302): [4928475562231539300,-8925424140961359826,-4004961172862564312,7349951]
05-16 23:38:40.403 I/am_proc_start(  214): [1933,10059,com.google.android.apps.maps,service,com.google.android.apps.maps/com.google.googlenav.prefetch.android.PrefetcherService]
05-16 23:38:40.433 I/dvm_gc_madvise_info( 1933): [1298432,1060864]
05-16 23:38:40.443 I/am_proc_bound(  214): [1933,com.google.android.apps.maps]
05-16 23:38:40.463 I/am_create_service(  214): [1081334720,com.google.android.apps.maps/com.google.googlenav.prefetch.android.PrefetcherService,,1933]
05-16 23:38:40.583 I/dvm_gc_info( 1933): [3345437233799816819,-8978623186487957459,-4005524122815981528,7349951]
05-16 23:38:40.713 I/dvm_gc_info( 1933): [3345437233799816744,-9043925312264574926,-4003835272955721688,7349951]
05-16 23:38:40.763 I/content_query_sample( 1933): [content://com.google.settings/partner,value,name=?,,8,com.google.android.apps.maps,2]
05-16 23:38:40.993 I/dvm_gc_info( 1933): [3345437233799775823,-9006207253001312202,-4002709373048879064,7349951]
05-16 23:38:42.765 I/battery_level(  214): [82,4,29]
05-16 23:38:42.935 I/dvm_gc_madvise_info(  302): [1212416,1060864]
05-16 23:38:42.945 I/dvm_gc_info(  214): [8320808730291701682,-8904589356310865815,-3971184175657285592,8652852]
05-16 23:38:46.018 I/dvm_gc_madvise_info( 1933): [1179648,1060864]
05-16 23:38:47.750 I/battery_level(  214): [81,4,29]
05-16 23:38:48.000 I/dvm_gc_madvise_info(  214): [1437696,1060864]
05-16 23:38:51.063 I/am_destroy_service(  214): [1081334720,com.google.android.apps.maps/com.google.googlenav.prefetch.android.PrefetcherService,1933]
05-16 23:38:51.093 I/am_kill (  214): [1015,com.lge.drmservice,14,too many background]
05-16 23:38:51.123 I/am_proc_died(  214): [1015,com.lge.drmservice]
05-16 23:38:51.123 I/am_schedule_service_restart(  214): [com.lge.drmservice/.DrmService,5000]
05-16 23:38:52.795 I/force_gc(  802): bg
05-16 23:38:52.865 I/dvm_gc_info(  802): [7453298398305985585,-9165522571040651222,-4006368547746117592,7349951]
05-16 23:38:56.158 I/am_proc_start(  214): [1954,10080,com.lge.drmservice,service,com.lge.drmservice/.DrmService]
05-16 23:38:56.188 I/dvm_gc_madvise_info( 1954): [1298432,1060864]
05-16 23:38:56.218 I/am_proc_bound(  214): [1954,com.lge.drmservice]
05-16 23:38:56.218 I/am_create_service(  214): [1082710192,com.lge.drmservice/.DrmService,,1954]
05-16 23:38:57.720 I/battery_level(  214): [83,4,29]
05-16 23:38:57.870 I/dvm_gc_madvise_info(  802): [1486848,1060864]
05-16 23:39:02.704 I/battery_level(  214): [81,4,29]
05-16 23:39:07.679 I/battery_level(  214): [82,4,29]
05-16 23:39:12.674 I/battery_level(  214): [81,4,29]
05-16 23:39:22.644 I/battery_level(  214): [83,4,29]
05-16 23:39:27.619 I/battery_level(  214): [81,4,29]
05-16 23:39:32.614 I/battery_level(  214): [83,4,29]
05-16 23:40:07.508 I/battery_level(  214): [84,4,29]
05-16 23:40:07.688 I/dvm_gc_info(  214): [8320808730291681212,-8904870831287580566,-3971184175657285592,8652852]
05-16 23:40:12.493 I/battery_level(  214): [83,4,29]
05-16 23:40:12.733 I/dvm_gc_madvise_info(  214): [1388544,1060864]
05-16 23:40:17.477 I/battery_level(  214): [81,4,29]
05-16 23:40:17.598 I/dvm_gc_info(  302): [4928475562231551601,-8924298241054529490,-4005242647839274968,7349951]
05-16 23:40:22.462 I/battery_level(  214): [83,4,29]
05-16 23:40:22.612 I/dvm_gc_madvise_info(  302): [1216512,1060864]
05-16 23:40:32.432 I/battery_level(  214): [84,4,29]
05-16 23:40:37.417 I/battery_level(  214): [82,4,29]
05-16 23:40:42.402 I/battery_level(  214): [83,4,29]
