05-17 14:42:17.728 D/RILC    (  146): Registering the RSSI event and HDR RSSI event on screen-on request
05-17 14:42:17.728 D/RILC    (  146): requesting CM for the latest system information
05-17 14:42:17.738 D/RILC    (  146): Reply to RIL --> Screen on
05-17 14:42:17.738 D/RILC    (  146): UI <--- RIL_REQUEST_SCREEN_STATE (61) Complete --- RIL [RID 0, Token 315, Success, Len 0 On]
05-17 14:42:17.738 D/RILJ    (  296): <!>com.android.internal.telephony.RIL 4551<!> [0315]< SCREEN_STATE 
05-17 14:42:17.738 D/RILC    (  146): RID 0 MID 0 Received srvsys event : CM_SS_EVENT_RSSI (73729)
05-17 14:42:17.738 D/RILC    (  146): RID 0 MID 0 Queued event CM_SS_EVENT_RSSI (3808 bytes)
05-17 14:42:17.738 D/RILC    (  146): qcril_event_main(): 1 items on queue
05-17 14:42:17.738 D/RILC    (  146): RID 0 MID 0 De-queued event CM_SS_EVENT_RSSI (73729)
05-17 14:42:17.738 D/RILC    (  146): RIL <--- CM_SS_EVENT_RSSI(73729), RID 0, MID 0 --- AMSS
05-17 14:42:17.738 D/RILC    (  146): LG_SYS: Accepted CM_SS_EVENT_RSSI, supported state.
05-17 14:42:17.738 D/RILC    (  146): Process event rssi, iid 0, mid 0
05-17 14:42:17.738 D/RILC    (  146): RID 0 MID 0 Serving System : srv status 0, sys mode 0, roam status 0, IDM 0, hdr_hybrid 0, hdr srv status 0, hdr roam status 0, srv cap = 3
05-17 14:42:17.738 D/RILC    (  146): RID 0 voice srv: modem id=0, ma=Multimode(0), net_pref=GSM WCDMA preferred(0)
05-17 14:42:17.738 D/RILC    (  146): RID 0 MID 0 Update voice radio tech 1
05-17 14:42:17.738 D/RILC    (  146): RID 0 MID 0 Update ECC property 1
05-17 14:42:17.738 D/RILC    (  146): RID 0 MID 0 no update on ril.ecclist needed
05-17 14:42:17.738 D/RILC    (  146): [CM_SS_EVENT_RSSI(73729)] Modem: Off --> Off, Voice Tech: 3GPP --> 3GPP
05-17 14:42:17.738 D/RILC    (  146): [CM_SS_EVENT_RSSI(73729)] GW SIM(pri): Ready --> Ready, CDMA SIM(pri): Not ready --> Not ready, GW SIM(sec): Not ready --> Not ready, CDMA SIM(sec): Not ready --> Not ready
05-17 14:42:17.738 D/RILC    (  146): RID 0 voice tech: gw modem id=0, ma=Multimode(0), net_pref=GSM WCDMA preferred(0)
05-17 14:42:17.738 D/RILC    (  146): RID 0 data tech: gwl modem id=0, pdt modem id=1, pdt=Unknown(0), ma=Multimode(0), net_pref=GSM WCDMA preferred(0)
05-17 14:42:17.738 D/RILC    (  146): Arch: cdma modem id=0, evdo modem id=0, gwl modem id =0, ma=Multimode(0)
05-17 14:42:17.738 D/RILC    (  146): Signal strength: gwl_rssi: 99, gw_bit_error: 99, cdma_dbm: -1, cdma_ecio: -1, hdr_dbm: -1, hdr_ecio: -1, hdr_sinr: -1, lte_rsrp -1, lte_rsrq -1
05-17 14:42:17.738 D/RILC    (  146):  
05-17 14:42:17.738 D/RILC    (  146): UI <--- RIL_UNSOL_SIGNAL_STRENGTH (1009) --- RIL [RID 0, Len 40, (null)]
05-17 14:42:17.738 D/RILC    (  146): qcril_event_main(): Waiting...
05-17 14:42:17.738 D/RILC    (  146): RID 0 MID 0 Received srvsys event : CM_SS_EVENT_INFO (73730)
05-17 14:42:17.738 D/RILC    (  146): RID 0 MID 0 Queued event CM_SS_EVENT_INFO (3808 bytes)
05-17 14:42:17.738 D/RILC    (  146): qcril_event_main(): 1 items on queue
05-17 14:42:17.738 D/RILC    (  146): RID 0 MID 0 De-queued event CM_SS_EVENT_INFO (73730)
05-17 14:42:17.738 D/RILC    (  146): RIL <--- CM_SS_EVENT_INFO(73730), RID 0, MID 0 --- AMSS
05-17 14:42:17.738 D/RILC    (  146): LG_SYS: Accepted CM_SS_EVENT_INFO, supported state.
05-17 14:42:17.738 D/RILC    (  146): RID 0 MID 0 Serving System : srv status 0, sys mode 0, roam status 0, IDM 0, hdr_hybrid 0, hdr srv status 0, hdr roam status 0, srv cap = 3
05-17 14:42:17.738 D/RILC    (  146): RID 0 voice srv: modem id=0, ma=Multimode(0), net_pref=GSM WCDMA preferred(0)
05-17 14:42:17.738 D/RILC    (  146): RID 0 MID 0 Update voice radio tech 1
05-17 14:42:17.738 D/RILC    (  146): RID 0 MID 0 Update ECC property 1
05-17 14:42:17.738 D/RILC    (  146): RID 0 MID 0 no update on ril.ecclist needed
05-17 14:42:17.738 D/RILC    (  146): [CM_SS_EVENT_INFO(73730)] Modem: Off --> Off, Voice Tech: 3GPP --> 3GPP
05-17 14:42:17.738 D/RILC    (  146): [CM_SS_EVENT_INFO(73730)] GW SIM(pri): Ready --> Ready, CDMA SIM(pri): Not ready --> Not ready, GW SIM(sec): Not ready --> Not ready, CDMA SIM(sec): Not ready --> Not ready
05-17 14:42:17.738 D/RILC    (  146): RID 0 voice tech: gw modem id=0, ma=Multimode(0), net_pref=GSM WCDMA preferred(0)
05-17 14:42:17.738 D/RILC    (  146): RID 0 data tech: gwl modem id=0, pdt modem id=1, pdt=Unknown(0), ma=Multimode(0), net_pref=GSM WCDMA preferred(0)
05-17 14:42:17.738 D/RILC    (  146): UI <--- RIL_UNSOL_RESPONSE_NETWORK_STATE_CHANGED (1002) --- RIL [RID 0, Len 0, No service on No service]
05-17 14:42:17.738 D/RILC    (  146): UI <--- RIL_UNSOL_EXIT_EMERGENCY_CALLBACK_MODE (1037) --- RIL [RID 0, Len 0, No service on No service]
05-17 14:42:17.738 D/RILC    (  146): qcril_event_main(): Waiting...
05-17 14:42:17.748 D/RILJ    (  296): <!>com.android.internal.telephony.RIL 4551<!> [UNSL]< UNSOL_RESPONSE_NETWORK_STATE_CHANGED
05-17 14:42:17.748 D/RILJ    (  296): <!>com.android.internal.telephony.RIL 4551<!> [UNSL]< RIL_UNSOL_RESPONSE_DATA_NETWORK_STATE_CHANGED
05-17 14:42:17.748 D/RILC    (  146): RID 0 MID 0 Received stats event : CM_STATS_EVENT_MODEM_INFO (90112)
05-17 14:42:17.748 D/RILC    (  146): RID 0 MID 0 Queued event CM_STATS_EVENT_MODEM_INFO (344 bytes)
05-17 14:42:17.748 D/RILC    (  146): qcril_event_main(): 1 items on queue
05-17 14:42:17.748 D/RILC    (  146): RID 0 MID 0 De-queued event CM_STATS_EVENT_MODEM_INFO (90112)
05-17 14:42:17.748 D/RILC    (  146): RIL <--- CM_STATS_EVENT_MODEM_INFO(90112), RID 0, MID 0 --- AMSS
05-17 14:42:17.748 D/RILC    (  146): LG_SYS: Accepted CM_STATS_EVENT_MODEM_INFO, supported state.
05-17 14:42:17.748 D/RILC    (  146): qcril_event_main(): Waiting...
05-17 14:42:17.768 D/GSM     (  296): <!>com.android.internal.telephony.gsm.GsmServiceStateTracker 907<!> Poll ServiceState done:  oldSS=[3 home null null null  Unknown CSS not supported -1 -1RoamInd: -1DefRoamInd: -1EmergOnly: false] newSS=[3 home null null null  Unknown CSS not supported -1 -1RoamInd: -1DefRoamInd: -1EmergOnly: false] 
05-17 14:42:17.768 I/GSM     (  296): <!>com.android.internal.telephony.gsm.GsmServiceStateTracker 967<!> Network State Changed, get EONS and update operator name display
05-17 14:42:17.768 D/GSM     (  296): <!>com.android.internal.telephony.gsm.Eons 366<!> [EONS] Reading data from EF_OPL or EF_PNN is not complete. Suppress operator name display until all EF_OPL/EF_PNN data is read.
05-17 14:52:36.101 D/RILJ    (  296): <!>com.android.internal.telephony.RIL 4551<!> [0316]> SCREEN_STATE: false
05-17 14:52:36.111 D/RILC    (  146): UI --- RIL_REQUEST_SCREEN_STATE (61) ---> RIL [RID 0, token id 316, data len 4]
05-17 14:52:36.111 D/RILC    (  146): LG_SYS: Accepted RIL_REQUEST_SCREEN_STATE, supported state.
05-17 14:52:36.111 D/RILC    (  146): De-registering the RSSI and HDR RSSI events on screen-off request
05-17 14:52:36.111 D/RILC    (  146): RID 0 MID 0 Received stats event : CM_STATS_EVENT_MODEM_INFO (90112)
05-17 14:52:36.111 D/RILC    (  146): RID 0 MID 0 Queued event CM_STATS_EVENT_MODEM_INFO (344 bytes)
05-17 14:52:36.111 D/RILC    (  146): qcril_event_main(): 1 items on queue
05-17 14:52:36.121 D/RILC    (  146): RID 0 MID 0 De-queued event CM_STATS_EVENT_MODEM_INFO (90112)
05-17 14:52:36.121 D/RILC    (  146): Reply to RIL --> Screen off
05-17 14:52:36.121 D/RILC    (  146): UI <--- RIL_REQUEST_SCREEN_STATE (61) Complete --- RIL [RID 0, Token 316, Success, Len 0 Off]
05-17 14:52:36.121 D/RILJ    (  296): <!>com.android.internal.telephony.RIL 4551<!> [0316]< SCREEN_STATE 
05-17 14:52:36.121 D/RILC    (  146): RIL <=== CM_STATS_EVENT_MODEM_INFO(90112), RID 0, MID 0 === AMSS
05-17 14:52:36.121 D/RILC    (  146): LG_SYS: Accepted CM_STATS_EVENT_MODEM_INFO, supported state.
05-17 14:52:36.121 D/RILC    (  146): qcril_event_main(): Waiting...
05-17 16:39:33.262 D/RILJ    (  296): <!>com.android.internal.telephony.RIL 4551<!> [0317]> SCREEN_STATE: true
05-17 16:39:33.272 D/RILC    (  146): UI --- RIL_REQUEST_SCREEN_STATE (61) ---> RIL [RID 0, token id 317, data len 4]
05-17 16:39:33.272 D/RILC    (  146): LG_SYS: Accepted RIL_REQUEST_SCREEN_STATE, supported state.
05-17 16:39:33.272 D/RILC    (  146): Registering the RSSI event and HDR RSSI event on screen-on request
05-17 16:39:33.272 D/RILC    (  146): requesting CM for the latest system information
05-17 16:39:33.282 D/RILC    (  146): Reply to RIL --> Screen on
05-17 16:39:33.282 D/RILC    (  146): UI <--- RIL_REQUEST_SCREEN_STATE (61) Complete --- RIL [RID 0, Token 317, Success, Len 0 On]
05-17 16:39:33.282 D/RILJ    (  296): <!>com.android.internal.telephony.RIL 4551<!> [0317]< SCREEN_STATE 
05-17 16:39:33.282 D/RILC    (  146): RID 0 MID 0 Received srvsys event : CM_SS_EVENT_RSSI (73729)
05-17 16:39:33.282 D/RILC    (  146): RID 0 MID 0 Queued event CM_SS_EVENT_RSSI (3808 bytes)
05-17 16:39:33.282 D/RILC    (  146): qcril_event_main(): 1 items on queue
05-17 16:39:33.282 D/RILC    (  146): RID 0 MID 0 De-queued event CM_SS_EVENT_RSSI (73729)
05-17 16:39:33.282 D/RILC    (  146): RIL <--- CM_SS_EVENT_RSSI(73729), RID 0, MID 0 --- AMSS
05-17 16:39:33.282 D/RILC    (  146): LG_SYS: Accepted CM_SS_EVENT_RSSI, supported state.
05-17 16:39:33.282 D/RILC    (  146): Process event rssi, iid 0, mid 0
05-17 16:39:33.282 D/RILC    (  146): RID 0 MID 0 Serving System : srv status 0, sys mode 0, roam status 0, IDM 0, hdr_hybrid 0, hdr srv status 0, hdr roam status 0, srv cap = 3
05-17 16:39:33.282 D/RILC    (  146): RID 0 voice srv: modem id=0, ma=Multimode(0), net_pref=GSM WCDMA preferred(0)
05-17 16:39:33.282 D/RILC    (  146): RID 0 MID 0 Update voice radio tech 1
05-17 16:39:33.282 D/RILC    (  146): RID 0 MID 0 Update ECC property 1
05-17 16:39:33.282 D/RILC    (  146): RID 0 MID 0 no update on ril.ecclist needed
05-17 16:39:33.282 D/RILC    (  146): [CM_SS_EVENT_RSSI(73729)] Modem: Off --> Off, Voice Tech: 3GPP --> 3GPP
05-17 16:39:33.282 D/RILC    (  146): [CM_SS_EVENT_RSSI(73729)] GW SIM(pri): Ready --> Ready, CDMA SIM(pri): Not ready --> Not ready, GW SIM(sec): Not ready --> Not ready, CDMA SIM(sec): Not ready --> Not ready
05-17 16:39:33.282 D/RILC    (  146): RID 0 voice tech: gw modem id=0, ma=Multimode(0), net_pref=GSM WCDMA preferred(0)
05-17 16:39:33.282 D/RILC    (  146): RID 0 data tech: gwl modem id=0, pdt modem id=1, pdt=Unknown(0), ma=Multimode(0), net_pref=GSM WCDMA preferred(0)
05-17 16:39:33.282 D/RILC    (  146): Arch: cdma modem id=0, evdo modem id=0, gwl modem id =0, ma=Multimode(0)
05-17 16:39:33.282 D/RILC    (  146): Signal strength: gwl_rssi: 99, gw_bit_error: 99, cdma_dbm: -1, cdma_ecio: -1, hdr_dbm: -1, hdr_ecio: -1, hdr_sinr: -1, lte_rsrp -1, lte_rsrq -1
05-17 16:39:33.282 D/RILC    (  146):  
05-17 16:39:33.282 D/RILC    (  146): UI <--- RIL_UNSOL_SIGNAL_STRENGTH (1009) --- RIL [RID 0, Len 40, (null)]
05-17 16:39:33.282 D/RILC    (  146): qcril_event_main(): Waiting...
05-17 16:39:33.292 D/RILC    (  146): RID 0 MID 0 Received srvsys event : CM_SS_EVENT_INFO (73730)
05-17 16:39:33.292 D/RILC    (  146): RID 0 MID 0 Queued event CM_SS_EVENT_INFO (3808 bytes)
05-17 16:39:33.292 D/RILC    (  146): qcril_event_main(): 1 items on queue
05-17 16:39:33.292 D/RILC    (  146): RID 0 MID 0 De-queued event CM_SS_EVENT_INFO (73730)
05-17 16:39:33.292 D/RILC    (  146): RIL <--- CM_SS_EVENT_INFO(73730), RID 0, MID 0 --- AMSS
05-17 16:39:33.292 D/RILC    (  146): LG_SYS: Accepted CM_SS_EVENT_INFO, supported state.
05-17 16:39:33.292 D/RILC    (  146): RID 0 MID 0 Serving System : srv status 0, sys mode 0, roam status 0, IDM 0, hdr_hybrid 0, hdr srv status 0, hdr roam status 0, srv cap = 3
05-17 16:39:33.292 D/RILC    (  146): RID 0 voice srv: modem id=0, ma=Multimode(0), net_pref=GSM WCDMA preferred(0)
05-17 16:39:33.292 D/RILC    (  146): RID 0 MID 0 Update voice radio tech 1
05-17 16:39:33.292 D/RILC    (  146): RID 0 MID 0 Update ECC property 1
05-17 16:39:33.292 D/RILC    (  146): RID 0 MID 0 no update on ril.ecclist needed
05-17 16:39:33.292 D/RILC    (  146): [CM_SS_EVENT_INFO(73730)] Modem: Off --> Off, Voice Tech: 3GPP --> 3GPP
05-17 16:39:33.292 D/RILC    (  146): [CM_SS_EVENT_INFO(73730)] GW SIM(pri): Ready --> Ready, CDMA SIM(pri): Not ready --> Not ready, GW SIM(sec): Not ready --> Not ready, CDMA SIM(sec): Not ready --> Not ready
05-17 16:39:33.292 D/RILC    (  146): RID 0 voice tech: gw modem id=0, ma=Multimode(0), net_pref=GSM WCDMA preferred(0)
05-17 16:39:33.292 D/RILC    (  146): RID 0 data tech: gwl modem id=0, pdt modem id=1, pdt=Unknown(0), ma=Multimode(0), net_pref=GSM WCDMA preferred(0)
05-17 16:39:33.292 D/RILC    (  146): UI <--- RIL_UNSOL_RESPONSE_NETWORK_STATE_CHANGED (1002) --- RIL [RID 0, Len 0, No service on No service]
05-17 16:39:33.292 D/RILC    (  146): UI <--- RIL_UNSOL_EXIT_EMERGENCY_CALLBACK_MODE (1037) --- RIL [RID 0, Len 0, No service on No service]
05-17 16:39:33.292 D/RILC    (  146): qcril_event_main(): Waiting...
05-17 16:39:33.292 D/RILC    (  146): RID 0 MID 0 Received stats event : CM_STATS_EVENT_MODEM_INFO (90112)
05-17 16:39:33.292 D/RILC    (  146): RID 0 MID 0 Queued event CM_STATS_EVENT_MODEM_INFO (344 bytes)
05-17 16:39:33.292 D/RILC    (  146): qcril_event_main(): 1 items on queue
05-17 16:39:33.292 D/RILC    (  146): RID 0 MID 0 De-queued event CM_STATS_EVENT_MODEM_INFO (90112)
05-17 16:39:33.292 D/RILC    (  146): RIL <--- CM_STATS_EVENT_MODEM_INFO(90112), RID 0, MID 0 --- AMSS
05-17 16:39:33.292 D/RILC    (  146): LG_SYS: Accepted CM_STATS_EVENT_MODEM_INFO, supported state.
05-17 16:39:33.292 D/RILC    (  146): qcril_event_main(): Waiting...
05-17 16:39:33.292 D/RILJ    (  296): <!>com.android.internal.telephony.RIL 4551<!> [UNSL]< UNSOL_RESPONSE_NETWORK_STATE_CHANGED
05-17 16:39:33.292 D/RILJ    (  296): <!>com.android.internal.telephony.RIL 4551<!> [UNSL]< RIL_UNSOL_RESPONSE_DATA_NETWORK_STATE_CHANGED
05-17 16:39:33.322 D/GSM     (  296): <!>com.android.internal.telephony.gsm.GsmServiceStateTracker 907<!> Poll ServiceState done:  oldSS=[3 home null null null  Unknown CSS not supported -1 -1RoamInd: -1DefRoamInd: -1EmergOnly: false] newSS=[3 home null null null  Unknown CSS not supported -1 -1RoamInd: -1DefRoamInd: -1EmergOnly: false] 
05-17 16:39:33.322 I/GSM     (  296): <!>com.android.internal.telephony.gsm.GsmServiceStateTracker 967<!> Network State Changed, get EONS and update operator name display
05-17 16:39:33.322 D/GSM     (  296): <!>com.android.internal.telephony.gsm.Eons 366<!> [EONS] Reading data from EF_OPL or EF_PNN is not complete. Suppress operator name display until all EF_OPL/EF_PNN data is read.
05-17 16:39:38.467 D/RILJ    (  296): <!>com.android.internal.telephony.RIL 4551<!> [0318]> SCREEN_STATE: false
05-17 16:39:38.477 D/RILC    (  146): UI --- RIL_REQUEST_SCREEN_STATE (61) ---> RIL [RID 0, token id 318, data len 4]
05-17 16:39:38.477 D/RILC    (  146): LG_SYS: Accepted RIL_REQUEST_SCREEN_STATE, supported state.
05-17 16:39:38.477 D/RILC    (  146): De-registering the RSSI and HDR RSSI events on screen-off request
05-17 16:39:38.487 D/RILC    (  146): Reply to RIL --> Screen off
05-17 16:39:38.487 D/RILC    (  146): UI <--- RIL_REQUEST_SCREEN_STATE (61) Complete --- RIL [RID 0, Token 318, Success, Len 0 Off]
05-17 16:39:38.487 D/RILJ    (  296): <!>com.android.internal.telephony.RIL 4551<!> [0318]< SCREEN_STATE 
05-17 16:39:38.497 D/RILC    (  146): RID 0 MID 0 Received stats event : CM_STATS_EVENT_MODEM_INFO (90112)
05-17 16:39:38.497 D/RILC    (  146): RID 0 MID 0 Queued event CM_STATS_EVENT_MODEM_INFO (344 bytes)
05-17 16:39:38.497 D/RILC    (  146): qcril_event_main(): 1 items on queue
05-17 16:39:38.497 D/RILC    (  146): RID 0 MID 0 De-queued event CM_STATS_EVENT_MODEM_INFO (90112)
05-17 16:39:38.497 D/RILC    (  146): RIL <=== CM_STATS_EVENT_MODEM_INFO(90112), RID 0, MID 0 === AMSS
05-17 16:39:38.497 D/RILC    (  146): LG_SYS: Accepted CM_STATS_EVENT_MODEM_INFO, supported state.
05-17 16:39:38.497 D/RILC    (  146): qcril_event_main(): Waiting...
05-17 16:39:46.424 D/RILJ    (  296): <!>com.android.internal.telephony.RIL 4551<!> [0319]> SCREEN_STATE: true
05-17 16:39:46.424 D/RILC    (  146): UI --- RIL_REQUEST_SCREEN_STATE (61) ---> RIL [RID 0, token id 319, data len 4]
05-17 16:39:46.424 D/RILC    (  146): LG_SYS: Accepted RIL_REQUEST_SCREEN_STATE, supported state.
05-17 16:39:46.424 D/RILC    (  146): Registering the RSSI event and HDR RSSI event on screen-on request
05-17 16:39:46.434 D/RILC    (  146): requesting CM for the latest system information
05-17 16:39:46.444 D/RILC    (  146): Reply to RIL --> Screen on
05-17 16:39:46.444 D/RILC    (  146): UI <--- RIL_REQUEST_SCREEN_STATE (61) Complete --- RIL [RID 0, Token 319, Success, Len 0 On]
05-17 16:39:46.444 D/RILJ    (  296): <!>com.android.internal.telephony.RIL 4551<!> [0319]< SCREEN_STATE 
05-17 16:39:46.444 D/RILC    (  146): RID 0 MID 0 Received srvsys event : CM_SS_EVENT_RSSI (73729)
05-17 16:39:46.444 D/RILC    (  146): RID 0 MID 0 Queued event CM_SS_EVENT_RSSI (3808 bytes)
05-17 16:39:46.444 D/RILC    (  146): qcril_event_main(): 1 items on queue
05-17 16:39:46.444 D/RILC    (  146): RID 0 MID 0 De-queued event CM_SS_EVENT_RSSI (73729)
05-17 16:39:46.444 D/RILC    (  146): RIL <--- CM_SS_EVENT_RSSI(73729), RID 0, MID 0 --- AMSS
05-17 16:39:46.444 D/RILC    (  146): LG_SYS: Accepted CM_SS_EVENT_RSSI, supported state.
05-17 16:39:46.444 D/RILC    (  146): Process event rssi, iid 0, mid 0
05-17 16:39:46.454 D/RILC    (  146): RID 0 MID 0 Serving System : srv status 0, sys mode 0, roam status 0, IDM 0, hdr_hybrid 0, hdr srv status 0, hdr roam status 0, srv cap = 3
05-17 16:39:46.454 D/RILC    (  146): RID 0 voice srv: modem id=0, ma=Multimode(0), net_pref=GSM WCDMA preferred(0)
05-17 16:39:46.454 D/RILC    (  146): RID 0 MID 0 Update voice radio tech 1
05-17 16:39:46.454 D/RILC    (  146): RID 0 MID 0 Update ECC property 1
05-17 16:39:46.454 D/RILC    (  146): RID 0 MID 0 no update on ril.ecclist needed
05-17 16:39:46.454 D/RILC    (  146): [CM_SS_EVENT_RSSI(73729)] Modem: Off --> Off, Voice Tech: 3GPP --> 3GPP
05-17 16:39:46.454 D/RILC    (  146): [CM_SS_EVENT_RSSI(73729)] GW SIM(pri): Ready --> Ready, CDMA SIM(pri): Not ready --> Not ready, GW SIM(sec): Not ready --> Not ready, CDMA SIM(sec): Not ready --> Not ready
05-17 16:39:46.454 D/RILC    (  146): RID 0 voice tech: gw modem id=0, ma=Multimode(0), net_pref=GSM WCDMA preferred(0)
05-17 16:39:46.454 D/RILC    (  146): RID 0 data tech: gwl modem id=0, pdt modem id=1, pdt=Unknown(0), ma=Multimode(0), net_pref=GSM WCDMA preferred(0)
05-17 16:39:46.454 D/RILC    (  146): Arch: cdma modem id=0, evdo modem id=0, gwl modem id =0, ma=Multimode(0)
05-17 16:39:46.454 D/RILC    (  146): Signal strength: gwl_rssi: 99, gw_bit_error: 99, cdma_dbm: -1, cdma_ecio: -1, hdr_dbm: -1, hdr_ecio: -1, hdr_sinr: -1, lte_rsrp -1, lte_rsrq -1
05-17 16:39:46.454 D/RILC    (  146):  
05-17 16:39:46.454 D/RILC    (  146): UI <--- RIL_UNSOL_SIGNAL_STRENGTH (1009) --- RIL [RID 0, Len 40, (null)]
05-17 16:39:46.454 D/RILC    (  146): qcril_event_main(): Waiting...
05-17 16:39:46.454 D/RILC    (  146): RID 0 MID 0 Received srvsys event : CM_SS_EVENT_INFO (73730)
05-17 16:39:46.454 D/RILC    (  146): RID 0 MID 0 Queued event CM_SS_EVENT_INFO (3808 bytes)
05-17 16:39:46.454 D/RILC    (  146): qcril_event_main(): 1 items on queue
05-17 16:39:46.454 D/RILC    (  146): RID 0 MID 0 De-queued event CM_SS_EVENT_INFO (73730)
05-17 16:39:46.454 D/RILC    (  146): RIL <--- CM_SS_EVENT_INFO(73730), RID 0, MID 0 --- AMSS
05-17 16:39:46.454 D/RILC    (  146): LG_SYS: Accepted CM_SS_EVENT_INFO, supported state.
05-17 16:39:46.454 D/RILC    (  146): RID 0 MID 0 Serving System : srv status 0, sys mode 0, roam status 0, IDM 0, hdr_hybrid 0, hdr srv status 0, hdr roam status 0, srv cap = 3
05-17 16:39:46.454 D/RILC    (  146): RID 0 voice srv: modem id=0, ma=Multimode(0), net_pref=GSM WCDMA preferred(0)
05-17 16:39:46.454 D/RILC    (  146): RID 0 MID 0 Update voice radio tech 1
05-17 16:39:46.454 D/RILC    (  146): RID 0 MID 0 Update ECC property 1
05-17 16:39:46.454 D/RILC    (  146): RID 0 MID 0 no update on ril.ecclist needed
05-17 16:39:46.454 D/RILC    (  146): [CM_SS_EVENT_INFO(73730)] Modem: Off --> Off, Voice Tech: 3GPP --> 3GPP
05-17 16:39:46.454 D/RILC    (  146): [CM_SS_EVENT_INFO(73730)] GW SIM(pri): Ready --> Ready, CDMA SIM(pri): Not ready --> Not ready, GW SIM(sec): Not ready --> Not ready, CDMA SIM(sec): Not ready --> Not ready
05-17 16:39:46.454 D/RILC    (  146): RID 0 voice tech: gw modem id=0, ma=Multimode(0), net_pref=GSM WCDMA preferred(0)
05-17 16:39:46.454 D/RILC    (  146): RID 0 data tech: gwl modem id=0, pdt modem id=1, pdt=Unknown(0), ma=Multimode(0), net_pref=GSM WCDMA preferred(0)
05-17 16:39:46.454 D/RILC    (  146): UI <--- RIL_UNSOL_RESPONSE_NETWORK_STATE_CHANGED (1002) --- RIL [RID 0, Len 0, No service on No service]
05-17 16:39:46.454 D/RILC    (  146): UI <--- RIL_UNSOL_EXIT_EMERGENCY_CALLBACK_MODE (1037) --- RIL [RID 0, Len 0, No service on No service]
05-17 16:39:46.454 D/RILC    (  146): qcril_event_main(): Waiting...
05-17 16:39:46.454 D/RILJ    (  296): <!>com.android.internal.telephony.RIL 4551<!> [UNSL]< UNSOL_RESPONSE_NETWORK_STATE_CHANGED
05-17 16:39:46.454 D/RILJ    (  296): <!>com.android.internal.telephony.RIL 4551<!> [UNSL]< RIL_UNSOL_RESPONSE_DATA_NETWORK_STATE_CHANGED
05-17 16:39:46.454 D/RILC    (  146): RID 0 MID 0 Received stats event : CM_STATS_EVENT_MODEM_INFO (90112)
05-17 16:39:46.454 D/RILC    (  146): RID 0 MID 0 Queued event CM_STATS_EVENT_MODEM_INFO (344 bytes)
05-17 16:39:46.454 D/RILC    (  146): qcril_event_main(): 1 items on queue
05-17 16:39:46.454 D/RILC    (  146): RID 0 MID 0 De-queued event CM_STATS_EVENT_MODEM_INFO (90112)
05-17 16:39:46.454 D/RILC    (  146): RIL <--- CM_STATS_EVENT_MODEM_INFO(90112), RID 0, MID 0 --- AMSS
05-17 16:39:46.454 D/RILC    (  146): LG_SYS: Accepted CM_STATS_EVENT_MODEM_INFO, supported state.
05-17 16:39:46.454 D/RILC    (  146): qcril_event_main(): Waiting...
05-17 16:39:46.484 D/GSM     (  296): <!>com.android.internal.telephony.gsm.GsmServiceStateTracker 907<!> Poll ServiceState done:  oldSS=[3 home null null null  Unknown CSS not supported -1 -1RoamInd: -1DefRoamInd: -1EmergOnly: false] newSS=[3 home null null null  Unknown CSS not supported -1 -1RoamInd: -1DefRoamInd: -1EmergOnly: false] 
05-17 16:39:46.484 I/GSM     (  296): <!>com.android.internal.telephony.gsm.GsmServiceStateTracker 967<!> Network State Changed, get EONS and update operator name display
05-17 16:39:46.484 D/GSM     (  296): <!>com.android.internal.telephony.gsm.Eons 366<!> [EONS] Reading data from EF_OPL or EF_PNN is not complete. Suppress operator name display until all EF_OPL/EF_PNN data is read.
05-17 16:50:01.555 D/RILJ    (  296): <!>com.android.internal.telephony.RIL 4551<!> [0320]> SCREEN_STATE: false
05-17 16:50:01.565 D/RILC    (  146): UI --- RIL_REQUEST_SCREEN_STATE (61) ---> RIL [RID 0, token id 320, data len 4]
05-17 16:50:01.565 D/RILC    (  146): LG_SYS: Accepted RIL_REQUEST_SCREEN_STATE, supported state.
05-17 16:50:01.565 D/RILC    (  146): De-registering the RSSI and HDR RSSI events on screen-off request
05-17 16:50:01.575 D/RILC    (  146): Reply to RIL --> Screen off
05-17 16:50:01.575 D/RILC    (  146): UI <--- RIL_REQUEST_SCREEN_STATE (61) Complete --- RIL [RID 0, Token 320, Success, Len 0 Off]
05-17 16:50:01.575 D/RILJ    (  296): <!>com.android.internal.telephony.RIL 4551<!> [0320]< SCREEN_STATE 
05-17 16:50:01.575 D/RILC    (  146): RID 0 MID 0 Received stats event : CM_STATS_EVENT_MODEM_INFO (90112)
05-17 16:50:01.575 D/RILC    (  146): RID 0 MID 0 Queued event CM_STATS_EVENT_MODEM_INFO (344 bytes)
05-17 16:50:01.575 D/RILC    (  146): qcril_event_main(): 1 items on queue
05-17 16:50:01.575 D/RILC    (  146): RID 0 MID 0 De-queued event CM_STATS_EVENT_MODEM_INFO (90112)
05-17 16:50:01.575 D/RILC    (  146): RIL <=== CM_STATS_EVENT_MODEM_INFO(90112), RID 0, MID 0 === AMSS
05-17 16:50:01.575 D/RILC    (  146): LG_SYS: Accepted CM_STATS_EVENT_MODEM_INFO, supported state.
05-17 16:50:01.575 D/RILC    (  146): qcril_event_main(): Waiting...
