04-26 16:59:40.890 V/LockPatternKeyguardView(  209): <!>com.android.internal.policy.impl.LockPatternKeyguardView 428<!> *** dispatchDraw() time: 1283872
04-26 16:59:41.030 V/LockPatternKeyguardView(  209): <!>com.android.internal.policy.impl.LockPatternKeyguardView 428<!> *** dispatchDraw() time: 1284013
04-26 16:59:41.180 V/LockPatternKeyguardView(  209): <!>com.android.internal.policy.impl.LockPatternKeyguardView 428<!> *** dispatchDraw() time: 1284156
04-26 16:59:41.320 V/LockPatternKeyguardView(  209): <!>com.android.internal.policy.impl.LockPatternKeyguardView 428<!> *** dispatchDraw() time: 1284296
04-26 16:59:41.460 V/LockPatternKeyguardView(  209): <!>com.android.internal.policy.impl.LockPatternKeyguardView 428<!> *** dispatchDraw() time: 1284437
04-26 16:59:41.600 V/LockPatternKeyguardView(  209): <!>com.android.internal.policy.impl.LockPatternKeyguardView 428<!> *** dispatchDraw() time: 1284578
04-26 16:59:42.400 V/LockPatternKeyguardView(  209): <!>com.android.internal.policy.impl.LockPatternKeyguardView 428<!> *** dispatchDraw() time: 1285379
04-26 16:59:42.540 V/LockPatternKeyguardView(  209): <!>com.android.internal.policy.impl.LockPatternKeyguardView 428<!> *** dispatchDraw() time: 1285520
04-26 16:59:42.680 V/LockPatternKeyguardView(  209): <!>com.android.internal.policy.impl.LockPatternKeyguardView 428<!> *** dispatchDraw() time: 1285660
04-26 16:59:42.820 V/LockPatternKeyguardView(  209): <!>com.android.internal.policy.impl.LockPatternKeyguardView 428<!> *** dispatchDraw() time: 1285799
04-26 16:59:42.960 V/LockPatternKeyguardView(  209): <!>com.android.internal.policy.impl.LockPatternKeyguardView 428<!> *** dispatchDraw() time: 1285941
04-26 16:59:43.100 V/LockPatternKeyguardView(  209): <!>com.android.internal.policy.impl.LockPatternKeyguardView 428<!> *** dispatchDraw() time: 1286082
04-26 16:59:43.240 V/LockPatternKeyguardView(  209): <!>com.android.internal.policy.impl.LockPatternKeyguardView 428<!> *** dispatchDraw() time: 1286222
04-26 16:59:43.380 V/LockPatternKeyguardView(  209): <!>com.android.internal.policy.impl.LockPatternKeyguardView 428<!> *** dispatchDraw() time: 1286363
04-26 16:59:43.520 V/LockPatternKeyguardView(  209): <!>com.android.internal.policy.impl.LockPatternKeyguardView 428<!> *** dispatchDraw() time: 1286504
04-26 16:59:43.670 V/LockPatternKeyguardView(  209): <!>com.android.internal.policy.impl.LockPatternKeyguardView 428<!> *** dispatchDraw() time: 1286644
04-26 16:59:43.810 V/LockPatternKeyguardView(  209): <!>com.android.internal.policy.impl.LockPatternKeyguardView 428<!> *** dispatchDraw() time: 1286785
04-26 16:59:44.610 V/LockPatternKeyguardView(  209): <!>com.android.internal.policy.impl.LockPatternKeyguardView 428<!> *** dispatchDraw() time: 1287586
04-26 16:59:44.750 V/LockPatternKeyguardView(  209): <!>com.android.internal.policy.impl.LockPatternKeyguardView 428<!> *** dispatchDraw() time: 1287726
04-26 16:59:44.890 V/LockPatternKeyguardView(  209): <!>com.android.internal.policy.impl.LockPatternKeyguardView 428<!> *** dispatchDraw() time: 1287867
04-26 16:59:45.030 V/LockPatternKeyguardView(  209): <!>com.android.internal.policy.impl.LockPatternKeyguardView 428<!> *** dispatchDraw() time: 1288008
04-26 16:59:45.170 V/LockPatternKeyguardView(  209): <!>com.android.internal.policy.impl.LockPatternKeyguardView 428<!> *** dispatchDraw() time: 1288149
04-26 16:59:45.310 V/LockPatternKeyguardView(  209): <!>com.android.internal.policy.impl.LockPatternKeyguardView 428<!> *** dispatchDraw() time: 1288289
04-26 16:59:45.450 V/LockPatternKeyguardView(  209): <!>com.android.internal.policy.impl.LockPatternKeyguardView 428<!> *** dispatchDraw() time: 1288430
04-26 16:59:45.590 V/LockPatternKeyguardView(  209): <!>com.android.internal.policy.impl.LockPatternKeyguardView 428<!> *** dispatchDraw() time: 1288570
04-26 16:59:45.730 V/LockPatternKeyguardView(  209): <!>com.android.internal.policy.impl.LockPatternKeyguardView 428<!> *** dispatchDraw() time: 1288711
04-26 16:59:45.870 V/LockPatternKeyguardView(  209): <!>com.android.internal.policy.impl.LockPatternKeyguardView 428<!> *** dispatchDraw() time: 1288851
04-26 16:59:46.010 V/LockPatternKeyguardView(  209): <!>com.android.internal.policy.impl.LockPatternKeyguardView 428<!> *** dispatchDraw() time: 1288992
04-26 16:59:46.810 V/LockPatternKeyguardView(  209): <!>com.android.internal.policy.impl.LockPatternKeyguardView 428<!> *** dispatchDraw() time: 1289793
04-26 16:59:46.960 V/LockPatternKeyguardView(  209): <!>com.android.internal.policy.impl.LockPatternKeyguardView 428<!> *** dispatchDraw() time: 1289934
04-26 16:59:47.100 V/LockPatternKeyguardView(  209): <!>com.android.internal.policy.impl.LockPatternKeyguardView 428<!> *** dispatchDraw() time: 1290076
04-26 16:59:47.240 V/LockPatternKeyguardView(  209): <!>com.android.internal.policy.impl.LockPatternKeyguardView 428<!> *** dispatchDraw() time: 1290216
04-26 16:59:47.380 V/LockPatternKeyguardView(  209): <!>com.android.internal.policy.impl.LockPatternKeyguardView 428<!> *** dispatchDraw() time: 1290357
04-26 16:59:47.520 V/LockPatternKeyguardView(  209): <!>com.android.internal.policy.impl.LockPatternKeyguardView 428<!> *** dispatchDraw() time: 1290497
04-26 16:59:47.660 V/LockPatternKeyguardView(  209): <!>com.android.internal.policy.impl.LockPatternKeyguardView 428<!> *** dispatchDraw() time: 1290638
04-26 16:59:47.800 V/LockPatternKeyguardView(  209): <!>com.android.internal.policy.impl.LockPatternKeyguardView 428<!> *** dispatchDraw() time: 1290778
04-26 16:59:47.940 V/LockPatternKeyguardView(  209): <!>com.android.internal.policy.impl.LockPatternKeyguardView 428<!> *** dispatchDraw() time: 1290920
04-26 16:59:48.080 V/LockPatternKeyguardView(  209): <!>com.android.internal.policy.impl.LockPatternKeyguardView 428<!> *** dispatchDraw() time: 1291061
04-26 16:59:48.230 V/LockPatternKeyguardView(  209): <!>com.android.internal.policy.impl.LockPatternKeyguardView 428<!> *** dispatchDraw() time: 1291205
04-26 16:59:49.030 V/LockPatternKeyguardView(  209): <!>com.android.internal.policy.impl.LockPatternKeyguardView 428<!> *** dispatchDraw() time: 1292007
04-26 16:59:49.170 V/LockPatternKeyguardView(  209): <!>com.android.internal.policy.impl.LockPatternKeyguardView 428<!> *** dispatchDraw() time: 1292148
04-26 16:59:49.310 V/LockPatternKeyguardView(  209): <!>com.android.internal.policy.impl.LockPatternKeyguardView 428<!> *** dispatchDraw() time: 1292288
04-26 16:59:49.450 V/LockPatternKeyguardView(  209): <!>com.android.internal.policy.impl.LockPatternKeyguardView 428<!> *** dispatchDraw() time: 1292430
04-26 16:59:49.590 V/LockPatternKeyguardView(  209): <!>com.android.internal.policy.impl.LockPatternKeyguardView 428<!> *** dispatchDraw() time: 1292570
04-26 16:59:49.730 V/LockPatternKeyguardView(  209): <!>com.android.internal.policy.impl.LockPatternKeyguardView 428<!> *** dispatchDraw() time: 1292711
04-26 16:59:49.870 V/LockPatternKeyguardView(  209): <!>com.android.internal.policy.impl.LockPatternKeyguardView 428<!> *** dispatchDraw() time: 1292852
04-26 16:59:50.010 V/LockPatternKeyguardView(  209): <!>com.android.internal.policy.impl.LockPatternKeyguardView 428<!> *** dispatchDraw() time: 1292992
04-26 16:59:50.150 V/LockPatternKeyguardView(  209): <!>com.android.internal.policy.impl.LockPatternKeyguardView 428<!> *** dispatchDraw() time: 1293132
04-26 16:59:50.290 V/LockPatternKeyguardView(  209): <!>com.android.internal.policy.impl.LockPatternKeyguardView 428<!> *** dispatchDraw() time: 1293273
04-26 16:59:50.430 V/LockPatternKeyguardView(  209): <!>com.android.internal.policy.impl.LockPatternKeyguardView 428<!> *** dispatchDraw() time: 1293414
04-26 16:59:51.240 V/LockPatternKeyguardView(  209): <!>com.android.internal.policy.impl.LockPatternKeyguardView 428<!> *** dispatchDraw() time: 1294215
04-26 16:59:51.380 V/LockPatternKeyguardView(  209): <!>com.android.internal.policy.impl.LockPatternKeyguardView 428<!> *** dispatchDraw() time: 1294355
04-26 16:59:51.520 V/LockPatternKeyguardView(  209): <!>com.android.internal.policy.impl.LockPatternKeyguardView 428<!> *** dispatchDraw() time: 1294497
04-26 16:59:51.590 D/KeyguardViewMediator(  209): <!>com.android.internal.policy.impl.KeyguardViewMediator 746<!> onWakeKeyWhenKeyguardShowing(26)
04-26 16:59:51.590 D/KeyguardViewMediator(  209): <!>com.android.internal.policy.impl.KeyguardViewMediator 608<!> wakeWhenReadyLocked(26)
04-26 16:59:51.590 D/KeyguardViewMediator(  209): <!>com.android.internal.policy.impl.KeyguardViewMediator 1087<!> handleWakeWhenReady(26)
04-26 16:59:51.590 D/LockPatternKeyguardView(  209): <!>com.android.internal.policy.impl.LockPatternKeyguardView 494<!> onWakeKey
04-26 16:59:51.590 I/LockPatternKeyguardView(  209): <!>com.android.internal.policy.impl.LockPatternKeyguardView 495<!> wakeWhenReadyTq simState=READY
04-26 16:59:51.590 D/LockPatternKeyguardView(  209): <!>com.android.internal.policy.impl.LockPatternKeyguardView 502<!> poking wake lock immediately
04-26 16:59:51.590 D/KeyguardViewMediator(  209): <!>com.android.internal.policy.impl.KeyguardViewMediator 790<!> pokeWakelock(5000)
04-26 16:59:51.590 D/PowerManagerService(  209): acquireWakeLock flags=0x1 tag=keyguardWakeAndHandOff
04-26 16:59:51.590 D/PowerManagerService(  209): acquireWakeLock flags=0x1000001a tag=keyguard
04-26 16:59:51.590 D/PowerManagerService(  209): reactivateScreenLocksLocked mProxIgnoredBecauseScreenTurnedOff=false
04-26 16:59:51.590 D/PowerManagerService(  209): wakeup here mUserState=0x0 mWakeLockState=0x7 previous wakeLockState=0x0
04-26 16:59:51.590 D/PowerManagerService(  209): setPowerState: mPowerState=0x0 newState=0x7 noChangeLights=false reason=3
04-26 16:59:51.590 D/PowerManagerService(  209): setPowerState: mPowerState=0 newState=7 noChangeLights=false
04-26 16:59:51.590 D/PowerManagerService(  209):   oldKeyboardBright=false newKeyboardBright=false
04-26 16:59:51.590 D/PowerManagerService(  209):   oldScreenBright=false newScreenBright=true
04-26 16:59:51.590 D/PowerManagerService(  209):   oldButtonBright=false newButtonBright=true
04-26 16:59:51.590 D/PowerManagerService(  209):   oldScreenOn=false newScreenOn=true
04-26 16:59:51.590 D/PowerManagerService(  209):   oldBatteryLow=false newBatteryLow=false
04-26 16:59:51.590 I/PowerManagerService(  209): setTargetLocked mask=2 curValue=0.0 target=102 targetValue=102 delta=6.8 nominalCurrentValue=0
04-26 16:59:51.590 I/PowerManagerService(  209): scheduling light animator
04-26 16:59:51.590 D/PowerManagerService(  209): offMask=0x0 dimMask=0x0 onMask=0x4 difference=0x7 realDifference=0x7 forceState=0x0
04-26 16:59:51.590 I/PowerManagerService(  209): Setting brightess on 102: 4
04-26 16:59:51.590 D/PowerManagerService(  209): - turning screen on...  mPreventScreenOn = false
04-26 16:59:51.590 D/PowerManagerService(  209): acquireWakeLock flags=0x1 tag=sleep_broadcast
04-26 16:59:51.590 D/PowerManagerService(  209): Animating curIntValue=6: 2
04-26 16:59:51.600 D/KeyguardViewMediator(  209): <!>com.android.internal.policy.impl.KeyguardViewMediator 353<!> onScreenTurnedOn, seq = 4
04-26 16:59:51.600 D/KeyguardViewMediator(  209): <!>com.android.internal.policy.impl.KeyguardViewMediator 596<!> notifyScreenOnLocked
04-26 16:59:51.600 D/PowerManagerService(  209): releaseWakeLock flags=0x1 tag=keyguardWakeAndHandOff
04-26 16:59:51.600 D/PowerManagerService(  209): setKeyboardVisibility: false
04-26 16:59:51.610 D/KeyguardViewMediator(  209): <!>com.android.internal.policy.impl.KeyguardViewMediator 1149<!> handleNotifyScreenOn
04-26 16:59:51.610 D/Andy_LockScreen2(  209): <!>com.android.internal.policy.impl.Andy_LockScreen2 1131<!> simState(READY)
04-26 16:59:51.610 D/Andy_LockScreen2(  209): <!>com.android.internal.policy.impl.Andy_LockScreen2 1166<!> updateLayout: status=Normal
04-26 16:59:51.610 D/Andy_LockScreen2(  209): <!>com.android.internal.policy.impl.Andy_LockScreen2 1670<!> >> refreshMusicPlayerDisplay() ----------------------
04-26 16:59:51.610 D/Andy_LockScreen2(  209): <!>com.android.internal.policy.impl.Andy_LockScreen2 1685<!>    music play info = null
04-26 16:59:51.610 D/Andy_LockScreen2(  209): <!>com.android.internal.policy.impl.Andy_LockScreen2 1686<!>    has music play info = false
04-26 16:59:51.610 D/Andy_LockScreen2(  209): <!>com.android.internal.policy.impl.Andy_LockScreen2 1687<!>    has music play status = stoped
04-26 16:59:51.610 D/PowerManagerService(  209): mBroadcastWakeLock=UnsynchronizedWakeLock(mFlags=0x1 mCount=1 mHeld=true)
04-26 16:59:51.610 D/PowerManagerService(  209): Animating curIntValue=13: 2
04-26 16:59:51.620 V/DATA    (  293): <!>com.android.internal.telephony.MMDataConnectionTracker 1982<!> [DCT] intent received :android.intent.action.SCREEN_ON
04-26 16:59:51.620 D/PowerManagerService(  209): acquireWakeLock flags=0x1 tag=RILJ
04-26 16:59:51.630 D/LGE_data(  293): <!>com.android.internal.telephony.MMDataConnectionTracker$1 296<!> ACTION_SCREEN_ON received. mIsScreenOn= true
04-26 16:59:51.630 D/PowerManagerService(  209): releaseWakeLock flags=0x1 tag=RILJ
04-26 16:59:51.630 D/PowerManagerService(  209): Animating curIntValue=20: 2
04-26 16:59:51.640 D/MOBILEBACKUP_SRV(  587): <!>com.voxmobili.service.impl.ScreenSaverManager 95<!> ScreenSaverManager - onReceive Intent { act=android.intent.action.SCREEN_ON flg=0x40000000 }
04-26 16:59:51.640 D/PowerManagerService(  209): acquireWakeLock flags=0x1 tag=RILJ
04-26 16:59:51.640 D/PowerManagerService(  209): Animating curIntValue=27: 2
04-26 16:59:51.650 D/PowerManagerService(  209): releaseWakeLock flags=0x1 tag=RILJ
04-26 16:59:51.650 D/PowerManagerService(  209): releaseWakeLock flags=0x1 tag=sleep_broadcast
04-26 16:59:51.650 D/PowerManagerService(  209): acquireWakeLock flags=0x1 tag=RILJ
04-26 16:59:51.650 D/PowerManagerService(  209): releaseWakeLock flags=0x1 tag=RILJ
04-26 16:59:51.660 I/Lockscreen(  209): <!>com.android.internal.policy.impl.Andy_LockScreen2 1425<!> onResume isScreenOn true
04-26 16:59:51.660 D/PowerManagerService(  209): Animating curIntValue=34: 2
04-26 16:59:51.660 D/PowerManagerService(  209): acquireWakeLock flags=0x1 tag=RILJ
04-26 16:59:51.670 D/DATA    (  293): <!>com.android.internal.telephony.DataServiceStateTracker 994<!> [DSST] pollstate() : reason = data network state changed
04-26 16:59:51.670 D/PowerManagerService(  209): releaseWakeLock flags=0x1 tag=RILJ
04-26 16:59:51.680 D/PowerManagerService(  209): acquireWakeLock flags=0x1 tag=RILJ
04-26 16:59:51.680 D/PowerManagerService(  209): Animating curIntValue=40: 2
04-26 16:59:51.680 D/PowerManagerService(  209): releaseWakeLock flags=0x1 tag=RILJ
04-26 16:59:51.690 V/LockPatternKeyguardView(  209): <!>com.android.internal.policy.impl.LockPatternKeyguardView 428<!> *** dispatchDraw() time: 1294671
04-26 16:59:51.690 D/PowerManagerService(  209): Animating curIntValue=47: 2
04-26 16:59:51.690 I/TelephonyRegistry(  209): notifyServiceState: 0 home Testcard LGE 45000  EDGE CSS not supported -1 -1RoamInd: -1DefRoamInd: -1EmergOnly: false
04-26 16:59:51.700 I/Flex    (  274): <!>com.lge.provider.Andy_Flex 109<!> getString FLEX_COUNTRY_CODE US
04-26 16:59:51.710 D/PowerManagerService(  209): Animating curIntValue=54: 2
04-26 16:59:51.720 I/Flex    (  274): <!>com.lge.provider.Andy_Flex 109<!> getString FLEX_OPERATOR_CODE TMO
04-26 16:59:51.720 D/PowerManagerService(  209): Animating curIntValue=61: 2
04-26 16:59:51.730 D/QuickSettings(  274): <!>com.android.systemui.statusbar.QuickSettings$15 286<!> mPhoneStateHandler:handleMessage)
04-26 16:59:51.730 D/QuickSettings(  274): <!>com.android.systemui.statusbar.QuickSettings 884<!> onAirplaneModeChanged:: !!!Disable
04-26 16:59:51.730 D/DATA    (  293): <!>com.android.internal.telephony.DataServiceStateTracker 994<!> [DSST] Poll ServiceState done: oldSS=[0 home null null null  EDGE CSS not supported -1 -1RoamInd: -1DefRoamInd: -1EmergOnly: false] newSS=[0 home null null null  EDGE CSS not supported -1 -1RoamInd: -1DefRoamInd: -1EmergOnly: false]
04-26 16:59:51.730 D/NotificationMgr(  293): <!>com.android.phone.NotificationMgr 1154<!> updateNetworkSelection()...state = 0 new network 
04-26 16:59:51.730 D/PowerManagerService(  209): acquireWakeLock flags=0x1 tag=StartingAlertService
04-26 16:59:51.730 D/StatusBarPolicy(  274): [BRIGHTHY] 0. mDataNetType: 2
04-26 16:59:51.730 D/StatusBarPolicy(  274): [BRIGHTHY] curNetwork=45000 curHPLMN=45000
04-26 16:59:51.740 V/QuickSettings(  274): <!>com.android.systemui.statusbar.QuickSettings 649<!> setBTButton: BT Set DISABLED
04-26 16:59:51.740 D/QuickSettings(  274): <!>com.android.systemui.statusbar.QuickSettings 605<!> WifiManager.WIFI_STATE_CHANGED_ACTION
04-26 16:59:51.740 D/PowerManagerService(  209): Animating curIntValue=68: 2
04-26 16:59:51.750 D/Andy_LockScreen2(  209): <!>com.android.internal.policy.impl.Andy_LockScreen2 1652<!>     ### music artist = null
04-26 16:59:51.750 D/Andy_LockScreen2(  209): <!>com.android.internal.policy.impl.Andy_LockScreen2 1653<!>     ### music track = null
04-26 16:59:51.750 D/Andy_LockScreen2(  209): <!>com.android.internal.policy.impl.Andy_LockScreen2 1654<!>     ### music state = stop
04-26 16:59:51.760 D/Andy_LockScreen2(  209): <!>com.android.internal.policy.impl.Andy_LockScreen2 1652<!>     ### music artist = null
04-26 16:59:51.760 D/Andy_LockScreen2(  209): <!>com.android.internal.policy.impl.Andy_LockScreen2 1653<!>     ### music track = null
04-26 16:59:51.760 D/Andy_LockScreen2(  209): <!>com.android.internal.policy.impl.Andy_LockScreen2 1654<!>     ### music state = stop
04-26 16:59:51.760 D/PowerManagerService(  209): Animating curIntValue=74: 2
04-26 16:59:51.770 V/LockPatternKeyguardView(  209): <!>com.android.internal.policy.impl.LockPatternKeyguardView 428<!> *** dispatchDraw() time: 1294751
04-26 16:59:51.770 D/PowerManagerService(  209): Animating curIntValue=81: 2
04-26 16:59:51.790 D/PowerManagerService(  209): Animating curIntValue=88: 2
04-26 16:59:51.810 D/PowerManagerService(  209): Animating curIntValue=95: 2
04-26 16:59:51.820 D/PowerManagerService(  209): Animating curIntValue=102: 2
04-26 16:59:51.830 D/PowerManagerService(  209): releaseWakeLock flags=0x1 tag=StartingAlertService
04-26 16:59:51.910 V/LockPatternKeyguardView(  209): <!>com.android.internal.policy.impl.LockPatternKeyguardView 428<!> *** dispatchDraw() time: 1294896
04-26 16:59:52.060 V/LockPatternKeyguardView(  209): <!>com.android.internal.policy.impl.LockPatternKeyguardView 428<!> *** dispatchDraw() time: 1295037
04-26 16:59:52.190 V/LockPatternKeyguardView(  209): <!>com.android.internal.policy.impl.LockPatternKeyguardView 428<!> *** dispatchDraw() time: 1295176
04-26 16:59:52.330 V/LockPatternKeyguardView(  209): <!>com.android.internal.policy.impl.LockPatternKeyguardView 428<!> *** dispatchDraw() time: 1295316
04-26 16:59:52.470 V/LockPatternKeyguardView(  209): <!>com.android.internal.policy.impl.LockPatternKeyguardView 428<!> *** dispatchDraw() time: 1295456
04-26 16:59:52.610 V/LockPatternKeyguardView(  209): <!>com.android.internal.policy.impl.LockPatternKeyguardView 428<!> *** dispatchDraw() time: 1295596
04-26 16:59:52.750 V/LockPatternKeyguardView(  209): <!>com.android.internal.policy.impl.LockPatternKeyguardView 428<!> *** dispatchDraw() time: 1295737
04-26 16:59:53.190 I/Flex    (  274): <!>com.lge.provider.Andy_Flex 109<!> getString FLEX_COUNTRY_CODE US
04-26 16:59:53.190 I/Flex    (  274): <!>com.lge.provider.Andy_Flex 109<!> getString FLEX_OPERATOR_CODE TMO
04-26 16:59:53.190 I/Flex    (  274): <!>com.lge.provider.Andy_Flex 109<!> getString FLEX_COUNTRY_CODE US
04-26 16:59:53.190 I/Flex    (  274): <!>com.lge.provider.Andy_Flex 109<!> getString FLEX_OPERATOR_CODE TMO
04-26 16:59:53.190 D/StatusBarPolicy(  274): [BRIGHTHY] 0. mDataNetType: 2
04-26 16:59:53.190 D/StatusBarPolicy(  274): [BRIGHTHY] curNetwork=45000 curHPLMN=45000
04-26 16:59:53.560 V/LockPatternKeyguardView(  209): <!>com.android.internal.policy.impl.LockPatternKeyguardView 428<!> *** dispatchDraw() time: 1296538
04-26 16:59:53.700 V/LockPatternKeyguardView(  209): <!>com.android.internal.policy.impl.LockPatternKeyguardView 428<!> *** dispatchDraw() time: 1296679
04-26 16:59:53.840 V/LockPatternKeyguardView(  209): <!>com.android.internal.policy.impl.LockPatternKeyguardView 428<!> *** dispatchDraw() time: 1296819
04-26 16:59:53.980 V/LockPatternKeyguardView(  209): <!>com.android.internal.policy.impl.LockPatternKeyguardView 428<!> *** dispatchDraw() time: 1296959
04-26 16:59:54.120 V/LockPatternKeyguardView(  209): <!>com.android.internal.policy.impl.LockPatternKeyguardView 428<!> *** dispatchDraw() time: 1297100
04-26 16:59:54.260 V/LockPatternKeyguardView(  209): <!>com.android.internal.policy.impl.LockPatternKeyguardView 428<!> *** dispatchDraw() time: 1297240
04-26 16:59:54.400 V/LockPatternKeyguardView(  209): <!>com.android.internal.policy.impl.LockPatternKeyguardView 428<!> *** dispatchDraw() time: 1297380
04-26 16:59:54.540 V/LockPatternKeyguardView(  209): <!>com.android.internal.policy.impl.LockPatternKeyguardView 428<!> *** dispatchDraw() time: 1297521
04-26 16:59:54.680 V/LockPatternKeyguardView(  209): <!>com.android.internal.policy.impl.LockPatternKeyguardView 428<!> *** dispatchDraw() time: 1297661
04-26 16:59:54.820 V/LockPatternKeyguardView(  209): <!>com.android.internal.policy.impl.LockPatternKeyguardView 428<!> *** dispatchDraw() time: 1297801
04-26 16:59:54.960 V/LockPatternKeyguardView(  209): <!>com.android.internal.policy.impl.LockPatternKeyguardView 428<!> *** dispatchDraw() time: 1297942
04-26 16:59:55.770 V/LockPatternKeyguardView(  209): <!>com.android.internal.policy.impl.LockPatternKeyguardView 428<!> *** dispatchDraw() time: 1298745
04-26 16:59:55.910 V/LockPatternKeyguardView(  209): <!>com.android.internal.policy.impl.LockPatternKeyguardView 428<!> *** dispatchDraw() time: 1298886
04-26 16:59:56.050 V/LockPatternKeyguardView(  209): <!>com.android.internal.policy.impl.LockPatternKeyguardView 428<!> *** dispatchDraw() time: 1299027
04-26 16:59:56.190 V/LockPatternKeyguardView(  209): <!>com.android.internal.policy.impl.LockPatternKeyguardView 428<!> *** dispatchDraw() time: 1299169
04-26 16:59:56.330 V/LockPatternKeyguardView(  209): <!>com.android.internal.policy.impl.LockPatternKeyguardView 428<!> *** dispatchDraw() time: 1299309
04-26 16:59:56.470 V/LockPatternKeyguardView(  209): <!>com.android.internal.policy.impl.LockPatternKeyguardView 428<!> *** dispatchDraw() time: 1299449
04-26 16:59:56.610 D/KeyguardViewMediator(  209): <!>com.android.internal.policy.impl.KeyguardViewMediator 940<!> handleTimeout
04-26 16:59:56.610 D/PowerManagerService(  209): releaseWakeLock flags=0x1000001a tag=keyguard
04-26 16:59:56.610 D/PowerManagerService(  209): setPowerState: mPowerState=0x7 newState=0x0 noChangeLights=false reason=3
04-26 16:59:56.610 D/PowerManagerService(  209): setPowerState: mPowerState=7 newState=0 noChangeLights=false
04-26 16:59:56.610 D/PowerManagerService(  209):   oldKeyboardBright=false newKeyboardBright=false
04-26 16:59:56.610 D/PowerManagerService(  209):   oldScreenBright=true newScreenBright=false
04-26 16:59:56.610 D/PowerManagerService(  209):   oldButtonBright=true newButtonBright=false
04-26 16:59:56.610 D/PowerManagerService(  209):   oldScreenOn=true newScreenOn=false
04-26 16:59:56.610 D/PowerManagerService(  209):   oldBatteryLow=false newBatteryLow=false
04-26 16:59:56.610 I/PowerManagerService(  209): setTargetLocked mask=2 curValue=102.0 target=0 targetValue=0 delta=-6.8 nominalCurrentValue=102
04-26 16:59:56.610 I/PowerManagerService(  209): scheduling light animator
04-26 16:59:56.610 D/PowerManagerService(  209): offMask=0x4 dimMask=0x0 onMask=0x0 difference=0x7 realDifference=0x7 forceState=0x0
04-26 16:59:56.610 I/PowerManagerService(  209): Setting brightess off: 4
04-26 16:59:56.620 D/PowerManagerService(  209): Animating curIntValue=95: 2
04-26 16:59:56.640 V/LockPatternKeyguardView(  209): <!>com.android.internal.policy.impl.LockPatternKeyguardView 428<!> *** dispatchDraw() time: 1299604
04-26 16:59:56.640 D/PowerManagerService(  209): Animating curIntValue=88: 2
04-26 16:59:56.650 D/PowerManagerService(  209): Animating curIntValue=81: 2
04-26 16:59:56.660 D/PowerManagerService(  209): Animating curIntValue=74: 2
04-26 16:59:56.680 D/PowerManagerService(  209): Animating curIntValue=67: 2
04-26 16:59:56.700 D/PowerManagerService(  209): Animating curIntValue=61: 2
04-26 16:59:56.710 D/PowerManagerService(  209): Animating curIntValue=54: 2
04-26 16:59:56.730 D/PowerManagerService(  209): Animating curIntValue=47: 2
04-26 16:59:56.740 D/PowerManagerService(  209): Animating curIntValue=40: 2
04-26 16:59:56.770 V/LockPatternKeyguardView(  209): <!>com.android.internal.policy.impl.LockPatternKeyguardView 428<!> *** dispatchDraw() time: 1299745
04-26 16:59:56.770 D/PowerManagerService(  209): Animating curIntValue=33: 2
04-26 16:59:56.780 D/PowerManagerService(  209): Animating curIntValue=27: 2
04-26 16:59:56.800 D/PowerManagerService(  209): Animating curIntValue=20: 2
04-26 16:59:56.820 D/PowerManagerService(  209): Animating curIntValue=13: 2
04-26 16:59:56.840 D/PowerManagerService(  209): Animating curIntValue=6: 2
04-26 16:59:56.850 D/PowerManagerService(  209): Animating curIntValue=0: 2
04-26 16:59:56.860 D/PowerManagerService(  209): acquireWakeLock flags=0x1 tag=sleep_broadcast
04-26 16:59:56.870 D/KeyguardViewMediator(  209): <!>com.android.internal.policy.impl.KeyguardViewMediator 312<!> onScreenTurnedOff(3)
04-26 16:59:56.870 D/KeyguardViewMediator(  209): <!>com.android.internal.policy.impl.KeyguardViewMediator 586<!> notifyScreenOffLocked
04-26 16:59:56.870 D/KeyguardViewMediator(  209): <!>com.android.internal.policy.impl.KeyguardViewMediator 565<!> resetStateLocked
04-26 16:59:56.880 D/KeyguardViewMediator(  209): <!>com.android.internal.policy.impl.KeyguardViewMediator 1138<!> handleNotifyScreenOff
04-26 16:59:56.880 D/KeyguardViewMediator(  209): <!>com.android.internal.policy.impl.KeyguardViewMediator 1115<!> handleReset
04-26 16:59:56.900 D/KeyguardViewMediator(  209): <!>com.android.internal.policy.impl.KeyguardViewMediator 460<!> setHidden false
04-26 16:59:56.900 D/PowerManagerService(  209): setScreenBrightnessOverride -1
04-26 16:59:56.900 D/PowerManagerService(  209): setButtonBrightnessOverride -1
04-26 16:59:56.900 D/PowerManagerService(  209): acquireWakeLock flags=0x1 tag=ActivityManager-Sleep
04-26 16:59:56.900 D/PowerManagerService(  209): releaseWakeLock flags=0x1 tag=ActivityManager-Sleep
04-26 16:59:56.910 D/PowerManagerService(  209): acquireWakeLock flags=0x1 tag=RILJ
04-26 16:59:56.920 V/DATA    (  293): <!>com.android.internal.telephony.MMDataConnectionTracker 1982<!> [DCT] intent received :android.intent.action.SCREEN_OFF
04-26 16:59:56.920 D/LGE_data(  293): <!>com.android.internal.telephony.MMDataConnectionTracker$1 302<!> ACTION_SCREEN_OFF received. mIsScreenOn= false
04-26 16:59:56.920 D/PowerManagerService(  209): releaseWakeLock flags=0x1 tag=RILJ
04-26 16:59:56.930 V/LockPatternKeyguardView(  209): <!>com.android.internal.policy.impl.LockPatternKeyguardView 428<!> *** dispatchDraw() time: 1299910
04-26 16:59:56.940 D/MOBILEBACKUP_SRV(  587): <!>com.voxmobili.service.impl.ScreenSaverManager 95<!> ScreenSaverManager - onReceive Intent { act=android.intent.action.SCREEN_OFF flg=0x40000000 }
04-26 16:59:56.940 D/PowerManagerService(  209): releaseWakeLock flags=0x1 tag=sleep_broadcast
04-26 16:59:57.070 V/LockPatternKeyguardView(  209): <!>com.android.internal.policy.impl.LockPatternKeyguardView 428<!> *** dispatchDraw() time: 1300052
04-26 16:59:57.210 V/LockPatternKeyguardView(  209): <!>com.android.internal.policy.impl.LockPatternKeyguardView 428<!> *** dispatchDraw() time: 1300193
04-26 16:59:58.020 V/LockPatternKeyguardView(  209): <!>com.android.internal.policy.impl.LockPatternKeyguardView 428<!> *** dispatchDraw() time: 1300995
04-26 16:59:58.160 V/LockPatternKeyguardView(  209): <!>com.android.internal.policy.impl.LockPatternKeyguardView 428<!> *** dispatchDraw() time: 1301135
04-26 16:59:58.300 V/LockPatternKeyguardView(  209): <!>com.android.internal.policy.impl.LockPatternKeyguardView 428<!> *** dispatchDraw() time: 1301276
04-26 16:59:58.440 V/LockPatternKeyguardView(  209): <!>com.android.internal.policy.impl.LockPatternKeyguardView 428<!> *** dispatchDraw() time: 1301417
04-26 16:59:58.580 V/LockPatternKeyguardView(  209): <!>com.android.internal.policy.impl.LockPatternKeyguardView 428<!> *** dispatchDraw() time: 1301557
04-26 16:59:58.720 V/LockPatternKeyguardView(  209): <!>com.android.internal.policy.impl.LockPatternKeyguardView 428<!> *** dispatchDraw() time: 1301697
04-26 16:59:58.860 V/LockPatternKeyguardView(  209): <!>com.android.internal.policy.impl.LockPatternKeyguardView 428<!> *** dispatchDraw() time: 1301837
04-26 16:59:59.000 V/LockPatternKeyguardView(  209): <!>com.android.internal.policy.impl.LockPatternKeyguardView 428<!> *** dispatchDraw() time: 1301978
04-26 16:59:59.140 V/LockPatternKeyguardView(  209): <!>com.android.internal.policy.impl.LockPatternKeyguardView 428<!> *** dispatchDraw() time: 1302120
04-26 16:59:59.280 V/LockPatternKeyguardView(  209): <!>com.android.internal.policy.impl.LockPatternKeyguardView 428<!> *** dispatchDraw() time: 1302260
04-26 16:59:59.420 V/LockPatternKeyguardView(  209): <!>com.android.internal.policy.impl.LockPatternKeyguardView 428<!> *** dispatchDraw() time: 1302400
04-26 17:00:00.010 D/PowerManagerService(  209): acquireWakeLock flags=0x1 tag=AlarmManager
04-26 17:00:00.070 V/LockPatternKeyguardView(  209): <!>com.android.internal.policy.impl.LockPatternKeyguardView 428<!> *** dispatchDraw() time: 1303051
04-26 17:00:00.070 D/PowerManagerService(  209): releaseWakeLock flags=0x1 tag=AlarmManager
04-26 17:00:00.080 V/LockPatternKeyguardView(  209): <!>com.android.internal.policy.impl.LockPatternKeyguardView 428<!> *** dispatchDraw() time: 1303061
04-26 17:00:00.220 V/LockPatternKeyguardView(  209): <!>com.android.internal.policy.impl.LockPatternKeyguardView 428<!> *** dispatchDraw() time: 1303200
04-26 17:00:00.360 V/LockPatternKeyguardView(  209): <!>com.android.internal.policy.impl.LockPatternKeyguardView 428<!> *** dispatchDraw() time: 1303341
04-26 17:00:00.500 V/LockPatternKeyguardView(  209): <!>com.android.internal.policy.impl.LockPatternKeyguardView 428<!> *** dispatchDraw() time: 1303481
04-26 17:00:00.640 V/LockPatternKeyguardView(  209): <!>com.android.internal.policy.impl.LockPatternKeyguardView 428<!> *** dispatchDraw() time: 1303623
04-26 17:00:00.790 V/LockPatternKeyguardView(  209): <!>com.android.internal.policy.impl.LockPatternKeyguardView 428<!> *** dispatchDraw() time: 1303764
04-26 17:00:00.960 V/LockPatternKeyguardView(  209): <!>com.android.internal.policy.impl.LockPatternKeyguardView 428<!> *** dispatchDraw() time: 1303906
04-26 17:00:01.060 V/LockPatternKeyguardView(  209): <!>com.android.internal.policy.impl.LockPatternKeyguardView 428<!> *** dispatchDraw() time: 1304044
04-26 17:00:01.200 V/LockPatternKeyguardView(  209): <!>com.android.internal.policy.impl.LockPatternKeyguardView 428<!> *** dispatchDraw() time: 1304185
04-26 17:00:01.350 V/LockPatternKeyguardView(  209): <!>com.android.internal.policy.impl.LockPatternKeyguardView 428<!> *** dispatchDraw() time: 1304327
04-26 17:00:01.490 V/LockPatternKeyguardView(  209): <!>com.android.internal.policy.impl.LockPatternKeyguardView 428<!> *** dispatchDraw() time: 1304467
04-26 17:00:01.630 V/LockPatternKeyguardView(  209): <!>com.android.internal.policy.impl.LockPatternKeyguardView 428<!> *** dispatchDraw() time: 1304611
04-26 17:00:02.430 V/LockPatternKeyguardView(  209): <!>com.android.internal.policy.impl.LockPatternKeyguardView 428<!> *** dispatchDraw() time: 1305412
04-26 17:00:02.570 V/LockPatternKeyguardView(  209): <!>com.android.internal.policy.impl.LockPatternKeyguardView 428<!> *** dispatchDraw() time: 1305553
04-26 17:00:02.710 V/LockPatternKeyguardView(  209): <!>com.android.internal.policy.impl.LockPatternKeyguardView 428<!> *** dispatchDraw() time: 1305691
04-26 17:00:02.850 V/LockPatternKeyguardView(  209): <!>com.android.internal.policy.impl.LockPatternKeyguardView 428<!> *** dispatchDraw() time: 1305831
04-26 17:00:02.990 V/LockPatternKeyguardView(  209): <!>com.android.internal.policy.impl.LockPatternKeyguardView 428<!> *** dispatchDraw() time: 1305973
04-26 17:00:03.140 V/LockPatternKeyguardView(  209): <!>com.android.internal.policy.impl.LockPatternKeyguardView 428<!> *** dispatchDraw() time: 1306114
04-26 17:00:03.280 V/LockPatternKeyguardView(  209): <!>com.android.internal.policy.impl.LockPatternKeyguardView 428<!> *** dispatchDraw() time: 1306255
04-26 17:00:03.420 V/LockPatternKeyguardView(  209): <!>com.android.internal.policy.impl.LockPatternKeyguardView 428<!> *** dispatchDraw() time: 1306396
04-26 17:00:03.560 V/LockPatternKeyguardView(  209): <!>com.android.internal.policy.impl.LockPatternKeyguardView 428<!> *** dispatchDraw() time: 1306537
04-26 17:00:03.700 V/LockPatternKeyguardView(  209): <!>com.android.internal.policy.impl.LockPatternKeyguardView 428<!> *** dispatchDraw() time: 1306677
04-26 17:00:03.840 V/LockPatternKeyguardView(  209): <!>com.android.internal.policy.impl.LockPatternKeyguardView 428<!> *** dispatchDraw() time: 1306817
04-26 17:00:04.640 V/LockPatternKeyguardView(  209): <!>com.android.internal.policy.impl.LockPatternKeyguardView 428<!> *** dispatchDraw() time: 1307619
04-26 17:00:04.780 V/LockPatternKeyguardView(  209): <!>com.android.internal.policy.impl.LockPatternKeyguardView 428<!> *** dispatchDraw() time: 1307759
04-26 17:00:04.920 V/LockPatternKeyguardView(  209): <!>com.android.internal.policy.impl.LockPatternKeyguardView 428<!> *** dispatchDraw() time: 1307900
04-26 17:00:05.060 V/LockPatternKeyguardView(  209): <!>com.android.internal.policy.impl.LockPatternKeyguardView 428<!> *** dispatchDraw() time: 1308040
04-26 17:00:05.200 V/LockPatternKeyguardView(  209): <!>com.android.internal.policy.impl.LockPatternKeyguardView 428<!> *** dispatchDraw() time: 1308180
04-26 17:00:05.340 V/LockPatternKeyguardView(  209): <!>com.android.internal.policy.impl.LockPatternKeyguardView 428<!> *** dispatchDraw() time: 1308320
04-26 17:00:05.480 V/LockPatternKeyguardView(  209): <!>com.android.internal.policy.impl.LockPatternKeyguardView 428<!> *** dispatchDraw() time: 1308461
04-26 17:00:05.620 V/LockPatternKeyguardView(  209): <!>com.android.internal.policy.impl.LockPatternKeyguardView 428<!> *** dispatchDraw() time: 1308602
04-26 17:00:05.760 V/LockPatternKeyguardView(  209): <!>com.android.internal.policy.impl.LockPatternKeyguardView 428<!> *** dispatchDraw() time: 1308742
04-26 17:00:05.900 V/LockPatternKeyguardView(  209): <!>com.android.internal.policy.impl.LockPatternKeyguardView 428<!> *** dispatchDraw() time: 1308883
04-26 17:00:06.040 V/LockPatternKeyguardView(  209): <!>com.android.internal.policy.impl.LockPatternKeyguardView 428<!> *** dispatchDraw() time: 1309023
04-26 17:00:06.850 V/LockPatternKeyguardView(  209): <!>com.android.internal.policy.impl.LockPatternKeyguardView 428<!> *** dispatchDraw() time: 1309825
04-26 17:00:06.990 V/LockPatternKeyguardView(  209): <!>com.android.internal.policy.impl.LockPatternKeyguardView 428<!> *** dispatchDraw() time: 1309965
04-26 17:00:07.130 V/LockPatternKeyguardView(  209): <!>com.android.internal.policy.impl.LockPatternKeyguardView 428<!> *** dispatchDraw() time: 1310106
04-26 17:00:07.270 V/LockPatternKeyguardView(  209): <!>com.android.internal.policy.impl.LockPatternKeyguardView 428<!> *** dispatchDraw() time: 1310245
04-26 17:00:07.410 V/LockPatternKeyguardView(  209): <!>com.android.internal.policy.impl.LockPatternKeyguardView 428<!> *** dispatchDraw() time: 1310386
04-26 17:00:07.550 V/LockPatternKeyguardView(  209): <!>com.android.internal.policy.impl.LockPatternKeyguardView 428<!> *** dispatchDraw() time: 1310527
04-26 17:00:07.680 V/LockPatternKeyguardView(  209): <!>com.android.internal.policy.impl.LockPatternKeyguardView 428<!> *** dispatchDraw() time: 1310667
04-26 17:00:07.830 V/LockPatternKeyguardView(  209): <!>com.android.internal.policy.impl.LockPatternKeyguardView 428<!> *** dispatchDraw() time: 1310809
04-26 17:00:07.970 V/LockPatternKeyguardView(  209): <!>com.android.internal.policy.impl.LockPatternKeyguardView 428<!> *** dispatchDraw() time: 1310950
04-26 17:00:08.110 V/LockPatternKeyguardView(  209): <!>com.android.internal.policy.impl.LockPatternKeyguardView 428<!> *** dispatchDraw() time: 1311091
04-26 17:00:08.250 V/LockPatternKeyguardView(  209): <!>com.android.internal.policy.impl.LockPatternKeyguardView 428<!> *** dispatchDraw() time: 1311231
04-26 17:00:09.050 V/LockPatternKeyguardView(  209): <!>com.android.internal.policy.impl.LockPatternKeyguardView 428<!> *** dispatchDraw() time: 1312031
04-26 17:00:09.190 V/LockPatternKeyguardView(  209): <!>com.android.internal.policy.impl.LockPatternKeyguardView 428<!> *** dispatchDraw() time: 1312172
04-26 17:00:09.330 V/LockPatternKeyguardView(  209): <!>com.android.internal.policy.impl.LockPatternKeyguardView 428<!> *** dispatchDraw() time: 1312313
04-26 17:00:09.470 V/LockPatternKeyguardView(  209): <!>com.android.internal.policy.impl.LockPatternKeyguardView 428<!> *** dispatchDraw() time: 1312454
04-26 17:00:09.620 V/LockPatternKeyguardView(  209): <!>com.android.internal.policy.impl.LockPatternKeyguardView 428<!> *** dispatchDraw() time: 1312594
04-26 17:00:09.760 V/LockPatternKeyguardView(  209): <!>com.android.internal.policy.impl.LockPatternKeyguardView 428<!> *** dispatchDraw() time: 1312735
04-26 17:00:09.840 D/SntpClient(  209): <!>android.net.SntpClient 124<!> request time failed: java.net.UnknownHostException: xtra1.gpsonextra.net
04-26 17:00:09.840 D/NetdConnector(  209): SND -> {interface readrxcounter rmnet0} {null}
04-26 17:00:09.850 D/NetdConnector(  209): RCV <- {216 0}
04-26 17:00:09.850 D/PowerManagerService(  209): acquireWakeLock flags=0x1 tag=AlarmManager
04-26 17:00:09.860 D/PowerManagerService(  209): releaseWakeLock flags=0x1 tag=AlarmManager
04-26 17:00:09.870 D/NetdConnector(  209): RSP <- {216 0}
04-26 17:00:09.870 D/NetdConnector(  209): SND -> {interface readtxcounter rmnet0} {null}
04-26 17:00:09.880 D/NetdConnector(  209): RCV <- {217 0}
04-26 17:00:09.890 D/SntpClient(  209): <!>android.net.SntpClient 124<!> request time failed: java.net.UnknownHostException: xtra1.gpsonextra.net
04-26 17:00:09.890 D/SntpClient(  209): <!>android.net.SntpClient 124<!> request time failed: java.net.UnknownHostException: xtra1.gpsonextra.net
04-26 17:00:09.890 V/LockPatternKeyguardView(  209): <!>com.android.internal.policy.impl.LockPatternKeyguardView 428<!> *** dispatchDraw() time: 1312874
04-26 17:00:09.890 D/NetdConnector(  209): RSP <- {217 0}
04-26 17:00:10.040 V/LockPatternKeyguardView(  209): <!>com.android.internal.policy.impl.LockPatternKeyguardView 428<!> *** dispatchDraw() time: 1313016
04-26 17:00:10.180 V/LockPatternKeyguardView(  209): <!>com.android.internal.policy.impl.LockPatternKeyguardView 428<!> *** dispatchDraw() time: 1313157
04-26 17:00:10.320 V/LockPatternKeyguardView(  209): <!>com.android.internal.policy.impl.LockPatternKeyguardView 428<!> *** dispatchDraw() time: 1313298
04-26 17:00:10.460 V/LockPatternKeyguardView(  209): <!>com.android.internal.policy.impl.LockPatternKeyguardView 428<!> *** dispatchDraw() time: 1313438
04-26 17:00:11.260 V/LockPatternKeyguardView(  209): <!>com.android.internal.policy.impl.LockPatternKeyguardView 428<!> *** dispatchDraw() time: 1314240
04-26 17:00:11.400 V/LockPatternKeyguardView(  209): <!>com.android.internal.policy.impl.LockPatternKeyguardView 428<!> *** dispatchDraw() time: 1314381
04-26 17:00:11.540 V/LockPatternKeyguardView(  209): <!>com.android.internal.policy.impl.LockPatternKeyguardView 428<!> *** dispatchDraw() time: 1314522
04-26 17:00:11.680 V/LockPatternKeyguardView(  209): <!>com.android.internal.policy.impl.LockPatternKeyguardView 428<!> *** dispatchDraw() time: 1314662
04-26 17:00:11.820 V/LockPatternKeyguardView(  209): <!>com.android.internal.policy.impl.LockPatternKeyguardView 428<!> *** dispatchDraw() time: 1314802
04-26 17:00:11.960 V/LockPatternKeyguardView(  209): <!>com.android.internal.policy.impl.LockPatternKeyguardView 428<!> *** dispatchDraw() time: 1314943
04-26 17:00:12.100 V/LockPatternKeyguardView(  209): <!>com.android.internal.policy.impl.LockPatternKeyguardView 428<!> *** dispatchDraw() time: 1315083
04-26 17:00:12.250 V/LockPatternKeyguardView(  209): <!>com.android.internal.policy.impl.LockPatternKeyguardView 428<!> *** dispatchDraw() time: 1315224
04-26 17:00:12.390 V/LockPatternKeyguardView(  209): <!>com.android.internal.policy.impl.LockPatternKeyguardView 428<!> *** dispatchDraw() time: 1315365
04-26 17:00:12.530 V/LockPatternKeyguardView(  209): <!>com.android.internal.policy.impl.LockPatternKeyguardView 428<!> *** dispatchDraw() time: 1315506
04-26 17:00:12.660 V/LockPatternKeyguardView(  209): <!>com.android.internal.policy.impl.LockPatternKeyguardView 428<!> *** dispatchDraw() time: 1315644
04-26 17:00:13.470 V/LockPatternKeyguardView(  209): <!>com.android.internal.policy.impl.LockPatternKeyguardView 428<!> *** dispatchDraw() time: 1316446
04-26 17:00:13.610 V/LockPatternKeyguardView(  209): <!>com.android.internal.policy.impl.LockPatternKeyguardView 428<!> *** dispatchDraw() time: 1316587
04-26 17:00:13.750 V/LockPatternKeyguardView(  209): <!>com.android.internal.policy.impl.LockPatternKeyguardView 428<!> *** dispatchDraw() time: 1316728
04-26 17:00:13.890 V/LockPatternKeyguardView(  209): <!>com.android.internal.policy.impl.LockPatternKeyguardView 428<!> *** dispatchDraw() time: 1316868
04-26 17:00:14.030 V/LockPatternKeyguardView(  209): <!>com.android.internal.policy.impl.LockPatternKeyguardView 428<!> *** dispatchDraw() time: 1317008
04-26 17:00:14.160 V/LockPatternKeyguardView(  209): <!>com.android.internal.policy.impl.LockPatternKeyguardView 428<!> *** dispatchDraw() time: 1317147
04-26 17:00:14.310 V/LockPatternKeyguardView(  209): <!>com.android.internal.policy.impl.LockPatternKeyguardView 428<!> *** dispatchDraw() time: 1317289
04-26 17:00:14.450 V/LockPatternKeyguardView(  209): <!>com.android.internal.policy.impl.LockPatternKeyguardView 428<!> *** dispatchDraw() time: 1317430
04-26 17:00:14.590 V/LockPatternKeyguardView(  209): <!>com.android.internal.policy.impl.LockPatternKeyguardView 428<!> *** dispatchDraw() time: 1317569
04-26 17:00:14.730 V/LockPatternKeyguardView(  209): <!>com.android.internal.policy.impl.LockPatternKeyguardView 428<!> *** dispatchDraw() time: 1317712
04-26 17:00:14.870 V/LockPatternKeyguardView(  209): <!>com.android.internal.policy.impl.LockPatternKeyguardView 428<!> *** dispatchDraw() time: 1317850
04-26 17:00:15.670 V/LockPatternKeyguardView(  209): <!>com.android.internal.policy.impl.LockPatternKeyguardView 428<!> *** dispatchDraw() time: 1318652
04-26 17:00:15.810 V/LockPatternKeyguardView(  209): <!>com.android.internal.policy.impl.LockPatternKeyguardView 428<!> *** dispatchDraw() time: 1318793
04-26 17:00:15.960 V/LockPatternKeyguardView(  209): <!>com.android.internal.policy.impl.LockPatternKeyguardView 428<!> *** dispatchDraw() time: 1318935
04-26 17:00:16.100 V/LockPatternKeyguardView(  209): <!>com.android.internal.policy.impl.LockPatternKeyguardView 428<!> *** dispatchDraw() time: 1319075
04-26 17:00:16.240 V/LockPatternKeyguardView(  209): <!>com.android.internal.policy.impl.LockPatternKeyguardView 428<!> *** dispatchDraw() time: 1319216
04-26 17:00:16.380 V/LockPatternKeyguardView(  209): <!>com.android.internal.policy.impl.LockPatternKeyguardView 428<!> *** dispatchDraw() time: 1319357
04-26 17:00:16.520 V/LockPatternKeyguardView(  209): <!>com.android.internal.policy.impl.LockPatternKeyguardView 428<!> *** dispatchDraw() time: 1319497
04-26 17:00:16.660 V/LockPatternKeyguardView(  209): <!>com.android.internal.policy.impl.LockPatternKeyguardView 428<!> *** dispatchDraw() time: 1319637
